Java HotSpot(TM) 64-Bit Server VM (25.131-b11) for windows-amd64 JRE (1.8.0_131-b11), built on Mar 15 2017 01:23:53 by "java_re" with MS VC++ 10.0 (VS2010)
Memory: 4k page, physical 8247448k(2069492k free), swap 21878936k(8963448k free)
CommandLine flags: -XX:-BytecodeVerificationLocal -XX:-BytecodeVerificationRemote -XX:+HeapDumpOnOutOfMemoryError -XX:HeapDumpPath=gatewayHeap.hprof -XX:InitialHeapSize=134217728 -XX:+ManagementServer -XX:MaxGCPauseMillis=200 -XX:MaxHeapSize=134217728 -XX:+PrintGC -XX:+PrintGCDateStamps -XX:+PrintGCDetails -XX:+PrintGCTimeStamps -XX:TieredStopAtLevel=1 -XX:+UseCompressedClassPointers -XX:+UseCompressedOops -XX:+UseG1GC -XX:-UseLargePagesIndividualAllocation 
2020-11-10T20:52:11.793+0800: 0.782: [GC pause (G1 Evacuation Pause) (young), 0.0016708 secs]
   [Parallel Time: 1.2 ms, GC Workers: 4]
      [GC Worker Start (ms): Min: 782.3, Avg: 782.3, Max: 782.3, Diff: 0.0]
      [Ext Root Scanning (ms): Min: 0.2, Avg: 0.3, Max: 0.3, Diff: 0.1, Sum: 1.2]
      [Update RS (ms): Min: 0.0, Avg: 0.0, Max: 0.0, Diff: 0.0, Sum: 0.0]
         [Processed Buffers: Min: 0, Avg: 0.0, Max: 0, Diff: 0, Sum: 0]
      [Scan RS (ms): Min: 0.0, Avg: 0.0, Max: 0.0, Diff: 0.0, Sum: 0.0]
      [Code Root Scanning (ms): Min: 0.0, Avg: 0.0, Max: 0.0, Diff: 0.0, Sum: 0.0]
      [Object Copy (ms): Min: 0.8, Avg: 0.8, Max: 0.9, Diff: 0.1, Sum: 3.2]
      [Termination (ms): Min: 0.0, Avg: 0.0, Max: 0.0, Diff: 0.0, Sum: 0.0]
         [Termination Attempts: Min: 1, Avg: 3.5, Max: 6, Diff: 5, Sum: 14]
      [GC Worker Other (ms): Min: 0.0, Avg: 0.0, Max: 0.0, Diff: 0.0, Sum: 0.1]
      [GC Worker Total (ms): Min: 1.1, Avg: 1.1, Max: 1.1, Diff: 0.0, Sum: 4.5]
      [GC Worker End (ms): Min: 783.4, Avg: 783.4, Max: 783.4, Diff: 0.0]
   [Code Root Fixup: 0.0 ms]
   [Code Root Purge: 0.0 ms]
   [Clear CT: 0.1 ms]
   [Other: 0.4 ms]
      [Choose CSet: 0.0 ms]
      [Ref Proc: 0.3 ms]
      [Ref Enq: 0.0 ms]
      [Redirty Cards: 0.0 ms]
      [Humongous Register: 0.0 ms]
      [Humongous Reclaim: 0.0 ms]
      [Free CSet: 0.0 ms]
   [Eden: 6144.0K(6144.0K)->0.0B(12.0M) Survivors: 0.0B->1024.0K Heap: 6144.0K(128.0M)->1418.0K(128.0M)]
 [Times: user=0.06 sys=0.00, real=0.00 secs] 
2020-11-10T20:52:12.955+0800: 1.945: [GC pause (G1 Evacuation Pause) (young), 0.0043131 secs]
   [Parallel Time: 3.3 ms, GC Workers: 4]
      [GC Worker Start (ms): Min: 1944.9, Avg: 1944.9, Max: 1945.0, Diff: 0.1]
      [Ext Root Scanning (ms): Min: 0.4, Avg: 0.7, Max: 1.3, Diff: 0.8, Sum: 2.7]
      [Update RS (ms): Min: 0.0, Avg: 0.0, Max: 0.1, Diff: 0.1, Sum: 0.2]
         [Processed Buffers: Min: 0, Avg: 1.5, Max: 3, Diff: 3, Sum: 6]
      [Scan RS (ms): Min: 0.0, Avg: 0.0, Max: 0.0, Diff: 0.0, Sum: 0.0]
      [Code Root Scanning (ms): Min: 0.0, Avg: 0.1, Max: 0.1, Diff: 0.1, Sum: 0.2]
      [Object Copy (ms): Min: 1.9, Avg: 2.4, Max: 2.6, Diff: 0.6, Sum: 9.5]
      [Termination (ms): Min: 0.0, Avg: 0.0, Max: 0.1, Diff: 0.1, Sum: 0.2]
         [Termination Attempts: Min: 1, Avg: 6.8, Max: 10, Diff: 9, Sum: 27]
      [GC Worker Other (ms): Min: 0.0, Avg: 0.0, Max: 0.0, Diff: 0.0, Sum: 0.1]
      [GC Worker Total (ms): Min: 3.1, Avg: 3.2, Max: 3.3, Diff: 0.1, Sum: 12.9]
      [GC Worker End (ms): Min: 1948.1, Avg: 1948.1, Max: 1948.2, Diff: 0.1]
   [Code Root Fixup: 0.2 ms]
   [Code Root Purge: 0.0 ms]
   [Clear CT: 0.1 ms]
   [Other: 0.7 ms]
      [Choose CSet: 0.0 ms]
      [Ref Proc: 0.4 ms]
      [Ref Enq: 0.0 ms]
      [Redirty Cards: 0.0 ms]
      [Humongous Register: 0.0 ms]
      [Humongous Reclaim: 0.0 ms]
      [Free CSet: 0.0 ms]
   [Eden: 12.0M(12.0M)->0.0B(50.0M) Survivors: 1024.0K->2048.0K Heap: 13.4M(128.0M)->3680.0K(128.0M)]
 [Times: user=0.00 sys=0.00, real=0.00 secs] 
2020-11-10T20:52:13.614+0800: 2.604: [GC pause (G1 Evacuation Pause) (young), 0.0065058 secs]
   [Parallel Time: 3.9 ms, GC Workers: 4]
      [GC Worker Start (ms): Min: 2603.9, Avg: 2604.0, Max: 2604.0, Diff: 0.0]
      [Ext Root Scanning (ms): Min: 0.2, Avg: 0.5, Max: 1.0, Diff: 0.8, Sum: 2.0]
      [Update RS (ms): Min: 0.0, Avg: 0.3, Max: 0.3, Diff: 0.3, Sum: 1.0]
         [Processed Buffers: Min: 0, Avg: 1.5, Max: 3, Diff: 3, Sum: 6]
      [Scan RS (ms): Min: 0.0, Avg: 0.1, Max: 0.1, Diff: 0.1, Sum: 0.3]
      [Code Root Scanning (ms): Min: 0.0, Avg: 0.1, Max: 0.3, Diff: 0.3, Sum: 0.5]
      [Object Copy (ms): Min: 2.6, Avg: 2.6, Max: 2.7, Diff: 0.2, Sum: 10.6]
      [Termination (ms): Min: 0.0, Avg: 0.2, Max: 0.3, Diff: 0.3, Sum: 0.7]
         [Termination Attempts: Min: 1, Avg: 3.3, Max: 5, Diff: 4, Sum: 13]
      [GC Worker Other (ms): Min: 0.0, Avg: 0.0, Max: 0.0, Diff: 0.0, Sum: 0.0]
      [GC Worker Total (ms): Min: 3.6, Avg: 3.8, Max: 3.9, Diff: 0.3, Sum: 15.1]
      [GC Worker End (ms): Min: 2607.6, Avg: 2607.7, Max: 2607.8, Diff: 0.2]
   [Code Root Fixup: 0.1 ms]
   [Code Root Purge: 0.0 ms]
   [Clear CT: 0.1 ms]
   [Other: 2.4 ms]
      [Choose CSet: 0.0 ms]
      [Ref Proc: 2.2 ms]
      [Ref Enq: 0.0 ms]
      [Redirty Cards: 0.1 ms]
      [Humongous Register: 0.0 ms]
      [Humongous Reclaim: 0.0 ms]
      [Free CSet: 0.1 ms]
   [Eden: 44.0M(44.0M)->0.0B(70.0M) Survivors: 2048.0K->6144.0K Heap: 47.6M(128.0M)->10020.5K(128.0M)]
 [Times: user=0.00 sys=0.00, real=0.01 secs] 
2020-11-10T20:52:16.699+0800: 5.689: [GC pause (G1 Evacuation Pause) (young), 0.0092121 secs]
   [Parallel Time: 5.2 ms, GC Workers: 4]
      [GC Worker Start (ms): Min: 5688.8, Avg: 5688.8, Max: 5688.8, Diff: 0.0]
      [Ext Root Scanning (ms): Min: 0.4, Avg: 0.8, Max: 1.5, Diff: 1.1, Sum: 3.0]
      [Update RS (ms): Min: 0.0, Avg: 0.2, Max: 0.3, Diff: 0.3, Sum: 0.7]
         [Processed Buffers: Min: 0, Avg: 2.5, Max: 5, Diff: 5, Sum: 10]
      [Scan RS (ms): Min: 0.0, Avg: 0.2, Max: 0.3, Diff: 0.3, Sum: 0.8]
      [Code Root Scanning (ms): Min: 0.0, Avg: 0.2, Max: 0.3, Diff: 0.3, Sum: 0.7]
      [Object Copy (ms): Min: 3.7, Avg: 3.8, Max: 3.9, Diff: 0.2, Sum: 15.3]
      [Termination (ms): Min: 0.0, Avg: 0.0, Max: 0.0, Diff: 0.0, Sum: 0.0]
         [Termination Attempts: Min: 1, Avg: 12.0, Max: 20, Diff: 19, Sum: 48]
      [GC Worker Other (ms): Min: 0.0, Avg: 0.0, Max: 0.0, Diff: 0.0, Sum: 0.0]
      [GC Worker Total (ms): Min: 5.2, Avg: 5.2, Max: 5.2, Diff: 0.0, Sum: 20.7]
      [GC Worker End (ms): Min: 5694.0, Avg: 5694.0, Max: 5694.0, Diff: 0.0]
   [Code Root Fixup: 0.2 ms]
   [Code Root Purge: 0.0 ms]
   [Clear CT: 0.1 ms]
   [Other: 3.7 ms]
      [Choose CSet: 0.0 ms]
      [Ref Proc: 3.4 ms]
      [Ref Enq: 0.0 ms]
      [Redirty Cards: 0.0 ms]
      [Humongous Register: 0.0 ms]
      [Humongous Reclaim: 0.0 ms]
      [Free CSet: 0.1 ms]
   [Eden: 70.0M(70.0M)->0.0B(66.0M) Survivors: 6144.0K->10.0M Heap: 79.8M(128.0M)->15.4M(128.0M)]
 [Times: user=0.00 sys=0.00, real=0.01 secs] 
2020-11-10T20:52:16.748+0800: 5.737: [GC pause (Metadata GC Threshold) (young) (initial-mark), 0.0068045 secs]
   [Parallel Time: 6.1 ms, GC Workers: 4]
      [GC Worker Start (ms): Min: 5737.3, Avg: 5737.6, Max: 5738.4, Diff: 1.0]
      [Ext Root Scanning (ms): Min: 0.1, Avg: 0.8, Max: 1.2, Diff: 1.1, Sum: 3.3]
      [Update RS (ms): Min: 0.2, Avg: 0.4, Max: 0.6, Diff: 0.4, Sum: 1.7]
         [Processed Buffers: Min: 1, Avg: 2.0, Max: 3, Diff: 2, Sum: 8]
      [Scan RS (ms): Min: 0.1, Avg: 0.1, Max: 0.1, Diff: 0.0, Sum: 0.4]
      [Code Root Scanning (ms): Min: 0.0, Avg: 0.2, Max: 0.4, Diff: 0.4, Sum: 0.7]
      [Object Copy (ms): Min: 3.8, Avg: 4.2, Max: 4.5, Diff: 0.6, Sum: 16.7]
      [Termination (ms): Min: 0.0, Avg: 0.0, Max: 0.0, Diff: 0.0, Sum: 0.0]
         [Termination Attempts: Min: 1, Avg: 9.5, Max: 16, Diff: 15, Sum: 38]
      [GC Worker Other (ms): Min: 0.0, Avg: 0.0, Max: 0.0, Diff: 0.0, Sum: 0.0]
      [GC Worker Total (ms): Min: 4.9, Avg: 5.7, Max: 6.0, Diff: 1.0, Sum: 22.9]
      [GC Worker End (ms): Min: 5743.3, Avg: 5743.3, Max: 5743.3, Diff: 0.0]
   [Code Root Fixup: 0.2 ms]
   [Code Root Purge: 0.0 ms]
   [Clear CT: 0.1 ms]
   [Other: 0.5 ms]
      [Choose CSet: 0.0 ms]
      [Ref Proc: 0.3 ms]
      [Ref Enq: 0.0 ms]
      [Redirty Cards: 0.1 ms]
      [Humongous Register: 0.0 ms]
      [Humongous Reclaim: 0.0 ms]
      [Free CSet: 0.1 ms]
   [Eden: 6144.0K(66.0M)->0.0B(70.0M) Survivors: 10.0M->6144.0K Heap: 21.4M(128.0M)->11.4M(128.0M)]
 [Times: user=0.00 sys=0.00, real=0.01 secs] 
2020-11-10T20:52:16.754+0800: 5.744: [GC concurrent-root-region-scan-start]
2020-11-10T20:52:16.761+0800: 5.750: [GC concurrent-root-region-scan-end, 0.0058354 secs]
2020-11-10T20:52:16.761+0800: 5.750: [GC concurrent-mark-start]
2020-11-10T20:52:16.762+0800: 5.752: [GC concurrent-mark-end, 0.0015107 secs]
2020-11-10T20:52:16.762+0800: 5.752: [GC remark 2020-11-10T20:52:16.762+0800: 5.752: [Finalize Marking, 0.0000940 secs] 2020-11-10T20:52:16.762+0800: 5.752: [GC ref-proc, 0.0000847 secs] 2020-11-10T20:52:16.762+0800: 5.752: [Unloading, 0.0023494 secs], 0.0026875 secs]
 [Times: user=0.00 sys=0.00, real=0.00 secs] 
2020-11-10T20:52:16.765+0800: 5.754: [GC cleanup 12M->9215K(128M), 0.0002192 secs]
 [Times: user=0.00 sys=0.00, real=0.00 secs] 
2020-11-10T20:52:16.765+0800: 5.755: [GC concurrent-cleanup-start]
2020-11-10T20:52:16.765+0800: 5.755: [GC concurrent-cleanup-end, 0.0000220 secs]
2020-11-10T20:52:20.004+0800: 8.993: [GC pause (G1 Evacuation Pause) (young), 0.0104992 secs]
   [Parallel Time: 8.1 ms, GC Workers: 4]
      [GC Worker Start (ms): Min: 8993.0, Avg: 8993.1, Max: 8993.1, Diff: 0.1]
      [Ext Root Scanning (ms): Min: 0.6, Avg: 1.1, Max: 2.3, Diff: 1.7, Sum: 4.3]
      [Update RS (ms): Min: 0.0, Avg: 0.4, Max: 0.6, Diff: 0.6, Sum: 1.4]
         [Processed Buffers: Min: 0, Avg: 2.5, Max: 4, Diff: 4, Sum: 10]
      [Scan RS (ms): Min: 0.0, Avg: 0.0, Max: 0.0, Diff: 0.0, Sum: 0.1]
      [Code Root Scanning (ms): Min: 0.0, Avg: 0.4, Max: 0.8, Diff: 0.8, Sum: 1.6]
      [Object Copy (ms): Min: 5.7, Avg: 6.1, Max: 6.6, Diff: 0.9, Sum: 24.5]
      [Termination (ms): Min: 0.0, Avg: 0.0, Max: 0.0, Diff: 0.0, Sum: 0.0]
         [Termination Attempts: Min: 1, Avg: 8.0, Max: 16, Diff: 15, Sum: 32]
      [GC Worker Other (ms): Min: 0.0, Avg: 0.0, Max: 0.0, Diff: 0.0, Sum: 0.1]
      [GC Worker Total (ms): Min: 7.9, Avg: 8.0, Max: 8.0, Diff: 0.1, Sum: 32.0]
      [GC Worker End (ms): Min: 9001.1, Avg: 9001.1, Max: 9001.1, Diff: 0.0]
   [Code Root Fixup: 0.4 ms]
   [Code Root Purge: 0.0 ms]
   [Clear CT: 0.1 ms]
   [Other: 2.0 ms]
      [Choose CSet: 0.0 ms]
      [Ref Proc: 1.7 ms]
      [Ref Enq: 0.0 ms]
      [Redirty Cards: 0.1 ms]
      [Humongous Register: 0.0 ms]
      [Humongous Reclaim: 0.0 ms]
      [Free CSet: 0.1 ms]
   [Eden: 70.0M(70.0M)->0.0B(66.0M) Survivors: 6144.0K->10.0M Heap: 78.0M(128.0M)->14.4M(128.0M)]
 [Times: user=0.01 sys=0.00, real=0.01 secs] 
2020-11-10T20:52:20.472+0800: 9.463: [GC pause (G1 Evacuation Pause) (young), 0.0123338 secs]
   [Parallel Time: 10.0 ms, GC Workers: 4]
      [GC Worker Start (ms): Min: 9462.7, Avg: 9462.7, Max: 9462.7, Diff: 0.0]
      [Ext Root Scanning (ms): Min: 0.2, Avg: 0.7, Max: 1.8, Diff: 1.6, Sum: 2.6]
      [Update RS (ms): Min: 0.0, Avg: 0.3, Max: 0.5, Diff: 0.5, Sum: 1.3]
         [Processed Buffers: Min: 0, Avg: 2.0, Max: 3, Diff: 3, Sum: 8]
      [Scan RS (ms): Min: 0.0, Avg: 0.0, Max: 0.0, Diff: 0.0, Sum: 0.1]
      [Code Root Scanning (ms): Min: 0.0, Avg: 0.9, Max: 2.4, Diff: 2.4, Sum: 3.5]
      [Object Copy (ms): Min: 6.7, Avg: 7.9, Max: 8.9, Diff: 2.2, Sum: 31.5]
      [Termination (ms): Min: 0.0, Avg: 0.1, Max: 0.2, Diff: 0.2, Sum: 0.5]
         [Termination Attempts: Min: 1, Avg: 1.0, Max: 1, Diff: 0, Sum: 4]
      [GC Worker Other (ms): Min: 0.0, Avg: 0.0, Max: 0.0, Diff: 0.0, Sum: 0.0]
      [GC Worker Total (ms): Min: 9.8, Avg: 9.9, Max: 10.0, Diff: 0.2, Sum: 39.6]
      [GC Worker End (ms): Min: 9472.5, Avg: 9472.6, Max: 9472.6, Diff: 0.2]
   [Code Root Fixup: 0.4 ms]
   [Code Root Purge: 0.0 ms]
   [Clear CT: 0.1 ms]
   [Other: 1.8 ms]
      [Choose CSet: 0.0 ms]
      [Ref Proc: 1.5 ms]
      [Ref Enq: 0.0 ms]
      [Redirty Cards: 0.0 ms]
      [Humongous Register: 0.0 ms]
      [Humongous Reclaim: 0.0 ms]
      [Free CSet: 0.1 ms]
   [Eden: 66.0M(66.0M)->0.0B(66.0M) Survivors: 10.0M->10.0M Heap: 80.4M(128.0M)->18.8M(128.0M)]
 [Times: user=0.06 sys=0.00, real=0.01 secs] 
2020-11-10T20:52:27.220+0800: 16.210: [GC pause (G1 Evacuation Pause) (young), 0.0094974 secs]
   [Parallel Time: 7.4 ms, GC Workers: 4]
      [GC Worker Start (ms): Min: 16210.1, Avg: 16210.1, Max: 16210.1, Diff: 0.0]
      [Ext Root Scanning (ms): Min: 0.3, Avg: 0.8, Max: 1.8, Diff: 1.5, Sum: 3.0]
      [Update RS (ms): Min: 0.0, Avg: 0.5, Max: 0.7, Diff: 0.7, Sum: 2.1]
         [Processed Buffers: Min: 0, Avg: 4.0, Max: 10, Diff: 10, Sum: 16]
      [Scan RS (ms): Min: 0.0, Avg: 0.1, Max: 0.2, Diff: 0.2, Sum: 0.6]
      [Code Root Scanning (ms): Min: 0.0, Avg: 0.2, Max: 0.3, Diff: 0.3, Sum: 0.7]
      [Object Copy (ms): Min: 5.5, Avg: 5.7, Max: 5.9, Diff: 0.4, Sum: 22.6]
      [Termination (ms): Min: 0.0, Avg: 0.1, Max: 0.1, Diff: 0.1, Sum: 0.2]
         [Termination Attempts: Min: 1, Avg: 1.0, Max: 1, Diff: 0, Sum: 4]
      [GC Worker Other (ms): Min: 0.0, Avg: 0.0, Max: 0.0, Diff: 0.0, Sum: 0.1]
      [GC Worker Total (ms): Min: 7.3, Avg: 7.3, Max: 7.3, Diff: 0.0, Sum: 29.3]
      [GC Worker End (ms): Min: 16217.4, Avg: 16217.4, Max: 16217.5, Diff: 0.1]
   [Code Root Fixup: 0.2 ms]
   [Code Root Purge: 0.0 ms]
   [Clear CT: 0.1 ms]
   [Other: 1.8 ms]
      [Choose CSet: 0.0 ms]
      [Ref Proc: 1.7 ms]
      [Ref Enq: 0.0 ms]
      [Redirty Cards: 0.1 ms]
      [Humongous Register: 0.0 ms]
      [Humongous Reclaim: 0.0 ms]
      [Free CSet: 0.1 ms]
   [Eden: 66.0M(66.0M)->0.0B(66.0M) Survivors: 10.0M->10.0M Heap: 84.8M(128.0M)->21.5M(128.0M)]
 [Times: user=0.00 sys=0.00, real=0.01 secs] 
2020-11-10T20:52:27.305+0800: 16.295: [GC pause (Metadata GC Threshold) (young) (initial-mark), 0.0093214 secs]
   [Parallel Time: 8.4 ms, GC Workers: 4]
      [GC Worker Start (ms): Min: 16295.3, Avg: 16295.3, Max: 16295.3, Diff: 0.0]
      [Ext Root Scanning (ms): Min: 1.0, Avg: 1.1, Max: 1.2, Diff: 0.2, Sum: 4.4]
      [Update RS (ms): Min: 0.7, Avg: 1.2, Max: 2.4, Diff: 1.7, Sum: 4.9]
         [Processed Buffers: Min: 1, Avg: 3.8, Max: 6, Diff: 5, Sum: 15]
      [Scan RS (ms): Min: 0.0, Avg: 0.1, Max: 0.3, Diff: 0.3, Sum: 0.4]
      [Code Root Scanning (ms): Min: 0.0, Avg: 0.1, Max: 0.4, Diff: 0.4, Sum: 0.5]
      [Object Copy (ms): Min: 4.7, Avg: 5.7, Max: 6.2, Diff: 1.4, Sum: 22.8]
      [Termination (ms): Min: 0.0, Avg: 0.0, Max: 0.0, Diff: 0.0, Sum: 0.0]
         [Termination Attempts: Min: 1, Avg: 1.0, Max: 1, Diff: 0, Sum: 4]
      [GC Worker Other (ms): Min: 0.0, Avg: 0.0, Max: 0.0, Diff: 0.0, Sum: 0.0]
      [GC Worker Total (ms): Min: 8.3, Avg: 8.3, Max: 8.3, Diff: 0.0, Sum: 33.1]
      [GC Worker End (ms): Min: 16303.6, Avg: 16303.6, Max: 16303.6, Diff: 0.0]
   [Code Root Fixup: 0.2 ms]
   [Code Root Purge: 0.0 ms]
   [Clear CT: 0.0 ms]
   [Other: 0.7 ms]
      [Choose CSet: 0.0 ms]
      [Ref Proc: 0.6 ms]
      [Ref Enq: 0.0 ms]
      [Redirty Cards: 0.1 ms]
      [Humongous Register: 0.0 ms]
      [Humongous Reclaim: 0.0 ms]
      [Free CSet: 0.0 ms]
   [Eden: 15.0M(66.0M)->0.0B(69.0M) Survivors: 10.0M->7168.0K Heap: 36.5M(128.0M)->21.5M(128.0M)]
 [Times: user=0.05 sys=0.00, real=0.01 secs] 
2020-11-10T20:52:27.315+0800: 16.305: [GC concurrent-root-region-scan-start]
2020-11-10T20:52:27.323+0800: 16.313: [GC concurrent-root-region-scan-end, 0.0081508 secs]
2020-11-10T20:52:27.323+0800: 16.313: [GC concurrent-mark-start]
2020-11-10T20:52:27.339+0800: 16.328: [GC concurrent-mark-end, 0.0155253 secs]
2020-11-10T20:52:27.339+0800: 16.328: [GC remark 2020-11-10T20:52:27.339+0800: 16.329: [Finalize Marking, 0.0001087 secs] 2020-11-10T20:52:27.339+0800: 16.329: [GC ref-proc, 0.0001452 secs] 2020-11-10T20:52:27.339+0800: 16.329: [Unloading, 0.0043435 secs], 0.0049003 secs]
 [Times: user=0.06 sys=0.00, real=0.01 secs] 
2020-11-10T20:52:27.344+0800: 16.334: [GC cleanup 24M->22M(128M), 0.0002364 secs]
 [Times: user=0.00 sys=0.00, real=0.00 secs] 
2020-11-10T20:52:27.344+0800: 16.334: [GC concurrent-cleanup-start]
2020-11-10T20:52:27.344+0800: 16.334: [GC concurrent-cleanup-end, 0.0000079 secs]
2020-11-10T20:52:29.487+0800: 18.476: [GC pause (G1 Evacuation Pause) (young), 0.0120402 secs]
   [Parallel Time: 9.8 ms, GC Workers: 4]
      [GC Worker Start (ms): Min: 18476.3, Avg: 18476.3, Max: 18476.3, Diff: 0.0]
      [Ext Root Scanning (ms): Min: 0.3, Avg: 0.6, Max: 1.4, Diff: 1.0, Sum: 2.5]
      [Update RS (ms): Min: 1.0, Avg: 1.7, Max: 2.5, Diff: 1.4, Sum: 6.9]
         [Processed Buffers: Min: 1, Avg: 5.0, Max: 13, Diff: 12, Sum: 20]
      [Scan RS (ms): Min: 0.0, Avg: 0.4, Max: 0.5, Diff: 0.5, Sum: 1.5]
      [Code Root Scanning (ms): Min: 0.0, Avg: 0.1, Max: 0.2, Diff: 0.2, Sum: 0.4]
      [Object Copy (ms): Min: 6.7, Avg: 6.9, Max: 7.1, Diff: 0.3, Sum: 27.7]
      [Termination (ms): Min: 0.0, Avg: 0.0, Max: 0.0, Diff: 0.0, Sum: 0.0]
         [Termination Attempts: Min: 1, Avg: 1.0, Max: 1, Diff: 0, Sum: 4]
      [GC Worker Other (ms): Min: 0.0, Avg: 0.0, Max: 0.0, Diff: 0.0, Sum: 0.1]
      [GC Worker Total (ms): Min: 9.7, Avg: 9.8, Max: 9.8, Diff: 0.0, Sum: 39.0]
      [GC Worker End (ms): Min: 18486.0, Avg: 18486.0, Max: 18486.0, Diff: 0.0]
   [Code Root Fixup: 0.2 ms]
   [Code Root Purge: 0.0 ms]
   [Clear CT: 0.1 ms]
   [Other: 2.0 ms]
      [Choose CSet: 0.0 ms]
      [Ref Proc: 1.7 ms]
      [Ref Enq: 0.0 ms]
      [Redirty Cards: 0.1 ms]
      [Humongous Register: 0.0 ms]
      [Humongous Reclaim: 0.0 ms]
      [Free CSet: 0.1 ms]
   [Eden: 69.0M(69.0M)->0.0B(66.0M) Survivors: 7168.0K->10.0M Heap: 88.5M(128.0M)->24.0M(128.0M)]
 [Times: user=0.06 sys=0.00, real=0.01 secs] 
2020-11-10T20:54:28.074+0800: 137.063: [GC pause (G1 Evacuation Pause) (young), 0.0110564 secs]
   [Parallel Time: 9.2 ms, GC Workers: 4]
      [GC Worker Start (ms): Min: 137063.4, Avg: 137063.4, Max: 137063.4, Diff: 0.0]
      [Ext Root Scanning (ms): Min: 0.8, Avg: 1.1, Max: 1.6, Diff: 0.9, Sum: 4.3]
      [Update RS (ms): Min: 0.5, Avg: 0.9, Max: 1.0, Diff: 0.6, Sum: 3.4]
         [Processed Buffers: Min: 3, Avg: 7.3, Max: 13, Diff: 10, Sum: 29]
      [Scan RS (ms): Min: 0.0, Avg: 0.0, Max: 0.0, Diff: 0.0, Sum: 0.0]
      [Code Root Scanning (ms): Min: 0.0, Avg: 0.1, Max: 0.3, Diff: 0.3, Sum: 0.6]
      [Object Copy (ms): Min: 6.9, Avg: 7.1, Max: 7.3, Diff: 0.4, Sum: 28.4]
      [Termination (ms): Min: 0.0, Avg: 0.0, Max: 0.0, Diff: 0.0, Sum: 0.0]
         [Termination Attempts: Min: 1, Avg: 3.0, Max: 5, Diff: 4, Sum: 12]
      [GC Worker Other (ms): Min: 0.0, Avg: 0.0, Max: 0.0, Diff: 0.0, Sum: 0.1]
      [GC Worker Total (ms): Min: 9.2, Avg: 9.2, Max: 9.2, Diff: 0.0, Sum: 36.8]
      [GC Worker End (ms): Min: 137072.6, Avg: 137072.6, Max: 137072.6, Diff: 0.0]
   [Code Root Fixup: 0.1 ms]
   [Code Root Purge: 0.0 ms]
   [Clear CT: 0.1 ms]
   [Other: 1.5 ms]
      [Choose CSet: 0.0 ms]
      [Ref Proc: 1.3 ms]
      [Ref Enq: 0.0 ms]
      [Redirty Cards: 0.0 ms]
      [Humongous Register: 0.0 ms]
      [Humongous Reclaim: 0.0 ms]
      [Free CSet: 0.1 ms]
   [Eden: 66.0M(66.0M)->0.0B(68.0M) Survivors: 10.0M->8192.0K Heap: 90.0M(128.0M)->28.4M(128.0M)]
 [Times: user=0.06 sys=0.00, real=0.01 secs] 
2020-11-10T20:56:32.899+0800: 261.889: [GC pause (G1 Evacuation Pause) (young), 0.0143079 secs]
   [Parallel Time: 10.3 ms, GC Workers: 4]
      [GC Worker Start (ms): Min: 261888.7, Avg: 261888.8, Max: 261888.8, Diff: 0.1]
      [Ext Root Scanning (ms): Min: 0.5, Avg: 1.2, Max: 2.1, Diff: 1.6, Sum: 4.8]
      [Update RS (ms): Min: 0.0, Avg: 0.9, Max: 1.4, Diff: 1.4, Sum: 3.5]
         [Processed Buffers: Min: 1, Avg: 6.5, Max: 15, Diff: 14, Sum: 26]
      [Scan RS (ms): Min: 0.6, Avg: 0.7, Max: 0.8, Diff: 0.1, Sum: 2.7]
      [Code Root Scanning (ms): Min: 0.0, Avg: 0.1, Max: 0.2, Diff: 0.2, Sum: 0.4]
      [Object Copy (ms): Min: 6.8, Avg: 7.1, Max: 7.4, Diff: 0.6, Sum: 28.2]
      [Termination (ms): Min: 0.0, Avg: 0.2, Max: 0.3, Diff: 0.3, Sum: 0.8]
         [Termination Attempts: Min: 1, Avg: 9.8, Max: 20, Diff: 19, Sum: 39]
      [GC Worker Other (ms): Min: 0.0, Avg: 0.0, Max: 0.0, Diff: 0.0, Sum: 0.1]
      [GC Worker Total (ms): Min: 9.9, Avg: 10.1, Max: 10.2, Diff: 0.3, Sum: 40.4]
      [GC Worker End (ms): Min: 261898.7, Avg: 261898.9, Max: 261899.0, Diff: 0.3]
   [Code Root Fixup: 0.3 ms]
   [Code Root Purge: 0.0 ms]
   [Clear CT: 0.4 ms]
   [Other: 3.3 ms]
      [Choose CSet: 0.0 ms]
      [Ref Proc: 2.7 ms]
      [Ref Enq: 0.0 ms]
      [Redirty Cards: 0.4 ms]
      [Humongous Register: 0.0 ms]
      [Humongous Reclaim: 0.0 ms]
      [Free CSet: 0.1 ms]
   [Eden: 68.0M(68.0M)->0.0B(66.0M) Survivors: 8192.0K->10.0M Heap: 96.4M(128.0M)->32.0M(128.0M)]
 [Times: user=0.06 sys=0.00, real=0.02 secs] 
2020-11-10T21:04:58.946+0800: 767.936: [GC pause (G1 Evacuation Pause) (young), 0.1360402 secs]
   [Parallel Time: 131.8 ms, GC Workers: 4]
      [GC Worker Start (ms): Min: 767935.7, Avg: 767935.7, Max: 767935.8, Diff: 0.1]
      [Ext Root Scanning (ms): Min: 0.4, Avg: 1.1, Max: 3.0, Diff: 2.6, Sum: 4.4]
      [Update RS (ms): Min: 0.0, Avg: 33.5, Max: 130.8, Diff: 130.8, Sum: 133.8]
         [Processed Buffers: Min: 0, Avg: 7.0, Max: 12, Diff: 12, Sum: 28]
      [Scan RS (ms): Min: 0.0, Avg: 0.2, Max: 0.3, Diff: 0.3, Sum: 0.7]
      [Code Root Scanning (ms): Min: 0.0, Avg: 70.9, Max: 94.8, Diff: 94.8, Sum: 283.5]
      [Object Copy (ms): Min: 0.2, Avg: 7.7, Max: 10.3, Diff: 10.1, Sum: 30.9]
      [Termination (ms): Min: 0.0, Avg: 18.2, Max: 24.3, Diff: 24.3, Sum: 72.9]
         [Termination Attempts: Min: 2, Avg: 30.8, Max: 46, Diff: 44, Sum: 123]
      [GC Worker Other (ms): Min: 0.0, Avg: 0.0, Max: 0.0, Diff: 0.0, Sum: 0.1]
      [GC Worker Total (ms): Min: 131.5, Avg: 131.6, Max: 131.7, Diff: 0.1, Sum: 526.4]
      [GC Worker End (ms): Min: 768067.3, Avg: 768067.3, Max: 768067.3, Diff: 0.0]
   [Code Root Fixup: 0.2 ms]
   [Code Root Purge: 0.0 ms]
   [Clear CT: 0.5 ms]
   [Other: 3.6 ms]
      [Choose CSet: 0.0 ms]
      [Ref Proc: 3.0 ms]
      [Ref Enq: 0.0 ms]
      [Redirty Cards: 0.3 ms]
      [Humongous Register: 0.0 ms]
      [Humongous Reclaim: 0.0 ms]
      [Free CSet: 0.1 ms]
   [Eden: 66.0M(66.0M)->0.0B(68.0M) Survivors: 10.0M->8192.0K Heap: 98.0M(128.0M)->35.9M(128.0M)]
 [Times: user=0.06 sys=0.03, real=0.14 secs] 
2020-11-10T21:14:26.983+0800: 1335.973: [GC pause (G1 Evacuation Pause) (young), 0.0819763 secs]
   [Parallel Time: 53.7 ms, GC Workers: 4]
      [GC Worker Start (ms): Min: 1335998.1, Avg: 1335998.7, Max: 1335999.2, Diff: 1.1]
      [Ext Root Scanning (ms): Min: 1.3, Avg: 11.1, Max: 37.7, Diff: 36.4, Sum: 44.4]
      [Update RS (ms): Min: 0.0, Avg: 1.1, Max: 1.9, Diff: 1.9, Sum: 4.4]
         [Processed Buffers: Min: 0, Avg: 9.5, Max: 19, Diff: 19, Sum: 38]
      [Scan RS (ms): Min: 0.0, Avg: 0.3, Max: 0.6, Diff: 0.5, Sum: 1.3]
      [Code Root Scanning (ms): Min: 0.0, Avg: 35.7, Max: 47.8, Diff: 47.8, Sum: 142.7]
      [Object Copy (ms): Min: 1.0, Avg: 4.9, Max: 15.4, Diff: 14.3, Sum: 19.6]
      [Termination (ms): Min: 0.0, Avg: 0.0, Max: 0.0, Diff: 0.0, Sum: 0.0]
         [Termination Attempts: Min: 1, Avg: 1.0, Max: 1, Diff: 0, Sum: 4]
      [GC Worker Other (ms): Min: 0.0, Avg: 0.0, Max: 0.0, Diff: 0.0, Sum: 0.1]
      [GC Worker Total (ms): Min: 52.6, Avg: 53.1, Max: 53.7, Diff: 1.1, Sum: 212.5]
      [GC Worker End (ms): Min: 1336051.9, Avg: 1336051.9, Max: 1336051.9, Diff: 0.0]
   [Code Root Fixup: 0.2 ms]
   [Code Root Purge: 0.0 ms]
   [Clear CT: 0.3 ms]
   [Other: 27.7 ms]
      [Choose CSet: 0.0 ms]
      [Ref Proc: 1.7 ms]
      [Ref Enq: 0.0 ms]
      [Redirty Cards: 0.4 ms]
      [Humongous Register: 0.0 ms]
      [Humongous Reclaim: 0.0 ms]
      [Free CSet: 0.1 ms]
   [Eden: 68.0M(68.0M)->0.0B(71.0M) Survivors: 8192.0K->5120.0K Heap: 103.9M(128.0M)->38.0M(128.0M)]
 [Times: user=0.03 sys=0.02, real=0.11 secs] 
