Java HotSpot(TM) 64-Bit Server VM (25.131-b11) for windows-amd64 JRE (1.8.0_131-b11), built on Mar 15 2017 01:23:53 by "java_re" with MS VC++ 10.0 (VS2010)
Memory: 4k page, physical 8247448k(1022448k free), swap 21878936k(7974664k free)
CommandLine flags: -XX:-BytecodeVerificationLocal -XX:-BytecodeVerificationRemote -XX:+HeapDumpOnOutOfMemoryError -XX:HeapDumpPath=orderHeap.hprof -XX:InitialHeapSize=134217728 -XX:+ManagementServer -XX:MaxGCPauseMillis=200 -XX:MaxHeapSize=134217728 -XX:+PrintGC -XX:+PrintGCDateStamps -XX:+PrintGCDetails -XX:+PrintGCTimeStamps -XX:TieredStopAtLevel=1 -XX:+UseCompressedClassPointers -XX:+UseCompressedOops -XX:+UseG1GC -XX:-UseLargePagesIndividualAllocation 
2020-11-10T20:54:07.823+0800: 2.327: [GC pause (G1 Evacuation Pause) (young), 0.0032013 secs]
   [Parallel Time: 2.1 ms, GC Workers: 4]
      [GC Worker Start (ms): Min: 2327.4, Avg: 2327.6, Max: 2327.8, Diff: 0.4]
      [Ext Root Scanning (ms): Min: 0.1, Avg: 0.3, Max: 0.5, Diff: 0.4, Sum: 1.3]
      [Update RS (ms): Min: 0.0, Avg: 0.0, Max: 0.0, Diff: 0.0, Sum: 0.0]
         [Processed Buffers: Min: 0, Avg: 0.0, Max: 0, Diff: 0, Sum: 0]
      [Scan RS (ms): Min: 0.0, Avg: 0.0, Max: 0.0, Diff: 0.0, Sum: 0.0]
      [Code Root Scanning (ms): Min: 0.0, Avg: 0.0, Max: 0.1, Diff: 0.1, Sum: 0.1]
      [Object Copy (ms): Min: 1.3, Avg: 1.4, Max: 1.6, Diff: 0.3, Sum: 5.7]
      [Termination (ms): Min: 0.0, Avg: 0.0, Max: 0.0, Diff: 0.0, Sum: 0.0]
         [Termination Attempts: Min: 1, Avg: 1.8, Max: 2, Diff: 1, Sum: 7]
      [GC Worker Other (ms): Min: 0.0, Avg: 0.0, Max: 0.0, Diff: 0.0, Sum: 0.1]
      [GC Worker Total (ms): Min: 1.5, Avg: 1.8, Max: 1.9, Diff: 0.4, Sum: 7.1]
      [GC Worker End (ms): Min: 2329.3, Avg: 2329.3, Max: 2329.3, Diff: 0.0]
   [Code Root Fixup: 0.1 ms]
   [Code Root Purge: 0.0 ms]
   [Clear CT: 0.1 ms]
   [Other: 0.9 ms]
      [Choose CSet: 0.0 ms]
      [Ref Proc: 0.6 ms]
      [Ref Enq: 0.0 ms]
      [Redirty Cards: 0.2 ms]
      [Humongous Register: 0.0 ms]
      [Humongous Reclaim: 0.0 ms]
      [Free CSet: 0.0 ms]
   [Eden: 14.0M(14.0M)->0.0B(17.0M) Survivors: 0.0B->2048.0K Heap: 14.0M(128.0M)->2560.5K(128.0M)]
 [Times: user=0.06 sys=0.00, real=0.00 secs] 
2020-11-10T20:54:08.044+0800: 2.548: [GC pause (G1 Evacuation Pause) (young), 0.0032700 secs]
   [Parallel Time: 2.5 ms, GC Workers: 4]
      [GC Worker Start (ms): Min: 2548.1, Avg: 2548.1, Max: 2548.2, Diff: 0.0]
      [Ext Root Scanning (ms): Min: 0.2, Avg: 0.3, Max: 0.6, Diff: 0.5, Sum: 1.3]
      [Update RS (ms): Min: 0.0, Avg: 0.0, Max: 0.2, Diff: 0.2, Sum: 0.2]
         [Processed Buffers: Min: 0, Avg: 1.3, Max: 3, Diff: 3, Sum: 5]
      [Scan RS (ms): Min: 0.0, Avg: 0.0, Max: 0.0, Diff: 0.0, Sum: 0.0]
      [Code Root Scanning (ms): Min: 0.0, Avg: 0.1, Max: 0.2, Diff: 0.2, Sum: 0.3]
      [Object Copy (ms): Min: 1.8, Avg: 2.0, Max: 2.1, Diff: 0.3, Sum: 7.9]
      [Termination (ms): Min: 0.0, Avg: 0.0, Max: 0.0, Diff: 0.0, Sum: 0.0]
         [Termination Attempts: Min: 1, Avg: 6.5, Max: 12, Diff: 11, Sum: 26]
      [GC Worker Other (ms): Min: 0.0, Avg: 0.0, Max: 0.0, Diff: 0.0, Sum: 0.0]
      [GC Worker Total (ms): Min: 2.4, Avg: 2.4, Max: 2.4, Diff: 0.0, Sum: 9.7]
      [GC Worker End (ms): Min: 2550.6, Avg: 2550.6, Max: 2550.6, Diff: 0.0]
   [Code Root Fixup: 0.1 ms]
   [Code Root Purge: 0.0 ms]
   [Clear CT: 0.1 ms]
   [Other: 0.7 ms]
      [Choose CSet: 0.0 ms]
      [Ref Proc: 0.5 ms]
      [Ref Enq: 0.0 ms]
      [Redirty Cards: 0.0 ms]
      [Humongous Register: 0.0 ms]
      [Humongous Reclaim: 0.0 ms]
      [Free CSet: 0.0 ms]
   [Eden: 17.0M(17.0M)->0.0B(73.0M) Survivors: 2048.0K->3072.0K Heap: 19.5M(128.0M)->5178.8K(128.0M)]
 [Times: user=0.00 sys=0.00, real=0.00 secs] 
2020-11-10T20:54:08.513+0800: 3.017: [GC pause (G1 Evacuation Pause) (young), 0.0048135 secs]
   [Parallel Time: 2.6 ms, GC Workers: 4]
      [GC Worker Start (ms): Min: 3017.5, Avg: 3017.6, Max: 3017.6, Diff: 0.0]
      [Ext Root Scanning (ms): Min: 0.2, Avg: 0.4, Max: 0.7, Diff: 0.5, Sum: 1.5]
      [Update RS (ms): Min: 0.0, Avg: 0.2, Max: 0.3, Diff: 0.3, Sum: 0.8]
         [Processed Buffers: Min: 0, Avg: 2.3, Max: 5, Diff: 5, Sum: 9]
      [Scan RS (ms): Min: 0.0, Avg: 0.0, Max: 0.0, Diff: 0.0, Sum: 0.1]
      [Code Root Scanning (ms): Min: 0.0, Avg: 0.1, Max: 0.1, Diff: 0.1, Sum: 0.3]
      [Object Copy (ms): Min: 1.7, Avg: 1.8, Max: 1.9, Diff: 0.3, Sum: 7.3]
      [Termination (ms): Min: 0.0, Avg: 0.0, Max: 0.0, Diff: 0.0, Sum: 0.0]
         [Termination Attempts: Min: 1, Avg: 3.0, Max: 5, Diff: 4, Sum: 12]
      [GC Worker Other (ms): Min: 0.0, Avg: 0.0, Max: 0.0, Diff: 0.0, Sum: 0.0]
      [GC Worker Total (ms): Min: 2.5, Avg: 2.5, Max: 2.5, Diff: 0.0, Sum: 10.1]
      [GC Worker End (ms): Min: 3020.1, Avg: 3020.1, Max: 3020.1, Diff: 0.0]
   [Code Root Fixup: 0.1 ms]
   [Code Root Purge: 0.0 ms]
   [Clear CT: 0.1 ms]
   [Other: 2.1 ms]
      [Choose CSet: 0.0 ms]
      [Ref Proc: 1.9 ms]
      [Ref Enq: 0.0 ms]
      [Redirty Cards: 0.1 ms]
      [Humongous Register: 0.0 ms]
      [Humongous Reclaim: 0.0 ms]
      [Free CSet: 0.0 ms]
   [Eden: 73.0M(73.0M)->0.0B(67.0M) Survivors: 3072.0K->9216.0K Heap: 78.1M(128.0M)->11.0M(128.0M)]
 [Times: user=0.00 sys=0.00, real=0.00 secs] 
2020-11-10T20:54:08.840+0800: 3.344: [GC pause (G1 Evacuation Pause) (young), 0.0041026 secs]
   [Parallel Time: 3.0 ms, GC Workers: 4]
      [GC Worker Start (ms): Min: 3344.2, Avg: 3344.2, Max: 3344.3, Diff: 0.1]
      [Ext Root Scanning (ms): Min: 0.5, Avg: 0.7, Max: 1.2, Diff: 0.7, Sum: 2.8]
      [Update RS (ms): Min: 0.0, Avg: 0.1, Max: 0.1, Diff: 0.1, Sum: 0.2]
         [Processed Buffers: Min: 0, Avg: 2.3, Max: 4, Diff: 4, Sum: 9]
      [Scan RS (ms): Min: 0.0, Avg: 0.0, Max: 0.0, Diff: 0.0, Sum: 0.0]
      [Code Root Scanning (ms): Min: 0.0, Avg: 0.1, Max: 0.2, Diff: 0.2, Sum: 0.3]
      [Object Copy (ms): Min: 1.8, Avg: 2.1, Max: 2.4, Diff: 0.6, Sum: 8.4]
      [Termination (ms): Min: 0.0, Avg: 0.0, Max: 0.0, Diff: 0.0, Sum: 0.0]
         [Termination Attempts: Min: 1, Avg: 1.8, Max: 4, Diff: 3, Sum: 7]
      [GC Worker Other (ms): Min: 0.0, Avg: 0.0, Max: 0.0, Diff: 0.0, Sum: 0.1]
      [GC Worker Total (ms): Min: 2.9, Avg: 3.0, Max: 3.0, Diff: 0.0, Sum: 11.9]
      [GC Worker End (ms): Min: 3347.2, Avg: 3347.2, Max: 3347.2, Diff: 0.0]
   [Code Root Fixup: 0.1 ms]
   [Code Root Purge: 0.0 ms]
   [Clear CT: 0.1 ms]
   [Other: 0.9 ms]
      [Choose CSet: 0.0 ms]
      [Ref Proc: 0.8 ms]
      [Ref Enq: 0.0 ms]
      [Redirty Cards: 0.0 ms]
      [Humongous Register: 0.0 ms]
      [Humongous Reclaim: 0.0 ms]
      [Free CSet: 0.0 ms]
   [Eden: 67.0M(67.0M)->0.0B(71.0M) Survivors: 9216.0K->5120.0K Heap: 78.0M(128.0M)->7290.0K(128.0M)]
 [Times: user=0.00 sys=0.00, real=0.00 secs] 
2020-11-10T20:54:11.390+0800: 5.894: [GC pause (G1 Evacuation Pause) (young), 0.0077753 secs]
   [Parallel Time: 5.3 ms, GC Workers: 4]
      [GC Worker Start (ms): Min: 5894.4, Avg: 5896.1, Max: 5899.7, Diff: 5.3]
      [Ext Root Scanning (ms): Min: 0.0, Avg: 0.6, Max: 1.2, Diff: 1.2, Sum: 2.4]
      [Update RS (ms): Min: 0.0, Avg: 0.1, Max: 0.2, Diff: 0.2, Sum: 0.3]
         [Processed Buffers: Min: 0, Avg: 2.3, Max: 5, Diff: 5, Sum: 9]
      [Scan RS (ms): Min: 0.0, Avg: 0.0, Max: 0.0, Diff: 0.0, Sum: 0.0]
      [Code Root Scanning (ms): Min: 0.0, Avg: 0.2, Max: 0.5, Diff: 0.5, Sum: 0.8]
      [Object Copy (ms): Min: 0.0, Avg: 2.6, Max: 3.6, Diff: 3.6, Sum: 10.4]
      [Termination (ms): Min: 0.0, Avg: 0.0, Max: 0.1, Diff: 0.1, Sum: 0.2]
         [Termination Attempts: Min: 1, Avg: 1.0, Max: 1, Diff: 0, Sum: 4]
      [GC Worker Other (ms): Min: 0.0, Avg: 0.0, Max: 0.0, Diff: 0.0, Sum: 0.0]
      [GC Worker Total (ms): Min: 0.0, Avg: 3.6, Max: 5.3, Diff: 5.3, Sum: 14.2]
      [GC Worker End (ms): Min: 5899.7, Avg: 5899.7, Max: 5899.7, Diff: 0.0]
   [Code Root Fixup: 0.1 ms]
   [Code Root Purge: 0.0 ms]
   [Clear CT: 0.1 ms]
   [Other: 2.3 ms]
      [Choose CSet: 0.0 ms]
      [Ref Proc: 2.1 ms]
      [Ref Enq: 0.0 ms]
      [Redirty Cards: 0.1 ms]
      [Humongous Register: 0.0 ms]
      [Humongous Reclaim: 0.0 ms]
      [Free CSet: 0.1 ms]
   [Eden: 71.0M(71.0M)->0.0B(68.0M) Survivors: 5120.0K->8192.0K Heap: 78.1M(128.0M)->10.6M(128.0M)]
 [Times: user=0.00 sys=0.00, real=0.01 secs] 
2020-11-10T20:54:12.613+0800: 7.118: [GC pause (Metadata GC Threshold) (young) (initial-mark), 0.0050723 secs]
   [Parallel Time: 3.8 ms, GC Workers: 4]
      [GC Worker Start (ms): Min: 7117.8, Avg: 7117.8, Max: 7117.8, Diff: 0.1]
      [Ext Root Scanning (ms): Min: 0.6, Avg: 0.7, Max: 0.9, Diff: 0.3, Sum: 3.0]
      [Update RS (ms): Min: 0.0, Avg: 0.1, Max: 0.2, Diff: 0.1, Sum: 0.3]
         [Processed Buffers: Min: 1, Avg: 1.3, Max: 2, Diff: 1, Sum: 5]
      [Scan RS (ms): Min: 0.0, Avg: 0.0, Max: 0.0, Diff: 0.0, Sum: 0.0]
      [Code Root Scanning (ms): Min: 0.0, Avg: 0.1, Max: 0.3, Diff: 0.3, Sum: 0.4]
      [Object Copy (ms): Min: 2.6, Avg: 2.7, Max: 2.8, Diff: 0.2, Sum: 10.8]
      [Termination (ms): Min: 0.0, Avg: 0.0, Max: 0.0, Diff: 0.0, Sum: 0.1]
         [Termination Attempts: Min: 1, Avg: 1.0, Max: 1, Diff: 0, Sum: 4]
      [GC Worker Other (ms): Min: 0.0, Avg: 0.0, Max: 0.0, Diff: 0.0, Sum: 0.0]
      [GC Worker Total (ms): Min: 3.6, Avg: 3.6, Max: 3.7, Diff: 0.1, Sum: 14.6]
      [GC Worker End (ms): Min: 7121.5, Avg: 7121.5, Max: 7121.5, Diff: 0.0]
   [Code Root Fixup: 0.1 ms]
   [Code Root Purge: 0.0 ms]
   [Clear CT: 0.1 ms]
   [Other: 1.1 ms]
      [Choose CSet: 0.0 ms]
      [Ref Proc: 0.9 ms]
      [Ref Enq: 0.0 ms]
      [Redirty Cards: 0.0 ms]
      [Humongous Register: 0.0 ms]
      [Humongous Reclaim: 0.0 ms]
      [Free CSet: 0.0 ms]
   [Eden: 36.0M(68.0M)->0.0B(69.0M) Survivors: 8192.0K->7168.0K Heap: 46.6M(128.0M)->9850.0K(128.0M)]
 [Times: user=0.00 sys=0.00, real=0.01 secs] 
2020-11-10T20:54:12.619+0800: 7.123: [GC concurrent-root-region-scan-start]
2020-11-10T20:54:12.623+0800: 7.128: [GC concurrent-root-region-scan-end, 0.0049890 secs]
2020-11-10T20:54:12.623+0800: 7.128: [GC concurrent-mark-start]
2020-11-10T20:54:12.627+0800: 7.131: [GC concurrent-mark-end, 0.0030237 secs]
2020-11-10T20:54:12.627+0800: 7.131: [GC remark 2020-11-10T20:54:12.627+0800: 7.131: [Finalize Marking, 0.0000903 secs] 2020-11-10T20:54:12.627+0800: 7.131: [GC ref-proc, 0.0008042 secs] 2020-11-10T20:54:12.628+0800: 7.132: [Unloading, 0.0028175 secs], 0.0039636 secs]
 [Times: user=0.00 sys=0.00, real=0.00 secs] 
2020-11-10T20:54:12.631+0800: 7.135: [GC cleanup 11M->11M(128M), 0.0002721 secs]
 [Times: user=0.00 sys=0.00, real=0.00 secs] 
2020-11-10T20:54:14.240+0800: 8.745: [GC pause (G1 Evacuation Pause) (young), 0.0105841 secs]
   [Parallel Time: 5.1 ms, GC Workers: 4]
      [GC Worker Start (ms): Min: 8745.0, Avg: 8745.3, Max: 8745.9, Diff: 0.9]
      [Ext Root Scanning (ms): Min: 0.0, Avg: 0.6, Max: 1.4, Diff: 1.4, Sum: 2.3]
      [Update RS (ms): Min: 0.0, Avg: 0.1, Max: 0.2, Diff: 0.2, Sum: 0.4]
         [Processed Buffers: Min: 0, Avg: 1.5, Max: 3, Diff: 3, Sum: 6]
      [Scan RS (ms): Min: 0.0, Avg: 0.0, Max: 0.0, Diff: 0.0, Sum: 0.0]
      [Code Root Scanning (ms): Min: 0.0, Avg: 0.3, Max: 0.8, Diff: 0.8, Sum: 1.4]
      [Object Copy (ms): Min: 3.5, Avg: 3.7, Max: 4.2, Diff: 0.8, Sum: 14.8]
      [Termination (ms): Min: 0.0, Avg: 0.0, Max: 0.1, Diff: 0.1, Sum: 0.2]
         [Termination Attempts: Min: 1, Avg: 4.5, Max: 7, Diff: 6, Sum: 18]
      [GC Worker Other (ms): Min: 0.0, Avg: 0.0, Max: 0.0, Diff: 0.0, Sum: 0.0]
      [GC Worker Total (ms): Min: 4.1, Avg: 4.8, Max: 5.0, Diff: 0.9, Sum: 19.1]
      [GC Worker End (ms): Min: 8750.0, Avg: 8750.0, Max: 8750.1, Diff: 0.1]
   [Code Root Fixup: 0.2 ms]
   [Code Root Purge: 0.0 ms]
   [Clear CT: 0.8 ms]
   [Other: 4.5 ms]
      [Choose CSet: 0.0 ms]
      [Ref Proc: 4.1 ms]
      [Ref Enq: 0.1 ms]
      [Redirty Cards: 0.0 ms]
      [Humongous Register: 0.0 ms]
      [Humongous Reclaim: 0.0 ms]
      [Free CSet: 0.1 ms]
   [Eden: 69.0M(69.0M)->0.0B(68.0M) Survivors: 7168.0K->8192.0K Heap: 78.6M(128.0M)->10.6M(128.0M)]
 [Times: user=0.02 sys=0.00, real=0.01 secs] 
2020-11-10T20:54:16.907+0800: 11.411: [GC pause (G1 Evacuation Pause) (young), 0.0107309 secs]
   [Parallel Time: 7.3 ms, GC Workers: 4]
      [GC Worker Start (ms): Min: 11411.4, Avg: 11411.7, Max: 11412.6, Diff: 1.2]
      [Ext Root Scanning (ms): Min: 0.0, Avg: 0.7, Max: 1.6, Diff: 1.6, Sum: 3.0]
      [Update RS (ms): Min: 0.0, Avg: 0.1, Max: 0.2, Diff: 0.2, Sum: 0.4]
         [Processed Buffers: Min: 0, Avg: 2.0, Max: 5, Diff: 5, Sum: 8]
      [Scan RS (ms): Min: 0.0, Avg: 0.0, Max: 0.0, Diff: 0.0, Sum: 0.0]
      [Code Root Scanning (ms): Min: 0.0, Avg: 0.5, Max: 1.0, Diff: 1.0, Sum: 1.9]
      [Object Copy (ms): Min: 4.9, Avg: 5.3, Max: 5.6, Diff: 0.7, Sum: 21.2]
      [Termination (ms): Min: 0.0, Avg: 0.1, Max: 0.3, Diff: 0.3, Sum: 0.5]
         [Termination Attempts: Min: 1, Avg: 1.5, Max: 2, Diff: 1, Sum: 6]
      [GC Worker Other (ms): Min: 0.0, Avg: 0.0, Max: 0.0, Diff: 0.0, Sum: 0.1]
      [GC Worker Total (ms): Min: 5.8, Avg: 6.8, Max: 7.2, Diff: 1.4, Sum: 27.1]
      [GC Worker End (ms): Min: 11418.4, Avg: 11418.5, Max: 11418.6, Diff: 0.2]
   [Code Root Fixup: 0.6 ms]
   [Code Root Purge: 0.0 ms]
   [Clear CT: 0.1 ms]
   [Other: 2.8 ms]
      [Choose CSet: 0.0 ms]
      [Ref Proc: 2.6 ms]
      [Ref Enq: 0.0 ms]
      [Redirty Cards: 0.1 ms]
      [Humongous Register: 0.0 ms]
      [Humongous Reclaim: 0.0 ms]
      [Free CSet: 0.1 ms]
   [Eden: 68.0M(68.0M)->0.0B(67.0M) Survivors: 8192.0K->9216.0K Heap: 78.6M(128.0M)->11.6M(128.0M)]
 [Times: user=0.00 sys=0.00, real=0.01 secs] 
2020-11-10T20:54:17.336+0800: 11.840: [GC pause (G1 Evacuation Pause) (young), 0.0122043 secs]
   [Parallel Time: 9.1 ms, GC Workers: 4]
      [GC Worker Start (ms): Min: 11839.8, Avg: 11840.4, Max: 11841.3, Diff: 1.5]
      [Ext Root Scanning (ms): Min: 0.0, Avg: 0.6, Max: 1.5, Diff: 1.5, Sum: 2.4]
      [Update RS (ms): Min: 0.0, Avg: 0.1, Max: 0.2, Diff: 0.2, Sum: 0.4]
         [Processed Buffers: Min: 0, Avg: 1.8, Max: 6, Diff: 6, Sum: 7]
      [Scan RS (ms): Min: 0.0, Avg: 0.0, Max: 0.0, Diff: 0.0, Sum: 0.0]
      [Code Root Scanning (ms): Min: 0.0, Avg: 2.1, Max: 7.7, Diff: 7.7, Sum: 8.2]
      [Object Copy (ms): Min: 0.4, Avg: 5.6, Max: 7.4, Diff: 6.9, Sum: 22.4]
      [Termination (ms): Min: 0.0, Avg: 0.2, Max: 0.2, Diff: 0.2, Sum: 0.6]
         [Termination Attempts: Min: 1, Avg: 1.3, Max: 2, Diff: 1, Sum: 5]
      [GC Worker Other (ms): Min: 0.0, Avg: 0.0, Max: 0.0, Diff: 0.0, Sum: 0.0]
      [GC Worker Total (ms): Min: 7.6, Avg: 8.5, Max: 9.1, Diff: 1.5, Sum: 34.1]
      [GC Worker End (ms): Min: 11848.8, Avg: 11848.9, Max: 11848.9, Diff: 0.1]
   [Code Root Fixup: 0.2 ms]
   [Code Root Purge: 0.0 ms]
   [Clear CT: 0.1 ms]
   [Other: 2.8 ms]
      [Choose CSet: 0.0 ms]
      [Ref Proc: 2.5 ms]
      [Ref Enq: 0.0 ms]
      [Redirty Cards: 0.0 ms]
      [Humongous Register: 0.0 ms]
      [Humongous Reclaim: 0.0 ms]
      [Free CSet: 0.1 ms]
   [Eden: 67.0M(67.0M)->0.0B(66.0M) Survivors: 9216.0K->10.0M Heap: 78.6M(128.0M)->14.5M(128.0M)]
 [Times: user=0.05 sys=0.00, real=0.01 secs] 
2020-11-10T20:54:17.776+0800: 12.281: [GC pause (G1 Evacuation Pause) (young), 0.0107700 secs]
   [Parallel Time: 8.8 ms, GC Workers: 4]
      [GC Worker Start (ms): Min: 12280.7, Avg: 12280.8, Max: 12280.8, Diff: 0.0]
      [Ext Root Scanning (ms): Min: 0.3, Avg: 0.5, Max: 1.2, Diff: 0.9, Sum: 2.0]
      [Update RS (ms): Min: 1.7, Avg: 3.7, Max: 8.3, Diff: 6.6, Sum: 14.8]
         [Processed Buffers: Min: 1, Avg: 4.5, Max: 10, Diff: 9, Sum: 18]
      [Scan RS (ms): Min: 0.0, Avg: 0.0, Max: 0.0, Diff: 0.0, Sum: 0.1]
      [Code Root Scanning (ms): Min: 0.0, Avg: 0.1, Max: 0.2, Diff: 0.2, Sum: 0.5]
      [Object Copy (ms): Min: 0.1, Avg: 4.2, Max: 5.7, Diff: 5.6, Sum: 16.7]
      [Termination (ms): Min: 0.0, Avg: 0.2, Max: 0.2, Diff: 0.2, Sum: 0.7]
         [Termination Attempts: Min: 2, Avg: 2.5, Max: 3, Diff: 1, Sum: 10]
      [GC Worker Other (ms): Min: 0.0, Avg: 0.0, Max: 0.0, Diff: 0.0, Sum: 0.0]
      [GC Worker Total (ms): Min: 8.7, Avg: 8.7, Max: 8.7, Diff: 0.1, Sum: 34.8]
      [GC Worker End (ms): Min: 12289.5, Avg: 12289.5, Max: 12289.5, Diff: 0.0]
   [Code Root Fixup: 0.1 ms]
   [Code Root Purge: 0.0 ms]
   [Clear CT: 0.1 ms]
   [Other: 1.8 ms]
      [Choose CSet: 0.0 ms]
      [Ref Proc: 1.5 ms]
      [Ref Enq: 0.0 ms]
      [Redirty Cards: 0.1 ms]
      [Humongous Register: 0.0 ms]
      [Humongous Reclaim: 0.0 ms]
      [Free CSet: 0.1 ms]
   [Eden: 66.0M(66.0M)->0.0B(66.0M) Survivors: 10.0M->10.0M Heap: 80.5M(128.0M)->15.8M(128.0M)]
 [Times: user=0.06 sys=0.00, real=0.01 secs] 
2020-11-10T20:54:18.251+0800: 12.755: [GC pause (G1 Evacuation Pause) (young), 0.0094236 secs]
   [Parallel Time: 7.6 ms, GC Workers: 4]
      [GC Worker Start (ms): Min: 12754.7, Avg: 12755.1, Max: 12756.3, Diff: 1.6]
      [Ext Root Scanning (ms): Min: 0.0, Avg: 0.6, Max: 1.2, Diff: 1.2, Sum: 2.4]
      [Update RS (ms): Min: 0.0, Avg: 0.5, Max: 0.8, Diff: 0.8, Sum: 1.8]
         [Processed Buffers: Min: 0, Avg: 3.0, Max: 5, Diff: 5, Sum: 12]
      [Scan RS (ms): Min: 0.0, Avg: 0.0, Max: 0.0, Diff: 0.0, Sum: 0.0]
      [Code Root Scanning (ms): Min: 0.0, Avg: 1.2, Max: 4.3, Diff: 4.3, Sum: 4.6]
      [Object Copy (ms): Min: 1.5, Avg: 4.7, Max: 6.0, Diff: 4.5, Sum: 18.9]
      [Termination (ms): Min: 0.0, Avg: 0.1, Max: 0.2, Diff: 0.2, Sum: 0.4]
         [Termination Attempts: Min: 1, Avg: 1.0, Max: 1, Diff: 0, Sum: 4]
      [GC Worker Other (ms): Min: 0.0, Avg: 0.0, Max: 0.0, Diff: 0.0, Sum: 0.0]
      [GC Worker Total (ms): Min: 5.9, Avg: 7.1, Max: 7.5, Diff: 1.6, Sum: 28.3]
      [GC Worker End (ms): Min: 12762.1, Avg: 12762.1, Max: 12762.2, Diff: 0.1]
   [Code Root Fixup: 0.1 ms]
   [Code Root Purge: 0.0 ms]
   [Clear CT: 0.1 ms]
   [Other: 1.6 ms]
      [Choose CSet: 0.0 ms]
      [Ref Proc: 1.4 ms]
      [Ref Enq: 0.0 ms]
      [Redirty Cards: 0.0 ms]
      [Humongous Register: 0.0 ms]
      [Humongous Reclaim: 0.0 ms]
      [Free CSet: 0.1 ms]
   [Eden: 66.0M(66.0M)->0.0B(68.0M) Survivors: 10.0M->8192.0K Heap: 81.8M(128.0M)->15.2M(128.0M)]
 [Times: user=0.00 sys=0.00, real=0.01 secs] 
2020-11-10T20:54:18.813+0800: 13.317: [GC pause (G1 Evacuation Pause) (young), 0.0083118 secs]
   [Parallel Time: 6.0 ms, GC Workers: 4]
      [GC Worker Start (ms): Min: 13317.0, Avg: 13317.0, Max: 13317.1, Diff: 0.0]
      [Ext Root Scanning (ms): Min: 0.3, Avg: 0.6, Max: 1.3, Diff: 1.0, Sum: 2.5]
      [Update RS (ms): Min: 0.3, Avg: 0.8, Max: 1.0, Diff: 0.7, Sum: 3.1]
         [Processed Buffers: Min: 1, Avg: 4.0, Max: 8, Diff: 7, Sum: 16]
      [Scan RS (ms): Min: 0.0, Avg: 0.0, Max: 0.0, Diff: 0.0, Sum: 0.0]
      [Code Root Scanning (ms): Min: 0.0, Avg: 0.1, Max: 0.3, Diff: 0.3, Sum: 0.5]
      [Object Copy (ms): Min: 4.2, Avg: 4.2, Max: 4.4, Diff: 0.2, Sum: 16.9]
      [Termination (ms): Min: 0.0, Avg: 0.1, Max: 0.2, Diff: 0.2, Sum: 0.5]
         [Termination Attempts: Min: 1, Avg: 1.3, Max: 2, Diff: 1, Sum: 5]
      [GC Worker Other (ms): Min: 0.0, Avg: 0.0, Max: 0.0, Diff: 0.0, Sum: 0.0]
      [GC Worker Total (ms): Min: 5.8, Avg: 5.9, Max: 6.0, Diff: 0.2, Sum: 23.6]
      [GC Worker End (ms): Min: 13322.8, Avg: 13322.9, Max: 13323.0, Diff: 0.1]
   [Code Root Fixup: 0.2 ms]
   [Code Root Purge: 0.0 ms]
   [Clear CT: 0.1 ms]
   [Other: 2.0 ms]
      [Choose CSet: 0.0 ms]
      [Ref Proc: 1.9 ms]
      [Ref Enq: 0.0 ms]
      [Redirty Cards: 0.1 ms]
      [Humongous Register: 0.0 ms]
      [Humongous Reclaim: 0.0 ms]
      [Free CSet: 0.1 ms]
   [Eden: 68.0M(68.0M)->0.0B(67.0M) Survivors: 8192.0K->9216.0K Heap: 83.2M(128.0M)->17.7M(128.0M)]
 [Times: user=0.00 sys=0.00, real=0.01 secs] 
2020-11-10T20:54:20.936+0800: 15.440: [GC pause (G1 Evacuation Pause) (young), 0.0100724 secs]
   [Parallel Time: 8.2 ms, GC Workers: 4]
      [GC Worker Start (ms): Min: 15440.5, Avg: 15440.5, Max: 15440.5, Diff: 0.0]
      [Ext Root Scanning (ms): Min: 0.3, Avg: 1.3, Max: 3.2, Diff: 2.9, Sum: 5.0]
      [Update RS (ms): Min: 0.0, Avg: 1.1, Max: 2.2, Diff: 2.2, Sum: 4.2]
         [Processed Buffers: Min: 0, Avg: 4.3, Max: 9, Diff: 9, Sum: 17]
      [Scan RS (ms): Min: 0.0, Avg: 0.0, Max: 0.1, Diff: 0.1, Sum: 0.2]
      [Code Root Scanning (ms): Min: 0.0, Avg: 0.3, Max: 0.6, Diff: 0.6, Sum: 1.2]
      [Object Copy (ms): Min: 5.0, Avg: 5.5, Max: 5.8, Diff: 0.8, Sum: 22.1]
      [Termination (ms): Min: 0.0, Avg: 0.0, Max: 0.0, Diff: 0.0, Sum: 0.0]
         [Termination Attempts: Min: 1, Avg: 2.3, Max: 4, Diff: 3, Sum: 9]
      [GC Worker Other (ms): Min: 0.0, Avg: 0.0, Max: 0.0, Diff: 0.0, Sum: 0.1]
      [GC Worker Total (ms): Min: 8.2, Avg: 8.2, Max: 8.2, Diff: 0.0, Sum: 32.8]
      [GC Worker End (ms): Min: 15448.7, Avg: 15448.7, Max: 15448.7, Diff: 0.0]
   [Code Root Fixup: 0.1 ms]
   [Code Root Purge: 0.1 ms]
   [Clear CT: 0.0 ms]
   [Other: 1.6 ms]
      [Choose CSet: 0.0 ms]
      [Ref Proc: 1.4 ms]
      [Ref Enq: 0.0 ms]
      [Redirty Cards: 0.1 ms]
      [Humongous Register: 0.0 ms]
      [Humongous Reclaim: 0.0 ms]
      [Free CSet: 0.1 ms]
   [Eden: 67.0M(67.0M)->0.0B(67.0M) Survivors: 9216.0K->9216.0K Heap: 84.7M(128.0M)->19.7M(128.0M)]
 [Times: user=0.00 sys=0.00, real=0.01 secs] 
2020-11-10T20:54:20.965+0800: 15.469: [GC pause (Metadata GC Threshold) (young) (initial-mark), 0.0088186 secs]
   [Parallel Time: 7.8 ms, GC Workers: 4]
      [GC Worker Start (ms): Min: 15469.4, Avg: 15469.4, Max: 15469.4, Diff: 0.0]
      [Ext Root Scanning (ms): Min: 1.3, Avg: 1.4, Max: 1.5, Diff: 0.2, Sum: 5.6]
      [Update RS (ms): Min: 1.3, Avg: 1.6, Max: 2.4, Diff: 1.1, Sum: 6.4]
         [Processed Buffers: Min: 1, Avg: 3.8, Max: 7, Diff: 6, Sum: 15]
      [Scan RS (ms): Min: 0.0, Avg: 0.1, Max: 0.4, Diff: 0.4, Sum: 0.6]
      [Code Root Scanning (ms): Min: 0.0, Avg: 0.1, Max: 0.3, Diff: 0.3, Sum: 0.5]
      [Object Copy (ms): Min: 3.9, Avg: 4.4, Max: 4.8, Diff: 0.9, Sum: 17.6]
      [Termination (ms): Min: 0.0, Avg: 0.0, Max: 0.0, Diff: 0.0, Sum: 0.0]
         [Termination Attempts: Min: 1, Avg: 1.8, Max: 3, Diff: 2, Sum: 7]
      [GC Worker Other (ms): Min: 0.0, Avg: 0.0, Max: 0.0, Diff: 0.0, Sum: 0.0]
      [GC Worker Total (ms): Min: 7.6, Avg: 7.7, Max: 7.7, Diff: 0.0, Sum: 30.7]
      [GC Worker End (ms): Min: 15477.1, Avg: 15477.1, Max: 15477.1, Diff: 0.0]
   [Code Root Fixup: 0.1 ms]
   [Code Root Purge: 0.0 ms]
   [Clear CT: 0.1 ms]
   [Other: 0.8 ms]
      [Choose CSet: 0.0 ms]
      [Ref Proc: 0.6 ms]
      [Ref Enq: 0.0 ms]
      [Redirty Cards: 0.1 ms]
      [Humongous Register: 0.0 ms]
      [Humongous Reclaim: 0.0 ms]
      [Free CSet: 0.0 ms]
   [Eden: 3072.0K(67.0M)->0.0B(71.0M) Survivors: 9216.0K->5120.0K Heap: 22.2M(128.0M)->18.9M(128.0M)]
 [Times: user=0.05 sys=0.00, real=0.01 secs] 
2020-11-10T20:54:20.973+0800: 15.478: [GC concurrent-root-region-scan-start]
2020-11-10T20:54:20.981+0800: 15.486: [GC concurrent-root-region-scan-end, 0.0076438 secs]
2020-11-10T20:54:20.981+0800: 15.486: [GC concurrent-mark-start]
2020-11-10T20:54:21.003+0800: 15.507: [GC concurrent-mark-end, 0.0213920 secs]
2020-11-10T20:54:21.003+0800: 15.507: [GC remark 2020-11-10T20:54:21.003+0800: 15.508: [Finalize Marking, 0.0001588 secs] 2020-11-10T20:54:21.004+0800: 15.508: [GC ref-proc, 0.0014418 secs] 2020-11-10T20:54:21.005+0800: 15.509: [Unloading, 0.0057986 secs], 0.0076064 secs]
 [Times: user=0.00 sys=0.00, real=0.01 secs] 
2020-11-10T20:54:21.011+0800: 15.516: [GC cleanup 23M->23M(128M), 0.0002775 secs]
 [Times: user=0.00 sys=0.00, real=0.00 secs] 
2020-11-10T20:54:24.525+0800: 19.030: [GC pause (G1 Evacuation Pause) (young), 0.0107932 secs]
   [Parallel Time: 8.0 ms, GC Workers: 4]
      [GC Worker Start (ms): Min: 19029.5, Avg: 19029.6, Max: 19029.6, Diff: 0.0]
      [Ext Root Scanning (ms): Min: 1.0, Avg: 1.1, Max: 1.2, Diff: 0.3, Sum: 4.4]
      [Update RS (ms): Min: 1.0, Avg: 1.3, Max: 1.5, Diff: 0.5, Sum: 5.0]
         [Processed Buffers: Min: 3, Avg: 7.3, Max: 13, Diff: 10, Sum: 29]
      [Scan RS (ms): Min: 0.0, Avg: 0.2, Max: 0.4, Diff: 0.4, Sum: 0.8]
      [Code Root Scanning (ms): Min: 0.0, Avg: 0.4, Max: 1.3, Diff: 1.3, Sum: 1.4]
      [Object Copy (ms): Min: 4.3, Avg: 5.1, Max: 5.4, Diff: 1.1, Sum: 20.2]
      [Termination (ms): Min: 0.0, Avg: 0.0, Max: 0.0, Diff: 0.0, Sum: 0.0]
         [Termination Attempts: Min: 1, Avg: 1.0, Max: 1, Diff: 0, Sum: 4]
      [GC Worker Other (ms): Min: 0.0, Avg: 0.0, Max: 0.0, Diff: 0.0, Sum: 0.1]
      [GC Worker Total (ms): Min: 8.0, Avg: 8.0, Max: 8.0, Diff: 0.0, Sum: 32.0]
      [GC Worker End (ms): Min: 19037.6, Avg: 19037.6, Max: 19037.6, Diff: 0.0]
   [Code Root Fixup: 0.1 ms]
   [Code Root Purge: 0.0 ms]
   [Clear CT: 0.1 ms]
   [Other: 2.6 ms]
      [Choose CSet: 0.0 ms]
      [Ref Proc: 2.4 ms]
      [Ref Enq: 0.0 ms]
      [Redirty Cards: 0.1 ms]
      [Humongous Register: 0.0 ms]
      [Humongous Reclaim: 0.0 ms]
      [Free CSet: 0.0 ms]
   [Eden: 71.0M(71.0M)->0.0B(66.0M) Survivors: 5120.0K->10.0M Heap: 89.9M(128.0M)->24.9M(128.0M)]
 [Times: user=0.05 sys=0.00, real=0.01 secs] 
2020-11-10T20:54:26.627+0800: 21.131: [GC pause (G1 Evacuation Pause) (young), 0.0105910 secs]
   [Parallel Time: 8.2 ms, GC Workers: 4]
      [GC Worker Start (ms): Min: 21131.1, Avg: 21131.1, Max: 21131.2, Diff: 0.1]
      [Ext Root Scanning (ms): Min: 0.6, Avg: 1.2, Max: 2.0, Diff: 1.4, Sum: 4.8]
      [Update RS (ms): Min: 0.2, Avg: 1.0, Max: 1.3, Diff: 1.1, Sum: 3.8]
         [Processed Buffers: Min: 3, Avg: 5.5, Max: 9, Diff: 6, Sum: 22]
      [Scan RS (ms): Min: 0.0, Avg: 0.0, Max: 0.0, Diff: 0.0, Sum: 0.0]
      [Code Root Scanning (ms): Min: 0.0, Avg: 0.1, Max: 0.2, Diff: 0.2, Sum: 0.3]
      [Object Copy (ms): Min: 5.7, Avg: 5.8, Max: 6.0, Diff: 0.3, Sum: 23.4]
      [Termination (ms): Min: 0.0, Avg: 0.0, Max: 0.0, Diff: 0.0, Sum: 0.0]
         [Termination Attempts: Min: 1, Avg: 1.0, Max: 1, Diff: 0, Sum: 4]
      [GC Worker Other (ms): Min: 0.0, Avg: 0.0, Max: 0.0, Diff: 0.0, Sum: 0.1]
      [GC Worker Total (ms): Min: 8.0, Avg: 8.1, Max: 8.2, Diff: 0.1, Sum: 32.4]
      [GC Worker End (ms): Min: 21139.2, Avg: 21139.2, Max: 21139.2, Diff: 0.0]
   [Code Root Fixup: 0.1 ms]
   [Code Root Purge: 0.0 ms]
   [Clear CT: 0.4 ms]
   [Other: 1.8 ms]
      [Choose CSet: 0.0 ms]
      [Ref Proc: 1.3 ms]
      [Ref Enq: 0.0 ms]
      [Redirty Cards: 0.4 ms]
      [Humongous Register: 0.0 ms]
      [Humongous Reclaim: 0.0 ms]
      [Free CSet: 0.1 ms]
   [Eden: 66.0M(66.0M)->0.0B(66.0M) Survivors: 10.0M->10.0M Heap: 90.9M(128.0M)->26.7M(128.0M)]
 [Times: user=0.00 sys=0.02, real=0.01 secs] 
2020-11-10T20:54:33.355+0800: 27.859: [GC pause (G1 Evacuation Pause) (young), 0.0100460 secs]
   [Parallel Time: 8.9 ms, GC Workers: 4]
      [GC Worker Start (ms): Min: 27859.3, Avg: 27859.3, Max: 27859.4, Diff: 0.1]
      [Ext Root Scanning (ms): Min: 0.4, Avg: 0.6, Max: 1.2, Diff: 0.9, Sum: 2.5]
      [Update RS (ms): Min: 1.5, Avg: 2.2, Max: 3.4, Diff: 1.9, Sum: 8.9]
         [Processed Buffers: Min: 4, Avg: 7.3, Max: 13, Diff: 9, Sum: 29]
      [Scan RS (ms): Min: 0.0, Avg: 0.0, Max: 0.1, Diff: 0.1, Sum: 0.1]
      [Code Root Scanning (ms): Min: 0.0, Avg: 0.1, Max: 0.2, Diff: 0.2, Sum: 0.3]
      [Object Copy (ms): Min: 5.0, Avg: 5.9, Max: 6.2, Diff: 1.3, Sum: 23.4]
      [Termination (ms): Min: 0.0, Avg: 0.0, Max: 0.0, Diff: 0.0, Sum: 0.0]
         [Termination Attempts: Min: 1, Avg: 1.5, Max: 2, Diff: 1, Sum: 6]
      [GC Worker Other (ms): Min: 0.0, Avg: 0.0, Max: 0.0, Diff: 0.0, Sum: 0.1]
      [GC Worker Total (ms): Min: 8.8, Avg: 8.8, Max: 8.9, Diff: 0.1, Sum: 35.3]
      [GC Worker End (ms): Min: 27868.1, Avg: 27868.1, Max: 27868.1, Diff: 0.0]
   [Code Root Fixup: 0.1 ms]
   [Code Root Purge: 0.0 ms]
   [Clear CT: 0.1 ms]
   [Other: 0.9 ms]
      [Choose CSet: 0.0 ms]
      [Ref Proc: 0.7 ms]
      [Ref Enq: 0.0 ms]
      [Redirty Cards: 0.1 ms]
      [Humongous Register: 0.0 ms]
      [Humongous Reclaim: 0.0 ms]
      [Free CSet: 0.0 ms]
   [Eden: 66.0M(66.0M)->0.0B(68.0M) Survivors: 10.0M->8192.0K Heap: 92.7M(128.0M)->29.3M(128.0M)]
 [Times: user=0.05 sys=0.00, real=0.01 secs] 
2020-11-10T20:54:33.697+0800: 28.201: [GC pause (G1 Evacuation Pause) (young), 0.0092087 secs]
   [Parallel Time: 7.7 ms, GC Workers: 4]
      [GC Worker Start (ms): Min: 28201.4, Avg: 28201.4, Max: 28201.5, Diff: 0.0]
      [Ext Root Scanning (ms): Min: 0.7, Avg: 1.1, Max: 1.8, Diff: 1.1, Sum: 4.6]
      [Update RS (ms): Min: 1.0, Avg: 1.7, Max: 2.1, Diff: 1.1, Sum: 6.6]
         [Processed Buffers: Min: 4, Avg: 5.8, Max: 7, Diff: 3, Sum: 23]
      [Scan RS (ms): Min: 0.0, Avg: 0.2, Max: 0.4, Diff: 0.4, Sum: 0.9]
      [Code Root Scanning (ms): Min: 0.0, Avg: 0.1, Max: 0.2, Diff: 0.2, Sum: 0.3]
      [Object Copy (ms): Min: 4.3, Avg: 4.5, Max: 4.8, Diff: 0.4, Sum: 18.1]
      [Termination (ms): Min: 0.0, Avg: 0.0, Max: 0.0, Diff: 0.0, Sum: 0.0]
         [Termination Attempts: Min: 1, Avg: 1.0, Max: 1, Diff: 0, Sum: 4]
      [GC Worker Other (ms): Min: 0.0, Avg: 0.0, Max: 0.0, Diff: 0.0, Sum: 0.0]
      [GC Worker Total (ms): Min: 7.6, Avg: 7.6, Max: 7.6, Diff: 0.0, Sum: 30.5]
      [GC Worker End (ms): Min: 28209.1, Avg: 28209.1, Max: 28209.1, Diff: 0.0]
   [Code Root Fixup: 0.1 ms]
   [Code Root Purge: 0.0 ms]
   [Clear CT: 0.1 ms]
   [Other: 1.3 ms]
      [Choose CSet: 0.0 ms]
      [Ref Proc: 1.1 ms]
      [Ref Enq: 0.0 ms]
      [Redirty Cards: 0.1 ms]
      [Humongous Register: 0.0 ms]
      [Humongous Reclaim: 0.0 ms]
      [Free CSet: 0.0 ms]
   [Eden: 68.0M(68.0M)->0.0B(69.0M) Survivors: 8192.0K->7168.0K Heap: 97.3M(128.0M)->32.0M(128.0M)]
 [Times: user=0.06 sys=0.00, real=0.01 secs] 
2020-11-10T20:54:34.003+0800: 28.508: [GC pause (G1 Evacuation Pause) (young), 0.0099434 secs]
   [Parallel Time: 7.7 ms, GC Workers: 4]
      [GC Worker Start (ms): Min: 28507.9, Avg: 28507.9, Max: 28507.9, Diff: 0.0]
      [Ext Root Scanning (ms): Min: 0.5, Avg: 0.7, Max: 0.9, Diff: 0.5, Sum: 2.7]
      [Update RS (ms): Min: 1.7, Avg: 1.9, Max: 2.1, Diff: 0.4, Sum: 7.6]
         [Processed Buffers: Min: 5, Avg: 7.3, Max: 9, Diff: 4, Sum: 29]
      [Scan RS (ms): Min: 0.0, Avg: 0.0, Max: 0.0, Diff: 0.0, Sum: 0.0]
      [Code Root Scanning (ms): Min: 0.0, Avg: 0.1, Max: 0.2, Diff: 0.2, Sum: 0.3]
      [Object Copy (ms): Min: 4.9, Avg: 5.0, Max: 5.1, Diff: 0.2, Sum: 19.9]
      [Termination (ms): Min: 0.0, Avg: 0.0, Max: 0.0, Diff: 0.0, Sum: 0.0]
         [Termination Attempts: Min: 1, Avg: 10.3, Max: 15, Diff: 14, Sum: 41]
      [GC Worker Other (ms): Min: 0.0, Avg: 0.0, Max: 0.0, Diff: 0.0, Sum: 0.0]
      [GC Worker Total (ms): Min: 7.6, Avg: 7.6, Max: 7.6, Diff: 0.0, Sum: 30.5]
      [GC Worker End (ms): Min: 28515.6, Avg: 28515.6, Max: 28515.6, Diff: 0.0]
   [Code Root Fixup: 0.1 ms]
   [Code Root Purge: 0.0 ms]
   [Clear CT: 0.1 ms]
   [Other: 2.0 ms]
      [Choose CSet: 0.0 ms]
      [Ref Proc: 1.8 ms]
      [Ref Enq: 0.0 ms]
      [Redirty Cards: 0.1 ms]
      [Humongous Register: 0.0 ms]
      [Humongous Reclaim: 0.0 ms]
      [Free CSet: 0.0 ms]
   [Eden: 69.0M(69.0M)->0.0B(70.0M) Survivors: 7168.0K->6144.0K Heap: 101.5M(128.0M)->34.0M(128.0M)]
 [Times: user=0.02 sys=0.00, real=0.01 secs] 
2020-11-10T20:54:34.417+0800: 28.921: [GC pause (G1 Evacuation Pause) (young), 0.0092800 secs]
   [Parallel Time: 7.6 ms, GC Workers: 4]
      [GC Worker Start (ms): Min: 28920.8, Avg: 28920.8, Max: 28920.8, Diff: 0.0]
      [Ext Root Scanning (ms): Min: 0.5, Avg: 1.3, Max: 3.2, Diff: 2.7, Sum: 5.1]
      [Update RS (ms): Min: 0.4, Avg: 2.2, Max: 2.9, Diff: 2.5, Sum: 8.7]
         [Processed Buffers: Min: 2, Avg: 6.8, Max: 9, Diff: 7, Sum: 27]
      [Scan RS (ms): Min: 0.0, Avg: 0.1, Max: 0.2, Diff: 0.2, Sum: 0.3]
      [Code Root Scanning (ms): Min: 0.0, Avg: 0.1, Max: 0.2, Diff: 0.2, Sum: 0.3]
      [Object Copy (ms): Min: 3.8, Avg: 3.9, Max: 4.0, Diff: 0.3, Sum: 15.7]
      [Termination (ms): Min: 0.0, Avg: 0.0, Max: 0.0, Diff: 0.0, Sum: 0.0]
         [Termination Attempts: Min: 1, Avg: 1.8, Max: 4, Diff: 3, Sum: 7]
      [GC Worker Other (ms): Min: 0.0, Avg: 0.0, Max: 0.0, Diff: 0.0, Sum: 0.0]
      [GC Worker Total (ms): Min: 7.5, Avg: 7.6, Max: 7.6, Diff: 0.0, Sum: 30.2]
      [GC Worker End (ms): Min: 28928.4, Avg: 28928.4, Max: 28928.4, Diff: 0.0]
   [Code Root Fixup: 0.1 ms]
   [Code Root Purge: 0.0 ms]
   [Clear CT: 0.1 ms]
   [Other: 1.5 ms]
      [Choose CSet: 0.0 ms]
      [Ref Proc: 1.2 ms]
      [Ref Enq: 0.0 ms]
      [Redirty Cards: 0.1 ms]
      [Humongous Register: 0.0 ms]
      [Humongous Reclaim: 0.0 ms]
      [Free CSet: 0.1 ms]
   [Eden: 70.0M(70.0M)->0.0B(67.0M) Survivors: 6144.0K->9216.0K Heap: 104.0M(128.0M)->36.5M(128.0M)]
 [Times: user=0.01 sys=0.00, real=0.01 secs] 
2020-11-10T20:54:43.400+0800: 37.905: [GC pause (G1 Evacuation Pause) (young), 0.0097899 secs]
   [Parallel Time: 7.3 ms, GC Workers: 4]
      [GC Worker Start (ms): Min: 37904.6, Avg: 37904.6, Max: 37904.6, Diff: 0.0]
      [Ext Root Scanning (ms): Min: 0.6, Avg: 0.9, Max: 1.2, Diff: 0.6, Sum: 3.6]
      [Update RS (ms): Min: 0.7, Avg: 1.0, Max: 1.3, Diff: 0.6, Sum: 4.1]
         [Processed Buffers: Min: 2, Avg: 6.5, Max: 15, Diff: 13, Sum: 26]
      [Scan RS (ms): Min: 0.0, Avg: 0.0, Max: 0.0, Diff: 0.0, Sum: 0.0]
      [Code Root Scanning (ms): Min: 0.0, Avg: 0.1, Max: 0.2, Diff: 0.2, Sum: 0.3]
      [Object Copy (ms): Min: 4.9, Avg: 5.0, Max: 5.2, Diff: 0.3, Sum: 20.2]
      [Termination (ms): Min: 0.0, Avg: 0.1, Max: 0.1, Diff: 0.1, Sum: 0.4]
         [Termination Attempts: Min: 1, Avg: 1.0, Max: 1, Diff: 0, Sum: 4]
      [GC Worker Other (ms): Min: 0.0, Avg: 0.0, Max: 0.0, Diff: 0.0, Sum: 0.0]
      [GC Worker Total (ms): Min: 7.1, Avg: 7.2, Max: 7.2, Diff: 0.1, Sum: 28.7]
      [GC Worker End (ms): Min: 37911.7, Avg: 37911.8, Max: 37911.8, Diff: 0.1]
   [Code Root Fixup: 0.1 ms]
   [Code Root Purge: 0.0 ms]
   [Clear CT: 0.1 ms]
   [Other: 2.3 ms]
      [Choose CSet: 0.0 ms]
      [Ref Proc: 2.1 ms]
      [Ref Enq: 0.0 ms]
      [Redirty Cards: 0.1 ms]
      [Humongous Register: 0.0 ms]
      [Humongous Reclaim: 0.0 ms]
      [Free CSet: 0.0 ms]
   [Eden: 67.0M(67.0M)->0.0B(67.0M) Survivors: 9216.0K->9216.0K Heap: 103.5M(128.0M)->38.8M(128.0M)]
 [Times: user=0.05 sys=0.00, real=0.01 secs] 
2020-11-10T20:54:45.729+0800: 40.233: [GC pause (G1 Evacuation Pause) (young), 0.0093042 secs]
   [Parallel Time: 7.7 ms, GC Workers: 4]
      [GC Worker Start (ms): Min: 40233.3, Avg: 40233.4, Max: 40233.5, Diff: 0.2]
      [Ext Root Scanning (ms): Min: 0.6, Avg: 0.9, Max: 1.5, Diff: 0.9, Sum: 3.5]
      [Update RS (ms): Min: 1.5, Avg: 2.0, Max: 2.2, Diff: 0.7, Sum: 7.9]
         [Processed Buffers: Min: 5, Avg: 8.0, Max: 15, Diff: 10, Sum: 32]
      [Scan RS (ms): Min: 0.0, Avg: 0.0, Max: 0.0, Diff: 0.0, Sum: 0.0]
      [Code Root Scanning (ms): Min: 0.0, Avg: 0.1, Max: 0.3, Diff: 0.3, Sum: 0.4]
      [Object Copy (ms): Min: 4.3, Avg: 4.5, Max: 4.6, Diff: 0.3, Sum: 17.8]
      [Termination (ms): Min: 0.0, Avg: 0.0, Max: 0.0, Diff: 0.0, Sum: 0.0]
         [Termination Attempts: Min: 1, Avg: 3.8, Max: 6, Diff: 5, Sum: 15]
      [GC Worker Other (ms): Min: 0.0, Avg: 0.0, Max: 0.0, Diff: 0.0, Sum: 0.0]
      [GC Worker Total (ms): Min: 7.4, Avg: 7.4, Max: 7.6, Diff: 0.2, Sum: 29.7]
      [GC Worker End (ms): Min: 40240.9, Avg: 40240.9, Max: 40240.9, Diff: 0.0]
   [Code Root Fixup: 0.2 ms]
   [Code Root Purge: 0.0 ms]
   [Clear CT: 0.1 ms]
   [Other: 1.4 ms]
      [Choose CSet: 0.0 ms]
      [Ref Proc: 1.1 ms]
      [Ref Enq: 0.0 ms]
      [Redirty Cards: 0.1 ms]
      [Humongous Register: 0.0 ms]
      [Humongous Reclaim: 0.0 ms]
      [Free CSet: 0.1 ms]
   [Eden: 67.0M(67.0M)->0.0B(69.0M) Survivors: 9216.0K->7168.0K Heap: 105.8M(128.0M)->39.0M(128.0M)]
 [Times: user=0.05 sys=0.00, real=0.01 secs] 
2020-11-10T20:54:57.013+0800: 51.517: [GC pause (G1 Evacuation Pause) (young), 0.0245857 secs]
   [Parallel Time: 21.4 ms, GC Workers: 4]
      [GC Worker Start (ms): Min: 51517.1, Avg: 51524.2, Max: 51537.4, Diff: 20.4]
      [Ext Root Scanning (ms): Min: 0.0, Avg: 0.9, Max: 1.8, Diff: 1.8, Sum: 3.6]
      [Update RS (ms): Min: 0.0, Avg: 3.5, Max: 7.6, Diff: 7.6, Sum: 13.9]
         [Processed Buffers: Min: 0, Avg: 10.3, Max: 30, Diff: 30, Sum: 41]
      [Scan RS (ms): Min: 0.0, Avg: 0.0, Max: 0.0, Diff: 0.0, Sum: 0.1]
      [Code Root Scanning (ms): Min: 0.0, Avg: 0.2, Max: 0.4, Diff: 0.4, Sum: 0.7]
      [Object Copy (ms): Min: 0.0, Avg: 8.6, Max: 11.9, Diff: 11.9, Sum: 34.5]
      [Termination (ms): Min: 0.0, Avg: 0.5, Max: 1.0, Diff: 1.0, Sum: 2.0]
         [Termination Attempts: Min: 1, Avg: 1.0, Max: 1, Diff: 0, Sum: 4]
      [GC Worker Other (ms): Min: 0.0, Avg: 0.0, Max: 0.0, Diff: 0.0, Sum: 0.0]
      [GC Worker Total (ms): Min: 0.0, Avg: 13.7, Max: 21.3, Diff: 21.3, Sum: 54.8]
      [GC Worker End (ms): Min: 51537.5, Avg: 51538.0, Max: 51538.4, Diff: 0.9]
   [Code Root Fixup: 0.2 ms]
   [Code Root Purge: 0.0 ms]
   [Clear CT: 0.1 ms]
   [Other: 2.9 ms]
      [Choose CSet: 0.0 ms]
      [Ref Proc: 2.6 ms]
      [Ref Enq: 0.0 ms]
      [Redirty Cards: 0.1 ms]
      [Humongous Register: 0.0 ms]
      [Humongous Reclaim: 0.0 ms]
      [Free CSet: 0.1 ms]
   [Eden: 69.0M(69.0M)->0.0B(63.0M) Survivors: 7168.0K->9216.0K Heap: 108.0M(128.0M)->42.2M(128.0M)]
 [Times: user=0.00 sys=0.00, real=0.03 secs] 
2020-11-10T20:55:12.829+0800: 67.333: [GC pause (G1 Evacuation Pause) (young), 0.0124616 secs]
   [Parallel Time: 10.5 ms, GC Workers: 4]
      [GC Worker Start (ms): Min: 67333.7, Avg: 67333.7, Max: 67333.7, Diff: 0.0]
      [Ext Root Scanning (ms): Min: 0.6, Avg: 1.3, Max: 2.8, Diff: 2.2, Sum: 5.1]
      [Update RS (ms): Min: 1.4, Avg: 2.4, Max: 3.0, Diff: 1.6, Sum: 9.5]
         [Processed Buffers: Min: 4, Avg: 7.5, Max: 15, Diff: 11, Sum: 30]
      [Scan RS (ms): Min: 0.0, Avg: 0.0, Max: 0.0, Diff: 0.0, Sum: 0.0]
      [Code Root Scanning (ms): Min: 0.0, Avg: 0.1, Max: 0.4, Diff: 0.4, Sum: 0.5]
      [Object Copy (ms): Min: 6.3, Avg: 6.7, Max: 7.1, Diff: 0.9, Sum: 26.8]
      [Termination (ms): Min: 0.0, Avg: 0.0, Max: 0.0, Diff: 0.0, Sum: 0.0]
         [Termination Attempts: Min: 1, Avg: 1.3, Max: 2, Diff: 1, Sum: 5]
      [GC Worker Other (ms): Min: 0.0, Avg: 0.0, Max: 0.0, Diff: 0.0, Sum: 0.1]
      [GC Worker Total (ms): Min: 10.5, Avg: 10.5, Max: 10.5, Diff: 0.0, Sum: 42.0]
      [GC Worker End (ms): Min: 67344.2, Avg: 67344.2, Max: 67344.2, Diff: 0.0]
   [Code Root Fixup: 0.2 ms]
   [Code Root Purge: 0.0 ms]
   [Clear CT: 0.1 ms]
   [Other: 1.7 ms]
      [Choose CSet: 0.0 ms]
      [Ref Proc: 1.3 ms]
      [Ref Enq: 0.0 ms]
      [Redirty Cards: 0.0 ms]
      [Humongous Register: 0.0 ms]
      [Humongous Reclaim: 0.0 ms]
      [Free CSet: 0.1 ms]
   [Eden: 63.0M(63.0M)->0.0B(63.0M) Survivors: 9216.0K->7168.0K Heap: 105.2M(128.0M)->44.2M(128.0M)]
 [Times: user=0.02 sys=0.00, real=0.01 secs] 
2020-11-10T20:55:14.720+0800: 69.225: [GC pause (G1 Evacuation Pause) (young), 0.0102238 secs]
   [Parallel Time: 8.8 ms, GC Workers: 4]
      [GC Worker Start (ms): Min: 69224.7, Avg: 69224.8, Max: 69224.8, Diff: 0.1]
      [Ext Root Scanning (ms): Min: 0.5, Avg: 0.7, Max: 1.3, Diff: 0.8, Sum: 2.8]
      [Update RS (ms): Min: 2.3, Avg: 2.8, Max: 3.1, Diff: 0.8, Sum: 11.3]
         [Processed Buffers: Min: 6, Avg: 9.5, Max: 17, Diff: 11, Sum: 38]
      [Scan RS (ms): Min: 0.0, Avg: 0.0, Max: 0.0, Diff: 0.0, Sum: 0.0]
      [Code Root Scanning (ms): Min: 0.0, Avg: 0.1, Max: 0.4, Diff: 0.4, Sum: 0.6]
      [Object Copy (ms): Min: 4.2, Avg: 4.5, Max: 4.7, Diff: 0.5, Sum: 17.9]
      [Termination (ms): Min: 0.0, Avg: 0.3, Max: 0.5, Diff: 0.5, Sum: 1.2]
         [Termination Attempts: Min: 1, Avg: 1.0, Max: 1, Diff: 0, Sum: 4]
      [GC Worker Other (ms): Min: 0.0, Avg: 0.0, Max: 0.0, Diff: 0.0, Sum: 0.1]
      [GC Worker Total (ms): Min: 8.3, Avg: 8.5, Max: 8.6, Diff: 0.4, Sum: 33.9]
      [GC Worker End (ms): Min: 69233.0, Avg: 69233.3, Max: 69233.5, Diff: 0.4]
   [Code Root Fixup: 0.1 ms]
   [Code Root Purge: 0.0 ms]
   [Clear CT: 0.1 ms]
   [Other: 1.2 ms]
      [Choose CSet: 0.0 ms]
      [Ref Proc: 1.0 ms]
      [Ref Enq: 0.0 ms]
      [Redirty Cards: 0.0 ms]
      [Humongous Register: 0.0 ms]
      [Humongous Reclaim: 0.0 ms]
      [Free CSet: 0.1 ms]
   [Eden: 63.0M(63.0M)->0.0B(59.0M) Survivors: 7168.0K->8192.0K Heap: 107.2M(128.0M)->47.5M(128.0M)]
 [Times: user=0.03 sys=0.00, real=0.01 secs] 
2020-11-10T20:55:15.171+0800: 69.675: [GC pause (G1 Evacuation Pause) (young), 0.0106912 secs]
   [Parallel Time: 9.2 ms, GC Workers: 4]
      [GC Worker Start (ms): Min: 69675.0, Avg: 69675.0, Max: 69675.0, Diff: 0.1]
      [Ext Root Scanning (ms): Min: 0.8, Avg: 1.0, Max: 1.3, Diff: 0.4, Sum: 3.9]
      [Update RS (ms): Min: 2.2, Avg: 2.3, Max: 2.6, Diff: 0.4, Sum: 9.4]
         [Processed Buffers: Min: 5, Avg: 6.8, Max: 12, Diff: 7, Sum: 27]
      [Scan RS (ms): Min: 0.0, Avg: 0.0, Max: 0.0, Diff: 0.0, Sum: 0.0]
      [Code Root Scanning (ms): Min: 0.0, Avg: 0.1, Max: 0.2, Diff: 0.2, Sum: 0.2]
      [Object Copy (ms): Min: 5.6, Avg: 5.8, Max: 6.0, Diff: 0.4, Sum: 23.1]
      [Termination (ms): Min: 0.0, Avg: 0.0, Max: 0.0, Diff: 0.0, Sum: 0.0]
         [Termination Attempts: Min: 1, Avg: 1.0, Max: 1, Diff: 0, Sum: 4]
      [GC Worker Other (ms): Min: 0.0, Avg: 0.0, Max: 0.0, Diff: 0.0, Sum: 0.1]
      [GC Worker Total (ms): Min: 9.1, Avg: 9.2, Max: 9.2, Diff: 0.1, Sum: 36.6]
      [GC Worker End (ms): Min: 69684.2, Avg: 69684.2, Max: 69684.2, Diff: 0.0]
   [Code Root Fixup: 0.1 ms]
   [Code Root Purge: 0.0 ms]
   [Clear CT: 0.1 ms]
   [Other: 1.3 ms]
      [Choose CSet: 0.0 ms]
      [Ref Proc: 1.0 ms]
      [Ref Enq: 0.0 ms]
      [Redirty Cards: 0.1 ms]
      [Humongous Register: 0.0 ms]
      [Humongous Reclaim: 0.0 ms]
      [Free CSet: 0.0 ms]
   [Eden: 59.0M(59.0M)->0.0B(58.0M) Survivors: 8192.0K->7168.0K Heap: 106.5M(128.0M)->49.0M(128.0M)]
 [Times: user=0.00 sys=0.00, real=0.01 secs] 
2020-11-10T20:55:18.001+0800: 72.505: [GC pause (G1 Evacuation Pause) (young), 0.0080581 secs]
   [Parallel Time: 6.5 ms, GC Workers: 4]
      [GC Worker Start (ms): Min: 72505.6, Avg: 72505.6, Max: 72505.6, Diff: 0.0]
      [Ext Root Scanning (ms): Min: 0.5, Avg: 0.7, Max: 1.4, Diff: 0.9, Sum: 3.0]
      [Update RS (ms): Min: 1.6, Avg: 2.2, Max: 2.5, Diff: 0.9, Sum: 8.7]
         [Processed Buffers: Min: 4, Avg: 9.3, Max: 21, Diff: 17, Sum: 37]
      [Scan RS (ms): Min: 0.0, Avg: 0.0, Max: 0.0, Diff: 0.0, Sum: 0.0]
      [Code Root Scanning (ms): Min: 0.0, Avg: 0.0, Max: 0.1, Diff: 0.1, Sum: 0.1]
      [Object Copy (ms): Min: 3.3, Avg: 3.4, Max: 3.5, Diff: 0.1, Sum: 13.5]
      [Termination (ms): Min: 0.0, Avg: 0.0, Max: 0.1, Diff: 0.1, Sum: 0.2]
         [Termination Attempts: Min: 1, Avg: 1.0, Max: 1, Diff: 0, Sum: 4]
      [GC Worker Other (ms): Min: 0.0, Avg: 0.0, Max: 0.0, Diff: 0.0, Sum: 0.0]
      [GC Worker Total (ms): Min: 6.4, Avg: 6.4, Max: 6.4, Diff: 0.0, Sum: 25.6]
      [GC Worker End (ms): Min: 72511.9, Avg: 72512.0, Max: 72512.0, Diff: 0.0]
   [Code Root Fixup: 0.1 ms]
   [Code Root Purge: 0.0 ms]
   [Clear CT: 0.1 ms]
   [Other: 1.4 ms]
      [Choose CSet: 0.0 ms]
      [Ref Proc: 1.2 ms]
      [Ref Enq: 0.0 ms]
      [Redirty Cards: 0.1 ms]
      [Humongous Register: 0.0 ms]
      [Humongous Reclaim: 0.0 ms]
      [Free CSet: 0.0 ms]
   [Eden: 58.0M(58.0M)->0.0B(58.0M) Survivors: 7168.0K->7168.0K Heap: 107.0M(128.0M)->49.5M(128.0M)]
 [Times: user=0.00 sys=0.00, real=0.01 secs] 
2020-11-10T20:55:20.364+0800: 74.868: [GC pause (Metadata GC Threshold) (young) (initial-mark), 0.0105099 secs]
   [Parallel Time: 9.0 ms, GC Workers: 4]
      [GC Worker Start (ms): Min: 74868.7, Avg: 74868.7, Max: 74868.7, Diff: 0.1]
      [Ext Root Scanning (ms): Min: 1.8, Avg: 1.9, Max: 2.0, Diff: 0.2, Sum: 7.5]
      [Update RS (ms): Min: 1.6, Avg: 2.1, Max: 3.0, Diff: 1.4, Sum: 8.3]
         [Processed Buffers: Min: 1, Avg: 6.0, Max: 12, Diff: 11, Sum: 24]
      [Scan RS (ms): Min: 0.0, Avg: 0.0, Max: 0.0, Diff: 0.0, Sum: 0.0]
      [Code Root Scanning (ms): Min: 0.0, Avg: 0.0, Max: 0.1, Diff: 0.1, Sum: 0.1]
      [Object Copy (ms): Min: 3.8, Avg: 4.7, Max: 5.2, Diff: 1.3, Sum: 19.0]
      [Termination (ms): Min: 0.0, Avg: 0.1, Max: 0.1, Diff: 0.1, Sum: 0.2]
         [Termination Attempts: Min: 1, Avg: 3.0, Max: 4, Diff: 3, Sum: 12]
      [GC Worker Other (ms): Min: 0.0, Avg: 0.0, Max: 0.0, Diff: 0.0, Sum: 0.0]
      [GC Worker Total (ms): Min: 8.7, Avg: 8.8, Max: 8.9, Diff: 0.1, Sum: 35.2]
      [GC Worker End (ms): Min: 74877.5, Avg: 74877.5, Max: 74877.5, Diff: 0.1]
   [Code Root Fixup: 0.1 ms]
   [Code Root Purge: 0.0 ms]
   [Clear CT: 0.3 ms]
   [Other: 1.2 ms]
      [Choose CSet: 0.0 ms]
      [Ref Proc: 0.8 ms]
      [Ref Enq: 0.0 ms]
      [Redirty Cards: 0.1 ms]
      [Humongous Register: 0.0 ms]
      [Humongous Reclaim: 0.0 ms]
      [Free CSet: 0.0 ms]
   [Eden: 13.0M(58.0M)->0.0B(58.0M) Survivors: 7168.0K->6144.0K Heap: 62.5M(128.0M)->49.8M(128.0M)]
 [Times: user=0.05 sys=0.00, real=0.01 secs] 
2020-11-10T20:55:20.375+0800: 74.879: [GC concurrent-root-region-scan-start]
2020-11-10T20:55:20.385+0800: 74.889: [GC concurrent-root-region-scan-end, 0.0101706 secs]
2020-11-10T20:55:20.385+0800: 74.889: [GC concurrent-mark-start]
2020-11-10T20:55:20.454+0800: 74.959: [GC concurrent-mark-end, 0.0692451 secs]
2020-11-10T20:55:20.455+0800: 74.959: [GC remark 2020-11-10T20:55:20.455+0800: 74.959: [Finalize Marking, 0.0002481 secs] 2020-11-10T20:55:20.455+0800: 74.959: [GC ref-proc, 0.0027707 secs] 2020-11-10T20:55:20.457+0800: 74.962: [Unloading, 0.0121290 secs], 0.0154095 secs]
 [Times: user=0.05 sys=0.00, real=0.01 secs] 
2020-11-10T20:55:20.470+0800: 74.975: [GC cleanup 53M->52M(128M), 0.0004917 secs]
 [Times: user=0.00 sys=0.00, real=0.00 secs] 
2020-11-10T20:55:20.470+0800: 74.975: [GC concurrent-cleanup-start]
2020-11-10T20:55:20.470+0800: 74.975: [GC concurrent-cleanup-end, 0.0000100 secs]
2020-11-10T20:55:22.385+0800: 76.889: [GC pause (G1 Evacuation Pause) (young), 0.0103814 secs]
   [Parallel Time: 8.7 ms, GC Workers: 4]
      [GC Worker Start (ms): Min: 76889.0, Avg: 76889.0, Max: 76889.0, Diff: 0.0]
      [Ext Root Scanning (ms): Min: 0.5, Avg: 0.8, Max: 1.5, Diff: 1.0, Sum: 3.2]
      [Update RS (ms): Min: 2.7, Avg: 3.1, Max: 3.5, Diff: 0.8, Sum: 12.4]
         [Processed Buffers: Min: 2, Avg: 7.0, Max: 16, Diff: 14, Sum: 28]
      [Scan RS (ms): Min: 0.0, Avg: 0.0, Max: 0.0, Diff: 0.0, Sum: 0.0]
      [Code Root Scanning (ms): Min: 0.0, Avg: 0.1, Max: 0.3, Diff: 0.3, Sum: 0.4]
      [Object Copy (ms): Min: 4.4, Avg: 4.6, Max: 4.8, Diff: 0.3, Sum: 18.4]
      [Termination (ms): Min: 0.0, Avg: 0.0, Max: 0.0, Diff: 0.0, Sum: 0.0]
         [Termination Attempts: Min: 1, Avg: 70.3, Max: 97, Diff: 96, Sum: 281]
      [GC Worker Other (ms): Min: 0.0, Avg: 0.0, Max: 0.0, Diff: 0.0, Sum: 0.1]
      [GC Worker Total (ms): Min: 8.7, Avg: 8.7, Max: 8.7, Diff: 0.0, Sum: 34.7]
      [GC Worker End (ms): Min: 76897.7, Avg: 76897.7, Max: 76897.7, Diff: 0.0]
   [Code Root Fixup: 0.1 ms]
   [Code Root Purge: 0.0 ms]
   [Clear CT: 0.1 ms]
   [Other: 1.5 ms]
      [Choose CSet: 0.0 ms]
      [Ref Proc: 1.3 ms]
      [Ref Enq: 0.0 ms]
      [Redirty Cards: 0.1 ms]
      [Humongous Register: 0.0 ms]
      [Humongous Reclaim: 0.0 ms]
      [Free CSet: 0.0 ms]
   [Eden: 58.0M(58.0M)->0.0B(1024.0K) Survivors: 6144.0K->8192.0K Heap: 106.8M(128.0M)->50.8M(128.0M)]
 [Times: user=0.03 sys=0.01, real=0.01 secs] 
2020-11-10T20:55:22.401+0800: 76.905: [GC pause (G1 Evacuation Pause) (mixed), 0.0151932 secs]
   [Parallel Time: 13.9 ms, GC Workers: 4]
      [GC Worker Start (ms): Min: 76905.1, Avg: 76905.1, Max: 76905.1, Diff: 0.0]
      [Ext Root Scanning (ms): Min: 0.5, Avg: 0.8, Max: 1.4, Diff: 0.8, Sum: 3.1]
      [Update RS (ms): Min: 0.6, Avg: 1.1, Max: 1.5, Diff: 0.9, Sum: 4.5]
         [Processed Buffers: Min: 2, Avg: 4.5, Max: 9, Diff: 7, Sum: 18]
      [Scan RS (ms): Min: 1.4, Avg: 1.7, Max: 1.8, Diff: 0.4, Sum: 6.7]
      [Code Root Scanning (ms): Min: 0.0, Avg: 0.1, Max: 0.3, Diff: 0.2, Sum: 0.5]
      [Object Copy (ms): Min: 9.7, Avg: 9.8, Max: 10.0, Diff: 0.3, Sum: 39.3]
      [Termination (ms): Min: 0.0, Avg: 0.2, Max: 0.3, Diff: 0.3, Sum: 0.8]
         [Termination Attempts: Min: 1, Avg: 6.8, Max: 13, Diff: 12, Sum: 27]
      [GC Worker Other (ms): Min: 0.0, Avg: 0.0, Max: 0.0, Diff: 0.0, Sum: 0.0]
      [GC Worker Total (ms): Min: 13.5, Avg: 13.7, Max: 13.8, Diff: 0.3, Sum: 54.9]
      [GC Worker End (ms): Min: 76918.7, Avg: 76918.8, Max: 76918.9, Diff: 0.2]
   [Code Root Fixup: 0.1 ms]
   [Code Root Purge: 0.0 ms]
   [Clear CT: 0.1 ms]
   [Other: 1.1 ms]
      [Choose CSet: 0.0 ms]
      [Ref Proc: 0.8 ms]
      [Ref Enq: 0.0 ms]
      [Redirty Cards: 0.1 ms]
      [Humongous Register: 0.0 ms]
      [Humongous Reclaim: 0.0 ms]
      [Free CSet: 0.1 ms]
   [Eden: 1024.0K(1024.0K)->0.0B(4096.0K) Survivors: 8192.0K->2048.0K Heap: 51.8M(128.0M)->43.2M(128.0M)]
 [Times: user=0.05 sys=0.00, real=0.01 secs] 
2020-11-10T20:55:22.445+0800: 76.949: [GC pause (G1 Evacuation Pause) (mixed), 0.0065295 secs]
   [Parallel Time: 5.7 ms, GC Workers: 4]
      [GC Worker Start (ms): Min: 76948.8, Avg: 76948.9, Max: 76948.9, Diff: 0.0]
      [Ext Root Scanning (ms): Min: 0.5, Avg: 0.9, Max: 2.1, Diff: 1.6, Sum: 3.7]
      [Update RS (ms): Min: 2.6, Avg: 3.6, Max: 4.0, Diff: 1.5, Sum: 14.3]
         [Processed Buffers: Min: 4, Avg: 9.0, Max: 13, Diff: 9, Sum: 36]
      [Scan RS (ms): Min: 0.5, Avg: 0.6, Max: 0.7, Diff: 0.3, Sum: 2.2]
      [Code Root Scanning (ms): Min: 0.0, Avg: 0.1, Max: 0.3, Diff: 0.3, Sum: 0.3]
      [Object Copy (ms): Min: 0.3, Avg: 0.5, Max: 0.5, Diff: 0.2, Sum: 1.8]
      [Termination (ms): Min: 0.0, Avg: 0.0, Max: 0.1, Diff: 0.1, Sum: 0.2]
         [Termination Attempts: Min: 1, Avg: 1.0, Max: 1, Diff: 0, Sum: 4]
      [GC Worker Other (ms): Min: 0.0, Avg: 0.0, Max: 0.0, Diff: 0.0, Sum: 0.0]
      [GC Worker Total (ms): Min: 5.6, Avg: 5.6, Max: 5.7, Diff: 0.1, Sum: 22.6]
      [GC Worker End (ms): Min: 76954.5, Avg: 76954.5, Max: 76954.5, Diff: 0.0]
   [Code Root Fixup: 0.0 ms]
   [Code Root Purge: 0.0 ms]
   [Clear CT: 0.1 ms]
   [Other: 0.7 ms]
      [Choose CSet: 0.0 ms]
      [Ref Proc: 0.6 ms]
      [Ref Enq: 0.0 ms]
      [Redirty Cards: 0.1 ms]
      [Humongous Register: 0.0 ms]
      [Humongous Reclaim: 0.0 ms]
      [Free CSet: 0.0 ms]
   [Eden: 4096.0K(4096.0K)->0.0B(69.0M) Survivors: 2048.0K->1024.0K Heap: 47.2M(128.0M)->44.0M(128.0M)]
 [Times: user=0.05 sys=0.00, real=0.01 secs] 
2020-11-10T20:55:23.305+0800: 77.809: [GC pause (G1 Evacuation Pause) (young), 0.0059968 secs]
   [Parallel Time: 4.7 ms, GC Workers: 4]
      [GC Worker Start (ms): Min: 77809.4, Avg: 77809.5, Max: 77809.5, Diff: 0.1]
      [Ext Root Scanning (ms): Min: 0.6, Avg: 0.7, Max: 1.0, Diff: 0.5, Sum: 2.9]
      [Update RS (ms): Min: 1.7, Avg: 2.4, Max: 3.8, Diff: 2.1, Sum: 9.4]
         [Processed Buffers: Min: 3, Avg: 7.0, Max: 9, Diff: 6, Sum: 28]
      [Scan RS (ms): Min: 0.0, Avg: 0.0, Max: 0.0, Diff: 0.0, Sum: 0.0]
      [Code Root Scanning (ms): Min: 0.0, Avg: 0.0, Max: 0.0, Diff: 0.0, Sum: 0.0]
      [Object Copy (ms): Min: 0.2, Avg: 1.5, Max: 2.0, Diff: 1.8, Sum: 6.0]
      [Termination (ms): Min: 0.0, Avg: 0.0, Max: 0.0, Diff: 0.0, Sum: 0.0]
         [Termination Attempts: Min: 1, Avg: 1.0, Max: 1, Diff: 0, Sum: 4]
      [GC Worker Other (ms): Min: 0.0, Avg: 0.0, Max: 0.0, Diff: 0.0, Sum: 0.0]
      [GC Worker Total (ms): Min: 4.5, Avg: 4.6, Max: 4.6, Diff: 0.1, Sum: 18.4]
      [GC Worker End (ms): Min: 77814.1, Avg: 77814.1, Max: 77814.1, Diff: 0.0]
   [Code Root Fixup: 0.0 ms]
   [Code Root Purge: 0.0 ms]
   [Clear CT: 0.1 ms]
   [Other: 1.1 ms]
      [Choose CSet: 0.0 ms]
      [Ref Proc: 0.8 ms]
      [Ref Enq: 0.0 ms]
      [Redirty Cards: 0.2 ms]
      [Humongous Register: 0.0 ms]
      [Humongous Reclaim: 0.0 ms]
      [Free CSet: 0.0 ms]
   [Eden: 69.0M(69.0M)->0.0B(66.0M) Survivors: 1024.0K->3072.0K Heap: 113.0M(128.0M)->45.2M(128.0M)]
 [Times: user=0.00 sys=0.00, real=0.01 secs] 
2020-11-10T20:55:23.673+0800: 78.177: [GC pause (G1 Evacuation Pause) (young), 0.0069007 secs]
   [Parallel Time: 5.0 ms, GC Workers: 4]
      [GC Worker Start (ms): Min: 78177.4, Avg: 78177.5, Max: 78177.5, Diff: 0.1]
      [Ext Root Scanning (ms): Min: 0.7, Avg: 0.8, Max: 1.1, Diff: 0.4, Sum: 3.3]
      [Update RS (ms): Min: 1.1, Avg: 1.5, Max: 2.0, Diff: 1.0, Sum: 5.9]
         [Processed Buffers: Min: 2, Avg: 4.3, Max: 6, Diff: 4, Sum: 17]
      [Scan RS (ms): Min: 0.0, Avg: 0.0, Max: 0.0, Diff: 0.0, Sum: 0.0]
      [Code Root Scanning (ms): Min: 0.0, Avg: 0.0, Max: 0.0, Diff: 0.0, Sum: 0.0]
      [Object Copy (ms): Min: 2.0, Avg: 2.5, Max: 2.8, Diff: 0.9, Sum: 10.1]
      [Termination (ms): Min: 0.0, Avg: 0.1, Max: 0.2, Diff: 0.2, Sum: 0.3]
         [Termination Attempts: Min: 1, Avg: 1.0, Max: 1, Diff: 0, Sum: 4]
      [GC Worker Other (ms): Min: 0.0, Avg: 0.0, Max: 0.1, Diff: 0.1, Sum: 0.1]
      [GC Worker Total (ms): Min: 4.8, Avg: 4.9, Max: 5.0, Diff: 0.2, Sum: 19.7]
      [GC Worker End (ms): Min: 78182.4, Avg: 78182.4, Max: 78182.5, Diff: 0.1]
   [Code Root Fixup: 0.1 ms]
   [Code Root Purge: 0.0 ms]
   [Clear CT: 0.1 ms]
   [Other: 1.7 ms]
      [Choose CSet: 0.0 ms]
      [Ref Proc: 1.2 ms]
      [Ref Enq: 0.0 ms]
      [Redirty Cards: 0.3 ms]
      [Humongous Register: 0.0 ms]
      [Humongous Reclaim: 0.0 ms]
      [Free CSet: 0.0 ms]
   [Eden: 66.0M(66.0M)->0.0B(60.0M) Survivors: 3072.0K->6144.0K Heap: 111.2M(128.0M)->48.7M(128.0M)]
 [Times: user=0.00 sys=0.00, real=0.01 secs] 
2020-11-10T20:55:25.811+0800: 80.315: [GC pause (G1 Evacuation Pause) (young), 0.0090619 secs]
   [Parallel Time: 7.5 ms, GC Workers: 4]
      [GC Worker Start (ms): Min: 80315.1, Avg: 80315.1, Max: 80315.2, Diff: 0.1]
      [Ext Root Scanning (ms): Min: 1.1, Avg: 1.1, Max: 1.2, Diff: 0.2, Sum: 4.5]
      [Update RS (ms): Min: 1.5, Avg: 1.7, Max: 1.9, Diff: 0.4, Sum: 6.7]
         [Processed Buffers: Min: 2, Avg: 8.3, Max: 19, Diff: 17, Sum: 33]
      [Scan RS (ms): Min: 0.0, Avg: 0.0, Max: 0.0, Diff: 0.0, Sum: 0.0]
      [Code Root Scanning (ms): Min: 0.0, Avg: 0.0, Max: 0.0, Diff: 0.0, Sum: 0.0]
      [Object Copy (ms): Min: 4.3, Avg: 4.4, Max: 4.5, Diff: 0.2, Sum: 17.5]
      [Termination (ms): Min: 0.0, Avg: 0.1, Max: 0.2, Diff: 0.2, Sum: 0.3]
         [Termination Attempts: Min: 1, Avg: 1.0, Max: 1, Diff: 0, Sum: 4]
      [GC Worker Other (ms): Min: 0.0, Avg: 0.0, Max: 0.0, Diff: 0.0, Sum: 0.1]
      [GC Worker Total (ms): Min: 7.2, Avg: 7.3, Max: 7.4, Diff: 0.1, Sum: 29.2]
      [GC Worker End (ms): Min: 80322.4, Avg: 80322.4, Max: 80322.5, Diff: 0.1]
   [Code Root Fixup: 0.0 ms]
   [Code Root Purge: 0.0 ms]
   [Clear CT: 0.2 ms]
   [Other: 1.4 ms]
      [Choose CSet: 0.0 ms]
      [Ref Proc: 1.2 ms]
      [Ref Enq: 0.0 ms]
      [Redirty Cards: 0.1 ms]
      [Humongous Register: 0.0 ms]
      [Humongous Reclaim: 0.0 ms]
      [Free CSet: 0.0 ms]
   [Eden: 60.0M(60.0M)->0.0B(60.0M) Survivors: 6144.0K->6144.0K Heap: 108.7M(128.0M)->49.0M(128.0M)]
 [Times: user=0.00 sys=0.00, real=0.01 secs] 
2020-11-10T20:55:39.450+0800: 93.954: [GC pause (G1 Evacuation Pause) (young), 0.0098440 secs]
   [Parallel Time: 7.1 ms, GC Workers: 4]
      [GC Worker Start (ms): Min: 93954.5, Avg: 93954.6, Max: 93954.7, Diff: 0.1]
      [Ext Root Scanning (ms): Min: 0.7, Avg: 0.9, Max: 1.4, Diff: 0.7, Sum: 3.5]
      [Update RS (ms): Min: 1.3, Avg: 1.5, Max: 1.6, Diff: 0.3, Sum: 6.0]
         [Processed Buffers: Min: 3, Avg: 8.0, Max: 19, Diff: 16, Sum: 32]
      [Scan RS (ms): Min: 0.0, Avg: 0.0, Max: 0.0, Diff: 0.0, Sum: 0.0]
      [Code Root Scanning (ms): Min: 0.0, Avg: 0.0, Max: 0.1, Diff: 0.1, Sum: 0.1]
      [Object Copy (ms): Min: 4.2, Avg: 4.4, Max: 4.5, Diff: 0.3, Sum: 17.7]
      [Termination (ms): Min: 0.0, Avg: 0.1, Max: 0.1, Diff: 0.1, Sum: 0.4]
         [Termination Attempts: Min: 1, Avg: 1.0, Max: 1, Diff: 0, Sum: 4]
      [GC Worker Other (ms): Min: 0.0, Avg: 0.0, Max: 0.0, Diff: 0.0, Sum: 0.0]
      [GC Worker Total (ms): Min: 6.8, Avg: 6.9, Max: 7.0, Diff: 0.2, Sum: 27.7]
      [GC Worker End (ms): Min: 93961.5, Avg: 93961.5, Max: 93961.6, Diff: 0.1]
   [Code Root Fixup: 0.1 ms]
   [Code Root Purge: 0.0 ms]
   [Clear CT: 0.4 ms]
   [Other: 2.3 ms]
      [Choose CSet: 0.0 ms]
      [Ref Proc: 1.8 ms]
      [Ref Enq: 0.0 ms]
      [Redirty Cards: 0.4 ms]
      [Humongous Register: 0.0 ms]
      [Humongous Reclaim: 0.0 ms]
      [Free CSet: 0.0 ms]
   [Eden: 60.0M(60.0M)->0.0B(53.0M) Survivors: 6144.0K->9216.0K Heap: 109.0M(128.0M)->52.7M(128.0M)]
 [Times: user=0.00 sys=0.00, real=0.01 secs] 
2020-11-10T20:55:41.662+0800: 96.166: [GC pause (G1 Evacuation Pause) (young), 0.0119725 secs]
   [Parallel Time: 10.0 ms, GC Workers: 4]
      [GC Worker Start (ms): Min: 96165.7, Avg: 96165.7, Max: 96165.8, Diff: 0.1]
      [Ext Root Scanning (ms): Min: 0.6, Avg: 0.8, Max: 1.4, Diff: 0.8, Sum: 3.2]
      [Update RS (ms): Min: 1.3, Avg: 1.7, Max: 2.0, Diff: 0.7, Sum: 6.8]
         [Processed Buffers: Min: 4, Avg: 6.3, Max: 10, Diff: 6, Sum: 25]
      [Scan RS (ms): Min: 0.0, Avg: 0.0, Max: 0.0, Diff: 0.0, Sum: 0.0]
      [Code Root Scanning (ms): Min: 0.0, Avg: 0.1, Max: 0.2, Diff: 0.2, Sum: 0.2]
      [Object Copy (ms): Min: 7.1, Avg: 7.2, Max: 7.4, Diff: 0.3, Sum: 29.0]
      [Termination (ms): Min: 0.0, Avg: 0.0, Max: 0.0, Diff: 0.0, Sum: 0.0]
         [Termination Attempts: Min: 1, Avg: 4.5, Max: 7, Diff: 6, Sum: 18]
      [GC Worker Other (ms): Min: 0.0, Avg: 0.0, Max: 0.0, Diff: 0.0, Sum: 0.1]
      [GC Worker Total (ms): Min: 9.8, Avg: 9.8, Max: 9.9, Diff: 0.1, Sum: 39.3]
      [GC Worker End (ms): Min: 96175.6, Avg: 96175.6, Max: 96175.6, Diff: 0.0]
   [Code Root Fixup: 0.1 ms]
   [Code Root Purge: 0.0 ms]
   [Clear CT: 0.1 ms]
   [Other: 1.8 ms]
      [Choose CSet: 0.0 ms]
      [Ref Proc: 1.3 ms]
      [Ref Enq: 0.0 ms]
      [Redirty Cards: 0.2 ms]
      [Humongous Register: 0.0 ms]
      [Humongous Reclaim: 0.0 ms]
      [Free CSet: 0.2 ms]
   [Eden: 53.0M(53.0M)->0.0B(52.0M) Survivors: 9216.0K->8192.0K Heap: 105.7M(128.0M)->53.8M(128.0M)]
 [Times: user=0.05 sys=0.00, real=0.01 secs] 
2020-11-10T20:55:42.621+0800: 97.125: [GC pause (G1 Evacuation Pause) (young), 0.0137298 secs]
   [Parallel Time: 12.0 ms, GC Workers: 4]
      [GC Worker Start (ms): Min: 97124.5, Avg: 97124.6, Max: 97124.6, Diff: 0.1]
      [Ext Root Scanning (ms): Min: 0.6, Avg: 0.9, Max: 1.5, Diff: 0.9, Sum: 3.6]
      [Update RS (ms): Min: 3.6, Avg: 4.1, Max: 4.8, Diff: 1.2, Sum: 16.3]
         [Processed Buffers: Min: 9, Avg: 10.8, Max: 14, Diff: 5, Sum: 43]
      [Scan RS (ms): Min: 0.0, Avg: 0.0, Max: 0.0, Diff: 0.0, Sum: 0.0]
      [Code Root Scanning (ms): Min: 0.0, Avg: 0.0, Max: 0.1, Diff: 0.1, Sum: 0.2]
      [Object Copy (ms): Min: 6.3, Avg: 6.7, Max: 6.9, Diff: 0.6, Sum: 26.7]
      [Termination (ms): Min: 0.0, Avg: 0.1, Max: 0.2, Diff: 0.2, Sum: 0.5]
         [Termination Attempts: Min: 1, Avg: 1.0, Max: 1, Diff: 0, Sum: 4]
      [GC Worker Other (ms): Min: 0.0, Avg: 0.0, Max: 0.0, Diff: 0.0, Sum: 0.0]
      [GC Worker Total (ms): Min: 11.8, Avg: 11.8, Max: 11.9, Diff: 0.1, Sum: 47.3]
      [GC Worker End (ms): Min: 97136.3, Avg: 97136.4, Max: 97136.5, Diff: 0.2]
   [Code Root Fixup: 0.1 ms]
   [Code Root Purge: 0.0 ms]
   [Clear CT: 0.1 ms]
   [Other: 1.6 ms]
      [Choose CSet: 0.0 ms]
      [Ref Proc: 1.1 ms]
      [Ref Enq: 0.0 ms]
      [Redirty Cards: 0.4 ms]
      [Humongous Register: 0.0 ms]
      [Humongous Reclaim: 0.0 ms]
      [Free CSet: 0.0 ms]
   [Eden: 52.0M(52.0M)->0.0B(49.0M) Survivors: 8192.0K->7168.0K Heap: 105.8M(128.0M)->58.0M(128.0M)]
 [Times: user=0.05 sys=0.00, real=0.01 secs] 
2020-11-10T20:55:45.438+0800: 99.942: [GC pause (G1 Evacuation Pause) (young), 0.0117723 secs]
   [Parallel Time: 9.8 ms, GC Workers: 4]
      [GC Worker Start (ms): Min: 99942.1, Avg: 99942.5, Max: 99943.5, Diff: 1.4]
      [Ext Root Scanning (ms): Min: 0.0, Avg: 0.9, Max: 1.6, Diff: 1.6, Sum: 3.6]
      [Update RS (ms): Min: 3.5, Avg: 3.7, Max: 4.0, Diff: 0.5, Sum: 15.0]
         [Processed Buffers: Min: 10, Avg: 14.5, Max: 19, Diff: 9, Sum: 58]
      [Scan RS (ms): Min: 0.0, Avg: 0.0, Max: 0.0, Diff: 0.0, Sum: 0.0]
      [Code Root Scanning (ms): Min: 0.0, Avg: 0.0, Max: 0.0, Diff: 0.0, Sum: 0.0]
      [Object Copy (ms): Min: 4.4, Avg: 4.5, Max: 4.7, Diff: 0.3, Sum: 18.2]
      [Termination (ms): Min: 0.0, Avg: 0.1, Max: 0.2, Diff: 0.2, Sum: 0.4]
         [Termination Attempts: Min: 1, Avg: 19.0, Max: 33, Diff: 32, Sum: 76]
      [GC Worker Other (ms): Min: 0.0, Avg: 0.0, Max: 0.0, Diff: 0.0, Sum: 0.1]
      [GC Worker Total (ms): Min: 8.3, Avg: 9.3, Max: 9.7, Diff: 1.4, Sum: 37.3]
      [GC Worker End (ms): Min: 99951.7, Avg: 99951.8, Max: 99951.8, Diff: 0.1]
   [Code Root Fixup: 0.0 ms]
   [Code Root Purge: 0.0 ms]
   [Clear CT: 0.2 ms]
   [Other: 1.8 ms]
      [Choose CSet: 0.0 ms]
      [Ref Proc: 1.2 ms]
      [Ref Enq: 0.0 ms]
      [Redirty Cards: 0.5 ms]
      [Humongous Register: 0.0 ms]
      [Humongous Reclaim: 0.0 ms]
      [Free CSet: 0.0 ms]
   [Eden: 49.0M(49.0M)->0.0B(50.0M) Survivors: 7168.0K->5120.0K Heap: 107.0M(128.0M)->59.0M(128.0M)]
 [Times: user=0.00 sys=0.00, real=0.01 secs] 
2020-11-10T20:55:51.117+0800: 105.621: [GC pause (G1 Evacuation Pause) (young), 0.0104921 secs]
   [Parallel Time: 8.4 ms, GC Workers: 4]
      [GC Worker Start (ms): Min: 105620.7, Avg: 105620.7, Max: 105620.8, Diff: 0.1]
      [Ext Root Scanning (ms): Min: 0.6, Avg: 0.8, Max: 1.3, Diff: 0.7, Sum: 3.4]
      [Update RS (ms): Min: 3.6, Avg: 3.9, Max: 4.1, Diff: 0.5, Sum: 15.8]
         [Processed Buffers: Min: 5, Avg: 15.0, Max: 25, Diff: 20, Sum: 60]
      [Scan RS (ms): Min: 0.0, Avg: 0.0, Max: 0.0, Diff: 0.0, Sum: 0.0]
      [Code Root Scanning (ms): Min: 0.0, Avg: 0.0, Max: 0.2, Diff: 0.2, Sum: 0.2]
      [Object Copy (ms): Min: 3.3, Avg: 3.4, Max: 3.5, Diff: 0.2, Sum: 13.4]
      [Termination (ms): Min: 0.0, Avg: 0.0, Max: 0.0, Diff: 0.0, Sum: 0.0]
         [Termination Attempts: Min: 1, Avg: 5.5, Max: 11, Diff: 10, Sum: 22]
      [GC Worker Other (ms): Min: 0.0, Avg: 0.0, Max: 0.0, Diff: 0.0, Sum: 0.1]
      [GC Worker Total (ms): Min: 8.1, Avg: 8.2, Max: 8.3, Diff: 0.1, Sum: 32.8]
      [GC Worker End (ms): Min: 105628.9, Avg: 105628.9, Max: 105628.9, Diff: 0.0]
   [Code Root Fixup: 0.1 ms]
   [Code Root Purge: 0.0 ms]
   [Clear CT: 0.1 ms]
   [Other: 2.0 ms]
      [Choose CSet: 0.0 ms]
      [Ref Proc: 1.8 ms]
      [Ref Enq: 0.1 ms]
      [Redirty Cards: 0.0 ms]
      [Humongous Register: 0.0 ms]
      [Humongous Reclaim: 0.0 ms]
      [Free CSet: 0.0 ms]
   [Eden: 50.0M(50.0M)->0.0B(46.0M) Survivors: 5120.0K->7168.0K Heap: 109.0M(128.0M)->61.5M(128.0M)]
 [Times: user=0.06 sys=0.00, real=0.01 secs] 
2020-11-10T20:56:03.751+0800: 118.255: [GC pause (G1 Evacuation Pause) (young), 0.0079339 secs]
   [Parallel Time: 6.2 ms, GC Workers: 4]
      [GC Worker Start (ms): Min: 118254.7, Avg: 118254.8, Max: 118254.8, Diff: 0.1]
      [Ext Root Scanning (ms): Min: 1.0, Avg: 1.2, Max: 1.7, Diff: 0.7, Sum: 4.7]
      [Update RS (ms): Min: 1.7, Avg: 2.0, Max: 2.1, Diff: 0.4, Sum: 8.0]
         [Processed Buffers: Min: 4, Avg: 14.8, Max: 27, Diff: 23, Sum: 59]
      [Scan RS (ms): Min: 0.0, Avg: 0.0, Max: 0.0, Diff: 0.0, Sum: 0.0]
      [Code Root Scanning (ms): Min: 0.0, Avg: 0.1, Max: 0.1, Diff: 0.1, Sum: 0.3]
      [Object Copy (ms): Min: 2.7, Avg: 2.8, Max: 2.9, Diff: 0.2, Sum: 11.3]
      [Termination (ms): Min: 0.0, Avg: 0.0, Max: 0.0, Diff: 0.0, Sum: 0.0]
         [Termination Attempts: Min: 1, Avg: 1.3, Max: 2, Diff: 1, Sum: 5]
      [GC Worker Other (ms): Min: 0.0, Avg: 0.0, Max: 0.0, Diff: 0.0, Sum: 0.0]
      [GC Worker Total (ms): Min: 6.0, Avg: 6.1, Max: 6.2, Diff: 0.1, Sum: 24.4]
      [GC Worker End (ms): Min: 118260.9, Avg: 118260.9, Max: 118260.9, Diff: 0.0]
   [Code Root Fixup: 0.1 ms]
   [Code Root Purge: 0.0 ms]
   [Clear CT: 0.1 ms]
   [Other: 1.6 ms]
      [Choose CSet: 0.0 ms]
      [Ref Proc: 1.1 ms]
      [Ref Enq: 0.0 ms]
      [Redirty Cards: 0.3 ms]
      [Humongous Register: 0.0 ms]
      [Humongous Reclaim: 0.0 ms]
      [Free CSet: 0.0 ms]
   [Eden: 46.0M(46.0M)->0.0B(47.0M) Survivors: 7168.0K->6144.0K Heap: 107.5M(128.0M)->61.4M(128.0M)]
 [Times: user=0.00 sys=0.00, real=0.01 secs] 
2020-11-10T20:56:48.032+0800: 162.537: [GC pause (G1 Evacuation Pause) (young), 0.0079061 secs]
   [Parallel Time: 6.2 ms, GC Workers: 4]
      [GC Worker Start (ms): Min: 162536.7, Avg: 162536.8, Max: 162536.8, Diff: 0.1]
      [Ext Root Scanning (ms): Min: 0.6, Avg: 0.9, Max: 1.7, Diff: 1.1, Sum: 3.8]
      [Update RS (ms): Min: 2.0, Avg: 2.7, Max: 3.0, Diff: 1.0, Sum: 10.9]
         [Processed Buffers: Min: 7, Avg: 16.5, Max: 27, Diff: 20, Sum: 66]
      [Scan RS (ms): Min: 0.0, Avg: 0.0, Max: 0.0, Diff: 0.0, Sum: 0.0]
      [Code Root Scanning (ms): Min: 0.0, Avg: 0.1, Max: 0.2, Diff: 0.2, Sum: 0.3]
      [Object Copy (ms): Min: 2.1, Avg: 2.2, Max: 2.3, Diff: 0.2, Sum: 8.9]
      [Termination (ms): Min: 0.0, Avg: 0.1, Max: 0.1, Diff: 0.1, Sum: 0.3]
         [Termination Attempts: Min: 1, Avg: 2.3, Max: 4, Diff: 3, Sum: 9]
      [GC Worker Other (ms): Min: 0.0, Avg: 0.0, Max: 0.0, Diff: 0.0, Sum: 0.1]
      [GC Worker Total (ms): Min: 6.0, Avg: 6.1, Max: 6.1, Diff: 0.1, Sum: 24.3]
      [GC Worker End (ms): Min: 162542.8, Avg: 162542.9, Max: 162542.9, Diff: 0.1]
   [Code Root Fixup: 0.1 ms]
   [Code Root Purge: 0.0 ms]
   [Clear CT: 0.1 ms]
   [Other: 1.6 ms]
      [Choose CSet: 0.0 ms]
      [Ref Proc: 1.2 ms]
      [Ref Enq: 0.0 ms]
      [Redirty Cards: 0.1 ms]
      [Humongous Register: 0.0 ms]
      [Humongous Reclaim: 0.0 ms]
      [Free CSet: 0.0 ms]
   [Eden: 47.0M(47.0M)->0.0B(49.0M) Survivors: 6144.0K->4096.0K Heap: 108.4M(128.0M)->61.3M(128.0M)]
 [Times: user=0.00 sys=0.00, real=0.01 secs] 
2020-11-10T20:57:37.034+0800: 211.539: [GC pause (G1 Evacuation Pause) (young) (initial-mark), 0.0089968 secs]
   [Parallel Time: 7.2 ms, GC Workers: 4]
      [GC Worker Start (ms): Min: 211538.9, Avg: 211539.0, Max: 211539.0, Diff: 0.1]
      [Ext Root Scanning (ms): Min: 1.4, Avg: 1.5, Max: 1.6, Diff: 0.2, Sum: 6.1]
      [Update RS (ms): Min: 3.6, Avg: 3.7, Max: 3.9, Diff: 0.2, Sum: 14.8]
         [Processed Buffers: Min: 2, Avg: 14.8, Max: 23, Diff: 21, Sum: 59]
      [Scan RS (ms): Min: 0.0, Avg: 0.0, Max: 0.0, Diff: 0.0, Sum: 0.0]
      [Code Root Scanning (ms): Min: 0.0, Avg: 0.2, Max: 0.7, Diff: 0.7, Sum: 0.9]
      [Object Copy (ms): Min: 1.1, Avg: 1.4, Max: 1.6, Diff: 0.5, Sum: 5.8]
      [Termination (ms): Min: 0.0, Avg: 0.0, Max: 0.0, Diff: 0.0, Sum: 0.0]
         [Termination Attempts: Min: 1, Avg: 1.0, Max: 1, Diff: 0, Sum: 4]
      [GC Worker Other (ms): Min: 0.0, Avg: 0.0, Max: 0.0, Diff: 0.0, Sum: 0.0]
      [GC Worker Total (ms): Min: 6.9, Avg: 6.9, Max: 7.0, Diff: 0.1, Sum: 27.7]
      [GC Worker End (ms): Min: 211545.9, Avg: 211545.9, Max: 211545.9, Diff: 0.0]
   [Code Root Fixup: 0.1 ms]
   [Code Root Purge: 0.0 ms]
   [Clear CT: 0.3 ms]
   [Other: 1.4 ms]
      [Choose CSet: 0.0 ms]
      [Ref Proc: 0.9 ms]
      [Ref Enq: 0.0 ms]
      [Redirty Cards: 0.3 ms]
      [Humongous Register: 0.0 ms]
      [Humongous Reclaim: 0.0 ms]
      [Free CSet: 0.1 ms]
   [Eden: 49.0M(49.0M)->0.0B(49.0M) Survivors: 4096.0K->4096.0K Heap: 110.3M(128.0M)->61.8M(128.0M)]
 [Times: user=0.00 sys=0.00, real=0.01 secs] 
2020-11-10T20:57:37.044+0800: 211.548: [GC concurrent-root-region-scan-start]
2020-11-10T20:57:37.050+0800: 211.554: [GC concurrent-root-region-scan-end, 0.0064243 secs]
2020-11-10T20:57:37.050+0800: 211.554: [GC concurrent-mark-start]
2020-11-10T20:57:37.125+0800: 211.629: [GC concurrent-mark-end, 0.0750226 secs]
2020-11-10T20:57:37.126+0800: 211.630: [GC remark 2020-11-10T20:57:37.126+0800: 211.630: [Finalize Marking, 0.0002123 secs] 2020-11-10T20:57:37.126+0800: 211.630: [GC ref-proc, 0.0047489 secs] 2020-11-10T20:57:37.131+0800: 211.635: [Unloading, 0.0131343 secs], 0.0184570 secs]
 [Times: user=0.05 sys=0.00, real=0.02 secs] 
2020-11-10T20:57:37.144+0800: 211.649: [GC cleanup 61M->61M(128M), 0.0007009 secs]
 [Times: user=0.00 sys=0.00, real=0.00 secs] 
2020-11-10T20:58:28.549+0800: 263.053: [GC pause (G1 Evacuation Pause) (young), 0.0082446 secs]
   [Parallel Time: 6.1 ms, GC Workers: 4]
      [GC Worker Start (ms): Min: 263053.2, Avg: 263053.4, Max: 263053.7, Diff: 0.5]
      [Ext Root Scanning (ms): Min: 0.7, Avg: 1.8, Max: 4.0, Diff: 3.3, Sum: 7.3]
      [Update RS (ms): Min: 0.0, Avg: 1.9, Max: 2.7, Diff: 2.7, Sum: 7.6]
         [Processed Buffers: Min: 0, Avg: 15.0, Max: 39, Diff: 39, Sum: 60]
      [Scan RS (ms): Min: 0.0, Avg: 0.0, Max: 0.0, Diff: 0.0, Sum: 0.0]
      [Code Root Scanning (ms): Min: 0.0, Avg: 0.6, Max: 2.0, Diff: 2.0, Sum: 2.3]
      [Object Copy (ms): Min: 0.0, Avg: 1.4, Max: 1.9, Diff: 1.9, Sum: 5.6]
      [Termination (ms): Min: 0.0, Avg: 0.1, Max: 0.2, Diff: 0.2, Sum: 0.5]
         [Termination Attempts: Min: 1, Avg: 2.0, Max: 4, Diff: 3, Sum: 8]
      [GC Worker Other (ms): Min: 0.0, Avg: 0.0, Max: 0.0, Diff: 0.0, Sum: 0.0]
      [GC Worker Total (ms): Min: 5.5, Avg: 5.8, Max: 6.1, Diff: 0.6, Sum: 23.3]
      [GC Worker End (ms): Min: 263059.1, Avg: 263059.2, Max: 263059.2, Diff: 0.1]
   [Code Root Fixup: 0.1 ms]
   [Code Root Purge: 0.0 ms]
   [Clear CT: 0.3 ms]
   [Other: 1.7 ms]
      [Choose CSet: 0.0 ms]
      [Ref Proc: 1.0 ms]
      [Ref Enq: 0.0 ms]
      [Redirty Cards: 0.5 ms]
      [Humongous Register: 0.0 ms]
      [Humongous Reclaim: 0.0 ms]
      [Free CSet: 0.1 ms]
   [Eden: 49.0M(49.0M)->0.0B(1024.0K) Survivors: 4096.0K->5120.0K Heap: 110.8M(128.0M)->62.3M(128.0M)]
 [Times: user=0.00 sys=0.00, real=0.01 secs] 
2020-11-10T20:58:29.031+0800: 263.535: [GC pause (G1 Evacuation Pause) (mixed), 0.0098802 secs]
   [Parallel Time: 8.1 ms, GC Workers: 4]
      [GC Worker Start (ms): Min: 263535.2, Avg: 263535.2, Max: 263535.3, Diff: 0.1]
      [Ext Root Scanning (ms): Min: 0.6, Avg: 0.8, Max: 1.5, Diff: 0.9, Sum: 3.3]
      [Update RS (ms): Min: 0.3, Avg: 0.8, Max: 0.9, Diff: 0.7, Sum: 3.0]
         [Processed Buffers: Min: 1, Avg: 4.8, Max: 12, Diff: 11, Sum: 19]
      [Scan RS (ms): Min: 1.2, Avg: 1.4, Max: 1.6, Diff: 0.5, Sum: 5.7]
      [Code Root Scanning (ms): Min: 0.0, Avg: 0.1, Max: 0.3, Diff: 0.3, Sum: 0.4]
      [Object Copy (ms): Min: 4.7, Avg: 4.8, Max: 4.8, Diff: 0.1, Sum: 19.1]
      [Termination (ms): Min: 0.0, Avg: 0.1, Max: 0.1, Diff: 0.1, Sum: 0.2]
         [Termination Attempts: Min: 1, Avg: 1.0, Max: 1, Diff: 0, Sum: 4]
      [GC Worker Other (ms): Min: 0.0, Avg: 0.0, Max: 0.0, Diff: 0.0, Sum: 0.0]
      [GC Worker Total (ms): Min: 7.9, Avg: 7.9, Max: 8.0, Diff: 0.1, Sum: 31.8]
      [GC Worker End (ms): Min: 263543.1, Avg: 263543.2, Max: 263543.3, Diff: 0.1]
   [Code Root Fixup: 0.2 ms]
   [Code Root Purge: 0.0 ms]
   [Clear CT: 0.3 ms]
   [Other: 1.3 ms]
      [Choose CSet: 0.1 ms]
      [Ref Proc: 0.9 ms]
      [Ref Enq: 0.0 ms]
      [Redirty Cards: 0.1 ms]
      [Humongous Register: 0.0 ms]
      [Humongous Reclaim: 0.0 ms]
      [Free CSet: 0.1 ms]
   [Eden: 1024.0K(1024.0K)->0.0B(5120.0K) Survivors: 5120.0K->1024.0K Heap: 63.3M(128.0M)->53.2M(128.0M)]
 [Times: user=0.00 sys=0.00, real=0.01 secs] 
2020-11-10T20:58:33.261+0800: 267.765: [GC pause (G1 Evacuation Pause) (mixed), 0.0146869 secs]
   [Parallel Time: 12.6 ms, GC Workers: 4]
      [GC Worker Start (ms): Min: 267765.6, Avg: 267765.6, Max: 267765.7, Diff: 0.1]
      [Ext Root Scanning (ms): Min: 0.6, Avg: 0.9, Max: 1.6, Diff: 1.0, Sum: 3.5]
      [Update RS (ms): Min: 4.4, Avg: 5.3, Max: 6.8, Diff: 2.5, Sum: 21.2]
         [Processed Buffers: Min: 14, Avg: 19.3, Max: 27, Diff: 13, Sum: 77]
      [Scan RS (ms): Min: 0.7, Avg: 1.9, Max: 2.4, Diff: 1.8, Sum: 7.4]
      [Code Root Scanning (ms): Min: 0.0, Avg: 0.2, Max: 0.4, Diff: 0.4, Sum: 0.9]
      [Object Copy (ms): Min: 4.0, Avg: 4.1, Max: 4.2, Diff: 0.2, Sum: 16.5]
      [Termination (ms): Min: 0.0, Avg: 0.0, Max: 0.0, Diff: 0.0, Sum: 0.0]
         [Termination Attempts: Min: 1, Avg: 2.8, Max: 6, Diff: 5, Sum: 11]
      [GC Worker Other (ms): Min: 0.0, Avg: 0.0, Max: 0.0, Diff: 0.0, Sum: 0.1]
      [GC Worker Total (ms): Min: 12.3, Avg: 12.4, Max: 12.5, Diff: 0.1, Sum: 49.6]
      [GC Worker End (ms): Min: 267778.0, Avg: 267778.0, Max: 267778.0, Diff: 0.0]
   [Code Root Fixup: 0.2 ms]
   [Code Root Purge: 0.0 ms]
   [Clear CT: 0.4 ms]
   [Other: 1.6 ms]
      [Choose CSet: 0.0 ms]
      [Ref Proc: 0.9 ms]
      [Ref Enq: 0.0 ms]
      [Redirty Cards: 0.4 ms]
      [Humongous Register: 0.0 ms]
      [Humongous Reclaim: 0.0 ms]
      [Free CSet: 0.1 ms]
   [Eden: 5120.0K(5120.0K)->0.0B(5120.0K) Survivors: 1024.0K->1024.0K Heap: 58.2M(128.0M)->46.9M(128.0M)]
 [Times: user=0.03 sys=0.00, real=0.02 secs] 
2020-11-10T20:58:38.641+0800: 273.145: [GC pause (G1 Evacuation Pause) (mixed), 0.0186174 secs]
   [Parallel Time: 16.7 ms, GC Workers: 4]
      [GC Worker Start (ms): Min: 273145.5, Avg: 273145.5, Max: 273145.6, Diff: 0.1]
      [Ext Root Scanning (ms): Min: 0.6, Avg: 0.9, Max: 1.6, Diff: 0.9, Sum: 3.7]
      [Update RS (ms): Min: 5.5, Avg: 5.8, Max: 6.5, Diff: 0.9, Sum: 23.1]
         [Processed Buffers: Min: 15, Avg: 23.3, Max: 35, Diff: 20, Sum: 93]
      [Scan RS (ms): Min: 2.5, Avg: 3.7, Max: 4.2, Diff: 1.8, Sum: 14.8]
      [Code Root Scanning (ms): Min: 0.1, Avg: 0.3, Max: 0.4, Diff: 0.3, Sum: 1.1]
      [Object Copy (ms): Min: 5.6, Avg: 5.7, Max: 5.8, Diff: 0.2, Sum: 23.0]
      [Termination (ms): Min: 0.0, Avg: 0.1, Max: 0.1, Diff: 0.1, Sum: 0.4]
         [Termination Attempts: Min: 1, Avg: 2.0, Max: 4, Diff: 3, Sum: 8]
      [GC Worker Other (ms): Min: 0.0, Avg: 0.0, Max: 0.0, Diff: 0.0, Sum: 0.1]
      [GC Worker Total (ms): Min: 16.5, Avg: 16.5, Max: 16.6, Diff: 0.1, Sum: 66.1]
      [GC Worker End (ms): Min: 273162.0, Avg: 273162.1, Max: 273162.1, Diff: 0.2]
   [Code Root Fixup: 0.3 ms]
   [Code Root Purge: 0.0 ms]
   [Clear CT: 0.1 ms]
   [Other: 1.5 ms]
      [Choose CSet: 0.1 ms]
      [Ref Proc: 1.0 ms]
      [Ref Enq: 0.0 ms]
      [Redirty Cards: 0.2 ms]
      [Humongous Register: 0.0 ms]
      [Humongous Reclaim: 0.0 ms]
      [Free CSet: 0.2 ms]
   [Eden: 5120.0K(5120.0K)->0.0B(70.0M) Survivors: 1024.0K->1024.0K Heap: 51.9M(128.0M)->42.3M(128.0M)]
 [Times: user=0.06 sys=0.00, real=0.02 secs] 
2020-11-10T20:59:52.722+0800: 347.226: [GC pause (G1 Evacuation Pause) (young), 0.0118661 secs]
   [Parallel Time: 10.4 ms, GC Workers: 4]
      [GC Worker Start (ms): Min: 347226.5, Avg: 347226.5, Max: 347226.6, Diff: 0.0]
      [Ext Root Scanning (ms): Min: 0.6, Avg: 0.7, Max: 1.1, Diff: 0.5, Sum: 2.9]
      [Update RS (ms): Min: 9.0, Avg: 9.4, Max: 9.5, Diff: 0.4, Sum: 37.4]
         [Processed Buffers: Min: 28, Avg: 35.0, Max: 46, Diff: 18, Sum: 140]
      [Scan RS (ms): Min: 0.0, Avg: 0.0, Max: 0.0, Diff: 0.0, Sum: 0.0]
      [Code Root Scanning (ms): Min: 0.0, Avg: 0.0, Max: 0.1, Diff: 0.1, Sum: 0.1]
      [Object Copy (ms): Min: 0.2, Avg: 0.3, Max: 0.3, Diff: 0.2, Sum: 1.0]
      [Termination (ms): Min: 0.0, Avg: 0.0, Max: 0.0, Diff: 0.0, Sum: 0.0]
         [Termination Attempts: Min: 1, Avg: 1.5, Max: 2, Diff: 1, Sum: 6]
      [GC Worker Other (ms): Min: 0.0, Avg: 0.0, Max: 0.0, Diff: 0.0, Sum: 0.0]
      [GC Worker Total (ms): Min: 10.4, Avg: 10.4, Max: 10.4, Diff: 0.0, Sum: 41.6]
      [GC Worker End (ms): Min: 347236.9, Avg: 347236.9, Max: 347236.9, Diff: 0.0]
   [Code Root Fixup: 0.1 ms]
   [Code Root Purge: 0.0 ms]
   [Clear CT: 0.1 ms]
   [Other: 1.3 ms]
      [Choose CSet: 0.0 ms]
      [Ref Proc: 1.0 ms]
      [Ref Enq: 0.0 ms]
      [Redirty Cards: 0.1 ms]
      [Humongous Register: 0.0 ms]
      [Humongous Reclaim: 0.0 ms]
      [Free CSet: 0.0 ms]
   [Eden: 70.0M(70.0M)->0.0B(70.0M) Survivors: 1024.0K->1024.0K Heap: 112.3M(128.0M)->42.4M(128.0M)]
 [Times: user=0.06 sys=0.00, real=0.01 secs] 
2020-11-10T21:01:02.120+0800: 416.624: [GC pause (G1 Evacuation Pause) (young), 0.0039640 secs]
   [Parallel Time: 2.0 ms, GC Workers: 4]
      [GC Worker Start (ms): Min: 416623.7, Avg: 416623.8, Max: 416624.0, Diff: 0.3]
      [Ext Root Scanning (ms): Min: 0.7, Avg: 1.1, Max: 2.0, Diff: 1.3, Sum: 4.4]
      [Update RS (ms): Min: 0.0, Avg: 0.4, Max: 0.5, Diff: 0.5, Sum: 1.4]
         [Processed Buffers: Min: 0, Avg: 15.0, Max: 29, Diff: 29, Sum: 60]
      [Scan RS (ms): Min: 0.0, Avg: 0.0, Max: 0.0, Diff: 0.0, Sum: 0.0]
      [Code Root Scanning (ms): Min: 0.0, Avg: 0.1, Max: 0.2, Diff: 0.2, Sum: 0.2]
      [Object Copy (ms): Min: 0.0, Avg: 0.3, Max: 0.4, Diff: 0.4, Sum: 1.1]
      [Termination (ms): Min: 0.0, Avg: 0.1, Max: 0.1, Diff: 0.1, Sum: 0.2]
         [Termination Attempts: Min: 1, Avg: 1.0, Max: 1, Diff: 0, Sum: 4]
      [GC Worker Other (ms): Min: 0.0, Avg: 0.0, Max: 0.0, Diff: 0.0, Sum: 0.0]
      [GC Worker Total (ms): Min: 1.7, Avg: 1.9, Max: 2.0, Diff: 0.3, Sum: 7.5]
      [GC Worker End (ms): Min: 416625.7, Avg: 416625.7, Max: 416625.7, Diff: 0.0]
   [Code Root Fixup: 0.1 ms]
   [Code Root Purge: 0.0 ms]
   [Clear CT: 0.2 ms]
   [Other: 1.7 ms]
      [Choose CSet: 0.0 ms]
      [Ref Proc: 1.3 ms]
      [Ref Enq: 0.0 ms]
      [Redirty Cards: 0.3 ms]
      [Humongous Register: 0.0 ms]
      [Humongous Reclaim: 0.0 ms]
      [Free CSet: 0.0 ms]
   [Eden: 70.0M(70.0M)->0.0B(70.0M) Survivors: 1024.0K->1024.0K Heap: 112.4M(128.0M)->42.7M(128.0M)]
 [Times: user=0.05 sys=0.00, real=0.00 secs] 
2020-11-10T21:02:10.035+0800: 484.539: [GC pause (G1 Evacuation Pause) (young), 0.0033248 secs]
   [Parallel Time: 1.5 ms, GC Workers: 4]
      [GC Worker Start (ms): Min: 484539.0, Avg: 484539.0, Max: 484539.0, Diff: 0.0]
      [Ext Root Scanning (ms): Min: 0.7, Avg: 0.8, Max: 1.2, Diff: 0.5, Sum: 3.4]
      [Update RS (ms): Min: 0.0, Avg: 0.3, Max: 0.4, Diff: 0.4, Sum: 1.2]
         [Processed Buffers: Min: 0, Avg: 13.8, Max: 25, Diff: 25, Sum: 55]
      [Scan RS (ms): Min: 0.0, Avg: 0.0, Max: 0.0, Diff: 0.0, Sum: 0.0]
      [Code Root Scanning (ms): Min: 0.0, Avg: 0.0, Max: 0.1, Diff: 0.1, Sum: 0.2]
      [Object Copy (ms): Min: 0.2, Avg: 0.3, Max: 0.3, Diff: 0.1, Sum: 1.2]
      [Termination (ms): Min: 0.0, Avg: 0.0, Max: 0.0, Diff: 0.0, Sum: 0.0]
         [Termination Attempts: Min: 1, Avg: 1.0, Max: 1, Diff: 0, Sum: 4]
      [GC Worker Other (ms): Min: 0.0, Avg: 0.0, Max: 0.0, Diff: 0.0, Sum: 0.0]
      [GC Worker Total (ms): Min: 1.5, Avg: 1.5, Max: 1.5, Diff: 0.0, Sum: 5.9]
      [GC Worker End (ms): Min: 484540.5, Avg: 484540.5, Max: 484540.5, Diff: 0.0]
   [Code Root Fixup: 0.1 ms]
   [Code Root Purge: 0.0 ms]
   [Clear CT: 0.4 ms]
   [Other: 1.3 ms]
      [Choose CSet: 0.0 ms]
      [Ref Proc: 1.0 ms]
      [Ref Enq: 0.0 ms]
      [Redirty Cards: 0.1 ms]
      [Humongous Register: 0.0 ms]
      [Humongous Reclaim: 0.0 ms]
      [Free CSet: 0.1 ms]
   [Eden: 70.0M(70.0M)->0.0B(71.0M) Survivors: 1024.0K->1024.0K Heap: 112.7M(128.0M)->42.7M(128.0M)]
 [Times: user=0.00 sys=0.00, real=0.00 secs] 
2020-11-10T21:02:49.024+0800: 523.528: [GC pause (G1 Evacuation Pause) (young), 0.0047490 secs]
   [Parallel Time: 2.4 ms, GC Workers: 4]
      [GC Worker Start (ms): Min: 523528.5, Avg: 523528.5, Max: 523528.6, Diff: 0.1]
      [Ext Root Scanning (ms): Min: 0.6, Avg: 0.8, Max: 1.3, Diff: 0.7, Sum: 3.2]
      [Update RS (ms): Min: 0.2, Avg: 0.6, Max: 0.8, Diff: 0.5, Sum: 2.4]
         [Processed Buffers: Min: 2, Avg: 14.5, Max: 31, Diff: 29, Sum: 58]
      [Scan RS (ms): Min: 0.0, Avg: 0.0, Max: 0.0, Diff: 0.0, Sum: 0.0]
      [Code Root Scanning (ms): Min: 0.0, Avg: 0.1, Max: 0.2, Diff: 0.2, Sum: 0.2]
      [Object Copy (ms): Min: 0.8, Avg: 0.8, Max: 0.9, Diff: 0.1, Sum: 3.4]
      [Termination (ms): Min: 0.0, Avg: 0.0, Max: 0.0, Diff: 0.0, Sum: 0.0]
         [Termination Attempts: Min: 1, Avg: 1.0, Max: 1, Diff: 0, Sum: 4]
      [GC Worker Other (ms): Min: 0.0, Avg: 0.0, Max: 0.0, Diff: 0.0, Sum: 0.0]
      [GC Worker Total (ms): Min: 2.3, Avg: 2.3, Max: 2.4, Diff: 0.1, Sum: 9.3]
      [GC Worker End (ms): Min: 523530.8, Avg: 523530.8, Max: 523530.8, Diff: 0.0]
   [Code Root Fixup: 0.1 ms]
   [Code Root Purge: 0.0 ms]
   [Clear CT: 0.4 ms]
   [Other: 1.8 ms]
      [Choose CSet: 0.0 ms]
      [Ref Proc: 1.3 ms]
      [Ref Enq: 0.0 ms]
      [Redirty Cards: 0.4 ms]
      [Humongous Register: 0.0 ms]
      [Humongous Reclaim: 0.0 ms]
      [Free CSet: 0.0 ms]
   [Eden: 71.0M(71.0M)->0.0B(67.0M) Survivors: 1024.0K->3072.0K Heap: 113.7M(128.0M)->44.9M(128.0M)]
 [Times: user=0.01 sys=0.00, real=0.01 secs] 
2020-11-10T21:03:52.035+0800: 586.540: [GC pause (G1 Evacuation Pause) (young), 0.0054675 secs]
   [Parallel Time: 3.7 ms, GC Workers: 4]
      [GC Worker Start (ms): Min: 586540.3, Avg: 586540.3, Max: 586540.3, Diff: 0.1]
      [Ext Root Scanning (ms): Min: 0.6, Avg: 0.9, Max: 1.8, Diff: 1.2, Sum: 3.7]
      [Update RS (ms): Min: 0.0, Avg: 1.2, Max: 2.7, Diff: 2.7, Sum: 4.6]
         [Processed Buffers: Min: 0, Avg: 14.8, Max: 45, Diff: 45, Sum: 59]
      [Scan RS (ms): Min: 0.0, Avg: 0.0, Max: 0.0, Diff: 0.0, Sum: 0.0]
      [Code Root Scanning (ms): Min: 0.0, Avg: 0.1, Max: 0.2, Diff: 0.2, Sum: 0.2]
      [Object Copy (ms): Min: 0.1, Avg: 1.3, Max: 1.9, Diff: 1.8, Sum: 5.3]
      [Termination (ms): Min: 0.0, Avg: 0.1, Max: 0.1, Diff: 0.1, Sum: 0.3]
         [Termination Attempts: Min: 1, Avg: 4.8, Max: 14, Diff: 13, Sum: 19]
      [GC Worker Other (ms): Min: 0.0, Avg: 0.0, Max: 0.0, Diff: 0.0, Sum: 0.0]
      [GC Worker Total (ms): Min: 3.5, Avg: 3.5, Max: 3.6, Diff: 0.1, Sum: 14.1]
      [GC Worker End (ms): Min: 586543.8, Avg: 586543.8, Max: 586543.9, Diff: 0.0]
   [Code Root Fixup: 0.1 ms]
   [Code Root Purge: 0.0 ms]
   [Clear CT: 0.3 ms]
   [Other: 1.4 ms]
      [Choose CSet: 0.0 ms]
      [Ref Proc: 1.1 ms]
      [Ref Enq: 0.0 ms]
      [Redirty Cards: 0.2 ms]
      [Humongous Register: 0.0 ms]
      [Humongous Reclaim: 0.0 ms]
      [Free CSet: 0.0 ms]
   [Eden: 67.0M(67.0M)->0.0B(65.0M) Survivors: 3072.0K->4096.0K Heap: 111.9M(128.0M)->45.5M(128.0M)]
 [Times: user=0.00 sys=0.00, real=0.01 secs] 
2020-11-10T21:04:55.091+0800: 649.595: [GC pause (G1 Evacuation Pause) (young), 0.0056200 secs]
   [Parallel Time: 3.5 ms, GC Workers: 4]
      [GC Worker Start (ms): Min: 649595.0, Avg: 649595.0, Max: 649595.1, Diff: 0.1]
      [Ext Root Scanning (ms): Min: 0.8, Avg: 1.2, Max: 2.2, Diff: 1.4, Sum: 4.7]
      [Update RS (ms): Min: 0.0, Avg: 0.8, Max: 1.1, Diff: 1.1, Sum: 3.3]
         [Processed Buffers: Min: 0, Avg: 14.8, Max: 36, Diff: 36, Sum: 59]
      [Scan RS (ms): Min: 0.0, Avg: 0.0, Max: 0.0, Diff: 0.0, Sum: 0.0]
      [Code Root Scanning (ms): Min: 0.0, Avg: 0.1, Max: 0.2, Diff: 0.2, Sum: 0.4]
      [Object Copy (ms): Min: 1.2, Avg: 1.2, Max: 1.4, Diff: 0.2, Sum: 4.9]
      [Termination (ms): Min: 0.0, Avg: 0.0, Max: 0.0, Diff: 0.0, Sum: 0.0]
         [Termination Attempts: Min: 1, Avg: 1.3, Max: 2, Diff: 1, Sum: 5]
      [GC Worker Other (ms): Min: 0.0, Avg: 0.0, Max: 0.0, Diff: 0.0, Sum: 0.1]
      [GC Worker Total (ms): Min: 3.3, Avg: 3.4, Max: 3.4, Diff: 0.1, Sum: 13.5]
      [GC Worker End (ms): Min: 649598.4, Avg: 649598.4, Max: 649598.4, Diff: 0.0]
   [Code Root Fixup: 0.1 ms]
   [Code Root Purge: 0.0 ms]
   [Clear CT: 0.2 ms]
   [Other: 1.8 ms]
      [Choose CSet: 0.0 ms]
      [Ref Proc: 1.2 ms]
      [Ref Enq: 0.0 ms]
      [Redirty Cards: 0.3 ms]
      [Humongous Register: 0.0 ms]
      [Humongous Reclaim: 0.0 ms]
      [Free CSet: 0.1 ms]
   [Eden: 65.0M(65.0M)->0.0B(67.0M) Survivors: 4096.0K->3072.0K Heap: 110.5M(128.0M)->44.8M(128.0M)]
 [Times: user=0.00 sys=0.00, real=0.00 secs] 
2020-11-10T21:06:02.036+0800: 716.540: [GC pause (G1 Evacuation Pause) (young), 0.0054399 secs]
   [Parallel Time: 3.5 ms, GC Workers: 4]
      [GC Worker Start (ms): Min: 716540.5, Avg: 716540.5, Max: 716540.6, Diff: 0.2]
      [Ext Root Scanning (ms): Min: 0.7, Avg: 0.9, Max: 1.4, Diff: 0.7, Sum: 3.6]
      [Update RS (ms): Min: 0.4, Avg: 0.8, Max: 1.0, Diff: 0.6, Sum: 3.1]
         [Processed Buffers: Min: 1, Avg: 15.0, Max: 34, Diff: 33, Sum: 60]
      [Scan RS (ms): Min: 0.0, Avg: 0.0, Max: 0.0, Diff: 0.0, Sum: 0.0]
      [Code Root Scanning (ms): Min: 0.0, Avg: 0.4, Max: 1.6, Diff: 1.6, Sum: 1.7]
      [Object Copy (ms): Min: 0.1, Avg: 1.2, Max: 1.7, Diff: 1.6, Sum: 4.7]
      [Termination (ms): Min: 0.0, Avg: 0.0, Max: 0.0, Diff: 0.0, Sum: 0.1]
         [Termination Attempts: Min: 1, Avg: 1.0, Max: 1, Diff: 0, Sum: 4]
      [GC Worker Other (ms): Min: 0.0, Avg: 0.0, Max: 0.0, Diff: 0.0, Sum: 0.0]
      [GC Worker Total (ms): Min: 3.3, Avg: 3.3, Max: 3.4, Diff: 0.1, Sum: 13.4]
      [GC Worker End (ms): Min: 716543.9, Avg: 716543.9, Max: 716543.9, Diff: 0.0]
   [Code Root Fixup: 0.1 ms]
   [Code Root Purge: 0.0 ms]
   [Clear CT: 0.2 ms]
   [Other: 1.6 ms]
      [Choose CSet: 0.0 ms]
      [Ref Proc: 1.1 ms]
      [Ref Enq: 0.0 ms]
      [Redirty Cards: 0.3 ms]
      [Humongous Register: 0.0 ms]
      [Humongous Reclaim: 0.0 ms]
      [Free CSet: 0.0 ms]
   [Eden: 67.0M(67.0M)->0.0B(67.0M) Survivors: 3072.0K->3072.0K Heap: 111.8M(128.0M)->44.2M(128.0M)]
 [Times: user=0.00 sys=0.00, real=0.00 secs] 
2020-11-10T21:07:08.037+0800: 782.541: [GC pause (G1 Evacuation Pause) (young), 0.0054313 secs]
   [Parallel Time: 3.5 ms, GC Workers: 4]
      [GC Worker Start (ms): Min: 782541.5, Avg: 782541.6, Max: 782541.6, Diff: 0.1]
      [Ext Root Scanning (ms): Min: 0.9, Avg: 1.5, Max: 2.2, Diff: 1.3, Sum: 5.9]
      [Update RS (ms): Min: 0.2, Avg: 0.9, Max: 1.4, Diff: 1.2, Sum: 3.6]
         [Processed Buffers: Min: 1, Avg: 15.0, Max: 23, Diff: 22, Sum: 60]
      [Scan RS (ms): Min: 0.0, Avg: 0.0, Max: 0.0, Diff: 0.0, Sum: 0.0]
      [Code Root Scanning (ms): Min: 0.0, Avg: 0.1, Max: 0.2, Diff: 0.2, Sum: 0.2]
      [Object Copy (ms): Min: 0.8, Avg: 1.0, Max: 1.1, Diff: 0.3, Sum: 3.9]
      [Termination (ms): Min: 0.0, Avg: 0.0, Max: 0.0, Diff: 0.0, Sum: 0.0]
         [Termination Attempts: Min: 1, Avg: 1.3, Max: 2, Diff: 1, Sum: 5]
      [GC Worker Other (ms): Min: 0.0, Avg: 0.0, Max: 0.0, Diff: 0.0, Sum: 0.0]
      [GC Worker Total (ms): Min: 3.4, Avg: 3.4, Max: 3.5, Diff: 0.1, Sum: 13.7]
      [GC Worker End (ms): Min: 782545.0, Avg: 782545.0, Max: 782545.0, Diff: 0.0]
   [Code Root Fixup: 0.1 ms]
   [Code Root Purge: 0.0 ms]
   [Clear CT: 0.2 ms]
   [Other: 1.6 ms]
      [Choose CSet: 0.0 ms]
      [Ref Proc: 1.1 ms]
      [Ref Enq: 0.0 ms]
      [Redirty Cards: 0.3 ms]
      [Humongous Register: 0.0 ms]
      [Humongous Reclaim: 0.0 ms]
      [Free CSet: 0.0 ms]
   [Eden: 67.0M(67.0M)->0.0B(67.0M) Survivors: 3072.0K->3072.0K Heap: 111.2M(128.0M)->44.6M(128.0M)]
 [Times: user=0.00 sys=0.00, real=0.01 secs] 
2020-11-10T21:08:15.410+0800: 849.914: [GC pause (G1 Evacuation Pause) (young), 0.0054688 secs]
   [Parallel Time: 3.4 ms, GC Workers: 4]
      [GC Worker Start (ms): Min: 849913.8, Avg: 849913.9, Max: 849913.9, Diff: 0.1]
      [Ext Root Scanning (ms): Min: 0.7, Avg: 1.0, Max: 1.9, Diff: 1.2, Sum: 4.1]
      [Update RS (ms): Min: 0.0, Avg: 0.8, Max: 1.1, Diff: 1.0, Sum: 3.1]
         [Processed Buffers: Min: 1, Avg: 15.0, Max: 28, Diff: 27, Sum: 60]
      [Scan RS (ms): Min: 0.0, Avg: 0.0, Max: 0.0, Diff: 0.0, Sum: 0.0]
      [Code Root Scanning (ms): Min: 0.0, Avg: 0.1, Max: 0.3, Diff: 0.3, Sum: 0.4]
      [Object Copy (ms): Min: 1.2, Avg: 1.3, Max: 1.4, Diff: 0.3, Sum: 5.2]
      [Termination (ms): Min: 0.0, Avg: 0.0, Max: 0.1, Diff: 0.1, Sum: 0.2]
         [Termination Attempts: Min: 1, Avg: 1.0, Max: 1, Diff: 0, Sum: 4]
      [GC Worker Other (ms): Min: 0.0, Avg: 0.0, Max: 0.0, Diff: 0.0, Sum: 0.0]
      [GC Worker Total (ms): Min: 3.2, Avg: 3.2, Max: 3.3, Diff: 0.1, Sum: 13.0]
      [GC Worker End (ms): Min: 849917.1, Avg: 849917.1, Max: 849917.1, Diff: 0.0]
   [Code Root Fixup: 0.1 ms]
   [Code Root Purge: 0.0 ms]
   [Clear CT: 0.3 ms]
   [Other: 1.6 ms]
      [Choose CSet: 0.0 ms]
      [Ref Proc: 1.1 ms]
      [Ref Enq: 0.0 ms]
      [Redirty Cards: 0.3 ms]
      [Humongous Register: 0.0 ms]
      [Humongous Reclaim: 0.0 ms]
      [Free CSet: 0.0 ms]
   [Eden: 67.0M(67.0M)->0.0B(65.0M) Survivors: 3072.0K->4096.0K Heap: 111.6M(128.0M)->45.7M(128.0M)]
 [Times: user=0.00 sys=0.00, real=0.00 secs] 
2020-11-10T21:09:26.759+0800: 921.263: [GC pause (G1 Evacuation Pause) (young), 0.0055643 secs]
   [Parallel Time: 3.4 ms, GC Workers: 4]
      [GC Worker Start (ms): Min: 921263.2, Avg: 921263.3, Max: 921263.3, Diff: 0.1]
      [Ext Root Scanning (ms): Min: 1.0, Avg: 1.4, Max: 2.2, Diff: 1.1, Sum: 5.7]
      [Update RS (ms): Min: 0.0, Avg: 0.7, Max: 1.0, Diff: 1.0, Sum: 2.6]
         [Processed Buffers: Min: 1, Avg: 15.3, Max: 36, Diff: 35, Sum: 61]
      [Scan RS (ms): Min: 0.0, Avg: 0.0, Max: 0.0, Diff: 0.0, Sum: 0.0]
      [Code Root Scanning (ms): Min: 0.0, Avg: 0.1, Max: 0.1, Diff: 0.1, Sum: 0.3]
      [Object Copy (ms): Min: 0.9, Avg: 1.1, Max: 1.2, Diff: 0.2, Sum: 4.2]
      [Termination (ms): Min: 0.0, Avg: 0.0, Max: 0.0, Diff: 0.0, Sum: 0.0]
         [Termination Attempts: Min: 1, Avg: 1.0, Max: 1, Diff: 0, Sum: 4]
      [GC Worker Other (ms): Min: 0.0, Avg: 0.0, Max: 0.0, Diff: 0.0, Sum: 0.1]
      [GC Worker Total (ms): Min: 3.2, Avg: 3.2, Max: 3.3, Diff: 0.1, Sum: 12.9]
      [GC Worker End (ms): Min: 921266.5, Avg: 921266.5, Max: 921266.5, Diff: 0.0]
   [Code Root Fixup: 0.1 ms]
   [Code Root Purge: 0.0 ms]
   [Clear CT: 0.4 ms]
   [Other: 1.6 ms]
      [Choose CSet: 0.0 ms]
      [Ref Proc: 1.2 ms]
      [Ref Enq: 0.0 ms]
      [Redirty Cards: 0.2 ms]
      [Humongous Register: 0.0 ms]
      [Humongous Reclaim: 0.0 ms]
      [Free CSet: 0.1 ms]
   [Eden: 65.0M(65.0M)->0.0B(65.0M) Survivors: 4096.0K->4096.0K Heap: 110.7M(128.0M)->45.4M(128.0M)]
 [Times: user=0.01 sys=0.00, real=0.01 secs] 
2020-11-10T21:10:18.049+0800: 972.554: [GC pause (G1 Evacuation Pause) (young), 0.0051149 secs]
   [Parallel Time: 3.0 ms, GC Workers: 4]
      [GC Worker Start (ms): Min: 972554.5, Avg: 972554.5, Max: 972554.5, Diff: 0.0]
      [Ext Root Scanning (ms): Min: 0.7, Avg: 0.9, Max: 1.3, Diff: 0.6, Sum: 3.4]
      [Update RS (ms): Min: 0.3, Avg: 0.6, Max: 0.8, Diff: 0.5, Sum: 2.5]
         [Processed Buffers: Min: 2, Avg: 13.5, Max: 21, Diff: 19, Sum: 54]
      [Scan RS (ms): Min: 0.0, Avg: 0.0, Max: 0.0, Diff: 0.0, Sum: 0.0]
      [Code Root Scanning (ms): Min: 0.0, Avg: 0.1, Max: 0.2, Diff: 0.2, Sum: 0.3]
      [Object Copy (ms): Min: 1.2, Avg: 1.4, Max: 1.5, Diff: 0.3, Sum: 5.5]
      [Termination (ms): Min: 0.0, Avg: 0.0, Max: 0.0, Diff: 0.0, Sum: 0.0]
         [Termination Attempts: Min: 1, Avg: 1.5, Max: 2, Diff: 1, Sum: 6]
      [GC Worker Other (ms): Min: 0.0, Avg: 0.0, Max: 0.0, Diff: 0.0, Sum: 0.0]
      [GC Worker Total (ms): Min: 3.0, Avg: 3.0, Max: 3.0, Diff: 0.0, Sum: 11.9]
      [GC Worker End (ms): Min: 972557.4, Avg: 972557.4, Max: 972557.5, Diff: 0.0]
   [Code Root Fixup: 0.1 ms]
   [Code Root Purge: 0.0 ms]
   [Clear CT: 0.1 ms]
   [Other: 1.8 ms]
      [Choose CSet: 0.0 ms]
      [Ref Proc: 1.4 ms]
      [Ref Enq: 0.0 ms]
      [Redirty Cards: 0.2 ms]
      [Humongous Register: 0.0 ms]
      [Humongous Reclaim: 0.0 ms]
      [Free CSet: 0.1 ms]
   [Eden: 65.0M(65.0M)->0.0B(63.0M) Survivors: 4096.0K->5120.0K Heap: 110.4M(128.0M)->46.5M(128.0M)]
 [Times: user=0.00 sys=0.00, real=0.01 secs] 
2020-11-10T21:11:16.264+0800: 1030.768: [GC pause (G1 Evacuation Pause) (young), 0.0053190 secs]
   [Parallel Time: 3.4 ms, GC Workers: 4]
      [GC Worker Start (ms): Min: 1030768.1, Avg: 1030768.1, Max: 1030768.2, Diff: 0.1]
      [Ext Root Scanning (ms): Min: 0.8, Avg: 0.9, Max: 1.3, Diff: 0.6, Sum: 3.7]
      [Update RS (ms): Min: 0.5, Avg: 0.8, Max: 0.9, Diff: 0.4, Sum: 3.1]
         [Processed Buffers: Min: 7, Avg: 14.8, Max: 28, Diff: 21, Sum: 59]
      [Scan RS (ms): Min: 0.0, Avg: 0.0, Max: 0.0, Diff: 0.0, Sum: 0.0]
      [Code Root Scanning (ms): Min: 0.0, Avg: 0.1, Max: 0.2, Diff: 0.2, Sum: 0.3]
      [Object Copy (ms): Min: 1.3, Avg: 1.4, Max: 1.6, Diff: 0.2, Sum: 5.7]
      [Termination (ms): Min: 0.0, Avg: 0.0, Max: 0.0, Diff: 0.0, Sum: 0.0]
         [Termination Attempts: Min: 1, Avg: 1.5, Max: 2, Diff: 1, Sum: 6]
      [GC Worker Other (ms): Min: 0.0, Avg: 0.0, Max: 0.0, Diff: 0.0, Sum: 0.1]
      [GC Worker Total (ms): Min: 3.2, Avg: 3.2, Max: 3.3, Diff: 0.1, Sum: 13.0]
      [GC Worker End (ms): Min: 1030771.4, Avg: 1030771.4, Max: 1030771.4, Diff: 0.0]
   [Code Root Fixup: 0.1 ms]
   [Code Root Purge: 0.0 ms]
   [Clear CT: 0.2 ms]
   [Other: 1.6 ms]
      [Choose CSet: 0.0 ms]
      [Ref Proc: 1.2 ms]
      [Ref Enq: 0.0 ms]
      [Redirty Cards: 0.2 ms]
      [Humongous Register: 0.0 ms]
      [Humongous Reclaim: 0.0 ms]
      [Free CSet: 0.0 ms]
   [Eden: 63.0M(63.0M)->0.0B(62.0M) Survivors: 5120.0K->5120.0K Heap: 109.5M(128.0M)->46.4M(128.0M)]
 [Times: user=0.00 sys=0.00, real=0.01 secs] 
2020-11-10T21:12:12.032+0800: 1086.536: [GC pause (G1 Evacuation Pause) (young), 0.0051739 secs]
   [Parallel Time: 3.2 ms, GC Workers: 4]
      [GC Worker Start (ms): Min: 1086536.3, Avg: 1086536.4, Max: 1086536.4, Diff: 0.1]
      [Ext Root Scanning (ms): Min: 0.6, Avg: 0.8, Max: 1.3, Diff: 0.7, Sum: 3.2]
      [Update RS (ms): Min: 0.3, Avg: 0.7, Max: 0.8, Diff: 0.5, Sum: 2.7]
         [Processed Buffers: Min: 2, Avg: 15.3, Max: 23, Diff: 21, Sum: 61]
      [Scan RS (ms): Min: 0.0, Avg: 0.0, Max: 0.0, Diff: 0.0, Sum: 0.0]
      [Code Root Scanning (ms): Min: 0.0, Avg: 0.1, Max: 0.2, Diff: 0.2, Sum: 0.3]
      [Object Copy (ms): Min: 1.3, Avg: 1.5, Max: 1.6, Diff: 0.3, Sum: 5.9]
      [Termination (ms): Min: 0.0, Avg: 0.0, Max: 0.0, Diff: 0.0, Sum: 0.0]
         [Termination Attempts: Min: 1, Avg: 1.3, Max: 2, Diff: 1, Sum: 5]
      [GC Worker Other (ms): Min: 0.0, Avg: 0.0, Max: 0.0, Diff: 0.0, Sum: 0.0]
      [GC Worker Total (ms): Min: 3.0, Avg: 3.1, Max: 3.1, Diff: 0.1, Sum: 12.2]
      [GC Worker End (ms): Min: 1086539.4, Avg: 1086539.4, Max: 1086539.4, Diff: 0.0]
   [Code Root Fixup: 0.1 ms]
   [Code Root Purge: 0.0 ms]
   [Clear CT: 0.3 ms]
   [Other: 1.6 ms]
      [Choose CSet: 0.0 ms]
      [Ref Proc: 1.1 ms]
      [Ref Enq: 0.0 ms]
      [Redirty Cards: 0.3 ms]
      [Humongous Register: 0.0 ms]
      [Humongous Reclaim: 0.0 ms]
      [Free CSet: 0.1 ms]
   [Eden: 62.0M(62.0M)->0.0B(62.0M) Survivors: 5120.0K->5120.0K Heap: 108.4M(128.0M)->46.5M(128.0M)]
 [Times: user=0.00 sys=0.00, real=0.00 secs] 
2020-11-10T21:13:09.204+0800: 1143.708: [GC pause (G1 Evacuation Pause) (young), 0.0049346 secs]
   [Parallel Time: 3.1 ms, GC Workers: 4]
      [GC Worker Start (ms): Min: 1143707.9, Avg: 1143708.0, Max: 1143708.1, Diff: 0.1]
      [Ext Root Scanning (ms): Min: 0.7, Avg: 0.8, Max: 1.3, Diff: 0.6, Sum: 3.4]
      [Update RS (ms): Min: 0.3, Avg: 0.6, Max: 0.7, Diff: 0.4, Sum: 2.5]
         [Processed Buffers: Min: 3, Avg: 14.8, Max: 24, Diff: 21, Sum: 59]
      [Scan RS (ms): Min: 0.0, Avg: 0.0, Max: 0.0, Diff: 0.0, Sum: 0.0]
      [Code Root Scanning (ms): Min: 0.0, Avg: 0.1, Max: 0.1, Diff: 0.1, Sum: 0.3]
      [Object Copy (ms): Min: 1.2, Avg: 1.4, Max: 1.5, Diff: 0.2, Sum: 5.6]
      [Termination (ms): Min: 0.0, Avg: 0.0, Max: 0.0, Diff: 0.0, Sum: 0.0]
         [Termination Attempts: Min: 1, Avg: 1.0, Max: 1, Diff: 0, Sum: 4]
      [GC Worker Other (ms): Min: 0.0, Avg: 0.0, Max: 0.0, Diff: 0.0, Sum: 0.0]
      [GC Worker Total (ms): Min: 2.9, Avg: 2.9, Max: 3.0, Diff: 0.1, Sum: 11.8]
      [GC Worker End (ms): Min: 1143711.0, Avg: 1143711.0, Max: 1143711.0, Diff: 0.0]
   [Code Root Fixup: 0.1 ms]
   [Code Root Purge: 0.0 ms]
   [Clear CT: 0.1 ms]
   [Other: 1.6 ms]
      [Choose CSet: 0.0 ms]
      [Ref Proc: 1.1 ms]
      [Ref Enq: 0.0 ms]
      [Redirty Cards: 0.3 ms]
      [Humongous Register: 0.0 ms]
      [Humongous Reclaim: 0.0 ms]
      [Free CSet: 0.0 ms]
   [Eden: 62.0M(62.0M)->0.0B(64.0M) Survivors: 5120.0K->4096.0K Heap: 108.5M(128.0M)->46.0M(128.0M)]
 [Times: user=0.00 sys=0.00, real=0.01 secs] 
2020-11-10T21:14:11.051+0800: 1205.556: [GC pause (G1 Evacuation Pause) (young), 0.0079363 secs]
   [Parallel Time: 3.3 ms, GC Workers: 4]
      [GC Worker Start (ms): Min: 1205556.3, Avg: 1205556.4, Max: 1205556.4, Diff: 0.1]
      [Ext Root Scanning (ms): Min: 0.8, Avg: 1.2, Max: 2.1, Diff: 1.3, Sum: 4.6]
      [Update RS (ms): Min: 0.0, Avg: 0.7, Max: 0.9, Diff: 0.9, Sum: 2.7]
         [Processed Buffers: Min: 0, Avg: 14.5, Max: 26, Diff: 26, Sum: 58]
      [Scan RS (ms): Min: 0.0, Avg: 0.0, Max: 0.0, Diff: 0.0, Sum: 0.0]
      [Code Root Scanning (ms): Min: 0.0, Avg: 0.1, Max: 0.1, Diff: 0.1, Sum: 0.3]
      [Object Copy (ms): Min: 1.0, Avg: 1.2, Max: 1.4, Diff: 0.4, Sum: 4.7]
      [Termination (ms): Min: 0.0, Avg: 0.0, Max: 0.0, Diff: 0.0, Sum: 0.0]
         [Termination Attempts: Min: 1, Avg: 1.0, Max: 1, Diff: 0, Sum: 4]
      [GC Worker Other (ms): Min: 0.0, Avg: 0.0, Max: 0.0, Diff: 0.0, Sum: 0.1]
      [GC Worker Total (ms): Min: 3.1, Avg: 3.1, Max: 3.1, Diff: 0.1, Sum: 12.4]
      [GC Worker End (ms): Min: 1205559.5, Avg: 1205559.5, Max: 1205559.5, Diff: 0.0]
   [Code Root Fixup: 0.2 ms]
   [Code Root Purge: 0.0 ms]
   [Clear CT: 0.2 ms]
   [Other: 4.2 ms]
      [Choose CSet: 0.0 ms]
      [Ref Proc: 3.7 ms]
      [Ref Enq: 0.0 ms]
      [Redirty Cards: 0.1 ms]
      [Humongous Register: 0.0 ms]
      [Humongous Reclaim: 0.0 ms]
      [Free CSet: 0.1 ms]
   [Eden: 64.0M(64.0M)->0.0B(64.0M) Survivors: 4096.0K->4096.0K Heap: 110.0M(128.0M)->45.5M(128.0M)]
 [Times: user=0.02 sys=0.00, real=0.01 secs] 
Heap
 garbage-first heap   total 131072K, used 95767K [0x00000000f8000000, 0x00000000f8100400, 0x0000000100000000)
  region size 1024K, 53 young (54272K), 4 survivors (4096K)
 Metaspace       used 69283K, capacity 72854K, committed 73344K, reserved 1112064K
  class space    used 9046K, capacity 9723K, committed 9856K, reserved 1048576K
