Java HotSpot(TM) 64-Bit Server VM (25.131-b11) for windows-amd64 JRE (1.8.0_131-b11), built on Mar 15 2017 01:23:53 by "java_re" with MS VC++ 10.0 (VS2010)
Memory: 4k page, physical 8247448k(1152352k free), swap 27121816k(8436512k free)
CommandLine flags: -XX:-BytecodeVerificationLocal -XX:-BytecodeVerificationRemote -XX:+HeapDumpOnOutOfMemoryError -XX:HeapDumpPath=payHeap.hprof -XX:InitialHeapSize=134217728 -XX:+ManagementServer -XX:MaxGCPauseMillis=200 -XX:MaxHeapSize=134217728 -XX:+PrintGC -XX:+PrintGCDateStamps -XX:+PrintGCDetails -XX:+PrintGCTimeStamps -XX:TieredStopAtLevel=1 -XX:+UseCompressedClassPointers -XX:+UseCompressedOops -XX:+UseG1GC -XX:-UseLargePagesIndividualAllocation 
2020-11-10T16:24:53.151+0800: 2.635: [GC pause (G1 Evacuation Pause) (young), 0.0027486 secs]
   [Parallel Time: 1.8 ms, GC Workers: 4]
      [GC Worker Start (ms): Min: 2634.7, Avg: 2634.7, Max: 2634.9, Diff: 0.3]
      [Ext Root Scanning (ms): Min: 0.1, Avg: 0.3, Max: 0.4, Diff: 0.3, Sum: 1.2]
      [Update RS (ms): Min: 0.0, Avg: 0.0, Max: 0.0, Diff: 0.0, Sum: 0.0]
         [Processed Buffers: Min: 0, Avg: 0.0, Max: 0, Diff: 0, Sum: 0]
      [Scan RS (ms): Min: 0.0, Avg: 0.0, Max: 0.0, Diff: 0.0, Sum: 0.0]
      [Code Root Scanning (ms): Min: 0.0, Avg: 0.0, Max: 0.1, Diff: 0.1, Sum: 0.1]
      [Object Copy (ms): Min: 1.3, Avg: 1.4, Max: 1.6, Diff: 0.3, Sum: 5.5]
      [Termination (ms): Min: 0.0, Avg: 0.0, Max: 0.0, Diff: 0.0, Sum: 0.0]
         [Termination Attempts: Min: 1, Avg: 5.3, Max: 8, Diff: 7, Sum: 21]
      [GC Worker Other (ms): Min: 0.0, Avg: 0.0, Max: 0.0, Diff: 0.0, Sum: 0.1]
      [GC Worker Total (ms): Min: 1.5, Avg: 1.7, Max: 1.8, Diff: 0.3, Sum: 7.0]
      [GC Worker End (ms): Min: 2636.5, Avg: 2636.5, Max: 2636.5, Diff: 0.0]
   [Code Root Fixup: 0.0 ms]
   [Code Root Purge: 0.0 ms]
   [Clear CT: 0.1 ms]
   [Other: 0.8 ms]
      [Choose CSet: 0.0 ms]
      [Ref Proc: 0.7 ms]
      [Ref Enq: 0.0 ms]
      [Redirty Cards: 0.0 ms]
      [Humongous Register: 0.0 ms]
      [Humongous Reclaim: 0.0 ms]
      [Free CSet: 0.0 ms]
   [Eden: 14.0M(14.0M)->0.0B(17.0M) Survivors: 0.0B->2048.0K Heap: 14.0M(128.0M)->2593.5K(128.0M)]
 [Times: user=0.00 sys=0.00, real=0.00 secs] 
2020-11-10T16:24:54.046+0800: 3.530: [GC pause (G1 Evacuation Pause) (young), 0.0045514 secs]
   [Parallel Time: 3.3 ms, GC Workers: 4]
      [GC Worker Start (ms): Min: 3529.7, Avg: 3530.3, Max: 3532.1, Diff: 2.4]
      [Ext Root Scanning (ms): Min: 0.0, Avg: 0.4, Max: 0.7, Diff: 0.7, Sum: 1.6]
      [Update RS (ms): Min: 0.0, Avg: 0.1, Max: 0.5, Diff: 0.5, Sum: 0.6]
         [Processed Buffers: Min: 0, Avg: 1.3, Max: 3, Diff: 3, Sum: 5]
      [Scan RS (ms): Min: 0.0, Avg: 0.0, Max: 0.0, Diff: 0.0, Sum: 0.0]
      [Code Root Scanning (ms): Min: 0.0, Avg: 0.1, Max: 0.2, Diff: 0.2, Sum: 0.3]
      [Object Copy (ms): Min: 0.8, Avg: 2.0, Max: 2.7, Diff: 1.9, Sum: 8.1]
      [Termination (ms): Min: 0.0, Avg: 0.0, Max: 0.0, Diff: 0.0, Sum: 0.1]
         [Termination Attempts: Min: 1, Avg: 5.5, Max: 8, Diff: 7, Sum: 22]
      [GC Worker Other (ms): Min: 0.0, Avg: 0.0, Max: 0.0, Diff: 0.0, Sum: 0.0]
      [GC Worker Total (ms): Min: 0.8, Avg: 2.7, Max: 3.3, Diff: 2.4, Sum: 10.7]
      [GC Worker End (ms): Min: 3533.0, Avg: 3533.0, Max: 3533.0, Diff: 0.0]
   [Code Root Fixup: 0.1 ms]
   [Code Root Purge: 0.0 ms]
   [Clear CT: 0.1 ms]
   [Other: 1.0 ms]
      [Choose CSet: 0.0 ms]
      [Ref Proc: 0.8 ms]
      [Ref Enq: 0.0 ms]
      [Redirty Cards: 0.1 ms]
      [Humongous Register: 0.0 ms]
      [Humongous Reclaim: 0.0 ms]
      [Free CSet: 0.0 ms]
   [Eden: 17.0M(17.0M)->0.0B(73.0M) Survivors: 2048.0K->3072.0K Heap: 19.5M(128.0M)->5650.1K(128.0M)]
 [Times: user=0.05 sys=0.00, real=0.01 secs] 
2020-11-10T16:24:55.163+0800: 4.646: [GC pause (G1 Evacuation Pause) (young), 0.0100604 secs]
   [Parallel Time: 6.9 ms, GC Workers: 4]
      [GC Worker Start (ms): Min: 4646.2, Avg: 4646.5, Max: 4647.4, Diff: 1.2]
      [Ext Root Scanning (ms): Min: 0.0, Avg: 0.5, Max: 0.8, Diff: 0.8, Sum: 2.1]
      [Update RS (ms): Min: 0.0, Avg: 0.2, Max: 0.3, Diff: 0.3, Sum: 0.8]
         [Processed Buffers: Min: 0, Avg: 2.3, Max: 6, Diff: 6, Sum: 9]
      [Scan RS (ms): Min: 0.0, Avg: 0.0, Max: 0.0, Diff: 0.0, Sum: 0.1]
      [Code Root Scanning (ms): Min: 0.0, Avg: 0.9, Max: 3.4, Diff: 3.4, Sum: 3.5]
      [Object Copy (ms): Min: 0.0, Avg: 2.5, Max: 3.5, Diff: 3.5, Sum: 10.1]
      [Termination (ms): Min: 0.0, Avg: 1.8, Max: 2.4, Diff: 2.4, Sum: 7.1]
         [Termination Attempts: Min: 1, Avg: 1.5, Max: 3, Diff: 2, Sum: 6]
      [GC Worker Other (ms): Min: 0.0, Avg: 0.0, Max: 0.0, Diff: 0.0, Sum: 0.0]
      [GC Worker Total (ms): Min: 4.5, Avg: 5.9, Max: 6.8, Diff: 2.3, Sum: 23.7]
      [GC Worker End (ms): Min: 4650.7, Avg: 4652.4, Max: 4653.0, Diff: 2.3]
   [Code Root Fixup: 0.1 ms]
   [Code Root Purge: 0.0 ms]
   [Clear CT: 0.1 ms]
   [Other: 3.0 ms]
      [Choose CSet: 0.0 ms]
      [Ref Proc: 2.8 ms]
      [Ref Enq: 0.0 ms]
      [Redirty Cards: 0.1 ms]
      [Humongous Register: 0.0 ms]
      [Humongous Reclaim: 0.0 ms]
      [Free CSet: 0.1 ms]
   [Eden: 73.0M(73.0M)->0.0B(68.0M) Survivors: 3072.0K->8192.0K Heap: 78.5M(128.0M)->10127.6K(128.0M)]
 [Times: user=0.00 sys=0.00, real=0.01 secs] 
2020-11-10T16:24:55.836+0800: 5.320: [GC pause (G1 Evacuation Pause) (young), 0.0041012 secs]
   [Parallel Time: 2.6 ms, GC Workers: 4]
      [GC Worker Start (ms): Min: 5319.8, Avg: 5319.8, Max: 5319.8, Diff: 0.0]
      [Ext Root Scanning (ms): Min: 0.2, Avg: 0.4, Max: 0.7, Diff: 0.5, Sum: 1.5]
      [Update RS (ms): Min: 0.0, Avg: 0.1, Max: 0.1, Diff: 0.1, Sum: 0.2]
         [Processed Buffers: Min: 0, Avg: 1.8, Max: 4, Diff: 4, Sum: 7]
      [Scan RS (ms): Min: 0.0, Avg: 0.0, Max: 0.0, Diff: 0.0, Sum: 0.0]
      [Code Root Scanning (ms): Min: 0.0, Avg: 0.1, Max: 0.3, Diff: 0.3, Sum: 0.3]
      [Object Copy (ms): Min: 1.8, Avg: 2.0, Max: 2.2, Diff: 0.3, Sum: 8.0]
      [Termination (ms): Min: 0.0, Avg: 0.0, Max: 0.0, Diff: 0.0, Sum: 0.0]
         [Termination Attempts: Min: 1, Avg: 2.0, Max: 3, Diff: 2, Sum: 8]
      [GC Worker Other (ms): Min: 0.0, Avg: 0.0, Max: 0.0, Diff: 0.0, Sum: 0.0]
      [GC Worker Total (ms): Min: 2.5, Avg: 2.5, Max: 2.6, Diff: 0.0, Sum: 10.1]
      [GC Worker End (ms): Min: 5322.4, Avg: 5322.4, Max: 5322.4, Diff: 0.0]
   [Code Root Fixup: 0.1 ms]
   [Code Root Purge: 0.0 ms]
   [Clear CT: 0.0 ms]
   [Other: 1.4 ms]
      [Choose CSet: 0.0 ms]
      [Ref Proc: 1.1 ms]
      [Ref Enq: 0.0 ms]
      [Redirty Cards: 0.1 ms]
      [Humongous Register: 0.0 ms]
      [Humongous Reclaim: 0.0 ms]
      [Free CSet: 0.1 ms]
   [Eden: 68.0M(68.0M)->0.0B(70.0M) Survivors: 8192.0K->6144.0K Heap: 77.9M(128.0M)->8333.0K(128.0M)]
 [Times: user=0.00 sys=0.00, real=0.01 secs] 
2020-11-10T16:24:58.318+0800: 7.801: [GC pause (G1 Evacuation Pause) (young), 0.0065664 secs]
   [Parallel Time: 3.9 ms, GC Workers: 4]
      [GC Worker Start (ms): Min: 7800.8, Avg: 7800.8, Max: 7800.9, Diff: 0.0]
      [Ext Root Scanning (ms): Min: 0.4, Avg: 0.6, Max: 1.0, Diff: 0.6, Sum: 2.3]
      [Update RS (ms): Min: 0.0, Avg: 0.1, Max: 0.1, Diff: 0.1, Sum: 0.3]
         [Processed Buffers: Min: 0, Avg: 2.3, Max: 5, Diff: 5, Sum: 9]
      [Scan RS (ms): Min: 0.0, Avg: 0.0, Max: 0.0, Diff: 0.0, Sum: 0.0]
      [Code Root Scanning (ms): Min: 0.0, Avg: 0.1, Max: 0.2, Diff: 0.2, Sum: 0.4]
      [Object Copy (ms): Min: 2.9, Avg: 3.1, Max: 3.2, Diff: 0.4, Sum: 12.4]
      [Termination (ms): Min: 0.0, Avg: 0.0, Max: 0.0, Diff: 0.0, Sum: 0.0]
         [Termination Attempts: Min: 1, Avg: 1.8, Max: 4, Diff: 3, Sum: 7]
      [GC Worker Other (ms): Min: 0.0, Avg: 0.0, Max: 0.0, Diff: 0.0, Sum: 0.0]
      [GC Worker Total (ms): Min: 3.8, Avg: 3.9, Max: 3.9, Diff: 0.0, Sum: 15.5]
      [GC Worker End (ms): Min: 7804.7, Avg: 7804.7, Max: 7804.7, Diff: 0.0]
   [Code Root Fixup: 0.1 ms]
   [Code Root Purge: 0.0 ms]
   [Clear CT: 0.1 ms]
   [Other: 2.5 ms]
      [Choose CSet: 0.0 ms]
      [Ref Proc: 2.2 ms]
      [Ref Enq: 0.0 ms]
      [Redirty Cards: 0.1 ms]
      [Humongous Register: 0.0 ms]
      [Humongous Reclaim: 0.0 ms]
      [Free CSet: 0.1 ms]
   [Eden: 70.0M(70.0M)->0.0B(69.0M) Survivors: 6144.0K->7168.0K Heap: 78.1M(128.0M)->9869.0K(128.0M)]
 [Times: user=0.00 sys=0.00, real=0.01 secs] 
2020-11-10T16:24:58.483+0800: 7.966: [GC pause (Metadata GC Threshold) (young) (initial-mark), 0.0054055 secs]
   [Parallel Time: 4.0 ms, GC Workers: 4]
      [GC Worker Start (ms): Min: 7965.8, Avg: 7965.8, Max: 7965.8, Diff: 0.0]
      [Ext Root Scanning (ms): Min: 0.6, Avg: 0.7, Max: 0.8, Diff: 0.2, Sum: 2.8]
      [Update RS (ms): Min: 0.0, Avg: 0.1, Max: 0.1, Diff: 0.1, Sum: 0.3]
         [Processed Buffers: Min: 1, Avg: 1.5, Max: 3, Diff: 2, Sum: 6]
      [Scan RS (ms): Min: 0.0, Avg: 0.0, Max: 0.0, Diff: 0.0, Sum: 0.0]
      [Code Root Scanning (ms): Min: 0.0, Avg: 0.1, Max: 0.2, Diff: 0.2, Sum: 0.5]
      [Object Copy (ms): Min: 3.1, Avg: 3.1, Max: 3.1, Diff: 0.0, Sum: 12.3]
      [Termination (ms): Min: 0.0, Avg: 0.0, Max: 0.0, Diff: 0.0, Sum: 0.0]
         [Termination Attempts: Min: 1, Avg: 1.0, Max: 1, Diff: 0, Sum: 4]
      [GC Worker Other (ms): Min: 0.0, Avg: 0.0, Max: 0.0, Diff: 0.0, Sum: 0.0]
      [GC Worker Total (ms): Min: 4.0, Avg: 4.0, Max: 4.0, Diff: 0.0, Sum: 15.9]
      [GC Worker End (ms): Min: 7969.8, Avg: 7969.8, Max: 7969.8, Diff: 0.0]
   [Code Root Fixup: 0.1 ms]
   [Code Root Purge: 0.0 ms]
   [Clear CT: 0.1 ms]
   [Other: 1.2 ms]
      [Choose CSet: 0.0 ms]
      [Ref Proc: 1.0 ms]
      [Ref Enq: 0.0 ms]
      [Redirty Cards: 0.0 ms]
      [Humongous Register: 0.0 ms]
      [Humongous Reclaim: 0.0 ms]
      [Free CSet: 0.0 ms]
   [Eden: 20.0M(69.0M)->0.0B(70.0M) Survivors: 7168.0K->6144.0K Heap: 29.6M(128.0M)->8845.0K(128.0M)]
 [Times: user=0.01 sys=0.00, real=0.00 secs] 
2020-11-10T16:24:58.488+0800: 7.971: [GC concurrent-root-region-scan-start]
2020-11-10T16:24:58.494+0800: 7.977: [GC concurrent-root-region-scan-end, 0.0054126 secs]
2020-11-10T16:24:58.494+0800: 7.977: [GC concurrent-mark-start]
2020-11-10T16:24:58.497+0800: 7.980: [GC concurrent-mark-end, 0.0034168 secs]
2020-11-10T16:24:58.497+0800: 7.980: [GC remark 2020-11-10T16:24:58.497+0800: 7.980: [Finalize Marking, 0.0000812 secs] 2020-11-10T16:24:58.497+0800: 7.980: [GC ref-proc, 0.0007595 secs] 2020-11-10T16:24:58.498+0800: 7.981: [Unloading, 0.0023999 secs], 0.0034041 secs]
 [Times: user=0.00 sys=0.00, real=0.00 secs] 
2020-11-10T16:24:58.501+0800: 7.984: [GC cleanup 10M->10M(128M), 0.0002625 secs]
 [Times: user=0.00 sys=0.00, real=0.00 secs] 
2020-11-10T16:25:00.987+0800: 10.471: [GC pause (G1 Evacuation Pause) (young), 0.0070589 secs]
   [Parallel Time: 4.6 ms, GC Workers: 4]
      [GC Worker Start (ms): Min: 10470.6, Avg: 10470.6, Max: 10470.7, Diff: 0.1]
      [Ext Root Scanning (ms): Min: 0.3, Avg: 0.6, Max: 1.3, Diff: 1.0, Sum: 2.4]
      [Update RS (ms): Min: 0.0, Avg: 0.1, Max: 0.1, Diff: 0.1, Sum: 0.3]
         [Processed Buffers: Min: 0, Avg: 2.0, Max: 4, Diff: 4, Sum: 8]
      [Scan RS (ms): Min: 0.0, Avg: 0.0, Max: 0.0, Diff: 0.0, Sum: 0.0]
      [Code Root Scanning (ms): Min: 0.0, Avg: 0.2, Max: 0.4, Diff: 0.4, Sum: 0.7]
      [Object Copy (ms): Min: 3.2, Avg: 3.6, Max: 3.9, Diff: 0.7, Sum: 14.3]
      [Termination (ms): Min: 0.0, Avg: 0.0, Max: 0.0, Diff: 0.0, Sum: 0.0]
         [Termination Attempts: Min: 1, Avg: 3.8, Max: 6, Diff: 5, Sum: 15]
      [GC Worker Other (ms): Min: 0.0, Avg: 0.0, Max: 0.0, Diff: 0.0, Sum: 0.0]
      [GC Worker Total (ms): Min: 4.4, Avg: 4.4, Max: 4.5, Diff: 0.1, Sum: 17.8]
      [GC Worker End (ms): Min: 10475.1, Avg: 10475.1, Max: 10475.1, Diff: 0.0]
   [Code Root Fixup: 0.2 ms]
   [Code Root Purge: 0.0 ms]
   [Clear CT: 0.1 ms]
   [Other: 2.3 ms]
      [Choose CSet: 0.0 ms]
      [Ref Proc: 2.1 ms]
      [Ref Enq: 0.0 ms]
      [Redirty Cards: 0.0 ms]
      [Humongous Register: 0.0 ms]
      [Humongous Reclaim: 0.0 ms]
      [Free CSet: 0.1 ms]
   [Eden: 70.0M(70.0M)->0.0B(67.0M) Survivors: 6144.0K->9216.0K Heap: 78.6M(128.0M)->11.6M(128.0M)]
 [Times: user=0.00 sys=0.00, real=0.01 secs] 
2020-11-10T16:25:01.616+0800: 11.099: [GC pause (G1 Evacuation Pause) (young), 0.0085590 secs]
   [Parallel Time: 5.2 ms, GC Workers: 4]
      [GC Worker Start (ms): Min: 11099.5, Avg: 11099.5, Max: 11099.5, Diff: 0.0]
      [Ext Root Scanning (ms): Min: 0.4, Avg: 0.8, Max: 1.4, Diff: 1.0, Sum: 3.0]
      [Update RS (ms): Min: 0.0, Avg: 0.1, Max: 0.2, Diff: 0.2, Sum: 0.4]
         [Processed Buffers: Min: 0, Avg: 2.0, Max: 5, Diff: 5, Sum: 8]
      [Scan RS (ms): Min: 0.0, Avg: 0.0, Max: 0.0, Diff: 0.0, Sum: 0.0]
      [Code Root Scanning (ms): Min: 0.0, Avg: 0.2, Max: 0.4, Diff: 0.4, Sum: 0.8]
      [Object Copy (ms): Min: 3.7, Avg: 4.1, Max: 4.5, Diff: 0.7, Sum: 16.4]
      [Termination (ms): Min: 0.0, Avg: 0.0, Max: 0.0, Diff: 0.0, Sum: 0.0]
         [Termination Attempts: Min: 1, Avg: 2.0, Max: 4, Diff: 3, Sum: 8]
      [GC Worker Other (ms): Min: 0.0, Avg: 0.0, Max: 0.0, Diff: 0.0, Sum: 0.0]
      [GC Worker Total (ms): Min: 5.1, Avg: 5.2, Max: 5.2, Diff: 0.0, Sum: 20.6]
      [GC Worker End (ms): Min: 11104.6, Avg: 11104.6, Max: 11104.6, Diff: 0.0]
   [Code Root Fixup: 0.2 ms]
   [Code Root Purge: 0.0 ms]
   [Clear CT: 0.1 ms]
   [Other: 3.0 ms]
      [Choose CSet: 0.0 ms]
      [Ref Proc: 2.7 ms]
      [Ref Enq: 0.0 ms]
      [Redirty Cards: 0.0 ms]
      [Humongous Register: 0.0 ms]
      [Humongous Reclaim: 0.0 ms]
      [Free CSet: 0.1 ms]
   [Eden: 67.0M(67.0M)->0.0B(66.0M) Survivors: 9216.0K->10.0M Heap: 78.6M(128.0M)->12.1M(128.0M)]
 [Times: user=0.00 sys=0.00, real=0.01 secs] 
2020-11-10T16:25:01.919+0800: 11.402: [GC pause (G1 Evacuation Pause) (young), 0.0093158 secs]
   [Parallel Time: 6.2 ms, GC Workers: 4]
      [GC Worker Start (ms): Min: 11402.1, Avg: 11402.1, Max: 11402.1, Diff: 0.0]
      [Ext Root Scanning (ms): Min: 0.2, Avg: 0.6, Max: 1.5, Diff: 1.3, Sum: 2.4]
      [Update RS (ms): Min: 0.0, Avg: 0.1, Max: 0.2, Diff: 0.2, Sum: 0.5]
         [Processed Buffers: Min: 0, Avg: 1.8, Max: 5, Diff: 5, Sum: 7]
      [Scan RS (ms): Min: 0.0, Avg: 0.0, Max: 0.0, Diff: 0.0, Sum: 0.0]
      [Code Root Scanning (ms): Min: 0.0, Avg: 0.2, Max: 0.5, Diff: 0.5, Sum: 1.0]
      [Object Copy (ms): Min: 4.6, Avg: 5.2, Max: 5.6, Diff: 0.9, Sum: 20.7]
      [Termination (ms): Min: 0.0, Avg: 0.0, Max: 0.1, Diff: 0.1, Sum: 0.2]
         [Termination Attempts: Min: 1, Avg: 1.8, Max: 4, Diff: 3, Sum: 7]
      [GC Worker Other (ms): Min: 0.0, Avg: 0.0, Max: 0.0, Diff: 0.0, Sum: 0.0]
      [GC Worker Total (ms): Min: 6.2, Avg: 6.2, Max: 6.2, Diff: 0.1, Sum: 24.8]
      [GC Worker End (ms): Min: 11408.2, Avg: 11408.3, Max: 11408.3, Diff: 0.0]
   [Code Root Fixup: 0.3 ms]
   [Code Root Purge: 0.0 ms]
   [Clear CT: 0.1 ms]
   [Other: 2.7 ms]
      [Choose CSet: 0.0 ms]
      [Ref Proc: 2.5 ms]
      [Ref Enq: 0.0 ms]
      [Redirty Cards: 0.0 ms]
      [Humongous Register: 0.0 ms]
      [Humongous Reclaim: 0.0 ms]
      [Free CSet: 0.1 ms]
   [Eden: 66.0M(66.0M)->0.0B(66.0M) Survivors: 10.0M->10.0M Heap: 78.1M(128.0M)->14.2M(128.0M)]
 [Times: user=0.06 sys=0.00, real=0.01 secs] 
2020-11-10T16:25:02.198+0800: 11.681: [GC pause (G1 Evacuation Pause) (young), 0.0072612 secs]
   [Parallel Time: 5.1 ms, GC Workers: 4]
      [GC Worker Start (ms): Min: 11681.2, Avg: 11681.2, Max: 11681.2, Diff: 0.0]
      [Ext Root Scanning (ms): Min: 0.2, Avg: 0.5, Max: 1.1, Diff: 0.9, Sum: 1.9]
      [Update RS (ms): Min: 0.2, Avg: 0.8, Max: 1.0, Diff: 0.8, Sum: 3.3]
         [Processed Buffers: Min: 2, Avg: 4.3, Max: 6, Diff: 4, Sum: 17]
      [Scan RS (ms): Min: 0.0, Avg: 0.0, Max: 0.1, Diff: 0.0, Sum: 0.1]
      [Code Root Scanning (ms): Min: 0.0, Avg: 0.1, Max: 0.2, Diff: 0.2, Sum: 0.4]
      [Object Copy (ms): Min: 3.4, Avg: 3.7, Max: 3.8, Diff: 0.4, Sum: 14.6]
      [Termination (ms): Min: 0.0, Avg: 0.0, Max: 0.0, Diff: 0.0, Sum: 0.0]
         [Termination Attempts: Min: 1, Avg: 1.5, Max: 3, Diff: 2, Sum: 6]
      [GC Worker Other (ms): Min: 0.0, Avg: 0.0, Max: 0.0, Diff: 0.0, Sum: 0.0]
      [GC Worker Total (ms): Min: 5.1, Avg: 5.1, Max: 5.1, Diff: 0.0, Sum: 20.4]
      [GC Worker End (ms): Min: 11686.3, Avg: 11686.3, Max: 11686.3, Diff: 0.0]
   [Code Root Fixup: 0.1 ms]
   [Code Root Purge: 0.0 ms]
   [Clear CT: 0.1 ms]
   [Other: 1.9 ms]
      [Choose CSet: 0.0 ms]
      [Ref Proc: 1.7 ms]
      [Ref Enq: 0.1 ms]
      [Redirty Cards: 0.0 ms]
      [Humongous Register: 0.0 ms]
      [Humongous Reclaim: 0.0 ms]
      [Free CSet: 0.1 ms]
   [Eden: 66.0M(66.0M)->0.0B(66.0M) Survivors: 10.0M->10.0M Heap: 80.2M(128.0M)->16.2M(128.0M)]
 [Times: user=0.01 sys=0.00, real=0.01 secs] 
2020-11-10T16:25:02.471+0800: 11.954: [GC pause (G1 Evacuation Pause) (young), 0.0072997 secs]
   [Parallel Time: 5.6 ms, GC Workers: 4]
      [GC Worker Start (ms): Min: 11954.5, Avg: 11954.5, Max: 11954.5, Diff: 0.0]
      [Ext Root Scanning (ms): Min: 0.3, Avg: 0.6, Max: 1.2, Diff: 0.9, Sum: 2.5]
      [Update RS (ms): Min: 0.0, Avg: 0.4, Max: 0.7, Diff: 0.7, Sum: 1.7]
         [Processed Buffers: Min: 0, Avg: 3.0, Max: 6, Diff: 6, Sum: 12]
      [Scan RS (ms): Min: 0.0, Avg: 0.0, Max: 0.0, Diff: 0.0, Sum: 0.0]
      [Code Root Scanning (ms): Min: 0.0, Avg: 0.1, Max: 0.3, Diff: 0.3, Sum: 0.5]
      [Object Copy (ms): Min: 4.1, Avg: 4.3, Max: 4.5, Diff: 0.3, Sum: 17.2]
      [Termination (ms): Min: 0.0, Avg: 0.0, Max: 0.0, Diff: 0.0, Sum: 0.0]
         [Termination Attempts: Min: 1, Avg: 1.3, Max: 2, Diff: 1, Sum: 5]
      [GC Worker Other (ms): Min: 0.0, Avg: 0.0, Max: 0.0, Diff: 0.0, Sum: 0.1]
      [GC Worker Total (ms): Min: 5.5, Avg: 5.5, Max: 5.5, Diff: 0.0, Sum: 22.0]
      [GC Worker End (ms): Min: 11960.0, Avg: 11960.0, Max: 11960.0, Diff: 0.0]
   [Code Root Fixup: 0.2 ms]
   [Code Root Purge: 0.0 ms]
   [Clear CT: 0.1 ms]
   [Other: 1.4 ms]
      [Choose CSet: 0.0 ms]
      [Ref Proc: 1.2 ms]
      [Ref Enq: 0.0 ms]
      [Redirty Cards: 0.1 ms]
      [Humongous Register: 0.0 ms]
      [Humongous Reclaim: 0.0 ms]
      [Free CSet: 0.0 ms]
   [Eden: 66.0M(66.0M)->0.0B(68.0M) Survivors: 10.0M->8192.0K Heap: 82.2M(128.0M)->15.8M(128.0M)]
 [Times: user=0.00 sys=0.00, real=0.01 secs] 
2020-11-10T16:25:02.947+0800: 12.431: [GC pause (G1 Evacuation Pause) (young), 0.0082998 secs]
   [Parallel Time: 6.2 ms, GC Workers: 4]
      [GC Worker Start (ms): Min: 12430.6, Avg: 12430.6, Max: 12430.6, Diff: 0.0]
      [Ext Root Scanning (ms): Min: 0.3, Avg: 0.5, Max: 1.2, Diff: 1.0, Sum: 2.2]
      [Update RS (ms): Min: 0.3, Avg: 1.0, Max: 1.4, Diff: 1.0, Sum: 4.0]
         [Processed Buffers: Min: 2, Avg: 4.0, Max: 7, Diff: 5, Sum: 16]
      [Scan RS (ms): Min: 0.0, Avg: 0.0, Max: 0.0, Diff: 0.0, Sum: 0.0]
      [Code Root Scanning (ms): Min: 0.0, Avg: 0.3, Max: 0.8, Diff: 0.8, Sum: 1.2]
      [Object Copy (ms): Min: 3.7, Avg: 4.2, Max: 4.6, Diff: 0.9, Sum: 16.9]
      [Termination (ms): Min: 0.0, Avg: 0.0, Max: 0.0, Diff: 0.0, Sum: 0.0]
         [Termination Attempts: Min: 1, Avg: 1.5, Max: 3, Diff: 2, Sum: 6]
      [GC Worker Other (ms): Min: 0.0, Avg: 0.1, Max: 0.1, Diff: 0.1, Sum: 0.2]
      [GC Worker Total (ms): Min: 6.1, Avg: 6.1, Max: 6.2, Diff: 0.1, Sum: 24.5]
      [GC Worker End (ms): Min: 12436.8, Avg: 12436.8, Max: 12436.8, Diff: 0.1]
   [Code Root Fixup: 0.2 ms]
   [Code Root Purge: 0.0 ms]
   [Clear CT: 0.1 ms]
   [Other: 1.8 ms]
      [Choose CSet: 0.0 ms]
      [Ref Proc: 1.6 ms]
      [Ref Enq: 0.0 ms]
      [Redirty Cards: 0.1 ms]
      [Humongous Register: 0.0 ms]
      [Humongous Reclaim: 0.0 ms]
      [Free CSet: 0.1 ms]
   [Eden: 68.0M(68.0M)->0.0B(67.0M) Survivors: 8192.0K->9216.0K Heap: 83.8M(128.0M)->18.7M(128.0M)]
 [Times: user=0.01 sys=0.00, real=0.01 secs] 
2020-11-10T16:25:03.858+0800: 13.341: [GC pause (G1 Evacuation Pause) (young), 0.0086235 secs]
   [Parallel Time: 6.7 ms, GC Workers: 4]
      [GC Worker Start (ms): Min: 13341.4, Avg: 13341.5, Max: 13341.5, Diff: 0.1]
      [Ext Root Scanning (ms): Min: 0.3, Avg: 0.7, Max: 1.2, Diff: 0.9, Sum: 2.9]
      [Update RS (ms): Min: 0.4, Avg: 0.8, Max: 1.2, Diff: 0.8, Sum: 3.1]
         [Processed Buffers: Min: 2, Avg: 4.0, Max: 7, Diff: 5, Sum: 16]
      [Scan RS (ms): Min: 0.0, Avg: 0.1, Max: 0.2, Diff: 0.1, Sum: 0.4]
      [Code Root Scanning (ms): Min: 0.0, Avg: 0.1, Max: 0.2, Diff: 0.2, Sum: 0.4]
      [Object Copy (ms): Min: 4.7, Avg: 4.8, Max: 4.9, Diff: 0.2, Sum: 19.0]
      [Termination (ms): Min: 0.0, Avg: 0.1, Max: 0.1, Diff: 0.1, Sum: 0.4]
         [Termination Attempts: Min: 1, Avg: 1.0, Max: 1, Diff: 0, Sum: 4]
      [GC Worker Other (ms): Min: 0.0, Avg: 0.0, Max: 0.0, Diff: 0.0, Sum: 0.0]
      [GC Worker Total (ms): Min: 6.5, Avg: 6.6, Max: 6.6, Diff: 0.1, Sum: 26.2]
      [GC Worker End (ms): Min: 13347.9, Avg: 13348.0, Max: 13348.0, Diff: 0.1]
   [Code Root Fixup: 0.1 ms]
   [Code Root Purge: 0.0 ms]
   [Clear CT: 0.2 ms]
   [Other: 1.6 ms]
      [Choose CSet: 0.0 ms]
      [Ref Proc: 1.1 ms]
      [Ref Enq: 0.0 ms]
      [Redirty Cards: 0.3 ms]
      [Humongous Register: 0.0 ms]
      [Humongous Reclaim: 0.0 ms]
      [Free CSet: 0.1 ms]
   [Eden: 67.0M(67.0M)->0.0B(67.0M) Survivors: 9216.0K->9216.0K Heap: 85.7M(128.0M)->20.1M(128.0M)]
 [Times: user=0.06 sys=0.00, real=0.01 secs] 
2020-11-10T16:25:04.434+0800: 13.917: [GC pause (Metadata GC Threshold) (young) (initial-mark), 0.0076655 secs]
   [Parallel Time: 6.6 ms, GC Workers: 4]
      [GC Worker Start (ms): Min: 13917.1, Avg: 13917.1, Max: 13917.2, Diff: 0.0]
      [Ext Root Scanning (ms): Min: 0.9, Avg: 1.2, Max: 1.9, Diff: 1.0, Sum: 4.7]
      [Update RS (ms): Min: 0.4, Avg: 0.9, Max: 1.1, Diff: 0.8, Sum: 3.6]
         [Processed Buffers: Min: 2, Avg: 4.5, Max: 7, Diff: 5, Sum: 18]
      [Scan RS (ms): Min: 0.0, Avg: 0.1, Max: 0.2, Diff: 0.2, Sum: 0.5]
      [Code Root Scanning (ms): Min: 0.0, Avg: 0.1, Max: 0.2, Diff: 0.2, Sum: 0.3]
      [Object Copy (ms): Min: 4.1, Avg: 4.2, Max: 4.3, Diff: 0.2, Sum: 16.9]
      [Termination (ms): Min: 0.0, Avg: 0.0, Max: 0.0, Diff: 0.0, Sum: 0.0]
         [Termination Attempts: Min: 1, Avg: 2.0, Max: 4, Diff: 3, Sum: 8]
      [GC Worker Other (ms): Min: 0.0, Avg: 0.0, Max: 0.0, Diff: 0.0, Sum: 0.0]
      [GC Worker Total (ms): Min: 6.5, Avg: 6.5, Max: 6.5, Diff: 0.0, Sum: 26.0]
      [GC Worker End (ms): Min: 13923.6, Avg: 13923.6, Max: 13923.6, Diff: 0.0]
   [Code Root Fixup: 0.1 ms]
   [Code Root Purge: 0.0 ms]
   [Clear CT: 0.1 ms]
   [Other: 0.8 ms]
      [Choose CSet: 0.0 ms]
      [Ref Proc: 0.6 ms]
      [Ref Enq: 0.0 ms]
      [Redirty Cards: 0.1 ms]
      [Humongous Register: 0.0 ms]
      [Humongous Reclaim: 0.0 ms]
      [Free CSet: 0.0 ms]
   [Eden: 13.0M(67.0M)->0.0B(69.0M) Survivors: 9216.0K->7168.0K Heap: 32.6M(128.0M)->20.2M(128.0M)]
 [Times: user=0.05 sys=0.02, real=0.01 secs] 
2020-11-10T16:25:04.441+0800: 13.925: [GC concurrent-root-region-scan-start]
2020-11-10T16:25:04.449+0800: 13.933: [GC concurrent-root-region-scan-end, 0.0078435 secs]
2020-11-10T16:25:04.449+0800: 13.933: [GC concurrent-mark-start]
2020-11-10T16:25:04.470+0800: 13.954: [GC concurrent-mark-end, 0.0211331 secs]
2020-11-10T16:25:04.471+0800: 13.954: [GC remark 2020-11-10T16:25:04.471+0800: 13.954: [Finalize Marking, 0.0001206 secs] 2020-11-10T16:25:04.471+0800: 13.954: [GC ref-proc, 0.0012714 secs] 2020-11-10T16:25:04.472+0800: 13.955: [Unloading, 0.0050950 secs], 0.0066908 secs]
 [Times: user=0.00 sys=0.00, real=0.01 secs] 
2020-11-10T16:25:04.478+0800: 13.961: [GC cleanup 24M->24M(128M), 0.0005057 secs]
 [Times: user=0.00 sys=0.00, real=0.00 secs] 
2020-11-10T16:25:07.505+0800: 16.989: [GC pause (G1 Evacuation Pause) (young), 0.0098857 secs]
   [Parallel Time: 7.3 ms, GC Workers: 4]
      [GC Worker Start (ms): Min: 16988.7, Avg: 16988.7, Max: 16988.8, Diff: 0.1]
      [Ext Root Scanning (ms): Min: 1.0, Avg: 1.1, Max: 1.3, Diff: 0.3, Sum: 4.4]
      [Update RS (ms): Min: 1.0, Avg: 1.1, Max: 1.2, Diff: 0.2, Sum: 4.3]
         [Processed Buffers: Min: 5, Avg: 6.8, Max: 11, Diff: 6, Sum: 27]
      [Scan RS (ms): Min: 0.0, Avg: 0.1, Max: 0.2, Diff: 0.2, Sum: 0.4]
      [Code Root Scanning (ms): Min: 0.0, Avg: 0.1, Max: 0.2, Diff: 0.2, Sum: 0.4]
      [Object Copy (ms): Min: 4.6, Avg: 4.9, Max: 5.0, Diff: 0.4, Sum: 19.5]
      [Termination (ms): Min: 0.0, Avg: 0.0, Max: 0.0, Diff: 0.0, Sum: 0.0]
         [Termination Attempts: Min: 1, Avg: 1.0, Max: 1, Diff: 0, Sum: 4]
      [GC Worker Other (ms): Min: 0.0, Avg: 0.0, Max: 0.0, Diff: 0.0, Sum: 0.0]
      [GC Worker Total (ms): Min: 7.2, Avg: 7.3, Max: 7.3, Diff: 0.1, Sum: 29.0]
      [GC Worker End (ms): Min: 16996.0, Avg: 16996.0, Max: 16996.0, Diff: 0.0]
   [Code Root Fixup: 0.2 ms]
   [Code Root Purge: 0.0 ms]
   [Clear CT: 0.1 ms]
   [Other: 2.3 ms]
      [Choose CSet: 0.0 ms]
      [Ref Proc: 2.1 ms]
      [Ref Enq: 0.0 ms]
      [Redirty Cards: 0.1 ms]
      [Humongous Register: 0.0 ms]
      [Humongous Reclaim: 0.0 ms]
      [Free CSet: 0.0 ms]
   [Eden: 69.0M(69.0M)->0.0B(66.0M) Survivors: 7168.0K->10.0M Heap: 89.2M(128.0M)->26.2M(128.0M)]
 [Times: user=0.00 sys=0.00, real=0.01 secs] 
2020-11-10T16:25:07.762+0800: 17.245: [GC pause (G1 Evacuation Pause) (young), 0.0097782 secs]
   [Parallel Time: 7.8 ms, GC Workers: 4]
      [GC Worker Start (ms): Min: 17245.3, Avg: 17245.3, Max: 17245.3, Diff: 0.0]
      [Ext Root Scanning (ms): Min: 0.5, Avg: 0.7, Max: 1.3, Diff: 0.8, Sum: 2.8]
      [Update RS (ms): Min: 0.7, Avg: 1.1, Max: 1.3, Diff: 0.6, Sum: 4.2]
         [Processed Buffers: Min: 2, Avg: 6.3, Max: 8, Diff: 6, Sum: 25]
      [Scan RS (ms): Min: 0.0, Avg: 0.1, Max: 0.2, Diff: 0.2, Sum: 0.4]
      [Code Root Scanning (ms): Min: 0.0, Avg: 0.5, Max: 1.6, Diff: 1.6, Sum: 1.8]
      [Object Copy (ms): Min: 4.2, Avg: 5.4, Max: 5.9, Diff: 1.7, Sum: 21.6]
      [Termination (ms): Min: 0.0, Avg: 0.0, Max: 0.0, Diff: 0.0, Sum: 0.0]
         [Termination Attempts: Min: 1, Avg: 3.0, Max: 6, Diff: 5, Sum: 12]
      [GC Worker Other (ms): Min: 0.0, Avg: 0.0, Max: 0.0, Diff: 0.0, Sum: 0.0]
      [GC Worker Total (ms): Min: 7.7, Avg: 7.7, Max: 7.7, Diff: 0.0, Sum: 30.9]
      [GC Worker End (ms): Min: 17253.0, Avg: 17253.0, Max: 17253.0, Diff: 0.0]
   [Code Root Fixup: 0.1 ms]
   [Code Root Purge: 0.0 ms]
   [Clear CT: 0.1 ms]
   [Other: 1.9 ms]
      [Choose CSet: 0.0 ms]
      [Ref Proc: 1.6 ms]
      [Ref Enq: 0.0 ms]
      [Redirty Cards: 0.0 ms]
      [Humongous Register: 0.0 ms]
      [Humongous Reclaim: 0.0 ms]
      [Free CSet: 0.1 ms]
   [Eden: 66.0M(66.0M)->0.0B(67.0M) Survivors: 10.0M->9216.0K Heap: 92.2M(128.0M)->28.4M(128.0M)]
 [Times: user=0.06 sys=0.00, real=0.01 secs] 
2020-11-10T16:25:12.120+0800: 21.604: [GC pause (G1 Evacuation Pause) (young), 0.0100405 secs]
   [Parallel Time: 8.4 ms, GC Workers: 4]
      [GC Worker Start (ms): Min: 21603.8, Avg: 21603.8, Max: 21603.8, Diff: 0.0]
      [Ext Root Scanning (ms): Min: 0.4, Avg: 0.6, Max: 1.2, Diff: 0.9, Sum: 2.5]
      [Update RS (ms): Min: 0.7, Avg: 1.2, Max: 1.6, Diff: 1.0, Sum: 4.8]
         [Processed Buffers: Min: 4, Avg: 6.3, Max: 7, Diff: 3, Sum: 25]
      [Scan RS (ms): Min: 0.0, Avg: 0.2, Max: 0.3, Diff: 0.3, Sum: 0.7]
      [Code Root Scanning (ms): Min: 0.0, Avg: 0.1, Max: 0.2, Diff: 0.2, Sum: 0.3]
      [Object Copy (ms): Min: 5.9, Avg: 6.1, Max: 6.2, Diff: 0.3, Sum: 24.6]
      [Termination (ms): Min: 0.0, Avg: 0.0, Max: 0.0, Diff: 0.0, Sum: 0.0]
         [Termination Attempts: Min: 1, Avg: 1.5, Max: 2, Diff: 1, Sum: 6]
      [GC Worker Other (ms): Min: 0.0, Avg: 0.0, Max: 0.0, Diff: 0.0, Sum: 0.1]
      [GC Worker Total (ms): Min: 8.2, Avg: 8.2, Max: 8.3, Diff: 0.0, Sum: 33.0]
      [GC Worker End (ms): Min: 21612.0, Avg: 21612.0, Max: 21612.0, Diff: 0.0]
   [Code Root Fixup: 0.2 ms]
   [Code Root Purge: 0.1 ms]
   [Clear CT: 0.1 ms]
   [Other: 1.4 ms]
      [Choose CSet: 0.0 ms]
      [Ref Proc: 1.0 ms]
      [Ref Enq: 0.0 ms]
      [Redirty Cards: 0.1 ms]
      [Humongous Register: 0.0 ms]
      [Humongous Reclaim: 0.0 ms]
      [Free CSet: 0.1 ms]
   [Eden: 67.0M(67.0M)->0.0B(68.0M) Survivors: 9216.0K->8192.0K Heap: 95.4M(128.0M)->30.9M(128.0M)]
 [Times: user=0.05 sys=0.00, real=0.01 secs] 
2020-11-10T16:25:12.483+0800: 21.966: [GC pause (G1 Evacuation Pause) (young), 0.0102279 secs]
   [Parallel Time: 8.7 ms, GC Workers: 4]
      [GC Worker Start (ms): Min: 21966.1, Avg: 21966.1, Max: 21966.2, Diff: 0.1]
      [Ext Root Scanning (ms): Min: 0.4, Avg: 0.6, Max: 1.2, Diff: 0.8, Sum: 2.4]
      [Update RS (ms): Min: 2.2, Avg: 2.4, Max: 2.5, Diff: 0.4, Sum: 9.4]
         [Processed Buffers: Min: 3, Avg: 6.8, Max: 10, Diff: 7, Sum: 27]
      [Scan RS (ms): Min: 0.0, Avg: 0.1, Max: 0.3, Diff: 0.2, Sum: 0.5]
      [Code Root Scanning (ms): Min: 0.0, Avg: 0.1, Max: 0.2, Diff: 0.2, Sum: 0.3]
      [Object Copy (ms): Min: 5.3, Avg: 5.5, Max: 5.6, Diff: 0.3, Sum: 21.8]
      [Termination (ms): Min: 0.0, Avg: 0.0, Max: 0.0, Diff: 0.0, Sum: 0.0]
         [Termination Attempts: Min: 1, Avg: 30.0, Max: 47, Diff: 46, Sum: 120]
      [GC Worker Other (ms): Min: 0.0, Avg: 0.0, Max: 0.0, Diff: 0.0, Sum: 0.0]
      [GC Worker Total (ms): Min: 8.6, Avg: 8.6, Max: 8.7, Diff: 0.1, Sum: 34.5]
      [GC Worker End (ms): Min: 21974.8, Avg: 21974.8, Max: 21974.8, Diff: 0.0]
   [Code Root Fixup: 0.1 ms]
   [Code Root Purge: 0.0 ms]
   [Clear CT: 0.2 ms]
   [Other: 1.3 ms]
      [Choose CSet: 0.0 ms]
      [Ref Proc: 1.0 ms]
      [Ref Enq: 0.0 ms]
      [Redirty Cards: 0.1 ms]
      [Humongous Register: 0.0 ms]
      [Humongous Reclaim: 0.0 ms]
      [Free CSet: 0.1 ms]
   [Eden: 68.0M(68.0M)->0.0B(68.0M) Survivors: 8192.0K->8192.0K Heap: 98.9M(128.0M)->34.0M(128.0M)]
 [Times: user=0.05 sys=0.00, real=0.01 secs] 
2020-11-10T16:25:12.805+0800: 22.288: [GC pause (G1 Evacuation Pause) (young), 0.0092226 secs]
   [Parallel Time: 7.1 ms, GC Workers: 4]
      [GC Worker Start (ms): Min: 22288.1, Avg: 22288.3, Max: 22288.8, Diff: 0.8]
      [Ext Root Scanning (ms): Min: 0.2, Avg: 0.8, Max: 1.2, Diff: 1.0, Sum: 3.3]
      [Update RS (ms): Min: 1.3, Avg: 1.4, Max: 1.5, Diff: 0.2, Sum: 5.8]
         [Processed Buffers: Min: 4, Avg: 6.0, Max: 10, Diff: 6, Sum: 24]
      [Scan RS (ms): Min: 0.0, Avg: 0.1, Max: 0.2, Diff: 0.2, Sum: 0.6]
      [Code Root Scanning (ms): Min: 0.0, Avg: 0.0, Max: 0.1, Diff: 0.1, Sum: 0.2]
      [Object Copy (ms): Min: 4.2, Avg: 4.3, Max: 4.4, Diff: 0.2, Sum: 17.2]
      [Termination (ms): Min: 0.0, Avg: 0.0, Max: 0.0, Diff: 0.0, Sum: 0.0]
         [Termination Attempts: Min: 1, Avg: 17.3, Max: 26, Diff: 25, Sum: 69]
      [GC Worker Other (ms): Min: 0.0, Avg: 0.0, Max: 0.0, Diff: 0.0, Sum: 0.0]
      [GC Worker Total (ms): Min: 6.2, Avg: 6.8, Max: 7.0, Diff: 0.8, Sum: 27.1]
      [GC Worker End (ms): Min: 22295.1, Avg: 22295.1, Max: 22295.1, Diff: 0.0]
   [Code Root Fixup: 0.1 ms]
   [Code Root Purge: 0.0 ms]
   [Clear CT: 0.1 ms]
   [Other: 2.0 ms]
      [Choose CSet: 0.0 ms]
      [Ref Proc: 1.8 ms]
      [Ref Enq: 0.0 ms]
      [Redirty Cards: 0.0 ms]
      [Humongous Register: 0.0 ms]
      [Humongous Reclaim: 0.0 ms]
      [Free CSet: 0.1 ms]
   [Eden: 68.0M(68.0M)->0.0B(70.0M) Survivors: 8192.0K->6144.0K Heap: 102.5M(128.0M)->35.5M(128.0M)]
 [Times: user=0.02 sys=0.00, real=0.01 secs] 
2020-11-10T16:25:13.245+0800: 22.729: [GC pause (G1 Evacuation Pause) (young), 0.0077143 secs]
   [Parallel Time: 6.1 ms, GC Workers: 4]
      [GC Worker Start (ms): Min: 22728.9, Avg: 22728.9, Max: 22728.9, Diff: 0.0]
      [Ext Root Scanning (ms): Min: 0.5, Avg: 0.7, Max: 1.0, Diff: 0.5, Sum: 2.7]
      [Update RS (ms): Min: 1.5, Avg: 1.7, Max: 1.9, Diff: 0.5, Sum: 6.8]
         [Processed Buffers: Min: 5, Avg: 6.5, Max: 11, Diff: 6, Sum: 26]
      [Scan RS (ms): Min: 0.0, Avg: 0.0, Max: 0.0, Diff: 0.0, Sum: 0.0]
      [Code Root Scanning (ms): Min: 0.0, Avg: 0.0, Max: 0.2, Diff: 0.2, Sum: 0.2]
      [Object Copy (ms): Min: 3.5, Avg: 3.6, Max: 3.7, Diff: 0.2, Sum: 14.4]
      [Termination (ms): Min: 0.0, Avg: 0.0, Max: 0.0, Diff: 0.0, Sum: 0.0]
         [Termination Attempts: Min: 1, Avg: 9.0, Max: 17, Diff: 16, Sum: 36]
      [GC Worker Other (ms): Min: 0.0, Avg: 0.0, Max: 0.0, Diff: 0.0, Sum: 0.0]
      [GC Worker Total (ms): Min: 6.0, Avg: 6.0, Max: 6.1, Diff: 0.0, Sum: 24.2]
      [GC Worker End (ms): Min: 22734.9, Avg: 22734.9, Max: 22734.9, Diff: 0.0]
   [Code Root Fixup: 0.1 ms]
   [Code Root Purge: 0.0 ms]
   [Clear CT: 0.1 ms]
   [Other: 1.5 ms]
      [Choose CSet: 0.0 ms]
      [Ref Proc: 1.3 ms]
      [Ref Enq: 0.0 ms]
      [Redirty Cards: 0.1 ms]
      [Humongous Register: 0.0 ms]
      [Humongous Reclaim: 0.0 ms]
      [Free CSet: 0.1 ms]
   [Eden: 70.0M(70.0M)->0.0B(68.0M) Survivors: 6144.0K->8192.0K Heap: 105.5M(128.0M)->37.5M(128.0M)]
 [Times: user=0.06 sys=0.00, real=0.01 secs] 
2020-11-10T16:25:13.869+0800: 23.352: [GC pause (G1 Evacuation Pause) (young), 0.0092864 secs]
   [Parallel Time: 6.9 ms, GC Workers: 4]
      [GC Worker Start (ms): Min: 23352.4, Avg: 23352.5, Max: 23352.5, Diff: 0.1]
      [Ext Root Scanning (ms): Min: 0.5, Avg: 0.7, Max: 1.2, Diff: 0.7, Sum: 2.8]
      [Update RS (ms): Min: 0.6, Avg: 0.9, Max: 1.1, Diff: 0.5, Sum: 3.7]
         [Processed Buffers: Min: 2, Avg: 5.3, Max: 12, Diff: 10, Sum: 21]
      [Scan RS (ms): Min: 0.0, Avg: 0.0, Max: 0.0, Diff: 0.0, Sum: 0.0]
      [Code Root Scanning (ms): Min: 0.0, Avg: 0.1, Max: 0.2, Diff: 0.2, Sum: 0.3]
      [Object Copy (ms): Min: 5.0, Avg: 5.1, Max: 5.2, Diff: 0.2, Sum: 20.6]
      [Termination (ms): Min: 0.0, Avg: 0.0, Max: 0.0, Diff: 0.0, Sum: 0.0]
         [Termination Attempts: Min: 1, Avg: 1.3, Max: 2, Diff: 1, Sum: 5]
      [GC Worker Other (ms): Min: 0.0, Avg: 0.0, Max: 0.0, Diff: 0.0, Sum: 0.1]
      [GC Worker Total (ms): Min: 6.8, Avg: 6.9, Max: 6.9, Diff: 0.1, Sum: 27.5]
      [GC Worker End (ms): Min: 23359.3, Avg: 23359.3, Max: 23359.3, Diff: 0.0]
   [Code Root Fixup: 0.1 ms]
   [Code Root Purge: 0.0 ms]
   [Clear CT: 0.1 ms]
   [Other: 2.2 ms]
      [Choose CSet: 0.0 ms]
      [Ref Proc: 2.0 ms]
      [Ref Enq: 0.0 ms]
      [Redirty Cards: 0.1 ms]
      [Humongous Register: 0.0 ms]
      [Humongous Reclaim: 0.0 ms]
      [Free CSet: 0.1 ms]
   [Eden: 68.0M(68.0M)->0.0B(65.0M) Survivors: 8192.0K->9216.0K Heap: 105.5M(128.0M)->40.7M(128.0M)]
 [Times: user=0.06 sys=0.00, real=0.01 secs] 
2020-11-10T16:25:14.402+0800: 23.886: [GC pause (G1 Evacuation Pause) (young), 0.0102606 secs]
   [Parallel Time: 8.2 ms, GC Workers: 4]
      [GC Worker Start (ms): Min: 23885.6, Avg: 23885.6, Max: 23885.7, Diff: 0.1]
      [Ext Root Scanning (ms): Min: 0.5, Avg: 0.7, Max: 1.3, Diff: 0.8, Sum: 2.9]
      [Update RS (ms): Min: 2.3, Avg: 2.4, Max: 2.5, Diff: 0.2, Sum: 9.7]
         [Processed Buffers: Min: 3, Avg: 7.3, Max: 13, Diff: 10, Sum: 29]
      [Scan RS (ms): Min: 0.0, Avg: 0.0, Max: 0.0, Diff: 0.0, Sum: 0.0]
      [Code Root Scanning (ms): Min: 0.0, Avg: 0.1, Max: 0.2, Diff: 0.2, Sum: 0.3]
      [Object Copy (ms): Min: 4.5, Avg: 4.8, Max: 5.0, Diff: 0.5, Sum: 19.3]
      [Termination (ms): Min: 0.0, Avg: 0.0, Max: 0.0, Diff: 0.0, Sum: 0.0]
         [Termination Attempts: Min: 1, Avg: 2.0, Max: 3, Diff: 2, Sum: 8]
      [GC Worker Other (ms): Min: 0.0, Avg: 0.0, Max: 0.0, Diff: 0.0, Sum: 0.1]
      [GC Worker Total (ms): Min: 8.1, Avg: 8.1, Max: 8.1, Diff: 0.1, Sum: 32.4]
      [GC Worker End (ms): Min: 23893.7, Avg: 23893.7, Max: 23893.7, Diff: 0.0]
   [Code Root Fixup: 0.1 ms]
   [Code Root Purge: 0.0 ms]
   [Clear CT: 0.2 ms]
   [Other: 1.8 ms]
      [Choose CSet: 0.0 ms]
      [Ref Proc: 1.2 ms]
      [Ref Enq: 0.0 ms]
      [Redirty Cards: 0.4 ms]
      [Humongous Register: 0.0 ms]
      [Humongous Reclaim: 0.0 ms]
      [Free CSet: 0.1 ms]
   [Eden: 65.0M(65.0M)->0.0B(64.0M) Survivors: 9216.0K->8192.0K Heap: 105.7M(128.0M)->42.2M(128.0M)]
 [Times: user=0.06 sys=0.00, real=0.01 secs] 
2020-11-10T16:25:16.996+0800: 26.479: [GC pause (G1 Evacuation Pause) (young), 0.0126906 secs]
   [Parallel Time: 9.1 ms, GC Workers: 4]
      [GC Worker Start (ms): Min: 26479.5, Avg: 26479.6, Max: 26479.8, Diff: 0.3]
      [Ext Root Scanning (ms): Min: 0.6, Avg: 0.8, Max: 1.6, Diff: 1.0, Sum: 3.3]
      [Update RS (ms): Min: 1.8, Avg: 1.9, Max: 2.1, Diff: 0.4, Sum: 7.8]
         [Processed Buffers: Min: 5, Avg: 7.3, Max: 12, Diff: 7, Sum: 29]
      [Scan RS (ms): Min: 0.0, Avg: 0.0, Max: 0.0, Diff: 0.0, Sum: 0.0]
      [Code Root Scanning (ms): Min: 0.0, Avg: 0.1, Max: 0.3, Diff: 0.3, Sum: 0.4]
      [Object Copy (ms): Min: 5.6, Avg: 5.9, Max: 6.1, Diff: 0.5, Sum: 23.7]
      [Termination (ms): Min: 0.0, Avg: 0.1, Max: 0.1, Diff: 0.1, Sum: 0.3]
         [Termination Attempts: Min: 1, Avg: 2.8, Max: 4, Diff: 3, Sum: 11]
      [GC Worker Other (ms): Min: 0.0, Avg: 0.0, Max: 0.0, Diff: 0.0, Sum: 0.0]
      [GC Worker Total (ms): Min: 8.7, Avg: 8.9, Max: 9.1, Diff: 0.4, Sum: 35.6]
      [GC Worker End (ms): Min: 26488.5, Avg: 26488.5, Max: 26488.6, Diff: 0.1]
   [Code Root Fixup: 0.2 ms]
   [Code Root Purge: 0.0 ms]
   [Clear CT: 0.3 ms]
   [Other: 3.1 ms]
      [Choose CSet: 0.0 ms]
      [Ref Proc: 2.7 ms]
      [Ref Enq: 0.0 ms]
      [Redirty Cards: 0.2 ms]
      [Humongous Register: 0.0 ms]
      [Humongous Reclaim: 0.0 ms]
      [Free CSet: 0.1 ms]
   [Eden: 64.0M(64.0M)->0.0B(56.0M) Survivors: 8192.0K->9216.0K Heap: 106.2M(128.0M)->49.4M(128.0M)]
 [Times: user=0.05 sys=0.02, real=0.01 secs] 
2020-11-10T16:25:17.378+0800: 26.861: [GC pause (G1 Evacuation Pause) (young), 0.0117311 secs]
   [Parallel Time: 9.9 ms, GC Workers: 4]
      [GC Worker Start (ms): Min: 26861.2, Avg: 26861.3, Max: 26861.4, Diff: 0.1]
      [Ext Root Scanning (ms): Min: 1.0, Avg: 1.2, Max: 1.6, Diff: 0.6, Sum: 5.0]
      [Update RS (ms): Min: 2.1, Avg: 2.4, Max: 2.6, Diff: 0.4, Sum: 9.5]
         [Processed Buffers: Min: 7, Avg: 8.0, Max: 9, Diff: 2, Sum: 32]
      [Scan RS (ms): Min: 0.0, Avg: 0.0, Max: 0.0, Diff: 0.0, Sum: 0.0]
      [Code Root Scanning (ms): Min: 0.0, Avg: 0.1, Max: 0.2, Diff: 0.2, Sum: 0.4]
      [Object Copy (ms): Min: 5.9, Avg: 6.0, Max: 6.2, Diff: 0.4, Sum: 24.2]
      [Termination (ms): Min: 0.0, Avg: 0.0, Max: 0.0, Diff: 0.0, Sum: 0.0]
         [Termination Attempts: Min: 1, Avg: 1.5, Max: 3, Diff: 2, Sum: 6]
      [GC Worker Other (ms): Min: 0.0, Avg: 0.0, Max: 0.0, Diff: 0.0, Sum: 0.0]
      [GC Worker Total (ms): Min: 9.7, Avg: 9.8, Max: 9.8, Diff: 0.1, Sum: 39.1]
      [GC Worker End (ms): Min: 26871.1, Avg: 26871.1, Max: 26871.1, Diff: 0.0]
   [Code Root Fixup: 0.1 ms]
   [Code Root Purge: 0.0 ms]
   [Clear CT: 0.1 ms]
   [Other: 1.6 ms]
      [Choose CSet: 0.0 ms]
      [Ref Proc: 1.4 ms]
      [Ref Enq: 0.0 ms]
      [Redirty Cards: 0.1 ms]
      [Humongous Register: 0.0 ms]
      [Humongous Reclaim: 0.0 ms]
      [Free CSet: 0.1 ms]
   [Eden: 56.0M(56.0M)->0.0B(56.0M) Survivors: 9216.0K->7168.0K Heap: 105.4M(128.0M)->51.5M(128.0M)]
 [Times: user=0.00 sys=0.00, real=0.01 secs] 
2020-11-10T16:25:17.719+0800: 27.203: [GC pause (G1 Evacuation Pause) (young), 0.0098064 secs]
   [Parallel Time: 8.3 ms, GC Workers: 4]
      [GC Worker Start (ms): Min: 27202.9, Avg: 27202.9, Max: 27202.9, Diff: 0.0]
      [Ext Root Scanning (ms): Min: 0.6, Avg: 0.8, Max: 1.3, Diff: 0.7, Sum: 3.1]
      [Update RS (ms): Min: 2.7, Avg: 3.0, Max: 3.3, Diff: 0.5, Sum: 12.1]
         [Processed Buffers: Min: 8, Avg: 10.0, Max: 15, Diff: 7, Sum: 40]
      [Scan RS (ms): Min: 0.0, Avg: 0.0, Max: 0.0, Diff: 0.0, Sum: 0.0]
      [Code Root Scanning (ms): Min: 0.0, Avg: 0.1, Max: 0.2, Diff: 0.2, Sum: 0.3]
      [Object Copy (ms): Min: 4.2, Avg: 4.4, Max: 4.4, Diff: 0.2, Sum: 17.4]
      [Termination (ms): Min: 0.0, Avg: 0.0, Max: 0.0, Diff: 0.0, Sum: 0.0]
         [Termination Attempts: Min: 1, Avg: 1.3, Max: 2, Diff: 1, Sum: 5]
      [GC Worker Other (ms): Min: 0.0, Avg: 0.0, Max: 0.0, Diff: 0.0, Sum: 0.0]
      [GC Worker Total (ms): Min: 8.2, Avg: 8.3, Max: 8.3, Diff: 0.0, Sum: 33.0]
      [GC Worker End (ms): Min: 27211.1, Avg: 27211.1, Max: 27211.2, Diff: 0.0]
   [Code Root Fixup: 0.1 ms]
   [Code Root Purge: 0.0 ms]
   [Clear CT: 0.1 ms]
   [Other: 1.3 ms]
      [Choose CSet: 0.0 ms]
      [Ref Proc: 1.1 ms]
      [Ref Enq: 0.0 ms]
      [Redirty Cards: 0.0 ms]
      [Humongous Register: 0.0 ms]
      [Humongous Reclaim: 0.0 ms]
      [Free CSet: 0.0 ms]
   [Eden: 56.0M(56.0M)->0.0B(55.0M) Survivors: 7168.0K->5120.0K Heap: 107.5M(128.0M)->54.0M(128.0M)]
 [Times: user=0.05 sys=0.00, real=0.01 secs] 
2020-11-10T16:25:18.034+0800: 27.518: [GC pause (G1 Evacuation Pause) (young), 0.0087325 secs]
   [Parallel Time: 7.4 ms, GC Workers: 4]
      [GC Worker Start (ms): Min: 27517.6, Avg: 27517.8, Max: 27518.5, Diff: 0.9]
      [Ext Root Scanning (ms): Min: 0.2, Avg: 0.8, Max: 1.2, Diff: 1.0, Sum: 3.2]
      [Update RS (ms): Min: 2.7, Avg: 2.9, Max: 3.1, Diff: 0.4, Sum: 11.8]
         [Processed Buffers: Min: 6, Avg: 8.3, Max: 14, Diff: 8, Sum: 33]
      [Scan RS (ms): Min: 0.0, Avg: 0.0, Max: 0.0, Diff: 0.0, Sum: 0.0]
      [Code Root Scanning (ms): Min: 0.0, Avg: 0.0, Max: 0.1, Diff: 0.1, Sum: 0.1]
      [Object Copy (ms): Min: 3.2, Avg: 3.3, Max: 3.6, Diff: 0.4, Sum: 13.4]
      [Termination (ms): Min: 0.0, Avg: 0.0, Max: 0.0, Diff: 0.0, Sum: 0.0]
         [Termination Attempts: Min: 1, Avg: 24.8, Max: 43, Diff: 42, Sum: 99]
      [GC Worker Other (ms): Min: 0.0, Avg: 0.0, Max: 0.0, Diff: 0.0, Sum: 0.0]
      [GC Worker Total (ms): Min: 6.5, Avg: 7.1, Max: 7.4, Diff: 0.9, Sum: 28.6]
      [GC Worker End (ms): Min: 27525.0, Avg: 27525.0, Max: 27525.0, Diff: 0.0]
   [Code Root Fixup: 0.1 ms]
   [Code Root Purge: 0.0 ms]
   [Clear CT: 0.1 ms]
   [Other: 1.2 ms]
      [Choose CSet: 0.0 ms]
      [Ref Proc: 1.0 ms]
      [Ref Enq: 0.0 ms]
      [Redirty Cards: 0.1 ms]
      [Humongous Register: 0.0 ms]
      [Humongous Reclaim: 0.0 ms]
      [Free CSet: 0.0 ms]
   [Eden: 55.0M(55.0M)->0.0B(55.0M) Survivors: 5120.0K->5120.0K Heap: 109.0M(128.0M)->54.5M(128.0M)]
 [Times: user=0.00 sys=0.00, real=0.01 secs] 
2020-11-10T16:25:18.196+0800: 27.680: [GC pause (Metadata GC Threshold) (young) (initial-mark), 0.0071356 secs]
   [Parallel Time: 5.9 ms, GC Workers: 4]
      [GC Worker Start (ms): Min: 27679.9, Avg: 27680.2, Max: 27681.3, Diff: 1.4]
      [Ext Root Scanning (ms): Min: 0.2, Avg: 1.2, Max: 1.6, Diff: 1.4, Sum: 4.7]
      [Update RS (ms): Min: 1.0, Avg: 1.2, Max: 1.4, Diff: 0.3, Sum: 4.7]
         [Processed Buffers: Min: 3, Avg: 4.3, Max: 7, Diff: 4, Sum: 17]
      [Scan RS (ms): Min: 0.0, Avg: 0.0, Max: 0.0, Diff: 0.0, Sum: 0.0]
      [Code Root Scanning (ms): Min: 0.0, Avg: 0.0, Max: 0.1, Diff: 0.1, Sum: 0.1]
      [Object Copy (ms): Min: 2.9, Avg: 3.1, Max: 3.3, Diff: 0.4, Sum: 12.3]
      [Termination (ms): Min: 0.0, Avg: 0.0, Max: 0.0, Diff: 0.0, Sum: 0.0]
         [Termination Attempts: Min: 1, Avg: 21.3, Max: 30, Diff: 29, Sum: 85]
      [GC Worker Other (ms): Min: 0.0, Avg: 0.0, Max: 0.0, Diff: 0.0, Sum: 0.0]
      [GC Worker Total (ms): Min: 4.4, Avg: 5.5, Max: 5.8, Diff: 1.4, Sum: 21.9]
      [GC Worker End (ms): Min: 27685.7, Avg: 27685.7, Max: 27685.7, Diff: 0.0]
   [Code Root Fixup: 0.1 ms]
   [Code Root Purge: 0.0 ms]
   [Clear CT: 0.1 ms]
   [Other: 1.0 ms]
      [Choose CSet: 0.0 ms]
      [Ref Proc: 0.8 ms]
      [Ref Enq: 0.0 ms]
      [Redirty Cards: 0.1 ms]
      [Humongous Register: 0.0 ms]
      [Humongous Reclaim: 0.0 ms]
      [Free CSet: 0.0 ms]
   [Eden: 33.0M(55.0M)->0.0B(53.0M) Survivors: 5120.0K->6144.0K Heap: 87.0M(128.0M)->55.0M(128.0M)]
 [Times: user=0.02 sys=0.00, real=0.01 secs] 
2020-11-10T16:25:18.204+0800: 27.687: [GC concurrent-root-region-scan-start]
2020-11-10T16:25:18.211+0800: 27.694: [GC concurrent-root-region-scan-end, 0.0070687 secs]
2020-11-10T16:25:18.211+0800: 27.694: [GC concurrent-mark-start]
2020-11-10T16:25:18.276+0800: 27.759: [GC concurrent-mark-end, 0.0648268 secs]
2020-11-10T16:25:18.276+0800: 27.759: [GC remark 2020-11-10T16:25:18.276+0800: 27.759: [Finalize Marking, 0.0001399 secs] 2020-11-10T16:25:18.276+0800: 27.759: [GC ref-proc, 0.0021054 secs] 2020-11-10T16:25:18.278+0800: 27.761: [Unloading, 0.0080660 secs], 0.0105381 secs]
 [Times: user=0.06 sys=0.00, real=0.01 secs] 
2020-11-10T16:25:18.286+0800: 27.770: [GC cleanup 63M->60M(128M), 0.0003305 secs]
 [Times: user=0.00 sys=0.00, real=0.00 secs] 
2020-11-10T16:25:18.287+0800: 27.770: [GC concurrent-cleanup-start]
2020-11-10T16:25:18.287+0800: 27.770: [GC concurrent-cleanup-end, 0.0000098 secs]
2020-11-10T16:25:18.545+0800: 28.028: [GC pause (G1 Evacuation Pause) (young) (initial-mark), 0.0078501 secs]
   [Parallel Time: 6.4 ms, GC Workers: 4]
      [GC Worker Start (ms): Min: 28028.6, Avg: 28028.6, Max: 28028.6, Diff: 0.0]
      [Ext Root Scanning (ms): Min: 1.3, Avg: 1.4, Max: 1.5, Diff: 0.2, Sum: 5.4]
      [Update RS (ms): Min: 1.2, Avg: 1.2, Max: 1.3, Diff: 0.1, Sum: 5.0]
         [Processed Buffers: Min: 3, Avg: 5.3, Max: 11, Diff: 8, Sum: 21]
      [Scan RS (ms): Min: 0.0, Avg: 0.0, Max: 0.0, Diff: 0.0, Sum: 0.0]
      [Code Root Scanning (ms): Min: 0.0, Avg: 0.0, Max: 0.1, Diff: 0.1, Sum: 0.1]
      [Object Copy (ms): Min: 3.5, Avg: 3.7, Max: 3.7, Diff: 0.2, Sum: 14.6]
      [Termination (ms): Min: 0.0, Avg: 0.0, Max: 0.0, Diff: 0.0, Sum: 0.0]
         [Termination Attempts: Min: 1, Avg: 1.0, Max: 1, Diff: 0, Sum: 4]
      [GC Worker Other (ms): Min: 0.0, Avg: 0.0, Max: 0.0, Diff: 0.0, Sum: 0.1]
      [GC Worker Total (ms): Min: 6.3, Avg: 6.3, Max: 6.3, Diff: 0.0, Sum: 25.3]
      [GC Worker End (ms): Min: 28034.9, Avg: 28034.9, Max: 28034.9, Diff: 0.0]
   [Code Root Fixup: 0.1 ms]
   [Code Root Purge: 0.0 ms]
   [Clear CT: 0.1 ms]
   [Other: 1.3 ms]
      [Choose CSet: 0.0 ms]
      [Ref Proc: 1.1 ms]
      [Ref Enq: 0.0 ms]
      [Redirty Cards: 0.0 ms]
      [Humongous Register: 0.0 ms]
      [Humongous Reclaim: 0.0 ms]
      [Free CSet: 0.0 ms]
   [Eden: 53.0M(53.0M)->0.0B(52.0M) Survivors: 6144.0K->8192.0K Heap: 105.0M(128.0M)->54.5M(128.0M)]
 [Times: user=0.06 sys=0.00, real=0.01 secs] 
2020-11-10T16:25:18.553+0800: 28.036: [GC concurrent-root-region-scan-start]
2020-11-10T16:25:18.562+0800: 28.045: [GC concurrent-root-region-scan-end, 0.0089818 secs]
2020-11-10T16:25:18.562+0800: 28.045: [GC concurrent-mark-start]
2020-11-10T16:25:18.625+0800: 28.108: [GC concurrent-mark-end, 0.0628961 secs]
2020-11-10T16:25:18.625+0800: 28.109: [GC remark 2020-11-10T16:25:18.625+0800: 28.109: [Finalize Marking, 0.0001424 secs] 2020-11-10T16:25:18.625+0800: 28.109: [GC ref-proc, 0.0023951 secs] 2020-11-10T16:25:18.628+0800: 28.111: [Unloading, 0.0083936 secs], 0.0112179 secs]
 [Times: user=0.02 sys=0.00, real=0.01 secs] 
2020-11-10T16:25:18.638+0800: 28.121: [GC cleanup 68M->68M(128M), 0.0004011 secs]
 [Times: user=0.00 sys=0.00, real=0.00 secs] 
2020-11-10T16:25:18.842+0800: 28.325: [GC pause (G1 Evacuation Pause) (young), 0.0089354 secs]
   [Parallel Time: 7.6 ms, GC Workers: 4]
      [GC Worker Start (ms): Min: 28325.0, Avg: 28325.1, Max: 28325.1, Diff: 0.1]
      [Ext Root Scanning (ms): Min: 0.6, Avg: 0.9, Max: 1.6, Diff: 1.0, Sum: 3.5]
      [Update RS (ms): Min: 0.8, Avg: 1.9, Max: 3.0, Diff: 2.1, Sum: 7.5]
         [Processed Buffers: Min: 3, Avg: 5.0, Max: 8, Diff: 5, Sum: 20]
      [Scan RS (ms): Min: 0.0, Avg: 0.0, Max: 0.0, Diff: 0.0, Sum: 0.0]
      [Code Root Scanning (ms): Min: 0.0, Avg: 0.0, Max: 0.1, Diff: 0.1, Sum: 0.1]
      [Object Copy (ms): Min: 3.9, Avg: 4.7, Max: 5.1, Diff: 1.2, Sum: 18.9]
      [Termination (ms): Min: 0.0, Avg: 0.0, Max: 0.0, Diff: 0.0, Sum: 0.0]
         [Termination Attempts: Min: 1, Avg: 2.3, Max: 3, Diff: 2, Sum: 9]
      [GC Worker Other (ms): Min: 0.0, Avg: 0.0, Max: 0.0, Diff: 0.0, Sum: 0.0]
      [GC Worker Total (ms): Min: 7.5, Avg: 7.5, Max: 7.6, Diff: 0.1, Sum: 30.1]
      [GC Worker End (ms): Min: 28332.6, Avg: 28332.6, Max: 28332.6, Diff: 0.0]
   [Code Root Fixup: 0.1 ms]
   [Code Root Purge: 0.0 ms]
   [Clear CT: 0.1 ms]
   [Other: 1.2 ms]
      [Choose CSet: 0.0 ms]
      [Ref Proc: 1.0 ms]
      [Ref Enq: 0.0 ms]
      [Redirty Cards: 0.1 ms]
      [Humongous Register: 0.0 ms]
      [Humongous Reclaim: 0.0 ms]
      [Free CSet: 0.0 ms]
   [Eden: 52.0M(52.0M)->0.0B(1024.0K) Survivors: 8192.0K->6144.0K Heap: 106.5M(128.0M)->54.2M(128.0M)]
 [Times: user=0.05 sys=0.00, real=0.01 secs] 
2020-11-10T16:25:18.866+0800: 28.349: [GC pause (G1 Evacuation Pause) (mixed), 0.0139175 secs]
   [Parallel Time: 12.5 ms, GC Workers: 4]
      [GC Worker Start (ms): Min: 28349.3, Avg: 28349.3, Max: 28349.3, Diff: 0.1]
      [Ext Root Scanning (ms): Min: 0.6, Avg: 0.9, Max: 2.1, Diff: 1.5, Sum: 3.8]
      [Update RS (ms): Min: 1.4, Avg: 2.5, Max: 2.9, Diff: 1.5, Sum: 9.8]
         [Processed Buffers: Min: 4, Avg: 7.5, Max: 11, Diff: 7, Sum: 30]
      [Scan RS (ms): Min: 2.1, Avg: 2.3, Max: 2.3, Diff: 0.2, Sum: 9.0]
      [Code Root Scanning (ms): Min: 0.0, Avg: 0.1, Max: 0.3, Diff: 0.3, Sum: 0.4]
      [Object Copy (ms): Min: 6.6, Avg: 6.7, Max: 6.8, Diff: 0.2, Sum: 26.8]
      [Termination (ms): Min: 0.0, Avg: 0.0, Max: 0.0, Diff: 0.0, Sum: 0.0]
         [Termination Attempts: Min: 1, Avg: 2.8, Max: 5, Diff: 4, Sum: 11]
      [GC Worker Other (ms): Min: 0.0, Avg: 0.0, Max: 0.0, Diff: 0.0, Sum: 0.0]
      [GC Worker Total (ms): Min: 12.4, Avg: 12.5, Max: 12.5, Diff: 0.1, Sum: 49.9]
      [GC Worker End (ms): Min: 28361.8, Avg: 28361.8, Max: 28361.8, Diff: 0.0]
   [Code Root Fixup: 0.1 ms]
   [Code Root Purge: 0.0 ms]
   [Clear CT: 0.1 ms]
   [Other: 1.2 ms]
      [Choose CSet: 0.0 ms]
      [Ref Proc: 0.9 ms]
      [Ref Enq: 0.0 ms]
      [Redirty Cards: 0.0 ms]
      [Humongous Register: 0.0 ms]
      [Humongous Reclaim: 0.0 ms]
      [Free CSet: 0.1 ms]
   [Eden: 1024.0K(1024.0K)->0.0B(5120.0K) Survivors: 6144.0K->1024.0K Heap: 55.2M(128.0M)->50.4M(128.0M)]
 [Times: user=0.05 sys=0.00, real=0.01 secs] 
2020-11-10T16:25:18.919+0800: 28.402: [GC pause (G1 Evacuation Pause) (mixed), 0.0119116 secs]
   [Parallel Time: 10.7 ms, GC Workers: 4]
      [GC Worker Start (ms): Min: 28402.3, Avg: 28402.3, Max: 28402.3, Diff: 0.0]
      [Ext Root Scanning (ms): Min: 0.5, Avg: 0.7, Max: 1.1, Diff: 0.6, Sum: 2.8]
      [Update RS (ms): Min: 2.4, Avg: 2.4, Max: 2.4, Diff: 0.1, Sum: 9.6]
         [Processed Buffers: Min: 7, Avg: 9.0, Max: 12, Diff: 5, Sum: 36]
      [Scan RS (ms): Min: 2.4, Avg: 3.6, Max: 6.6, Diff: 4.2, Sum: 14.5]
      [Code Root Scanning (ms): Min: 0.0, Avg: 0.1, Max: 0.1, Diff: 0.0, Sum: 0.2]
      [Object Copy (ms): Min: 1.0, Avg: 3.9, Max: 4.9, Diff: 3.9, Sum: 15.4]
      [Termination (ms): Min: 0.0, Avg: 0.0, Max: 0.0, Diff: 0.0, Sum: 0.0]
         [Termination Attempts: Min: 1, Avg: 1.0, Max: 1, Diff: 0, Sum: 4]
      [GC Worker Other (ms): Min: 0.0, Avg: 0.0, Max: 0.1, Diff: 0.0, Sum: 0.1]
      [GC Worker Total (ms): Min: 10.7, Avg: 10.7, Max: 10.7, Diff: 0.0, Sum: 42.7]
      [GC Worker End (ms): Min: 28413.0, Avg: 28413.0, Max: 28413.0, Diff: 0.0]
   [Code Root Fixup: 0.1 ms]
   [Code Root Purge: 0.0 ms]
   [Clear CT: 0.1 ms]
   [Other: 1.1 ms]
      [Choose CSet: 0.0 ms]
      [Ref Proc: 0.9 ms]
      [Ref Enq: 0.0 ms]
      [Redirty Cards: 0.0 ms]
      [Humongous Register: 0.0 ms]
      [Humongous Reclaim: 0.0 ms]
      [Free CSet: 0.1 ms]
   [Eden: 5120.0K(5120.0K)->0.0B(63.0M) Survivors: 1024.0K->1024.0K Heap: 55.4M(128.0M)->50.0M(128.0M)]
 [Times: user=0.06 sys=0.00, real=0.01 secs] 
2020-11-10T16:25:19.229+0800: 28.713: [GC pause (G1 Evacuation Pause) (young), 0.0061845 secs]
   [Parallel Time: 5.3 ms, GC Workers: 4]
      [GC Worker Start (ms): Min: 28712.7, Avg: 28712.7, Max: 28712.7, Diff: 0.0]
      [Ext Root Scanning (ms): Min: 0.5, Avg: 0.7, Max: 1.1, Diff: 0.5, Sum: 2.7]
      [Update RS (ms): Min: 2.9, Avg: 3.2, Max: 3.5, Diff: 0.6, Sum: 13.0]
         [Processed Buffers: Min: 9, Avg: 11.3, Max: 16, Diff: 7, Sum: 45]
      [Scan RS (ms): Min: 0.0, Avg: 0.0, Max: 0.0, Diff: 0.0, Sum: 0.1]
      [Code Root Scanning (ms): Min: 0.0, Avg: 0.0, Max: 0.0, Diff: 0.0, Sum: 0.0]
      [Object Copy (ms): Min: 1.0, Avg: 1.1, Max: 1.2, Diff: 0.2, Sum: 4.5]
      [Termination (ms): Min: 0.0, Avg: 0.1, Max: 0.1, Diff: 0.1, Sum: 0.4]
         [Termination Attempts: Min: 1, Avg: 1.3, Max: 2, Diff: 1, Sum: 5]
      [GC Worker Other (ms): Min: 0.0, Avg: 0.0, Max: 0.0, Diff: 0.0, Sum: 0.0]
      [GC Worker Total (ms): Min: 5.1, Avg: 5.2, Max: 5.2, Diff: 0.1, Sum: 20.7]
      [GC Worker End (ms): Min: 28717.8, Avg: 28717.9, Max: 28717.9, Diff: 0.1]
   [Code Root Fixup: 0.0 ms]
   [Code Root Purge: 0.0 ms]
   [Clear CT: 0.1 ms]
   [Other: 0.8 ms]
      [Choose CSet: 0.0 ms]
      [Ref Proc: 0.7 ms]
      [Ref Enq: 0.0 ms]
      [Redirty Cards: 0.1 ms]
      [Humongous Register: 0.0 ms]
      [Humongous Reclaim: 0.0 ms]
      [Free CSet: 0.0 ms]
   [Eden: 63.0M(63.0M)->0.0B(62.0M) Survivors: 1024.0K->2048.0K Heap: 113.0M(128.0M)->50.8M(128.0M)]
 [Times: user=0.01 sys=0.00, real=0.01 secs] 
2020-11-10T16:25:19.539+0800: 29.023: [GC pause (G1 Evacuation Pause) (young), 0.0056222 secs]
   [Parallel Time: 4.4 ms, GC Workers: 4]
      [GC Worker Start (ms): Min: 29023.0, Avg: 29023.0, Max: 29023.1, Diff: 0.1]
      [Ext Root Scanning (ms): Min: 0.6, Avg: 0.7, Max: 1.1, Diff: 0.5, Sum: 2.9]
      [Update RS (ms): Min: 1.3, Avg: 1.4, Max: 1.5, Diff: 0.3, Sum: 5.5]
         [Processed Buffers: Min: 2, Avg: 4.5, Max: 9, Diff: 7, Sum: 18]
      [Scan RS (ms): Min: 0.0, Avg: 0.0, Max: 0.0, Diff: 0.0, Sum: 0.0]
      [Code Root Scanning (ms): Min: 0.0, Avg: 0.0, Max: 0.0, Diff: 0.0, Sum: 0.0]
      [Object Copy (ms): Min: 1.9, Avg: 2.1, Max: 2.2, Diff: 0.4, Sum: 8.4]
      [Termination (ms): Min: 0.0, Avg: 0.1, Max: 0.1, Diff: 0.1, Sum: 0.4]
         [Termination Attempts: Min: 1, Avg: 1.0, Max: 1, Diff: 0, Sum: 4]
      [GC Worker Other (ms): Min: 0.0, Avg: 0.0, Max: 0.0, Diff: 0.0, Sum: 0.1]
      [GC Worker Total (ms): Min: 4.3, Avg: 4.3, Max: 4.3, Diff: 0.1, Sum: 17.2]
      [GC Worker End (ms): Min: 29027.3, Avg: 29027.3, Max: 29027.4, Diff: 0.1]
   [Code Root Fixup: 0.0 ms]
   [Code Root Purge: 0.0 ms]
   [Clear CT: 0.0 ms]
   [Other: 1.1 ms]
      [Choose CSet: 0.0 ms]
      [Ref Proc: 0.9 ms]
      [Ref Enq: 0.0 ms]
      [Redirty Cards: 0.0 ms]
      [Humongous Register: 0.0 ms]
      [Humongous Reclaim: 0.0 ms]
      [Free CSet: 0.0 ms]
   [Eden: 62.0M(62.0M)->0.0B(58.0M) Survivors: 2048.0K->4096.0K Heap: 112.8M(128.0M)->52.6M(128.0M)]
 [Times: user=0.00 sys=0.00, real=0.01 secs] 
2020-11-10T16:25:19.820+0800: 29.303: [GC pause (G1 Evacuation Pause) (young), 0.0070938 secs]
   [Parallel Time: 5.8 ms, GC Workers: 4]
      [GC Worker Start (ms): Min: 29303.5, Avg: 29303.5, Max: 29303.5, Diff: 0.0]
      [Ext Root Scanning (ms): Min: 0.5, Avg: 0.7, Max: 1.2, Diff: 0.6, Sum: 2.9]
      [Update RS (ms): Min: 1.2, Avg: 1.5, Max: 1.7, Diff: 0.5, Sum: 5.9]
         [Processed Buffers: Min: 3, Avg: 4.8, Max: 8, Diff: 5, Sum: 19]
      [Scan RS (ms): Min: 0.0, Avg: 0.0, Max: 0.0, Diff: 0.0, Sum: 0.0]
      [Code Root Scanning (ms): Min: 0.0, Avg: 0.0, Max: 0.0, Diff: 0.0, Sum: 0.0]
      [Object Copy (ms): Min: 3.4, Avg: 3.5, Max: 3.6, Diff: 0.2, Sum: 13.9]
      [Termination (ms): Min: 0.0, Avg: 0.0, Max: 0.0, Diff: 0.0, Sum: 0.0]
         [Termination Attempts: Min: 1, Avg: 1.0, Max: 1, Diff: 0, Sum: 4]
      [GC Worker Other (ms): Min: 0.0, Avg: 0.0, Max: 0.0, Diff: 0.0, Sum: 0.0]
      [GC Worker Total (ms): Min: 5.7, Avg: 5.7, Max: 5.7, Diff: 0.0, Sum: 22.9]
      [GC Worker End (ms): Min: 29309.2, Avg: 29309.2, Max: 29309.2, Diff: 0.0]
   [Code Root Fixup: 0.0 ms]
   [Code Root Purge: 0.0 ms]
   [Clear CT: 0.1 ms]
   [Other: 1.2 ms]
      [Choose CSet: 0.0 ms]
      [Ref Proc: 1.0 ms]
      [Ref Enq: 0.0 ms]
      [Redirty Cards: 0.1 ms]
      [Humongous Register: 0.0 ms]
      [Humongous Reclaim: 0.0 ms]
      [Free CSet: 0.1 ms]
   [Eden: 58.0M(58.0M)->0.0B(54.0M) Survivors: 4096.0K->6144.0K Heap: 110.6M(128.0M)->54.5M(128.0M)]
 [Times: user=0.00 sys=0.00, real=0.01 secs] 
2020-11-10T16:25:20.145+0800: 29.629: [GC pause (G1 Evacuation Pause) (young), 0.0095740 secs]
   [Parallel Time: 7.5 ms, GC Workers: 4]
      [GC Worker Start (ms): Min: 29628.6, Avg: 29628.7, Max: 29629.0, Diff: 0.4]
      [Ext Root Scanning (ms): Min: 0.4, Avg: 0.9, Max: 1.4, Diff: 1.0, Sum: 3.4]
      [Update RS (ms): Min: 1.5, Avg: 1.8, Max: 2.1, Diff: 0.6, Sum: 7.1]
         [Processed Buffers: Min: 4, Avg: 5.8, Max: 8, Diff: 4, Sum: 23]
      [Scan RS (ms): Min: 0.0, Avg: 0.1, Max: 0.2, Diff: 0.2, Sum: 0.2]
      [Code Root Scanning (ms): Min: 0.0, Avg: 0.0, Max: 0.0, Diff: 0.0, Sum: 0.0]
      [Object Copy (ms): Min: 4.5, Avg: 4.6, Max: 4.7, Diff: 0.2, Sum: 18.5]
      [Termination (ms): Min: 0.0, Avg: 0.0, Max: 0.0, Diff: 0.0, Sum: 0.0]
         [Termination Attempts: Min: 1, Avg: 7.8, Max: 15, Diff: 14, Sum: 31]
      [GC Worker Other (ms): Min: 0.0, Avg: 0.0, Max: 0.0, Diff: 0.0, Sum: 0.1]
      [GC Worker Total (ms): Min: 7.0, Avg: 7.3, Max: 7.5, Diff: 0.4, Sum: 29.3]
      [GC Worker End (ms): Min: 29636.1, Avg: 29636.1, Max: 29636.1, Diff: 0.0]
   [Code Root Fixup: 0.0 ms]
   [Code Root Purge: 0.0 ms]
   [Clear CT: 0.1 ms]
   [Other: 2.0 ms]
      [Choose CSet: 0.0 ms]
      [Ref Proc: 1.8 ms]
      [Ref Enq: 0.0 ms]
      [Redirty Cards: 0.1 ms]
      [Humongous Register: 0.0 ms]
      [Humongous Reclaim: 0.0 ms]
      [Free CSet: 0.0 ms]
   [Eden: 54.0M(54.0M)->0.0B(48.0M) Survivors: 6144.0K->8192.0K Heap: 108.5M(128.0M)->58.8M(128.0M)]
 [Times: user=0.00 sys=0.00, real=0.01 secs] 
2020-11-10T16:25:20.385+0800: 29.868: [GC pause (G1 Evacuation Pause) (young), 0.0129372 secs]
   [Parallel Time: 11.3 ms, GC Workers: 4]
      [GC Worker Start (ms): Min: 29868.5, Avg: 29868.6, Max: 29868.9, Diff: 0.4]
      [Ext Root Scanning (ms): Min: 0.6, Avg: 0.9, Max: 1.4, Diff: 0.9, Sum: 3.6]
      [Update RS (ms): Min: 1.7, Avg: 1.9, Max: 2.3, Diff: 0.6, Sum: 7.6]
         [Processed Buffers: Min: 4, Avg: 5.8, Max: 8, Diff: 4, Sum: 23]
      [Scan RS (ms): Min: 0.0, Avg: 0.0, Max: 0.0, Diff: 0.0, Sum: 0.0]
      [Code Root Scanning (ms): Min: 0.0, Avg: 0.0, Max: 0.1, Diff: 0.1, Sum: 0.1]
      [Object Copy (ms): Min: 7.5, Avg: 7.7, Max: 7.9, Diff: 0.4, Sum: 30.9]
      [Termination (ms): Min: 0.0, Avg: 0.3, Max: 0.6, Diff: 0.6, Sum: 1.2]
         [Termination Attempts: Min: 1, Avg: 13.8, Max: 19, Diff: 18, Sum: 55]
      [GC Worker Other (ms): Min: 0.0, Avg: 0.0, Max: 0.0, Diff: 0.0, Sum: 0.0]
      [GC Worker Total (ms): Min: 10.4, Avg: 10.9, Max: 11.2, Diff: 0.9, Sum: 43.5]
      [GC Worker End (ms): Min: 29879.2, Avg: 29879.5, Max: 29879.8, Diff: 0.5]
   [Code Root Fixup: 0.0 ms]
   [Code Root Purge: 0.0 ms]
   [Clear CT: 0.1 ms]
   [Other: 1.5 ms]
      [Choose CSet: 0.0 ms]
      [Ref Proc: 1.3 ms]
      [Ref Enq: 0.1 ms]
      [Redirty Cards: 0.0 ms]
      [Humongous Register: 0.0 ms]
      [Humongous Reclaim: 0.0 ms]
      [Free CSet: 0.0 ms]
   [Eden: 48.0M(48.0M)->0.0B(46.0M) Survivors: 8192.0K->7168.0K Heap: 106.8M(128.0M)->61.9M(128.0M)]
 [Times: user=0.06 sys=0.00, real=0.01 secs] 
2020-11-10T16:25:20.639+0800: 30.122: [GC pause (G1 Evacuation Pause) (young), 0.0121171 secs]
   [Parallel Time: 10.7 ms, GC Workers: 4]
      [GC Worker Start (ms): Min: 30122.2, Avg: 30122.3, Max: 30122.3, Diff: 0.0]
      [Ext Root Scanning (ms): Min: 0.6, Avg: 0.7, Max: 1.2, Diff: 0.7, Sum: 3.0]
      [Update RS (ms): Min: 3.3, Avg: 3.8, Max: 4.1, Diff: 0.8, Sum: 15.2]
         [Processed Buffers: Min: 9, Avg: 11.0, Max: 16, Diff: 7, Sum: 44]
      [Scan RS (ms): Min: 0.0, Avg: 0.0, Max: 0.0, Diff: 0.0, Sum: 0.0]
      [Code Root Scanning (ms): Min: 0.0, Avg: 0.0, Max: 0.1, Diff: 0.1, Sum: 0.1]
      [Object Copy (ms): Min: 6.0, Avg: 6.1, Max: 6.3, Diff: 0.3, Sum: 24.5]
      [Termination (ms): Min: 0.0, Avg: 0.0, Max: 0.0, Diff: 0.0, Sum: 0.0]
         [Termination Attempts: Min: 1, Avg: 2.8, Max: 4, Diff: 3, Sum: 11]
      [GC Worker Other (ms): Min: 0.0, Avg: 0.0, Max: 0.0, Diff: 0.0, Sum: 0.0]
      [GC Worker Total (ms): Min: 10.7, Avg: 10.7, Max: 10.7, Diff: 0.0, Sum: 42.7]
      [GC Worker End (ms): Min: 30132.9, Avg: 30132.9, Max: 30132.9, Diff: 0.0]
   [Code Root Fixup: 0.1 ms]
   [Code Root Purge: 0.0 ms]
   [Clear CT: 0.1 ms]
   [Other: 1.2 ms]
      [Choose CSet: 0.0 ms]
      [Ref Proc: 1.0 ms]
      [Ref Enq: 0.0 ms]
      [Redirty Cards: 0.1 ms]
      [Humongous Register: 0.0 ms]
      [Humongous Reclaim: 0.0 ms]
      [Free CSet: 0.0 ms]
   [Eden: 46.0M(46.0M)->0.0B(45.0M) Survivors: 7168.0K->5120.0K Heap: 107.9M(128.0M)->64.5M(128.0M)]
 [Times: user=0.06 sys=0.00, real=0.01 secs] 
2020-11-10T16:25:22.832+0800: 32.316: [GC pause (G1 Evacuation Pause) (young) (initial-mark), 0.0107994 secs]
   [Parallel Time: 9.4 ms, GC Workers: 4]
      [GC Worker Start (ms): Min: 32316.0, Avg: 32316.0, Max: 32316.1, Diff: 0.1]
      [Ext Root Scanning (ms): Min: 1.5, Avg: 1.9, Max: 2.5, Diff: 0.9, Sum: 7.4]
      [Update RS (ms): Min: 3.1, Avg: 4.1, Max: 4.5, Diff: 1.4, Sum: 16.4]
         [Processed Buffers: Min: 11, Avg: 12.3, Max: 15, Diff: 4, Sum: 49]
      [Scan RS (ms): Min: 0.0, Avg: 0.0, Max: 0.0, Diff: 0.0, Sum: 0.0]
      [Code Root Scanning (ms): Min: 0.0, Avg: 0.0, Max: 0.0, Diff: 0.0, Sum: 0.0]
      [Object Copy (ms): Min: 3.1, Avg: 3.2, Max: 3.5, Diff: 0.5, Sum: 13.0]
      [Termination (ms): Min: 0.0, Avg: 0.0, Max: 0.0, Diff: 0.0, Sum: 0.0]
         [Termination Attempts: Min: 1, Avg: 7.3, Max: 12, Diff: 11, Sum: 29]
      [GC Worker Other (ms): Min: 0.0, Avg: 0.0, Max: 0.0, Diff: 0.0, Sum: 0.1]
      [GC Worker Total (ms): Min: 9.2, Avg: 9.2, Max: 9.3, Diff: 0.1, Sum: 36.9]
      [GC Worker End (ms): Min: 32325.3, Avg: 32325.3, Max: 32325.3, Diff: 0.0]
   [Code Root Fixup: 0.1 ms]
   [Code Root Purge: 0.0 ms]
   [Clear CT: 0.1 ms]
   [Other: 1.2 ms]
      [Choose CSet: 0.0 ms]
      [Ref Proc: 1.0 ms]
      [Ref Enq: 0.0 ms]
      [Redirty Cards: 0.1 ms]
      [Humongous Register: 0.0 ms]
      [Humongous Reclaim: 0.0 ms]
      [Free CSet: 0.1 ms]
   [Eden: 45.0M(45.0M)->0.0B(43.0M) Survivors: 5120.0K->6144.0K Heap: 109.5M(128.0M)->65.5M(128.0M)]
 [Times: user=0.00 sys=0.00, real=0.01 secs] 
2020-11-10T16:25:22.843+0800: 32.327: [GC concurrent-root-region-scan-start]
2020-11-10T16:25:22.852+0800: 32.335: [GC concurrent-root-region-scan-end, 0.0086816 secs]
2020-11-10T16:25:22.852+0800: 32.335: [GC concurrent-mark-start]
2020-11-10T16:25:22.955+0800: 32.439: [GC concurrent-mark-end, 0.1036603 secs]
2020-11-10T16:25:22.956+0800: 32.439: [GC remark 2020-11-10T16:25:22.956+0800: 32.439: [Finalize Marking, 0.0001392 secs] 2020-11-10T16:25:22.956+0800: 32.440: [GC ref-proc, 0.0024971 secs] 2020-11-10T16:25:22.958+0800: 32.442: [Unloading, 0.0091616 secs], 0.0120594 secs]
 [Times: user=0.00 sys=0.00, real=0.01 secs] 
2020-11-10T16:25:22.968+0800: 32.452: [GC cleanup 67M->65M(128M), 0.0004301 secs]
 [Times: user=0.00 sys=0.00, real=0.00 secs] 
2020-11-10T16:25:22.969+0800: 32.452: [GC concurrent-cleanup-start]
2020-11-10T16:25:22.969+0800: 32.452: [GC concurrent-cleanup-end, 0.0000111 secs]
2020-11-10T16:25:25.363+0800: 34.846: [GC pause (G1 Evacuation Pause) (young), 0.0090852 secs]
   [Parallel Time: 7.4 ms, GC Workers: 4]
      [GC Worker Start (ms): Min: 34846.5, Avg: 34846.5, Max: 34846.5, Diff: 0.0]
      [Ext Root Scanning (ms): Min: 0.7, Avg: 0.9, Max: 1.3, Diff: 0.6, Sum: 3.6]
      [Update RS (ms): Min: 1.4, Avg: 1.8, Max: 2.1, Diff: 0.7, Sum: 7.4]
         [Processed Buffers: Min: 4, Avg: 11.8, Max: 33, Diff: 29, Sum: 47]
      [Scan RS (ms): Min: 0.0, Avg: 0.0, Max: 0.0, Diff: 0.0, Sum: 0.0]
      [Code Root Scanning (ms): Min: 0.0, Avg: 0.2, Max: 0.9, Diff: 0.9, Sum: 1.0]
      [Object Copy (ms): Min: 3.8, Avg: 4.2, Max: 4.4, Diff: 0.6, Sum: 16.9]
      [Termination (ms): Min: 0.0, Avg: 0.1, Max: 0.1, Diff: 0.1, Sum: 0.3]
         [Termination Attempts: Min: 1, Avg: 2.3, Max: 3, Diff: 2, Sum: 9]
      [GC Worker Other (ms): Min: 0.0, Avg: 0.0, Max: 0.0, Diff: 0.0, Sum: 0.0]
      [GC Worker Total (ms): Min: 7.2, Avg: 7.3, Max: 7.3, Diff: 0.1, Sum: 29.2]
      [GC Worker End (ms): Min: 34853.7, Avg: 34853.8, Max: 34853.8, Diff: 0.1]
   [Code Root Fixup: 0.0 ms]
   [Code Root Purge: 0.0 ms]
   [Clear CT: 0.1 ms]
   [Other: 1.6 ms]
      [Choose CSet: 0.0 ms]
      [Ref Proc: 1.4 ms]
      [Ref Enq: 0.0 ms]
      [Redirty Cards: 0.1 ms]
      [Humongous Register: 0.0 ms]
      [Humongous Reclaim: 0.0 ms]
      [Free CSet: 0.0 ms]
   [Eden: 43.0M(43.0M)->0.0B(1024.0K) Survivors: 6144.0K->7168.0K Heap: 106.5M(128.0M)->66.7M(128.0M)]
 [Times: user=0.00 sys=0.00, real=0.01 secs] 
2020-11-10T16:25:25.391+0800: 34.874: [GC pause (G1 Evacuation Pause) (mixed), 0.0153989 secs]
   [Parallel Time: 13.9 ms, GC Workers: 4]
      [GC Worker Start (ms): Min: 34874.4, Avg: 34874.4, Max: 34874.4, Diff: 0.0]
      [Ext Root Scanning (ms): Min: 0.8, Avg: 2.1, Max: 5.1, Diff: 4.3, Sum: 8.3]
      [Update RS (ms): Min: 0.0, Avg: 2.9, Max: 4.0, Diff: 4.0, Sum: 11.7]
         [Processed Buffers: Min: 0, Avg: 7.8, Max: 16, Diff: 16, Sum: 31]
      [Scan RS (ms): Min: 1.7, Avg: 1.9, Max: 2.0, Diff: 0.3, Sum: 7.5]
      [Code Root Scanning (ms): Min: 0.0, Avg: 0.0, Max: 0.2, Diff: 0.2, Sum: 0.2]
      [Object Copy (ms): Min: 6.8, Avg: 6.9, Max: 7.0, Diff: 0.2, Sum: 27.5]
      [Termination (ms): Min: 0.0, Avg: 0.0, Max: 0.0, Diff: 0.0, Sum: 0.0]
         [Termination Attempts: Min: 1, Avg: 12.8, Max: 23, Diff: 22, Sum: 51]
      [GC Worker Other (ms): Min: 0.0, Avg: 0.0, Max: 0.0, Diff: 0.0, Sum: 0.0]
      [GC Worker Total (ms): Min: 13.8, Avg: 13.8, Max: 13.8, Diff: 0.0, Sum: 55.3]
      [GC Worker End (ms): Min: 34888.2, Avg: 34888.2, Max: 34888.2, Diff: 0.0]
   [Code Root Fixup: 0.1 ms]
   [Code Root Purge: 0.0 ms]
   [Clear CT: 0.1 ms]
   [Other: 1.4 ms]
      [Choose CSet: 0.0 ms]
      [Ref Proc: 1.1 ms]
      [Ref Enq: 0.0 ms]
      [Redirty Cards: 0.1 ms]
      [Humongous Register: 0.0 ms]
      [Humongous Reclaim: 0.0 ms]
      [Free CSet: 0.1 ms]
   [Eden: 1024.0K(1024.0K)->0.0B(5120.0K) Survivors: 7168.0K->1024.0K Heap: 67.7M(128.0M)->63.7M(128.0M)]
 [Times: user=0.06 sys=0.00, real=0.02 secs] 
2020-11-10T16:25:25.463+0800: 34.946: [GC pause (G1 Evacuation Pause) (mixed), 0.0170570 secs]
   [Parallel Time: 15.2 ms, GC Workers: 4]
      [GC Worker Start (ms): Min: 34946.4, Avg: 34946.4, Max: 34946.4, Diff: 0.0]
      [Ext Root Scanning (ms): Min: 0.6, Avg: 0.9, Max: 1.7, Diff: 1.1, Sum: 3.5]
      [Update RS (ms): Min: 3.7, Avg: 4.4, Max: 4.7, Diff: 1.0, Sum: 17.7]
         [Processed Buffers: Min: 11, Avg: 14.5, Max: 22, Diff: 11, Sum: 58]
      [Scan RS (ms): Min: 3.4, Avg: 3.4, Max: 3.5, Diff: 0.1, Sum: 13.8]
      [Code Root Scanning (ms): Min: 0.1, Avg: 0.2, Max: 0.2, Diff: 0.1, Sum: 0.7]
      [Object Copy (ms): Min: 6.2, Avg: 6.3, Max: 6.3, Diff: 0.2, Sum: 25.0]
      [Termination (ms): Min: 0.0, Avg: 0.0, Max: 0.0, Diff: 0.0, Sum: 0.0]
         [Termination Attempts: Min: 1, Avg: 9.5, Max: 13, Diff: 12, Sum: 38]
      [GC Worker Other (ms): Min: 0.0, Avg: 0.0, Max: 0.0, Diff: 0.0, Sum: 0.1]
      [GC Worker Total (ms): Min: 15.2, Avg: 15.2, Max: 15.2, Diff: 0.0, Sum: 60.7]
      [GC Worker End (ms): Min: 34961.5, Avg: 34961.5, Max: 34961.5, Diff: 0.0]
   [Code Root Fixup: 0.2 ms]
   [Code Root Purge: 0.0 ms]
   [Clear CT: 0.2 ms]
   [Other: 1.5 ms]
      [Choose CSet: 0.1 ms]
      [Ref Proc: 1.2 ms]
      [Ref Enq: 0.0 ms]
      [Redirty Cards: 0.1 ms]
      [Humongous Register: 0.0 ms]
      [Humongous Reclaim: 0.0 ms]
      [Free CSet: 0.1 ms]
   [Eden: 5120.0K(5120.0K)->0.0B(50.0M) Survivors: 1024.0K->1024.0K Heap: 68.7M(128.0M)->62.0M(128.0M)]
 [Times: user=0.06 sys=0.00, real=0.02 secs] 
2020-11-10T16:25:45.331+0800: 54.814: [GC pause (G1 Evacuation Pause) (young), 0.0112869 secs]
   [Parallel Time: 9.7 ms, GC Workers: 4]
      [GC Worker Start (ms): Min: 54814.2, Avg: 54814.3, Max: 54814.3, Diff: 0.0]
      [Ext Root Scanning (ms): Min: 1.5, Avg: 2.2, Max: 4.1, Diff: 2.7, Sum: 8.7]
      [Update RS (ms): Min: 4.0, Avg: 6.0, Max: 6.7, Diff: 2.7, Sum: 23.9]
         [Processed Buffers: Min: 13, Avg: 24.5, Max: 41, Diff: 28, Sum: 98]
      [Scan RS (ms): Min: 0.0, Avg: 0.0, Max: 0.1, Diff: 0.1, Sum: 0.2]
      [Code Root Scanning (ms): Min: 0.0, Avg: 0.4, Max: 1.1, Diff: 1.1, Sum: 1.5]
      [Object Copy (ms): Min: 0.1, Avg: 0.8, Max: 1.1, Diff: 1.0, Sum: 3.4]
      [Termination (ms): Min: 0.0, Avg: 0.2, Max: 0.3, Diff: 0.3, Sum: 0.8]
         [Termination Attempts: Min: 1, Avg: 2.5, Max: 4, Diff: 3, Sum: 10]
      [GC Worker Other (ms): Min: 0.0, Avg: 0.0, Max: 0.0, Diff: 0.0, Sum: 0.0]
      [GC Worker Total (ms): Min: 9.4, Avg: 9.6, Max: 9.7, Diff: 0.3, Sum: 38.4]
      [GC Worker End (ms): Min: 54823.7, Avg: 54823.8, Max: 54823.9, Diff: 0.2]
   [Code Root Fixup: 0.0 ms]
   [Code Root Purge: 0.0 ms]
   [Clear CT: 0.1 ms]
   [Other: 1.4 ms]
      [Choose CSet: 0.0 ms]
      [Ref Proc: 1.2 ms]
      [Ref Enq: 0.0 ms]
      [Redirty Cards: 0.1 ms]
      [Humongous Register: 0.0 ms]
      [Humongous Reclaim: 0.0 ms]
      [Free CSet: 0.0 ms]
   [Eden: 50.0M(50.0M)->0.0B(50.0M) Survivors: 1024.0K->2048.0K Heap: 112.0M(128.0M)->62.9M(128.0M)]
 [Times: user=0.00 sys=0.00, real=0.01 secs] 
2020-11-10T16:26:43.743+0800: 113.227: [GC pause (G1 Evacuation Pause) (young) (initial-mark), 0.0068740 secs]
   [Parallel Time: 4.8 ms, GC Workers: 4]
      [GC Worker Start (ms): Min: 113227.0, Avg: 113227.0, Max: 113227.1, Diff: 0.1]
      [Ext Root Scanning (ms): Min: 2.0, Avg: 2.3, Max: 2.8, Diff: 0.8, Sum: 9.1]
      [Update RS (ms): Min: 0.4, Avg: 1.1, Max: 1.4, Diff: 1.0, Sum: 4.3]
         [Processed Buffers: Min: 5, Avg: 12.8, Max: 28, Diff: 23, Sum: 51]
      [Scan RS (ms): Min: 0.0, Avg: 0.0, Max: 0.0, Diff: 0.0, Sum: 0.0]
      [Code Root Scanning (ms): Min: 0.0, Avg: 0.1, Max: 0.1, Diff: 0.1, Sum: 0.3]
      [Object Copy (ms): Min: 0.9, Avg: 1.0, Max: 1.1, Diff: 0.2, Sum: 4.2]
      [Termination (ms): Min: 0.0, Avg: 0.0, Max: 0.0, Diff: 0.0, Sum: 0.0]
         [Termination Attempts: Min: 1, Avg: 1.8, Max: 3, Diff: 2, Sum: 7]
      [GC Worker Other (ms): Min: 0.0, Avg: 0.0, Max: 0.0, Diff: 0.0, Sum: 0.0]
      [GC Worker Total (ms): Min: 4.4, Avg: 4.5, Max: 4.5, Diff: 0.1, Sum: 17.9]
      [GC Worker End (ms): Min: 113231.5, Avg: 113231.5, Max: 113231.5, Diff: 0.0]
   [Code Root Fixup: 0.1 ms]
   [Code Root Purge: 0.0 ms]
   [Clear CT: 0.3 ms]
   [Other: 1.7 ms]
      [Choose CSet: 0.0 ms]
      [Ref Proc: 1.1 ms]
      [Ref Enq: 0.0 ms]
      [Redirty Cards: 0.3 ms]
      [Humongous Register: 0.0 ms]
      [Humongous Reclaim: 0.0 ms]
      [Free CSet: 0.0 ms]
   [Eden: 50.0M(50.0M)->0.0B(48.0M) Survivors: 2048.0K->3072.0K Heap: 112.9M(128.0M)->63.9M(128.0M)]
 [Times: user=0.00 sys=0.00, real=0.01 secs] 
2020-11-10T16:26:43.751+0800: 113.234: [GC concurrent-root-region-scan-start]
2020-11-10T16:26:43.754+0800: 113.237: [GC concurrent-root-region-scan-end, 0.0032916 secs]
2020-11-10T16:26:43.754+0800: 113.237: [GC concurrent-mark-start]
2020-11-10T16:26:43.831+0800: 113.314: [GC concurrent-mark-end, 0.0769539 secs]
2020-11-10T16:26:43.831+0800: 113.314: [GC remark 2020-11-10T16:26:43.831+0800: 113.314: [Finalize Marking, 0.0003353 secs] 2020-11-10T16:26:43.832+0800: 113.315: [GC ref-proc, 0.0066019 secs] 2020-11-10T16:26:43.838+0800: 113.321: [Unloading, 0.0121152 secs], 0.0193940 secs]
 [Times: user=0.06 sys=0.00, real=0.02 secs] 
2020-11-10T16:26:43.851+0800: 113.334: [GC cleanup 64M->60M(128M), 0.0012637 secs]
 [Times: user=0.00 sys=0.00, real=0.00 secs] 
2020-11-10T16:26:43.852+0800: 113.336: [GC concurrent-cleanup-start]
2020-11-10T16:26:43.852+0800: 113.336: [GC concurrent-cleanup-end, 0.0000373 secs]
2020-11-10T16:26:56.418+0800: 125.902: [GC pause (G1 Evacuation Pause) (young), 0.0066385 secs]
   [Parallel Time: 4.2 ms, GC Workers: 4]
      [GC Worker Start (ms): Min: 125901.7, Avg: 125901.7, Max: 125901.7, Diff: 0.0]
      [Ext Root Scanning (ms): Min: 0.8, Avg: 1.2, Max: 1.6, Diff: 0.8, Sum: 4.7]
      [Update RS (ms): Min: 1.3, Avg: 1.7, Max: 2.0, Diff: 0.8, Sum: 6.8]
         [Processed Buffers: Min: 6, Avg: 14.0, Max: 23, Diff: 17, Sum: 56]
      [Scan RS (ms): Min: 0.0, Avg: 0.0, Max: 0.0, Diff: 0.0, Sum: 0.0]
      [Code Root Scanning (ms): Min: 0.0, Avg: 0.1, Max: 0.2, Diff: 0.2, Sum: 0.2]
      [Object Copy (ms): Min: 1.1, Avg: 1.1, Max: 1.2, Diff: 0.1, Sum: 4.6]
      [Termination (ms): Min: 0.0, Avg: 0.0, Max: 0.0, Diff: 0.0, Sum: 0.0]
         [Termination Attempts: Min: 1, Avg: 1.3, Max: 2, Diff: 1, Sum: 5]
      [GC Worker Other (ms): Min: 0.0, Avg: 0.0, Max: 0.0, Diff: 0.0, Sum: 0.1]
      [GC Worker Total (ms): Min: 4.1, Avg: 4.1, Max: 4.1, Diff: 0.0, Sum: 16.4]
      [GC Worker End (ms): Min: 125905.8, Avg: 125905.8, Max: 125905.8, Diff: 0.0]
   [Code Root Fixup: 0.2 ms]
   [Code Root Purge: 0.0 ms]
   [Clear CT: 0.3 ms]
   [Other: 2.0 ms]
      [Choose CSet: 0.0 ms]
      [Ref Proc: 1.3 ms]
      [Ref Enq: 0.0 ms]
      [Redirty Cards: 0.5 ms]
      [Humongous Register: 0.0 ms]
      [Humongous Reclaim: 0.0 ms]
      [Free CSet: 0.0 ms]
   [Eden: 48.0M(48.0M)->0.0B(1024.0K) Survivors: 3072.0K->5120.0K Heap: 107.9M(128.0M)->61.5M(128.0M)]
 [Times: user=0.06 sys=0.00, real=0.01 secs] 
2020-11-10T16:26:56.449+0800: 125.932: [GC pause (G1 Evacuation Pause) (mixed), 0.0086347 secs]
   [Parallel Time: 7.1 ms, GC Workers: 4]
      [GC Worker Start (ms): Min: 125932.2, Avg: 125932.3, Max: 125932.3, Diff: 0.1]
      [Ext Root Scanning (ms): Min: 0.6, Avg: 0.9, Max: 1.4, Diff: 0.8, Sum: 3.4]
      [Update RS (ms): Min: 0.4, Avg: 0.9, Max: 1.1, Diff: 0.7, Sum: 3.4]
         [Processed Buffers: Min: 1, Avg: 3.8, Max: 7, Diff: 6, Sum: 15]
      [Scan RS (ms): Min: 1.1, Avg: 1.2, Max: 1.3, Diff: 0.2, Sum: 5.0]
      [Code Root Scanning (ms): Min: 0.0, Avg: 0.1, Max: 0.2, Diff: 0.2, Sum: 0.2]
      [Object Copy (ms): Min: 3.8, Avg: 3.9, Max: 3.9, Diff: 0.1, Sum: 15.6]
      [Termination (ms): Min: 0.0, Avg: 0.1, Max: 0.1, Diff: 0.1, Sum: 0.3]
         [Termination Attempts: Min: 1, Avg: 1.3, Max: 2, Diff: 1, Sum: 5]
      [GC Worker Other (ms): Min: 0.0, Avg: 0.0, Max: 0.0, Diff: 0.0, Sum: 0.0]
      [GC Worker Total (ms): Min: 6.9, Avg: 7.0, Max: 7.1, Diff: 0.2, Sum: 28.0]
      [GC Worker End (ms): Min: 125939.2, Avg: 125939.3, Max: 125939.3, Diff: 0.1]
   [Code Root Fixup: 0.1 ms]
   [Code Root Purge: 0.0 ms]
   [Clear CT: 0.1 ms]
   [Other: 1.3 ms]
      [Choose CSet: 0.0 ms]
      [Ref Proc: 1.0 ms]
      [Ref Enq: 0.0 ms]
      [Redirty Cards: 0.1 ms]
      [Humongous Register: 0.0 ms]
      [Humongous Reclaim: 0.0 ms]
      [Free CSet: 0.2 ms]
   [Eden: 1024.0K(1024.0K)->0.0B(5120.0K) Survivors: 5120.0K->1024.0K Heap: 62.5M(128.0M)->51.2M(128.0M)]
 [Times: user=0.06 sys=0.00, real=0.01 secs] 
2020-11-10T16:26:56.832+0800: 126.315: [GC pause (G1 Evacuation Pause) (mixed), 0.0157840 secs]
   [Parallel Time: 14.1 ms, GC Workers: 4]
      [GC Worker Start (ms): Min: 126315.4, Avg: 126315.4, Max: 126315.4, Diff: 0.0]
      [Ext Root Scanning (ms): Min: 0.6, Avg: 0.9, Max: 1.4, Diff: 0.7, Sum: 3.4]
      [Update RS (ms): Min: 4.6, Avg: 4.9, Max: 5.1, Diff: 0.6, Sum: 19.7]
         [Processed Buffers: Min: 10, Avg: 14.5, Max: 19, Diff: 9, Sum: 58]
      [Scan RS (ms): Min: 2.1, Avg: 2.3, Max: 2.4, Diff: 0.3, Sum: 9.0]
      [Code Root Scanning (ms): Min: 0.0, Avg: 0.1, Max: 0.3, Diff: 0.3, Sum: 0.5]
      [Object Copy (ms): Min: 5.4, Avg: 5.5, Max: 5.7, Diff: 0.3, Sum: 22.1]
      [Termination (ms): Min: 0.0, Avg: 0.3, Max: 0.4, Diff: 0.4, Sum: 1.1]
         [Termination Attempts: Min: 1, Avg: 5.5, Max: 10, Diff: 9, Sum: 22]
      [GC Worker Other (ms): Min: 0.0, Avg: 0.0, Max: 0.0, Diff: 0.0, Sum: 0.0]
      [GC Worker Total (ms): Min: 13.7, Avg: 14.0, Max: 14.1, Diff: 0.4, Sum: 55.9]
      [GC Worker End (ms): Min: 126329.1, Avg: 126329.4, Max: 126329.5, Diff: 0.4]
   [Code Root Fixup: 0.1 ms]
   [Code Root Purge: 0.0 ms]
   [Clear CT: 0.1 ms]
   [Other: 1.4 ms]
      [Choose CSet: 0.1 ms]
      [Ref Proc: 1.0 ms]
      [Ref Enq: 0.0 ms]
      [Redirty Cards: 0.0 ms]
      [Humongous Register: 0.0 ms]
      [Humongous Reclaim: 0.0 ms]
      [Free CSet: 0.2 ms]
   [Eden: 5120.0K(5120.0K)->0.0B(5120.0K) Survivors: 1024.0K->1024.0K Heap: 56.2M(128.0M)->46.7M(128.0M)]
 [Times: user=0.06 sys=0.00, real=0.02 secs] 
2020-11-10T16:26:57.283+0800: 126.766: [GC pause (G1 Evacuation Pause) (mixed), 0.0177861 secs]
   [Parallel Time: 16.1 ms, GC Workers: 4]
      [GC Worker Start (ms): Min: 126766.3, Avg: 126766.4, Max: 126766.5, Diff: 0.1]
      [Ext Root Scanning (ms): Min: 0.6, Avg: 0.9, Max: 1.5, Diff: 0.9, Sum: 3.5]
      [Update RS (ms): Min: 6.7, Avg: 7.1, Max: 7.3, Diff: 0.6, Sum: 28.3]
         [Processed Buffers: Min: 20, Avg: 21.0, Max: 22, Diff: 2, Sum: 84]
      [Scan RS (ms): Min: 2.9, Avg: 2.9, Max: 3.0, Diff: 0.1, Sum: 11.7]
      [Code Root Scanning (ms): Min: 0.1, Avg: 0.2, Max: 0.3, Diff: 0.3, Sum: 0.9]
      [Object Copy (ms): Min: 4.7, Avg: 4.9, Max: 5.0, Diff: 0.2, Sum: 19.4]
      [Termination (ms): Min: 0.0, Avg: 0.0, Max: 0.0, Diff: 0.0, Sum: 0.0]
         [Termination Attempts: Min: 1, Avg: 1.0, Max: 1, Diff: 0, Sum: 4]
      [GC Worker Other (ms): Min: 0.0, Avg: 0.0, Max: 0.0, Diff: 0.0, Sum: 0.0]
      [GC Worker Total (ms): Min: 15.9, Avg: 16.0, Max: 16.0, Diff: 0.1, Sum: 63.8]
      [GC Worker End (ms): Min: 126782.3, Avg: 126782.4, Max: 126782.4, Diff: 0.0]
   [Code Root Fixup: 0.2 ms]
   [Code Root Purge: 0.0 ms]
   [Clear CT: 0.1 ms]
   [Other: 1.4 ms]
      [Choose CSet: 0.0 ms]
      [Ref Proc: 1.0 ms]
      [Ref Enq: 0.0 ms]
      [Redirty Cards: 0.1 ms]
      [Humongous Register: 0.0 ms]
      [Humongous Reclaim: 0.0 ms]
      [Free CSet: 0.1 ms]
   [Eden: 5120.0K(5120.0K)->0.0B(69.0M) Survivors: 1024.0K->1024.0K Heap: 51.7M(128.0M)->42.7M(128.0M)]
 [Times: user=0.05 sys=0.00, real=0.02 secs] 
2020-11-10T16:27:01.523+0800: 131.007: [GC pause (G1 Evacuation Pause) (young), 0.0113762 secs]
   [Parallel Time: 10.0 ms, GC Workers: 4]
      [GC Worker Start (ms): Min: 131006.9, Avg: 131007.0, Max: 131007.0, Diff: 0.1]
      [Ext Root Scanning (ms): Min: 0.6, Avg: 0.8, Max: 1.2, Diff: 0.6, Sum: 3.2]
      [Update RS (ms): Min: 8.5, Avg: 8.7, Max: 8.8, Diff: 0.3, Sum: 34.9]
         [Processed Buffers: Min: 22, Avg: 30.0, Max: 37, Diff: 15, Sum: 120]
      [Scan RS (ms): Min: 0.0, Avg: 0.0, Max: 0.0, Diff: 0.0, Sum: 0.0]
      [Code Root Scanning (ms): Min: 0.0, Avg: 0.0, Max: 0.0, Diff: 0.0, Sum: 0.0]
      [Object Copy (ms): Min: 0.2, Avg: 0.3, Max: 0.4, Diff: 0.2, Sum: 1.3]
      [Termination (ms): Min: 0.0, Avg: 0.0, Max: 0.0, Diff: 0.0, Sum: 0.0]
         [Termination Attempts: Min: 1, Avg: 1.0, Max: 1, Diff: 0, Sum: 4]
      [GC Worker Other (ms): Min: 0.0, Avg: 0.0, Max: 0.0, Diff: 0.0, Sum: 0.1]
      [GC Worker Total (ms): Min: 9.8, Avg: 9.9, Max: 10.0, Diff: 0.1, Sum: 39.6]
      [GC Worker End (ms): Min: 131016.9, Avg: 131016.9, Max: 131016.9, Diff: 0.0]
   [Code Root Fixup: 0.0 ms]
   [Code Root Purge: 0.0 ms]
   [Clear CT: 0.1 ms]
   [Other: 1.3 ms]
      [Choose CSet: 0.0 ms]
      [Ref Proc: 1.0 ms]
      [Ref Enq: 0.0 ms]
      [Redirty Cards: 0.1 ms]
      [Humongous Register: 0.0 ms]
      [Humongous Reclaim: 0.0 ms]
      [Free CSet: 0.0 ms]
   [Eden: 69.0M(69.0M)->0.0B(69.0M) Survivors: 1024.0K->1024.0K Heap: 111.7M(128.0M)->43.3M(128.0M)]
 [Times: user=0.06 sys=0.00, real=0.01 secs] 
2020-11-10T16:27:07.473+0800: 136.957: [GC pause (G1 Evacuation Pause) (young), 0.0026851 secs]
   [Parallel Time: 1.5 ms, GC Workers: 4]
      [GC Worker Start (ms): Min: 136956.7, Avg: 136956.8, Max: 136956.8, Diff: 0.1]
      [Ext Root Scanning (ms): Min: 0.6, Avg: 0.7, Max: 1.1, Diff: 0.6, Sum: 2.9]
      [Update RS (ms): Min: 0.0, Avg: 0.3, Max: 0.4, Diff: 0.4, Sum: 1.4]
         [Processed Buffers: Min: 2, Avg: 11.0, Max: 23, Diff: 21, Sum: 44]
      [Scan RS (ms): Min: 0.0, Avg: 0.0, Max: 0.0, Diff: 0.0, Sum: 0.0]
      [Code Root Scanning (ms): Min: 0.0, Avg: 0.0, Max: 0.0, Diff: 0.0, Sum: 0.1]
      [Object Copy (ms): Min: 0.2, Avg: 0.3, Max: 0.3, Diff: 0.1, Sum: 1.1]
      [Termination (ms): Min: 0.0, Avg: 0.0, Max: 0.0, Diff: 0.0, Sum: 0.0]
         [Termination Attempts: Min: 1, Avg: 1.3, Max: 2, Diff: 1, Sum: 5]
      [GC Worker Other (ms): Min: 0.0, Avg: 0.0, Max: 0.0, Diff: 0.0, Sum: 0.0]
      [GC Worker Total (ms): Min: 1.3, Avg: 1.4, Max: 1.4, Diff: 0.1, Sum: 5.5]
      [GC Worker End (ms): Min: 136958.2, Avg: 136958.2, Max: 136958.2, Diff: 0.0]
   [Code Root Fixup: 0.0 ms]
   [Code Root Purge: 0.0 ms]
   [Clear CT: 0.3 ms]
   [Other: 0.9 ms]
      [Choose CSet: 0.0 ms]
      [Ref Proc: 0.7 ms]
      [Ref Enq: 0.0 ms]
      [Redirty Cards: 0.1 ms]
      [Humongous Register: 0.0 ms]
      [Humongous Reclaim: 0.0 ms]
      [Free CSet: 0.0 ms]
   [Eden: 69.0M(69.0M)->0.0B(69.0M) Survivors: 1024.0K->1024.0K Heap: 112.3M(128.0M)->43.1M(128.0M)]
 [Times: user=0.00 sys=0.00, real=0.00 secs] 
2020-11-10T16:27:13.585+0800: 143.069: [GC pause (G1 Evacuation Pause) (young), 0.0034077 secs]
   [Parallel Time: 2.0 ms, GC Workers: 4]
      [GC Worker Start (ms): Min: 143069.0, Avg: 143069.5, Max: 143070.8, Diff: 1.8]
      [Ext Root Scanning (ms): Min: 0.0, Avg: 0.9, Max: 1.3, Diff: 1.3, Sum: 3.6]
      [Update RS (ms): Min: 0.0, Avg: 0.3, Max: 0.5, Diff: 0.5, Sum: 1.3]
         [Processed Buffers: Min: 0, Avg: 8.8, Max: 25, Diff: 25, Sum: 35]
      [Scan RS (ms): Min: 0.0, Avg: 0.0, Max: 0.0, Diff: 0.0, Sum: 0.0]
      [Code Root Scanning (ms): Min: 0.0, Avg: 0.0, Max: 0.0, Diff: 0.0, Sum: 0.0]
      [Object Copy (ms): Min: 0.2, Avg: 0.3, Max: 0.4, Diff: 0.2, Sum: 1.2]
      [Termination (ms): Min: 0.0, Avg: 0.0, Max: 0.0, Diff: 0.0, Sum: 0.0]
         [Termination Attempts: Min: 1, Avg: 1.0, Max: 1, Diff: 0, Sum: 4]
      [GC Worker Other (ms): Min: 0.0, Avg: 0.0, Max: 0.0, Diff: 0.0, Sum: 0.0]
      [GC Worker Total (ms): Min: 0.2, Avg: 1.6, Max: 2.0, Diff: 1.8, Sum: 6.2]
      [GC Worker End (ms): Min: 143071.0, Avg: 143071.0, Max: 143071.0, Diff: 0.0]
   [Code Root Fixup: 0.0 ms]
   [Code Root Purge: 0.0 ms]
   [Clear CT: 0.4 ms]
   [Other: 1.0 ms]
      [Choose CSet: 0.0 ms]
      [Ref Proc: 0.8 ms]
      [Ref Enq: 0.0 ms]
      [Redirty Cards: 0.1 ms]
      [Humongous Register: 0.0 ms]
      [Humongous Reclaim: 0.0 ms]
      [Free CSet: 0.0 ms]
   [Eden: 69.0M(69.0M)->0.0B(69.0M) Survivors: 1024.0K->1024.0K Heap: 112.1M(128.0M)->43.2M(128.0M)]
 [Times: user=0.00 sys=0.00, real=0.00 secs] 
2020-11-10T16:27:18.751+0800: 148.235: [GC pause (G1 Evacuation Pause) (young), 0.0023446 secs]
   [Parallel Time: 1.5 ms, GC Workers: 4]
      [GC Worker Start (ms): Min: 148234.8, Avg: 148234.8, Max: 148234.8, Diff: 0.0]
      [Ext Root Scanning (ms): Min: 0.6, Avg: 0.8, Max: 1.3, Diff: 0.7, Sum: 3.2]
      [Update RS (ms): Min: 0.0, Avg: 0.3, Max: 0.4, Diff: 0.4, Sum: 1.3]
         [Processed Buffers: Min: 0, Avg: 8.3, Max: 22, Diff: 22, Sum: 33]
      [Scan RS (ms): Min: 0.0, Avg: 0.0, Max: 0.0, Diff: 0.0, Sum: 0.0]
      [Code Root Scanning (ms): Min: 0.0, Avg: 0.0, Max: 0.0, Diff: 0.0, Sum: 0.0]
      [Object Copy (ms): Min: 0.2, Avg: 0.3, Max: 0.3, Diff: 0.2, Sum: 1.2]
      [Termination (ms): Min: 0.0, Avg: 0.0, Max: 0.0, Diff: 0.0, Sum: 0.0]
         [Termination Attempts: Min: 1, Avg: 1.3, Max: 2, Diff: 1, Sum: 5]
      [GC Worker Other (ms): Min: 0.0, Avg: 0.0, Max: 0.0, Diff: 0.0, Sum: 0.0]
      [GC Worker Total (ms): Min: 1.4, Avg: 1.4, Max: 1.4, Diff: 0.0, Sum: 5.7]
      [GC Worker End (ms): Min: 148236.3, Avg: 148236.3, Max: 148236.3, Diff: 0.0]
   [Code Root Fixup: 0.0 ms]
   [Code Root Purge: 0.0 ms]
   [Clear CT: 0.1 ms]
   [Other: 0.8 ms]
      [Choose CSet: 0.0 ms]
      [Ref Proc: 0.6 ms]
      [Ref Enq: 0.0 ms]
      [Redirty Cards: 0.0 ms]
      [Humongous Register: 0.0 ms]
      [Humongous Reclaim: 0.0 ms]
      [Free CSet: 0.0 ms]
   [Eden: 69.0M(69.0M)->0.0B(70.0M) Survivors: 1024.0K->1024.0K Heap: 112.2M(128.0M)->43.1M(128.0M)]
 [Times: user=0.00 sys=0.00, real=0.00 secs] 
2020-11-10T16:27:23.323+0800: 152.807: [GC pause (G1 Evacuation Pause) (young), 0.0026700 secs]
   [Parallel Time: 1.5 ms, GC Workers: 4]
      [GC Worker Start (ms): Min: 152807.3, Avg: 152807.3, Max: 152807.4, Diff: 0.1]
      [Ext Root Scanning (ms): Min: 0.6, Avg: 0.8, Max: 1.3, Diff: 0.7, Sum: 3.1]
      [Update RS (ms): Min: 0.0, Avg: 0.3, Max: 0.4, Diff: 0.4, Sum: 1.3]
         [Processed Buffers: Min: 0, Avg: 7.3, Max: 24, Diff: 24, Sum: 29]
      [Scan RS (ms): Min: 0.0, Avg: 0.0, Max: 0.0, Diff: 0.0, Sum: 0.0]
      [Code Root Scanning (ms): Min: 0.0, Avg: 0.0, Max: 0.0, Diff: 0.0, Sum: 0.0]
      [Object Copy (ms): Min: 0.2, Avg: 0.3, Max: 0.3, Diff: 0.2, Sum: 1.1]
      [Termination (ms): Min: 0.0, Avg: 0.0, Max: 0.0, Diff: 0.0, Sum: 0.0]
         [Termination Attempts: Min: 1, Avg: 1.0, Max: 1, Diff: 0, Sum: 4]
      [GC Worker Other (ms): Min: 0.0, Avg: 0.0, Max: 0.0, Diff: 0.0, Sum: 0.0]
      [GC Worker Total (ms): Min: 1.4, Avg: 1.4, Max: 1.4, Diff: 0.1, Sum: 5.6]
      [GC Worker End (ms): Min: 152808.7, Avg: 152808.7, Max: 152808.7, Diff: 0.0]
   [Code Root Fixup: 0.0 ms]
   [Code Root Purge: 0.0 ms]
   [Clear CT: 0.1 ms]
   [Other: 1.1 ms]
      [Choose CSet: 0.0 ms]
      [Ref Proc: 0.9 ms]
      [Ref Enq: 0.0 ms]
      [Redirty Cards: 0.0 ms]
      [Humongous Register: 0.0 ms]
      [Humongous Reclaim: 0.0 ms]
      [Free CSet: 0.0 ms]
   [Eden: 70.0M(70.0M)->0.0B(70.0M) Survivors: 1024.0K->1024.0K Heap: 113.1M(128.0M)->43.1M(128.0M)]
 [Times: user=0.00 sys=0.00, real=0.00 secs] 
2020-11-10T16:27:27.980+0800: 157.463: [GC pause (G1 Evacuation Pause) (young), 0.0029425 secs]
   [Parallel Time: 1.7 ms, GC Workers: 4]
      [GC Worker Start (ms): Min: 157463.6, Avg: 157463.6, Max: 157463.6, Diff: 0.0]
      [Ext Root Scanning (ms): Min: 0.7, Avg: 0.8, Max: 1.2, Diff: 0.6, Sum: 3.3]
      [Update RS (ms): Min: 0.1, Avg: 0.4, Max: 0.5, Diff: 0.5, Sum: 1.6]
         [Processed Buffers: Min: 9, Avg: 11.3, Max: 13, Diff: 4, Sum: 45]
      [Scan RS (ms): Min: 0.0, Avg: 0.0, Max: 0.0, Diff: 0.0, Sum: 0.0]
      [Code Root Scanning (ms): Min: 0.0, Avg: 0.0, Max: 0.0, Diff: 0.0, Sum: 0.0]
      [Object Copy (ms): Min: 0.3, Avg: 0.4, Max: 0.4, Diff: 0.1, Sum: 1.5]
      [Termination (ms): Min: 0.0, Avg: 0.0, Max: 0.0, Diff: 0.0, Sum: 0.0]
         [Termination Attempts: Min: 1, Avg: 1.0, Max: 1, Diff: 0, Sum: 4]
      [GC Worker Other (ms): Min: 0.0, Avg: 0.0, Max: 0.0, Diff: 0.0, Sum: 0.0]
      [GC Worker Total (ms): Min: 1.6, Avg: 1.6, Max: 1.6, Diff: 0.0, Sum: 6.5]
      [GC Worker End (ms): Min: 157465.2, Avg: 157465.2, Max: 157465.2, Diff: 0.0]
   [Code Root Fixup: 0.0 ms]
   [Code Root Purge: 0.0 ms]
   [Clear CT: 0.1 ms]
   [Other: 1.1 ms]
      [Choose CSet: 0.0 ms]
      [Ref Proc: 0.8 ms]
      [Ref Enq: 0.0 ms]
      [Redirty Cards: 0.1 ms]
      [Humongous Register: 0.0 ms]
      [Humongous Reclaim: 0.0 ms]
      [Free CSet: 0.0 ms]
   [Eden: 70.0M(70.0M)->0.0B(70.0M) Survivors: 1024.0K->1024.0K Heap: 113.1M(128.0M)->43.2M(128.0M)]
 [Times: user=0.00 sys=0.00, real=0.00 secs] 
2020-11-10T16:27:30.769+0800: 160.253: [GC pause (G1 Evacuation Pause) (young), 0.0043400 secs]
   [Parallel Time: 2.5 ms, GC Workers: 4]
      [GC Worker Start (ms): Min: 160252.8, Avg: 160252.9, Max: 160252.9, Diff: 0.1]
      [Ext Root Scanning (ms): Min: 0.6, Avg: 0.9, Max: 1.4, Diff: 0.8, Sum: 3.4]
      [Update RS (ms): Min: 0.1, Avg: 0.6, Max: 0.9, Diff: 0.8, Sum: 2.5]
         [Processed Buffers: Min: 2, Avg: 8.8, Max: 16, Diff: 14, Sum: 35]
      [Scan RS (ms): Min: 0.0, Avg: 0.0, Max: 0.0, Diff: 0.0, Sum: 0.0]
      [Code Root Scanning (ms): Min: 0.0, Avg: 0.0, Max: 0.0, Diff: 0.0, Sum: 0.1]
      [Object Copy (ms): Min: 0.8, Avg: 0.9, Max: 1.0, Diff: 0.2, Sum: 3.4]
      [Termination (ms): Min: 0.0, Avg: 0.0, Max: 0.0, Diff: 0.0, Sum: 0.0]
         [Termination Attempts: Min: 1, Avg: 1.0, Max: 1, Diff: 0, Sum: 4]
      [GC Worker Other (ms): Min: 0.0, Avg: 0.0, Max: 0.0, Diff: 0.0, Sum: 0.0]
      [GC Worker Total (ms): Min: 2.3, Avg: 2.4, Max: 2.4, Diff: 0.1, Sum: 9.4]
      [GC Worker End (ms): Min: 160255.2, Avg: 160255.2, Max: 160255.2, Diff: 0.0]
   [Code Root Fixup: 0.0 ms]
   [Code Root Purge: 0.0 ms]
   [Clear CT: 0.3 ms]
   [Other: 1.5 ms]
      [Choose CSet: 0.0 ms]
      [Ref Proc: 1.1 ms]
      [Ref Enq: 0.0 ms]
      [Redirty Cards: 0.3 ms]
      [Humongous Register: 0.0 ms]
      [Humongous Reclaim: 0.0 ms]
      [Free CSet: 0.0 ms]
   [Eden: 70.0M(70.0M)->0.0B(66.0M) Survivors: 1024.0K->3072.0K Heap: 113.2M(128.0M)->45.1M(128.0M)]
 [Times: user=0.00 sys=0.00, real=0.00 secs] 
2020-11-10T16:27:35.267+0800: 164.750: [GC pause (G1 Evacuation Pause) (young), 0.0037033 secs]
   [Parallel Time: 2.2 ms, GC Workers: 4]
      [GC Worker Start (ms): Min: 164750.5, Avg: 164750.5, Max: 164750.5, Diff: 0.1]
      [Ext Root Scanning (ms): Min: 0.6, Avg: 0.8, Max: 1.3, Diff: 0.7, Sum: 3.2]
      [Update RS (ms): Min: 0.4, Avg: 0.5, Max: 0.6, Diff: 0.3, Sum: 2.2]
         [Processed Buffers: Min: 1, Avg: 7.8, Max: 18, Diff: 17, Sum: 31]
      [Scan RS (ms): Min: 0.0, Avg: 0.0, Max: 0.0, Diff: 0.0, Sum: 0.0]
      [Code Root Scanning (ms): Min: 0.0, Avg: 0.0, Max: 0.0, Diff: 0.0, Sum: 0.1]
      [Object Copy (ms): Min: 0.5, Avg: 0.8, Max: 0.9, Diff: 0.4, Sum: 3.1]
      [Termination (ms): Min: 0.0, Avg: 0.0, Max: 0.0, Diff: 0.0, Sum: 0.0]
         [Termination Attempts: Min: 1, Avg: 1.3, Max: 2, Diff: 1, Sum: 5]
      [GC Worker Other (ms): Min: 0.0, Avg: 0.0, Max: 0.0, Diff: 0.0, Sum: 0.0]
      [GC Worker Total (ms): Min: 2.1, Avg: 2.2, Max: 2.2, Diff: 0.1, Sum: 8.7]
      [GC Worker End (ms): Min: 164752.7, Avg: 164752.7, Max: 164752.7, Diff: 0.0]
   [Code Root Fixup: 0.0 ms]
   [Code Root Purge: 0.0 ms]
   [Clear CT: 0.3 ms]
   [Other: 1.1 ms]
      [Choose CSet: 0.0 ms]
      [Ref Proc: 0.9 ms]
      [Ref Enq: 0.0 ms]
      [Redirty Cards: 0.0 ms]
      [Humongous Register: 0.0 ms]
      [Humongous Reclaim: 0.0 ms]
      [Free CSet: 0.1 ms]
   [Eden: 66.0M(66.0M)->0.0B(66.0M) Survivors: 3072.0K->3072.0K Heap: 111.1M(128.0M)->44.9M(128.0M)]
 [Times: user=0.00 sys=0.00, real=0.00 secs] 
2020-11-10T16:27:40.154+0800: 169.637: [GC pause (G1 Evacuation Pause) (young), 0.0038665 secs]
   [Parallel Time: 2.8 ms, GC Workers: 4]
      [GC Worker Start (ms): Min: 169637.4, Avg: 169637.4, Max: 169637.5, Diff: 0.1]
      [Ext Root Scanning (ms): Min: 0.6, Avg: 0.8, Max: 1.5, Diff: 0.9, Sum: 3.4]
      [Update RS (ms): Min: 0.0, Avg: 0.6, Max: 0.9, Diff: 0.9, Sum: 2.3]
         [Processed Buffers: Min: 0, Avg: 9.3, Max: 20, Diff: 20, Sum: 37]
      [Scan RS (ms): Min: 0.0, Avg: 0.0, Max: 0.0, Diff: 0.0, Sum: 0.0]
      [Code Root Scanning (ms): Min: 0.0, Avg: 0.3, Max: 1.1, Diff: 1.1, Sum: 1.2]
      [Object Copy (ms): Min: 0.2, Avg: 0.9, Max: 1.3, Diff: 1.1, Sum: 3.8]
      [Termination (ms): Min: 0.0, Avg: 0.0, Max: 0.0, Diff: 0.0, Sum: 0.0]
         [Termination Attempts: Min: 1, Avg: 1.3, Max: 2, Diff: 1, Sum: 5]
      [GC Worker Other (ms): Min: 0.0, Avg: 0.0, Max: 0.0, Diff: 0.0, Sum: 0.0]
      [GC Worker Total (ms): Min: 2.6, Avg: 2.7, Max: 2.7, Diff: 0.1, Sum: 10.7]
      [GC Worker End (ms): Min: 169640.1, Avg: 169640.1, Max: 169640.1, Diff: 0.0]
   [Code Root Fixup: 0.0 ms]
   [Code Root Purge: 0.0 ms]
   [Clear CT: 0.1 ms]
   [Other: 0.9 ms]
      [Choose CSet: 0.0 ms]
      [Ref Proc: 0.7 ms]
      [Ref Enq: 0.0 ms]
      [Redirty Cards: 0.0 ms]
      [Humongous Register: 0.0 ms]
      [Humongous Reclaim: 0.0 ms]
      [Free CSet: 0.0 ms]
   [Eden: 66.0M(66.0M)->0.0B(66.0M) Survivors: 3072.0K->3072.0K Heap: 110.9M(128.0M)->44.7M(128.0M)]
 [Times: user=0.05 sys=0.00, real=0.00 secs] 
2020-11-10T16:27:44.448+0800: 173.931: [GC pause (G1 Evacuation Pause) (young), 0.0036920 secs]
   [Parallel Time: 2.3 ms, GC Workers: 4]
      [GC Worker Start (ms): Min: 173931.5, Avg: 173931.5, Max: 173931.5, Diff: 0.1]
      [Ext Root Scanning (ms): Min: 0.6, Avg: 0.9, Max: 1.6, Diff: 0.9, Sum: 3.5]
      [Update RS (ms): Min: 0.0, Avg: 0.5, Max: 0.7, Diff: 0.7, Sum: 2.1]
         [Processed Buffers: Min: 0, Avg: 7.0, Max: 24, Diff: 24, Sum: 28]
      [Scan RS (ms): Min: 0.0, Avg: 0.0, Max: 0.0, Diff: 0.0, Sum: 0.0]
      [Code Root Scanning (ms): Min: 0.0, Avg: 0.0, Max: 0.1, Diff: 0.1, Sum: 0.1]
      [Object Copy (ms): Min: 0.6, Avg: 0.7, Max: 0.8, Diff: 0.1, Sum: 2.9]
      [Termination (ms): Min: 0.0, Avg: 0.0, Max: 0.0, Diff: 0.0, Sum: 0.0]
         [Termination Attempts: Min: 1, Avg: 1.3, Max: 2, Diff: 1, Sum: 5]
      [GC Worker Other (ms): Min: 0.0, Avg: 0.0, Max: 0.0, Diff: 0.0, Sum: 0.1]
      [GC Worker Total (ms): Min: 2.2, Avg: 2.2, Max: 2.2, Diff: 0.1, Sum: 8.7]
      [GC Worker End (ms): Min: 173933.7, Avg: 173933.7, Max: 173933.7, Diff: 0.0]
   [Code Root Fixup: 0.0 ms]
   [Code Root Purge: 0.0 ms]
   [Clear CT: 0.3 ms]
   [Other: 1.0 ms]
      [Choose CSet: 0.0 ms]
      [Ref Proc: 0.6 ms]
      [Ref Enq: 0.0 ms]
      [Redirty Cards: 0.2 ms]
      [Humongous Register: 0.0 ms]
      [Humongous Reclaim: 0.0 ms]
      [Free CSet: 0.0 ms]
   [Eden: 66.0M(66.0M)->0.0B(66.0M) Survivors: 3072.0K->3072.0K Heap: 110.7M(128.0M)->45.1M(128.0M)]
 [Times: user=0.00 sys=0.00, real=0.00 secs] 
2020-11-10T16:27:49.937+0800: 179.421: [GC pause (G1 Evacuation Pause) (young), 0.0036345 secs]
   [Parallel Time: 2.3 ms, GC Workers: 4]
      [GC Worker Start (ms): Min: 179420.7, Avg: 179420.8, Max: 179420.9, Diff: 0.1]
      [Ext Root Scanning (ms): Min: 0.6, Avg: 0.8, Max: 1.3, Diff: 0.7, Sum: 3.2]
      [Update RS (ms): Min: 0.2, Avg: 0.6, Max: 0.7, Diff: 0.5, Sum: 2.3]
         [Processed Buffers: Min: 1, Avg: 9.5, Max: 21, Diff: 20, Sum: 38]
      [Scan RS (ms): Min: 0.0, Avg: 0.0, Max: 0.0, Diff: 0.0, Sum: 0.0]
      [Code Root Scanning (ms): Min: 0.0, Avg: 0.0, Max: 0.0, Diff: 0.0, Sum: 0.1]
      [Object Copy (ms): Min: 0.6, Avg: 0.7, Max: 0.8, Diff: 0.1, Sum: 2.8]
      [Termination (ms): Min: 0.0, Avg: 0.0, Max: 0.0, Diff: 0.0, Sum: 0.0]
         [Termination Attempts: Min: 1, Avg: 1.0, Max: 1, Diff: 0, Sum: 4]
      [GC Worker Other (ms): Min: 0.0, Avg: 0.0, Max: 0.0, Diff: 0.0, Sum: 0.0]
      [GC Worker Total (ms): Min: 2.0, Avg: 2.1, Max: 2.2, Diff: 0.1, Sum: 8.4]
      [GC Worker End (ms): Min: 179422.9, Avg: 179422.9, Max: 179422.9, Diff: 0.0]
   [Code Root Fixup: 0.1 ms]
   [Code Root Purge: 0.0 ms]
   [Clear CT: 0.3 ms]
   [Other: 1.0 ms]
      [Choose CSet: 0.0 ms]
      [Ref Proc: 0.6 ms]
      [Ref Enq: 0.0 ms]
      [Redirty Cards: 0.2 ms]
      [Humongous Register: 0.0 ms]
      [Humongous Reclaim: 0.0 ms]
      [Free CSet: 0.0 ms]
   [Eden: 66.0M(66.0M)->0.0B(68.0M) Survivors: 3072.0K->2048.0K Heap: 111.1M(128.0M)->44.5M(128.0M)]
 [Times: user=0.06 sys=0.00, real=0.00 secs] 
2020-11-10T16:27:54.319+0800: 183.803: [GC pause (G1 Evacuation Pause) (young), 0.0036110 secs]
   [Parallel Time: 2.3 ms, GC Workers: 4]
      [GC Worker Start (ms): Min: 183802.6, Avg: 183802.7, Max: 183802.7, Diff: 0.1]
      [Ext Root Scanning (ms): Min: 0.6, Avg: 0.8, Max: 1.3, Diff: 0.7, Sum: 3.2]
      [Update RS (ms): Min: 0.2, Avg: 0.6, Max: 0.7, Diff: 0.5, Sum: 2.2]
         [Processed Buffers: Min: 1, Avg: 7.3, Max: 16, Diff: 15, Sum: 29]
      [Scan RS (ms): Min: 0.0, Avg: 0.0, Max: 0.0, Diff: 0.0, Sum: 0.0]
      [Code Root Scanning (ms): Min: 0.0, Avg: 0.0, Max: 0.1, Diff: 0.1, Sum: 0.1]
      [Object Copy (ms): Min: 0.7, Avg: 0.7, Max: 0.8, Diff: 0.1, Sum: 2.9]
      [Termination (ms): Min: 0.0, Avg: 0.0, Max: 0.0, Diff: 0.0, Sum: 0.0]
         [Termination Attempts: Min: 1, Avg: 1.0, Max: 1, Diff: 0, Sum: 4]
      [GC Worker Other (ms): Min: 0.0, Avg: 0.0, Max: 0.0, Diff: 0.0, Sum: 0.0]
      [GC Worker Total (ms): Min: 2.1, Avg: 2.1, Max: 2.2, Diff: 0.1, Sum: 8.5]
      [GC Worker End (ms): Min: 183804.8, Avg: 183804.8, Max: 183804.8, Diff: 0.0]
   [Code Root Fixup: 0.0 ms]
   [Code Root Purge: 0.0 ms]
   [Clear CT: 0.1 ms]
   [Other: 1.2 ms]
      [Choose CSet: 0.0 ms]
      [Ref Proc: 0.7 ms]
      [Ref Enq: 0.0 ms]
      [Redirty Cards: 0.3 ms]
      [Humongous Register: 0.0 ms]
      [Humongous Reclaim: 0.0 ms]
      [Free CSet: 0.1 ms]
   [Eden: 68.0M(68.0M)->0.0B(66.0M) Survivors: 2048.0K->3072.0K Heap: 112.5M(128.0M)->45.1M(128.0M)]
 [Times: user=0.00 sys=0.00, real=0.00 secs] 
2020-11-10T16:27:58.875+0800: 188.358: [GC pause (G1 Evacuation Pause) (young), 0.0043054 secs]
   [Parallel Time: 2.8 ms, GC Workers: 4]
      [GC Worker Start (ms): Min: 188358.3, Avg: 188358.7, Max: 188359.8, Diff: 1.5]
      [Ext Root Scanning (ms): Min: 0.0, Avg: 0.9, Max: 1.4, Diff: 1.4, Sum: 3.4]
      [Update RS (ms): Min: 0.5, Avg: 0.6, Max: 0.7, Diff: 0.2, Sum: 2.3]
         [Processed Buffers: Min: 3, Avg: 9.0, Max: 21, Diff: 18, Sum: 36]
      [Scan RS (ms): Min: 0.0, Avg: 0.0, Max: 0.0, Diff: 0.0, Sum: 0.0]
      [Code Root Scanning (ms): Min: 0.0, Avg: 0.0, Max: 0.1, Diff: 0.1, Sum: 0.1]
      [Object Copy (ms): Min: 0.7, Avg: 0.9, Max: 1.1, Diff: 0.4, Sum: 3.4]
      [Termination (ms): Min: 0.0, Avg: 0.0, Max: 0.0, Diff: 0.0, Sum: 0.0]
         [Termination Attempts: Min: 1, Avg: 1.3, Max: 2, Diff: 1, Sum: 5]
      [GC Worker Other (ms): Min: 0.0, Avg: 0.0, Max: 0.0, Diff: 0.0, Sum: 0.0]
      [GC Worker Total (ms): Min: 1.3, Avg: 2.3, Max: 2.7, Diff: 1.5, Sum: 9.4]
      [GC Worker End (ms): Min: 188361.0, Avg: 188361.0, Max: 188361.0, Diff: 0.0]
   [Code Root Fixup: 0.0 ms]
   [Code Root Purge: 0.0 ms]
   [Clear CT: 0.3 ms]
   [Other: 1.2 ms]
      [Choose CSet: 0.0 ms]
      [Ref Proc: 0.8 ms]
      [Ref Enq: 0.0 ms]
      [Redirty Cards: 0.2 ms]
      [Humongous Register: 0.0 ms]
      [Humongous Reclaim: 0.0 ms]
      [Free CSet: 0.0 ms]
   [Eden: 66.0M(66.0M)->0.0B(68.0M) Survivors: 3072.0K->2048.0K Heap: 111.1M(128.0M)->44.3M(128.0M)]
 [Times: user=0.05 sys=0.00, real=0.00 secs] 
2020-11-10T16:28:03.587+0800: 193.070: [GC pause (G1 Evacuation Pause) (young), 0.0040492 secs]
   [Parallel Time: 2.6 ms, GC Workers: 4]
      [GC Worker Start (ms): Min: 193070.1, Avg: 193070.5, Max: 193071.8, Diff: 1.7]
      [Ext Root Scanning (ms): Min: 0.0, Avg: 0.8, Max: 1.4, Diff: 1.4, Sum: 3.1]
      [Update RS (ms): Min: 0.0, Avg: 0.5, Max: 1.0, Diff: 1.0, Sum: 2.2]
         [Processed Buffers: Min: 1, Avg: 9.0, Max: 29, Diff: 28, Sum: 36]
      [Scan RS (ms): Min: 0.0, Avg: 0.0, Max: 0.0, Diff: 0.0, Sum: 0.0]
      [Code Root Scanning (ms): Min: 0.0, Avg: 0.0, Max: 0.1, Diff: 0.1, Sum: 0.1]
      [Object Copy (ms): Min: 0.7, Avg: 0.8, Max: 0.8, Diff: 0.2, Sum: 3.0]
      [Termination (ms): Min: 0.0, Avg: 0.0, Max: 0.0, Diff: 0.0, Sum: 0.0]
         [Termination Attempts: Min: 1, Avg: 1.0, Max: 1, Diff: 0, Sum: 4]
      [GC Worker Other (ms): Min: 0.0, Avg: 0.0, Max: 0.0, Diff: 0.0, Sum: 0.1]
      [GC Worker Total (ms): Min: 0.8, Avg: 2.1, Max: 2.6, Diff: 1.7, Sum: 8.4]
      [GC Worker End (ms): Min: 193072.6, Avg: 193072.6, Max: 193072.6, Diff: 0.0]
   [Code Root Fixup: 0.0 ms]
   [Code Root Purge: 0.0 ms]
   [Clear CT: 0.3 ms]
   [Other: 1.1 ms]
      [Choose CSet: 0.0 ms]
      [Ref Proc: 0.8 ms]
      [Ref Enq: 0.0 ms]
      [Redirty Cards: 0.1 ms]
      [Humongous Register: 0.0 ms]
      [Humongous Reclaim: 0.0 ms]
      [Free CSet: 0.0 ms]
   [Eden: 68.0M(68.0M)->0.0B(66.0M) Survivors: 2048.0K->3072.0K Heap: 112.3M(128.0M)->44.8M(128.0M)]
 [Times: user=0.00 sys=0.00, real=0.00 secs] 
2020-11-10T16:28:07.582+0800: 197.065: [GC pause (G1 Evacuation Pause) (young), 0.0037710 secs]
   [Parallel Time: 2.3 ms, GC Workers: 4]
      [GC Worker Start (ms): Min: 197065.3, Avg: 197065.4, Max: 197065.5, Diff: 0.1]
      [Ext Root Scanning (ms): Min: 0.6, Avg: 0.9, Max: 1.4, Diff: 0.7, Sum: 3.4]
      [Update RS (ms): Min: 0.2, Avg: 0.6, Max: 0.7, Diff: 0.5, Sum: 2.4]
         [Processed Buffers: Min: 1, Avg: 10.0, Max: 20, Diff: 19, Sum: 40]
      [Scan RS (ms): Min: 0.0, Avg: 0.0, Max: 0.0, Diff: 0.0, Sum: 0.0]
      [Code Root Scanning (ms): Min: 0.0, Avg: 0.0, Max: 0.1, Diff: 0.1, Sum: 0.1]
      [Object Copy (ms): Min: 0.6, Avg: 0.7, Max: 0.8, Diff: 0.2, Sum: 2.8]
      [Termination (ms): Min: 0.0, Avg: 0.0, Max: 0.0, Diff: 0.0, Sum: 0.0]
         [Termination Attempts: Min: 1, Avg: 1.0, Max: 1, Diff: 0, Sum: 4]
      [GC Worker Other (ms): Min: 0.0, Avg: 0.0, Max: 0.0, Diff: 0.0, Sum: 0.1]
      [GC Worker Total (ms): Min: 2.1, Avg: 2.2, Max: 2.3, Diff: 0.1, Sum: 8.8]
      [GC Worker End (ms): Min: 197067.6, Avg: 197067.6, Max: 197067.6, Diff: 0.0]
   [Code Root Fixup: 0.0 ms]
   [Code Root Purge: 0.0 ms]
   [Clear CT: 0.3 ms]
   [Other: 1.0 ms]
      [Choose CSet: 0.0 ms]
      [Ref Proc: 0.6 ms]
      [Ref Enq: 0.0 ms]
      [Redirty Cards: 0.3 ms]
      [Humongous Register: 0.0 ms]
      [Humongous Reclaim: 0.0 ms]
      [Free CSet: 0.0 ms]
   [Eden: 66.0M(66.0M)->0.0B(66.0M) Survivors: 3072.0K->3072.0K Heap: 110.8M(128.0M)->44.8M(128.0M)]
 [Times: user=0.00 sys=0.00, real=0.00 secs] 
2020-11-10T16:28:12.288+0800: 201.771: [GC pause (G1 Evacuation Pause) (young), 0.0037008 secs]
   [Parallel Time: 2.3 ms, GC Workers: 4]
      [GC Worker Start (ms): Min: 201771.1, Avg: 201771.2, Max: 201771.2, Diff: 0.1]
      [Ext Root Scanning (ms): Min: 0.6, Avg: 0.8, Max: 1.3, Diff: 0.7, Sum: 3.2]
      [Update RS (ms): Min: 0.2, Avg: 0.5, Max: 0.7, Diff: 0.5, Sum: 2.2]
         [Processed Buffers: Min: 1, Avg: 8.5, Max: 24, Diff: 23, Sum: 34]
      [Scan RS (ms): Min: 0.0, Avg: 0.0, Max: 0.0, Diff: 0.0, Sum: 0.0]
      [Code Root Scanning (ms): Min: 0.0, Avg: 0.0, Max: 0.1, Diff: 0.1, Sum: 0.1]
      [Object Copy (ms): Min: 0.7, Avg: 0.8, Max: 0.8, Diff: 0.1, Sum: 3.1]
      [Termination (ms): Min: 0.0, Avg: 0.0, Max: 0.0, Diff: 0.0, Sum: 0.0]
         [Termination Attempts: Min: 1, Avg: 1.0, Max: 1, Diff: 0, Sum: 4]
      [GC Worker Other (ms): Min: 0.0, Avg: 0.0, Max: 0.0, Diff: 0.0, Sum: 0.0]
      [GC Worker Total (ms): Min: 2.1, Avg: 2.1, Max: 2.2, Diff: 0.1, Sum: 8.6]
      [GC Worker End (ms): Min: 201773.3, Avg: 201773.3, Max: 201773.3, Diff: 0.0]
   [Code Root Fixup: 0.0 ms]
   [Code Root Purge: 0.0 ms]
   [Clear CT: 0.3 ms]
   [Other: 1.1 ms]
      [Choose CSet: 0.0 ms]
      [Ref Proc: 0.7 ms]
      [Ref Enq: 0.0 ms]
      [Redirty Cards: 0.3 ms]
      [Humongous Register: 0.0 ms]
      [Humongous Reclaim: 0.0 ms]
      [Free CSet: 0.0 ms]
   [Eden: 66.0M(66.0M)->0.0B(68.0M) Survivors: 3072.0K->2048.0K Heap: 110.8M(128.0M)->44.6M(128.0M)]
 [Times: user=0.00 sys=0.00, real=0.00 secs] 
2020-11-10T16:28:16.487+0800: 205.970: [GC pause (G1 Evacuation Pause) (young), 0.0037565 secs]
   [Parallel Time: 2.3 ms, GC Workers: 4]
      [GC Worker Start (ms): Min: 205970.2, Avg: 205970.3, Max: 205970.3, Diff: 0.1]
      [Ext Root Scanning (ms): Min: 0.5, Avg: 0.8, Max: 1.2, Diff: 0.7, Sum: 3.2]
      [Update RS (ms): Min: 0.4, Avg: 0.7, Max: 0.8, Diff: 0.4, Sum: 2.8]
         [Processed Buffers: Min: 1, Avg: 8.5, Max: 25, Diff: 24, Sum: 34]
      [Scan RS (ms): Min: 0.0, Avg: 0.0, Max: 0.0, Diff: 0.0, Sum: 0.0]
      [Code Root Scanning (ms): Min: 0.0, Avg: 0.0, Max: 0.1, Diff: 0.1, Sum: 0.1]
      [Object Copy (ms): Min: 0.5, Avg: 0.6, Max: 0.8, Diff: 0.2, Sum: 2.6]
      [Termination (ms): Min: 0.0, Avg: 0.0, Max: 0.0, Diff: 0.0, Sum: 0.0]
         [Termination Attempts: Min: 1, Avg: 1.0, Max: 1, Diff: 0, Sum: 4]
      [GC Worker Other (ms): Min: 0.0, Avg: 0.0, Max: 0.0, Diff: 0.0, Sum: 0.0]
      [GC Worker Total (ms): Min: 2.1, Avg: 2.2, Max: 2.2, Diff: 0.1, Sum: 8.7]
      [GC Worker End (ms): Min: 205972.4, Avg: 205972.4, Max: 205972.4, Diff: 0.0]
   [Code Root Fixup: 0.1 ms]
   [Code Root Purge: 0.0 ms]
   [Clear CT: 0.3 ms]
   [Other: 1.1 ms]
      [Choose CSet: 0.0 ms]
      [Ref Proc: 0.7 ms]
      [Ref Enq: 0.0 ms]
      [Redirty Cards: 0.3 ms]
      [Humongous Register: 0.0 ms]
      [Humongous Reclaim: 0.0 ms]
      [Free CSet: 0.0 ms]
   [Eden: 68.0M(68.0M)->0.0B(68.0M) Survivors: 2048.0K->2048.0K Heap: 112.6M(128.0M)->44.5M(128.0M)]
 [Times: user=0.00 sys=0.00, real=0.00 secs] 
2020-11-10T16:28:20.983+0800: 210.466: [GC pause (G1 Evacuation Pause) (young), 0.0035726 secs]
   [Parallel Time: 2.1 ms, GC Workers: 4]
      [GC Worker Start (ms): Min: 210466.4, Avg: 210466.5, Max: 210466.5, Diff: 0.1]
      [Ext Root Scanning (ms): Min: 0.6, Avg: 0.8, Max: 1.3, Diff: 0.6, Sum: 3.4]
      [Update RS (ms): Min: 0.1, Avg: 0.4, Max: 0.7, Diff: 0.7, Sum: 1.7]
         [Processed Buffers: Min: 1, Avg: 8.0, Max: 19, Diff: 18, Sum: 32]
      [Scan RS (ms): Min: 0.0, Avg: 0.0, Max: 0.0, Diff: 0.0, Sum: 0.0]
      [Code Root Scanning (ms): Min: 0.0, Avg: 0.0, Max: 0.1, Diff: 0.1, Sum: 0.2]
      [Object Copy (ms): Min: 0.5, Avg: 0.6, Max: 0.7, Diff: 0.2, Sum: 2.4]
      [Termination (ms): Min: 0.0, Avg: 0.0, Max: 0.0, Diff: 0.0, Sum: 0.0]
         [Termination Attempts: Min: 1, Avg: 1.0, Max: 1, Diff: 0, Sum: 4]
      [GC Worker Other (ms): Min: 0.0, Avg: 0.0, Max: 0.0, Diff: 0.0, Sum: 0.1]
      [GC Worker Total (ms): Min: 1.9, Avg: 1.9, Max: 2.0, Diff: 0.1, Sum: 7.8]
      [GC Worker End (ms): Min: 210468.4, Avg: 210468.4, Max: 210468.4, Diff: 0.0]
   [Code Root Fixup: 0.1 ms]
   [Code Root Purge: 0.0 ms]
   [Clear CT: 0.3 ms]
   [Other: 1.1 ms]
      [Choose CSet: 0.0 ms]
      [Ref Proc: 0.8 ms]
      [Ref Enq: 0.0 ms]
      [Redirty Cards: 0.1 ms]
      [Humongous Register: 0.0 ms]
      [Humongous Reclaim: 0.0 ms]
      [Free CSet: 0.0 ms]
   [Eden: 68.0M(68.0M)->0.0B(67.0M) Survivors: 2048.0K->2048.0K Heap: 112.5M(128.0M)->44.9M(128.0M)]
 [Times: user=0.02 sys=0.02, real=0.00 secs] 
2020-11-10T16:28:25.215+0800: 214.699: [GC pause (G1 Evacuation Pause) (young), 0.0039425 secs]
   [Parallel Time: 2.6 ms, GC Workers: 4]
      [GC Worker Start (ms): Min: 214698.7, Avg: 214699.1, Max: 214700.1, Diff: 1.4]
      [Ext Root Scanning (ms): Min: 0.1, Avg: 1.1, Max: 1.6, Diff: 1.5, Sum: 4.3]
      [Update RS (ms): Min: 0.3, Avg: 0.5, Max: 0.5, Diff: 0.2, Sum: 1.9]
         [Processed Buffers: Min: 1, Avg: 8.8, Max: 32, Diff: 31, Sum: 35]
      [Scan RS (ms): Min: 0.0, Avg: 0.0, Max: 0.0, Diff: 0.0, Sum: 0.0]
      [Code Root Scanning (ms): Min: 0.0, Avg: 0.0, Max: 0.1, Diff: 0.1, Sum: 0.1]
      [Object Copy (ms): Min: 0.5, Avg: 0.6, Max: 0.9, Diff: 0.4, Sum: 2.5]
      [Termination (ms): Min: 0.0, Avg: 0.0, Max: 0.0, Diff: 0.0, Sum: 0.0]
         [Termination Attempts: Min: 1, Avg: 1.3, Max: 2, Diff: 1, Sum: 5]
      [GC Worker Other (ms): Min: 0.0, Avg: 0.0, Max: 0.0, Diff: 0.0, Sum: 0.0]
      [GC Worker Total (ms): Min: 1.2, Avg: 2.2, Max: 2.5, Diff: 1.4, Sum: 8.8]
      [GC Worker End (ms): Min: 214701.3, Avg: 214701.3, Max: 214701.3, Diff: 0.0]
   [Code Root Fixup: 0.1 ms]
   [Code Root Purge: 0.0 ms]
   [Clear CT: 0.1 ms]
   [Other: 1.2 ms]
      [Choose CSet: 0.0 ms]
      [Ref Proc: 0.8 ms]
      [Ref Enq: 0.0 ms]
      [Redirty Cards: 0.2 ms]
      [Humongous Register: 0.0 ms]
      [Humongous Reclaim: 0.0 ms]
      [Free CSet: 0.0 ms]
   [Eden: 67.0M(67.0M)->0.0B(67.0M) Survivors: 2048.0K->2048.0K Heap: 111.9M(128.0M)->44.5M(128.0M)]
 [Times: user=0.00 sys=0.00, real=0.00 secs] 
2020-11-10T16:28:29.745+0800: 219.228: [GC pause (G1 Evacuation Pause) (young), 0.0038563 secs]
   [Parallel Time: 2.5 ms, GC Workers: 4]
      [GC Worker Start (ms): Min: 219228.2, Avg: 219228.2, Max: 219228.3, Diff: 0.1]
      [Ext Root Scanning (ms): Min: 0.9, Avg: 1.2, Max: 1.5, Diff: 0.6, Sum: 4.9]
      [Update RS (ms): Min: 0.2, Avg: 0.5, Max: 0.6, Diff: 0.4, Sum: 2.0]
         [Processed Buffers: Min: 1, Avg: 9.0, Max: 21, Diff: 20, Sum: 36]
      [Scan RS (ms): Min: 0.0, Avg: 0.0, Max: 0.0, Diff: 0.0, Sum: 0.0]
      [Code Root Scanning (ms): Min: 0.0, Avg: 0.0, Max: 0.1, Diff: 0.1, Sum: 0.1]
      [Object Copy (ms): Min: 0.5, Avg: 0.6, Max: 0.8, Diff: 0.3, Sum: 2.5]
      [Termination (ms): Min: 0.0, Avg: 0.0, Max: 0.0, Diff: 0.0, Sum: 0.0]
         [Termination Attempts: Min: 1, Avg: 1.5, Max: 2, Diff: 1, Sum: 6]
      [GC Worker Other (ms): Min: 0.0, Avg: 0.0, Max: 0.0, Diff: 0.0, Sum: 0.0]
      [GC Worker Total (ms): Min: 2.4, Avg: 2.4, Max: 2.4, Diff: 0.1, Sum: 9.6]
      [GC Worker End (ms): Min: 219230.7, Avg: 219230.7, Max: 219230.7, Diff: 0.0]
   [Code Root Fixup: 0.0 ms]
   [Code Root Purge: 0.0 ms]
   [Clear CT: 0.1 ms]
   [Other: 1.2 ms]
      [Choose CSet: 0.0 ms]
      [Ref Proc: 0.7 ms]
      [Ref Enq: 0.0 ms]
      [Redirty Cards: 0.3 ms]
      [Humongous Register: 0.0 ms]
      [Humongous Reclaim: 0.0 ms]
      [Free CSet: 0.0 ms]
   [Eden: 67.0M(67.0M)->0.0B(67.0M) Survivors: 2048.0K->2048.0K Heap: 111.5M(128.0M)->44.9M(128.0M)]
 [Times: user=0.00 sys=0.00, real=0.00 secs] 
2020-11-10T16:28:34.360+0800: 223.843: [GC pause (G1 Evacuation Pause) (young), 0.0040129 secs]
   [Parallel Time: 2.0 ms, GC Workers: 4]
      [GC Worker Start (ms): Min: 223843.4, Avg: 223843.4, Max: 223843.5, Diff: 0.1]
      [Ext Root Scanning (ms): Min: 0.6, Avg: 0.8, Max: 1.3, Diff: 0.7, Sum: 3.2]
      [Update RS (ms): Min: 0.1, Avg: 0.5, Max: 0.6, Diff: 0.4, Sum: 1.8]
         [Processed Buffers: Min: 1, Avg: 7.5, Max: 16, Diff: 15, Sum: 30]
      [Scan RS (ms): Min: 0.0, Avg: 0.0, Max: 0.0, Diff: 0.0, Sum: 0.0]
      [Code Root Scanning (ms): Min: 0.0, Avg: 0.0, Max: 0.1, Diff: 0.1, Sum: 0.1]
      [Object Copy (ms): Min: 0.5, Avg: 0.6, Max: 0.7, Diff: 0.1, Sum: 2.4]
      [Termination (ms): Min: 0.0, Avg: 0.0, Max: 0.0, Diff: 0.0, Sum: 0.0]
         [Termination Attempts: Min: 1, Avg: 1.0, Max: 1, Diff: 0, Sum: 4]
      [GC Worker Other (ms): Min: 0.0, Avg: 0.0, Max: 0.0, Diff: 0.0, Sum: 0.1]
      [GC Worker Total (ms): Min: 1.8, Avg: 1.9, Max: 2.0, Diff: 0.1, Sum: 7.6]
      [GC Worker End (ms): Min: 223845.3, Avg: 223845.3, Max: 223845.3, Diff: 0.0]
   [Code Root Fixup: 0.1 ms]
   [Code Root Purge: 0.0 ms]
   [Clear CT: 0.4 ms]
   [Other: 1.6 ms]
      [Choose CSet: 0.0 ms]
      [Ref Proc: 1.1 ms]
      [Ref Enq: 0.0 ms]
      [Redirty Cards: 0.3 ms]
      [Humongous Register: 0.0 ms]
      [Humongous Reclaim: 0.0 ms]
      [Free CSet: 0.0 ms]
   [Eden: 67.0M(67.0M)->0.0B(67.0M) Survivors: 2048.0K->2048.0K Heap: 111.9M(128.0M)->44.6M(128.0M)]
 [Times: user=0.06 sys=0.00, real=0.00 secs] 
2020-11-10T16:28:38.896+0800: 228.379: [GC pause (G1 Evacuation Pause) (young), 0.0049413 secs]
   [Parallel Time: 3.9 ms, GC Workers: 4]
      [GC Worker Start (ms): Min: 228379.2, Avg: 228380.0, Max: 228382.2, Diff: 3.0]
      [Ext Root Scanning (ms): Min: 0.0, Avg: 1.0, Max: 1.6, Diff: 1.6, Sum: 3.9]
      [Update RS (ms): Min: 0.0, Avg: 0.6, Max: 0.8, Diff: 0.8, Sum: 2.3]
         [Processed Buffers: Min: 0, Avg: 9.3, Max: 27, Diff: 27, Sum: 37]
      [Scan RS (ms): Min: 0.0, Avg: 0.0, Max: 0.0, Diff: 0.0, Sum: 0.0]
      [Code Root Scanning (ms): Min: 0.0, Avg: 0.0, Max: 0.1, Diff: 0.1, Sum: 0.1]
      [Object Copy (ms): Min: 0.0, Avg: 0.5, Max: 0.8, Diff: 0.8, Sum: 2.2]
      [Termination (ms): Min: 0.0, Avg: 0.6, Max: 0.9, Diff: 0.9, Sum: 2.5]
         [Termination Attempts: Min: 1, Avg: 1.5, Max: 2, Diff: 1, Sum: 6]
      [GC Worker Other (ms): Min: 0.0, Avg: 0.0, Max: 0.0, Diff: 0.0, Sum: 0.1]
      [GC Worker Total (ms): Min: 0.0, Avg: 2.8, Max: 3.9, Diff: 3.8, Sum: 11.2]
      [GC Worker End (ms): Min: 228382.2, Avg: 228382.8, Max: 228383.1, Diff: 0.8]
   [Code Root Fixup: 0.0 ms]
   [Code Root Purge: 0.0 ms]
   [Clear CT: 0.0 ms]
   [Other: 1.0 ms]
      [Choose CSet: 0.0 ms]
      [Ref Proc: 0.8 ms]
      [Ref Enq: 0.0 ms]
      [Redirty Cards: 0.1 ms]
      [Humongous Register: 0.0 ms]
      [Humongous Reclaim: 0.0 ms]
      [Free CSet: 0.0 ms]
   [Eden: 67.0M(67.0M)->0.0B(69.0M) Survivors: 2048.0K->1024.0K Heap: 111.6M(128.0M)->44.7M(128.0M)]
 [Times: user=0.00 sys=0.00, real=0.01 secs] 
2020-11-10T16:28:42.614+0800: 232.097: [GC pause (G1 Evacuation Pause) (young), 0.0039592 secs]
   [Parallel Time: 2.4 ms, GC Workers: 4]
      [GC Worker Start (ms): Min: 232097.4, Avg: 232097.5, Max: 232097.5, Diff: 0.0]
      [Ext Root Scanning (ms): Min: 0.6, Avg: 0.8, Max: 1.2, Diff: 0.6, Sum: 3.2]
      [Update RS (ms): Min: 0.5, Avg: 1.1, Max: 1.5, Diff: 1.0, Sum: 4.3]
         [Processed Buffers: Min: 1, Avg: 8.5, Max: 27, Diff: 26, Sum: 34]
      [Scan RS (ms): Min: 0.0, Avg: 0.0, Max: 0.1, Diff: 0.1, Sum: 0.1]
      [Code Root Scanning (ms): Min: 0.0, Avg: 0.0, Max: 0.1, Diff: 0.1, Sum: 0.1]
      [Object Copy (ms): Min: 0.0, Avg: 0.2, Max: 0.3, Diff: 0.2, Sum: 0.7]
      [Termination (ms): Min: 0.0, Avg: 0.2, Max: 0.3, Diff: 0.3, Sum: 0.8]
         [Termination Attempts: Min: 1, Avg: 4.0, Max: 9, Diff: 8, Sum: 16]
      [GC Worker Other (ms): Min: 0.0, Avg: 0.0, Max: 0.0, Diff: 0.0, Sum: 0.0]
      [GC Worker Total (ms): Min: 2.3, Avg: 2.3, Max: 2.3, Diff: 0.0, Sum: 9.2]
      [GC Worker End (ms): Min: 232099.8, Avg: 232099.8, Max: 232099.8, Diff: 0.0]
   [Code Root Fixup: 0.0 ms]
   [Code Root Purge: 0.0 ms]
   [Clear CT: 0.3 ms]
   [Other: 1.2 ms]
      [Choose CSet: 0.0 ms]
      [Ref Proc: 0.7 ms]
      [Ref Enq: 0.0 ms]
      [Redirty Cards: 0.3 ms]
      [Humongous Register: 0.0 ms]
      [Humongous Reclaim: 0.0 ms]
      [Free CSet: 0.0 ms]
   [Eden: 69.0M(69.0M)->0.0B(68.0M) Survivors: 1024.0K->1024.0K Heap: 113.7M(128.0M)->44.9M(128.0M)]
 [Times: user=0.00 sys=0.00, real=0.00 secs] 
2020-11-10T16:28:46.220+0800: 235.702: [GC pause (G1 Evacuation Pause) (young), 0.0031028 secs]
   [Parallel Time: 1.2 ms, GC Workers: 4]
      [GC Worker Start (ms): Min: 235702.5, Avg: 235702.5, Max: 235702.5, Diff: 0.0]
      [Ext Root Scanning (ms): Min: 0.6, Avg: 0.8, Max: 1.2, Diff: 0.6, Sum: 3.1]
      [Update RS (ms): Min: 0.0, Avg: 0.2, Max: 0.3, Diff: 0.3, Sum: 0.6]
         [Processed Buffers: Min: 0, Avg: 8.5, Max: 22, Diff: 22, Sum: 34]
      [Scan RS (ms): Min: 0.0, Avg: 0.0, Max: 0.0, Diff: 0.0, Sum: 0.1]
      [Code Root Scanning (ms): Min: 0.0, Avg: 0.0, Max: 0.1, Diff: 0.1, Sum: 0.1]
      [Object Copy (ms): Min: 0.0, Avg: 0.1, Max: 0.2, Diff: 0.2, Sum: 0.5]
      [Termination (ms): Min: 0.0, Avg: 0.1, Max: 0.1, Diff: 0.1, Sum: 0.4]
         [Termination Attempts: Min: 1, Avg: 1.0, Max: 1, Diff: 0, Sum: 4]
      [GC Worker Other (ms): Min: 0.0, Avg: 0.0, Max: 0.0, Diff: 0.0, Sum: 0.0]
      [GC Worker Total (ms): Min: 1.2, Avg: 1.2, Max: 1.2, Diff: 0.0, Sum: 4.8]
      [GC Worker End (ms): Min: 235703.7, Avg: 235703.7, Max: 235703.7, Diff: 0.0]
   [Code Root Fixup: 0.0 ms]
   [Code Root Purge: 0.0 ms]
   [Clear CT: 0.3 ms]
   [Other: 1.5 ms]
      [Choose CSet: 0.0 ms]
      [Ref Proc: 1.3 ms]
      [Ref Enq: 0.0 ms]
      [Redirty Cards: 0.1 ms]
      [Humongous Register: 0.0 ms]
      [Humongous Reclaim: 0.0 ms]
      [Free CSet: 0.0 ms]
   [Eden: 68.0M(68.0M)->0.0B(68.0M) Survivors: 1024.0K->1024.0K Heap: 112.9M(128.0M)->44.9M(128.0M)]
 [Times: user=0.02 sys=0.00, real=0.00 secs] 
2020-11-10T16:28:50.519+0800: 240.002: [GC pause (G1 Evacuation Pause) (young), 0.0026995 secs]
   [Parallel Time: 1.4 ms, GC Workers: 4]
      [GC Worker Start (ms): Min: 240002.1, Avg: 240002.1, Max: 240002.1, Diff: 0.1]
      [Ext Root Scanning (ms): Min: 0.6, Avg: 0.8, Max: 1.3, Diff: 0.6, Sum: 3.2]
      [Update RS (ms): Min: 0.0, Avg: 0.1, Max: 0.3, Diff: 0.3, Sum: 0.6]
         [Processed Buffers: Min: 0, Avg: 8.0, Max: 20, Diff: 20, Sum: 32]
      [Scan RS (ms): Min: 0.0, Avg: 0.0, Max: 0.0, Diff: 0.0, Sum: 0.0]
      [Code Root Scanning (ms): Min: 0.0, Avg: 0.0, Max: 0.1, Diff: 0.1, Sum: 0.1]
      [Object Copy (ms): Min: 0.0, Avg: 0.1, Max: 0.2, Diff: 0.2, Sum: 0.5]
      [Termination (ms): Min: 0.0, Avg: 0.1, Max: 0.2, Diff: 0.2, Sum: 0.5]
         [Termination Attempts: Min: 1, Avg: 1.0, Max: 1, Diff: 0, Sum: 4]
      [GC Worker Other (ms): Min: 0.0, Avg: 0.0, Max: 0.0, Diff: 0.0, Sum: 0.1]
      [GC Worker Total (ms): Min: 1.2, Avg: 1.2, Max: 1.3, Diff: 0.1, Sum: 4.9]
      [GC Worker End (ms): Min: 240003.3, Avg: 240003.3, Max: 240003.3, Diff: 0.0]
   [Code Root Fixup: 0.0 ms]
   [Code Root Purge: 0.0 ms]
   [Clear CT: 0.3 ms]
   [Other: 1.0 ms]
      [Choose CSet: 0.0 ms]
      [Ref Proc: 0.6 ms]
      [Ref Enq: 0.0 ms]
      [Redirty Cards: 0.2 ms]
      [Humongous Register: 0.0 ms]
      [Humongous Reclaim: 0.0 ms]
      [Free CSet: 0.0 ms]
   [Eden: 68.0M(68.0M)->0.0B(68.0M) Survivors: 1024.0K->1024.0K Heap: 112.9M(128.0M)->44.9M(128.0M)]
 [Times: user=0.00 sys=0.00, real=0.00 secs] 
2020-11-10T16:28:55.425+0800: 244.908: [GC pause (G1 Evacuation Pause) (young), 0.0026265 secs]
   [Parallel Time: 1.4 ms, GC Workers: 4]
      [GC Worker Start (ms): Min: 244908.1, Avg: 244908.2, Max: 244908.2, Diff: 0.1]
      [Ext Root Scanning (ms): Min: 0.6, Avg: 0.9, Max: 1.2, Diff: 0.6, Sum: 3.7]
      [Update RS (ms): Min: 0.0, Avg: 0.2, Max: 0.3, Diff: 0.3, Sum: 0.6]
         [Processed Buffers: Min: 0, Avg: 8.3, Max: 21, Diff: 21, Sum: 33]
      [Scan RS (ms): Min: 0.0, Avg: 0.0, Max: 0.1, Diff: 0.0, Sum: 0.1]
      [Code Root Scanning (ms): Min: 0.0, Avg: 0.0, Max: 0.1, Diff: 0.1, Sum: 0.1]
      [Object Copy (ms): Min: 0.0, Avg: 0.1, Max: 0.3, Diff: 0.2, Sum: 0.5]
      [Termination (ms): Min: 0.0, Avg: 0.0, Max: 0.1, Diff: 0.1, Sum: 0.1]
         [Termination Attempts: Min: 1, Avg: 1.3, Max: 2, Diff: 1, Sum: 5]
      [GC Worker Other (ms): Min: 0.0, Avg: 0.0, Max: 0.0, Diff: 0.0, Sum: 0.0]
      [GC Worker Total (ms): Min: 1.3, Avg: 1.3, Max: 1.4, Diff: 0.1, Sum: 5.2]
      [GC Worker End (ms): Min: 244909.5, Avg: 244909.5, Max: 244909.5, Diff: 0.0]
   [Code Root Fixup: 0.0 ms]
   [Code Root Purge: 0.0 ms]
   [Clear CT: 0.1 ms]
   [Other: 1.1 ms]
      [Choose CSet: 0.0 ms]
      [Ref Proc: 0.9 ms]
      [Ref Enq: 0.0 ms]
      [Redirty Cards: 0.1 ms]
      [Humongous Register: 0.0 ms]
      [Humongous Reclaim: 0.0 ms]
      [Free CSet: 0.0 ms]
   [Eden: 68.0M(68.0M)->0.0B(68.0M) Survivors: 1024.0K->1024.0K Heap: 112.9M(128.0M)->44.9M(128.0M)]
 [Times: user=0.00 sys=0.00, real=0.00 secs] 
2020-11-10T16:29:00.221+0800: 249.704: [GC pause (G1 Evacuation Pause) (young), 0.0026717 secs]
   [Parallel Time: 1.3 ms, GC Workers: 4]
      [GC Worker Start (ms): Min: 249704.2, Avg: 249704.2, Max: 249704.3, Diff: 0.1]
      [Ext Root Scanning (ms): Min: 0.6, Avg: 0.8, Max: 1.3, Diff: 0.6, Sum: 3.4]
      [Update RS (ms): Min: 0.0, Avg: 0.2, Max: 0.2, Diff: 0.2, Sum: 0.6]
         [Processed Buffers: Min: 0, Avg: 8.5, Max: 23, Diff: 23, Sum: 34]
      [Scan RS (ms): Min: 0.0, Avg: 0.0, Max: 0.0, Diff: 0.0, Sum: 0.0]
      [Code Root Scanning (ms): Min: 0.0, Avg: 0.0, Max: 0.1, Diff: 0.1, Sum: 0.1]
      [Object Copy (ms): Min: 0.0, Avg: 0.2, Max: 0.2, Diff: 0.2, Sum: 0.6]
      [Termination (ms): Min: 0.0, Avg: 0.0, Max: 0.0, Diff: 0.0, Sum: 0.1]
         [Termination Attempts: Min: 1, Avg: 1.0, Max: 1, Diff: 0, Sum: 4]
      [GC Worker Other (ms): Min: 0.0, Avg: 0.0, Max: 0.0, Diff: 0.0, Sum: 0.0]
      [GC Worker Total (ms): Min: 1.2, Avg: 1.2, Max: 1.3, Diff: 0.1, Sum: 4.8]
      [GC Worker End (ms): Min: 249705.4, Avg: 249705.4, Max: 249705.4, Diff: 0.0]
   [Code Root Fixup: 0.0 ms]
   [Code Root Purge: 0.0 ms]
   [Clear CT: 0.3 ms]
   [Other: 1.0 ms]
      [Choose CSet: 0.0 ms]
      [Ref Proc: 0.6 ms]
      [Ref Enq: 0.0 ms]
      [Redirty Cards: 0.2 ms]
      [Humongous Register: 0.0 ms]
      [Humongous Reclaim: 0.0 ms]
      [Free CSet: 0.0 ms]
   [Eden: 68.0M(68.0M)->0.0B(68.0M) Survivors: 1024.0K->1024.0K Heap: 112.9M(128.0M)->44.9M(128.0M)]
 [Times: user=0.00 sys=0.00, real=0.00 secs] 
2020-11-10T16:29:05.189+0800: 254.672: [GC pause (G1 Evacuation Pause) (young), 0.0030487 secs]
   [Parallel Time: 1.4 ms, GC Workers: 4]
      [GC Worker Start (ms): Min: 254672.3, Avg: 254672.4, Max: 254672.4, Diff: 0.1]
      [Ext Root Scanning (ms): Min: 0.7, Avg: 0.9, Max: 1.3, Diff: 0.5, Sum: 3.5]
      [Update RS (ms): Min: 0.0, Avg: 0.2, Max: 0.3, Diff: 0.3, Sum: 0.9]
         [Processed Buffers: Min: 0, Avg: 9.0, Max: 17, Diff: 17, Sum: 36]
      [Scan RS (ms): Min: 0.0, Avg: 0.0, Max: 0.0, Diff: 0.0, Sum: 0.0]
      [Code Root Scanning (ms): Min: 0.0, Avg: 0.0, Max: 0.1, Diff: 0.1, Sum: 0.1]
      [Object Copy (ms): Min: 0.0, Avg: 0.2, Max: 0.2, Diff: 0.2, Sum: 0.6]
      [Termination (ms): Min: 0.0, Avg: 0.0, Max: 0.0, Diff: 0.0, Sum: 0.0]
         [Termination Attempts: Min: 1, Avg: 1.0, Max: 1, Diff: 0, Sum: 4]
      [GC Worker Other (ms): Min: 0.0, Avg: 0.0, Max: 0.0, Diff: 0.0, Sum: 0.1]
      [GC Worker Total (ms): Min: 1.2, Avg: 1.3, Max: 1.3, Diff: 0.1, Sum: 5.1]
      [GC Worker End (ms): Min: 254673.7, Avg: 254673.7, Max: 254673.7, Diff: 0.0]
   [Code Root Fixup: 0.0 ms]
   [Code Root Purge: 0.0 ms]
   [Clear CT: 0.3 ms]
   [Other: 1.3 ms]
      [Choose CSet: 0.0 ms]
      [Ref Proc: 0.7 ms]
      [Ref Enq: 0.0 ms]
      [Redirty Cards: 0.4 ms]
      [Humongous Register: 0.0 ms]
      [Humongous Reclaim: 0.0 ms]
      [Free CSet: 0.0 ms]
   [Eden: 68.0M(68.0M)->0.0B(68.0M) Survivors: 1024.0K->1024.0K Heap: 112.9M(128.0M)->44.9M(128.0M)]
 [Times: user=0.00 sys=0.00, real=0.00 secs] 
2020-11-10T16:29:09.614+0800: 259.097: [GC pause (G1 Evacuation Pause) (young), 0.0023556 secs]
   [Parallel Time: 1.3 ms, GC Workers: 4]
      [GC Worker Start (ms): Min: 259097.3, Avg: 259097.4, Max: 259097.4, Diff: 0.1]
      [Ext Root Scanning (ms): Min: 0.6, Avg: 0.8, Max: 1.2, Diff: 0.6, Sum: 3.1]
      [Update RS (ms): Min: 0.0, Avg: 0.2, Max: 0.2, Diff: 0.2, Sum: 0.7]
         [Processed Buffers: Min: 0, Avg: 9.3, Max: 23, Diff: 23, Sum: 37]
      [Scan RS (ms): Min: 0.0, Avg: 0.0, Max: 0.0, Diff: 0.0, Sum: 0.0]
      [Code Root Scanning (ms): Min: 0.0, Avg: 0.0, Max: 0.1, Diff: 0.1, Sum: 0.1]
      [Object Copy (ms): Min: 0.0, Avg: 0.2, Max: 0.2, Diff: 0.2, Sum: 0.6]
      [Termination (ms): Min: 0.0, Avg: 0.0, Max: 0.0, Diff: 0.0, Sum: 0.1]
         [Termination Attempts: Min: 1, Avg: 1.0, Max: 1, Diff: 0, Sum: 4]
      [GC Worker Other (ms): Min: 0.0, Avg: 0.0, Max: 0.0, Diff: 0.0, Sum: 0.1]
      [GC Worker Total (ms): Min: 1.1, Avg: 1.2, Max: 1.2, Diff: 0.1, Sum: 4.7]
      [GC Worker End (ms): Min: 259098.6, Avg: 259098.6, Max: 259098.6, Diff: 0.0]
   [Code Root Fixup: 0.0 ms]
   [Code Root Purge: 0.0 ms]
   [Clear CT: 0.0 ms]
   [Other: 0.9 ms]
      [Choose CSet: 0.0 ms]
      [Ref Proc: 0.8 ms]
      [Ref Enq: 0.0 ms]
      [Redirty Cards: 0.0 ms]
      [Humongous Register: 0.0 ms]
      [Humongous Reclaim: 0.0 ms]
      [Free CSet: 0.0 ms]
   [Eden: 68.0M(68.0M)->0.0B(68.0M) Survivors: 1024.0K->1024.0K Heap: 112.9M(128.0M)->44.9M(128.0M)]
 [Times: user=0.00 sys=0.00, real=0.00 secs] 
2020-11-10T16:29:14.484+0800: 263.967: [GC pause (G1 Evacuation Pause) (young), 0.0024572 secs]
   [Parallel Time: 1.4 ms, GC Workers: 4]
      [GC Worker Start (ms): Min: 263967.4, Avg: 263967.5, Max: 263967.5, Diff: 0.1]
      [Ext Root Scanning (ms): Min: 0.6, Avg: 0.8, Max: 1.3, Diff: 0.6, Sum: 3.4]
      [Update RS (ms): Min: 0.0, Avg: 0.2, Max: 0.2, Diff: 0.2, Sum: 0.7]
         [Processed Buffers: Min: 0, Avg: 7.5, Max: 28, Diff: 28, Sum: 30]
      [Scan RS (ms): Min: 0.0, Avg: 0.0, Max: 0.0, Diff: 0.0, Sum: 0.0]
      [Code Root Scanning (ms): Min: 0.0, Avg: 0.0, Max: 0.1, Diff: 0.1, Sum: 0.1]
      [Object Copy (ms): Min: 0.0, Avg: 0.1, Max: 0.2, Diff: 0.2, Sum: 0.5]
      [Termination (ms): Min: 0.0, Avg: 0.1, Max: 0.1, Diff: 0.1, Sum: 0.2]
         [Termination Attempts: Min: 1, Avg: 1.0, Max: 1, Diff: 0, Sum: 4]
      [GC Worker Other (ms): Min: 0.0, Avg: 0.0, Max: 0.0, Diff: 0.0, Sum: 0.0]
      [GC Worker Total (ms): Min: 1.2, Avg: 1.2, Max: 1.3, Diff: 0.1, Sum: 4.9]
      [GC Worker End (ms): Min: 263968.7, Avg: 263968.7, Max: 263968.7, Diff: 0.0]
   [Code Root Fixup: 0.0 ms]
   [Code Root Purge: 0.0 ms]
   [Clear CT: 0.1 ms]
   [Other: 1.0 ms]
      [Choose CSet: 0.0 ms]
      [Ref Proc: 0.8 ms]
      [Ref Enq: 0.0 ms]
      [Redirty Cards: 0.0 ms]
      [Humongous Register: 0.0 ms]
      [Humongous Reclaim: 0.0 ms]
      [Free CSet: 0.1 ms]
   [Eden: 68.0M(68.0M)->0.0B(68.0M) Survivors: 1024.0K->1024.0K Heap: 112.9M(128.0M)->44.9M(128.0M)]
 [Times: user=0.00 sys=0.00, real=0.00 secs] 
2020-11-10T16:29:19.365+0800: 268.848: [GC pause (G1 Evacuation Pause) (young), 0.0057009 secs]
   [Parallel Time: 4.3 ms, GC Workers: 4]
      [GC Worker Start (ms): Min: 268848.4, Avg: 268849.2, Max: 268851.7, Diff: 3.3]
      [Ext Root Scanning (ms): Min: 0.0, Avg: 2.1, Max: 4.2, Diff: 4.2, Sum: 8.6]
      [Update RS (ms): Min: 0.0, Avg: 0.3, Max: 0.5, Diff: 0.5, Sum: 1.0]
         [Processed Buffers: Min: 0, Avg: 8.3, Max: 26, Diff: 26, Sum: 33]
      [Scan RS (ms): Min: 0.0, Avg: 0.0, Max: 0.0, Diff: 0.0, Sum: 0.0]
      [Code Root Scanning (ms): Min: 0.0, Avg: 0.1, Max: 0.5, Diff: 0.5, Sum: 0.6]
      [Object Copy (ms): Min: 0.0, Avg: 0.4, Max: 0.7, Diff: 0.7, Sum: 1.5]
      [Termination (ms): Min: 0.0, Avg: 0.5, Max: 0.7, Diff: 0.7, Sum: 2.0]
         [Termination Attempts: Min: 1, Avg: 1.0, Max: 1, Diff: 0, Sum: 4]
      [GC Worker Other (ms): Min: 0.0, Avg: 0.0, Max: 0.0, Diff: 0.0, Sum: 0.1]
      [GC Worker Total (ms): Min: 1.0, Avg: 3.4, Max: 4.3, Diff: 3.3, Sum: 13.8]
      [GC Worker End (ms): Min: 268852.7, Avg: 268852.7, Max: 268852.7, Diff: 0.0]
   [Code Root Fixup: 0.0 ms]
   [Code Root Purge: 0.0 ms]
   [Clear CT: 0.1 ms]
   [Other: 1.3 ms]
      [Choose CSet: 0.0 ms]
      [Ref Proc: 1.0 ms]
      [Ref Enq: 0.0 ms]
      [Redirty Cards: 0.1 ms]
      [Humongous Register: 0.0 ms]
      [Humongous Reclaim: 0.0 ms]
      [Free CSet: 0.1 ms]
   [Eden: 68.0M(68.0M)->0.0B(68.0M) Survivors: 1024.0K->1024.0K Heap: 112.9M(128.0M)->44.9M(128.0M)]
 [Times: user=0.00 sys=0.00, real=0.01 secs] 
2020-11-10T16:29:24.074+0800: 273.557: [GC pause (G1 Evacuation Pause) (young), 0.0029782 secs]
   [Parallel Time: 1.4 ms, GC Workers: 4]
      [GC Worker Start (ms): Min: 273557.4, Avg: 273557.5, Max: 273557.8, Diff: 0.4]
      [Ext Root Scanning (ms): Min: 0.4, Avg: 0.8, Max: 1.3, Diff: 0.9, Sum: 3.2]
      [Update RS (ms): Min: 0.0, Avg: 0.2, Max: 0.5, Diff: 0.5, Sum: 0.9]
         [Processed Buffers: Min: 0, Avg: 7.3, Max: 27, Diff: 27, Sum: 29]
      [Scan RS (ms): Min: 0.0, Avg: 0.0, Max: 0.0, Diff: 0.0, Sum: 0.0]
      [Code Root Scanning (ms): Min: 0.0, Avg: 0.0, Max: 0.0, Diff: 0.0, Sum: 0.0]
      [Object Copy (ms): Min: 0.0, Avg: 0.1, Max: 0.2, Diff: 0.2, Sum: 0.5]
      [Termination (ms): Min: 0.0, Avg: 0.1, Max: 0.1, Diff: 0.1, Sum: 0.2]
         [Termination Attempts: Min: 1, Avg: 6.3, Max: 15, Diff: 14, Sum: 25]
      [GC Worker Other (ms): Min: 0.0, Avg: 0.0, Max: 0.0, Diff: 0.0, Sum: 0.0]
      [GC Worker Total (ms): Min: 0.9, Avg: 1.2, Max: 1.3, Diff: 0.4, Sum: 4.9]
      [GC Worker End (ms): Min: 273558.7, Avg: 273558.8, Max: 273558.8, Diff: 0.0]
   [Code Root Fixup: 0.0 ms]
   [Code Root Purge: 0.0 ms]
   [Clear CT: 0.3 ms]
   [Other: 1.2 ms]
      [Choose CSet: 0.0 ms]
      [Ref Proc: 0.8 ms]
      [Ref Enq: 0.0 ms]
      [Redirty Cards: 0.3 ms]
      [Humongous Register: 0.0 ms]
      [Humongous Reclaim: 0.0 ms]
      [Free CSet: 0.0 ms]
   [Eden: 68.0M(68.0M)->0.0B(68.0M) Survivors: 1024.0K->1024.0K Heap: 112.9M(128.0M)->45.0M(128.0M)]
 [Times: user=0.00 sys=0.00, real=0.00 secs] 
2020-11-10T16:29:29.297+0800: 278.781: [GC pause (G1 Evacuation Pause) (young), 0.0024050 secs]
   [Parallel Time: 1.4 ms, GC Workers: 4]
      [GC Worker Start (ms): Min: 278780.9, Avg: 278780.9, Max: 278781.0, Diff: 0.1]
      [Ext Root Scanning (ms): Min: 0.6, Avg: 0.8, Max: 1.3, Diff: 0.7, Sum: 3.2]
      [Update RS (ms): Min: 0.0, Avg: 0.2, Max: 0.2, Diff: 0.2, Sum: 0.6]
         [Processed Buffers: Min: 0, Avg: 9.8, Max: 27, Diff: 27, Sum: 39]
      [Scan RS (ms): Min: 0.0, Avg: 0.0, Max: 0.0, Diff: 0.0, Sum: 0.0]
      [Code Root Scanning (ms): Min: 0.0, Avg: 0.0, Max: 0.0, Diff: 0.0, Sum: 0.0]
      [Object Copy (ms): Min: 0.0, Avg: 0.1, Max: 0.2, Diff: 0.2, Sum: 0.5]
      [Termination (ms): Min: 0.0, Avg: 0.1, Max: 0.1, Diff: 0.1, Sum: 0.4]
         [Termination Attempts: Min: 1, Avg: 1.0, Max: 1, Diff: 0, Sum: 4]
      [GC Worker Other (ms): Min: 0.0, Avg: 0.0, Max: 0.0, Diff: 0.0, Sum: 0.1]
      [GC Worker Total (ms): Min: 1.2, Avg: 1.2, Max: 1.3, Diff: 0.1, Sum: 4.9]
      [GC Worker End (ms): Min: 278782.2, Avg: 278782.2, Max: 278782.2, Diff: 0.0]
   [Code Root Fixup: 0.0 ms]
   [Code Root Purge: 0.0 ms]
   [Clear CT: 0.2 ms]
   [Other: 0.8 ms]
      [Choose CSet: 0.0 ms]
      [Ref Proc: 0.6 ms]
      [Ref Enq: 0.0 ms]
      [Redirty Cards: 0.1 ms]
      [Humongous Register: 0.0 ms]
      [Humongous Reclaim: 0.0 ms]
      [Free CSet: 0.0 ms]
   [Eden: 68.0M(68.0M)->0.0B(68.0M) Survivors: 1024.0K->1024.0K Heap: 113.0M(128.0M)->44.9M(128.0M)]
 [Times: user=0.05 sys=0.00, real=0.00 secs] 
2020-11-10T16:29:33.917+0800: 283.400: [GC pause (G1 Evacuation Pause) (young), 0.0030184 secs]
   [Parallel Time: 1.4 ms, GC Workers: 4]
      [GC Worker Start (ms): Min: 283400.4, Avg: 283400.6, Max: 283401.2, Diff: 0.8]
      [Ext Root Scanning (ms): Min: 0.1, Avg: 0.8, Max: 1.3, Diff: 1.2, Sum: 3.2]
      [Update RS (ms): Min: 0.0, Avg: 0.2, Max: 0.2, Diff: 0.2, Sum: 0.7]
         [Processed Buffers: Min: 0, Avg: 8.3, Max: 15, Diff: 15, Sum: 33]
      [Scan RS (ms): Min: 0.0, Avg: 0.0, Max: 0.0, Diff: 0.0, Sum: 0.0]
      [Code Root Scanning (ms): Min: 0.0, Avg: 0.0, Max: 0.0, Diff: 0.0, Sum: 0.0]
      [Object Copy (ms): Min: 0.0, Avg: 0.1, Max: 0.2, Diff: 0.2, Sum: 0.5]
      [Termination (ms): Min: 0.0, Avg: 0.0, Max: 0.1, Diff: 0.1, Sum: 0.2]
         [Termination Attempts: Min: 1, Avg: 1.0, Max: 1, Diff: 0, Sum: 4]
      [GC Worker Other (ms): Min: 0.0, Avg: 0.0, Max: 0.0, Diff: 0.0, Sum: 0.0]
      [GC Worker Total (ms): Min: 0.5, Avg: 1.2, Max: 1.4, Diff: 0.8, Sum: 4.6]
      [GC Worker End (ms): Min: 283401.7, Avg: 283401.7, Max: 283401.7, Diff: 0.0]
   [Code Root Fixup: 0.0 ms]
   [Code Root Purge: 0.0 ms]
   [Clear CT: 0.4 ms]
   [Other: 1.2 ms]
      [Choose CSet: 0.0 ms]
      [Ref Proc: 0.7 ms]
      [Ref Enq: 0.0 ms]
      [Redirty Cards: 0.3 ms]
      [Humongous Register: 0.0 ms]
      [Humongous Reclaim: 0.0 ms]
      [Free CSet: 0.1 ms]
   [Eden: 68.0M(68.0M)->0.0B(68.0M) Survivors: 1024.0K->1024.0K Heap: 112.9M(128.0M)->45.0M(128.0M)]
 [Times: user=0.00 sys=0.00, real=0.00 secs] 
2020-11-10T16:29:39.298+0800: 288.781: [GC pause (G1 Evacuation Pause) (young), 0.0042606 secs]
   [Parallel Time: 1.9 ms, GC Workers: 4]
      [GC Worker Start (ms): Min: 288781.3, Avg: 288781.7, Max: 288782.9, Diff: 1.6]
      [Ext Root Scanning (ms): Min: 0.0, Avg: 1.0, Max: 1.6, Diff: 1.6, Sum: 3.9]
      [Update RS (ms): Min: 0.1, Avg: 0.2, Max: 0.4, Diff: 0.3, Sum: 0.9]
         [Processed Buffers: Min: 2, Avg: 9.0, Max: 20, Diff: 18, Sum: 36]
      [Scan RS (ms): Min: 0.0, Avg: 0.0, Max: 0.0, Diff: 0.0, Sum: 0.0]
      [Code Root Scanning (ms): Min: 0.0, Avg: 0.0, Max: 0.0, Diff: 0.0, Sum: 0.0]
      [Object Copy (ms): Min: 0.1, Avg: 0.2, Max: 0.3, Diff: 0.1, Sum: 0.8]
      [Termination (ms): Min: 0.0, Avg: 0.0, Max: 0.0, Diff: 0.0, Sum: 0.0]
         [Termination Attempts: Min: 1, Avg: 1.0, Max: 1, Diff: 0, Sum: 4]
      [GC Worker Other (ms): Min: 0.0, Avg: 0.0, Max: 0.0, Diff: 0.0, Sum: 0.1]
      [GC Worker Total (ms): Min: 0.2, Avg: 1.4, Max: 1.8, Diff: 1.6, Sum: 5.8]
      [GC Worker End (ms): Min: 288783.2, Avg: 288783.2, Max: 288783.2, Diff: 0.0]
   [Code Root Fixup: 0.1 ms]
   [Code Root Purge: 0.0 ms]
   [Clear CT: 0.1 ms]
   [Other: 2.2 ms]
      [Choose CSet: 0.0 ms]
      [Ref Proc: 2.0 ms]
      [Ref Enq: 0.0 ms]
      [Redirty Cards: 0.0 ms]
      [Humongous Register: 0.0 ms]
      [Humongous Reclaim: 0.0 ms]
      [Free CSet: 0.0 ms]
   [Eden: 68.0M(68.0M)->0.0B(68.0M) Survivors: 1024.0K->1024.0K Heap: 113.0M(128.0M)->45.0M(128.0M)]
 [Times: user=0.00 sys=0.00, real=0.00 secs] 
2020-11-10T16:29:45.377+0800: 294.860: [GC pause (G1 Evacuation Pause) (young), 0.0029940 secs]
   [Parallel Time: 1.4 ms, GC Workers: 4]
      [GC Worker Start (ms): Min: 294860.4, Avg: 294860.5, Max: 294860.5, Diff: 0.2]
      [Ext Root Scanning (ms): Min: 0.6, Avg: 0.9, Max: 1.3, Diff: 0.6, Sum: 3.4]
      [Update RS (ms): Min: 0.0, Avg: 0.1, Max: 0.2, Diff: 0.2, Sum: 0.6]
         [Processed Buffers: Min: 0, Avg: 9.0, Max: 14, Diff: 14, Sum: 36]
      [Scan RS (ms): Min: 0.0, Avg: 0.0, Max: 0.0, Diff: 0.0, Sum: 0.0]
      [Code Root Scanning (ms): Min: 0.0, Avg: 0.0, Max: 0.0, Diff: 0.0, Sum: 0.0]
      [Object Copy (ms): Min: 0.0, Avg: 0.1, Max: 0.2, Diff: 0.2, Sum: 0.6]
      [Termination (ms): Min: 0.0, Avg: 0.0, Max: 0.1, Diff: 0.1, Sum: 0.1]
         [Termination Attempts: Min: 1, Avg: 1.0, Max: 1, Diff: 0, Sum: 4]
      [GC Worker Other (ms): Min: 0.0, Avg: 0.0, Max: 0.0, Diff: 0.0, Sum: 0.0]
      [GC Worker Total (ms): Min: 1.1, Avg: 1.2, Max: 1.3, Diff: 0.1, Sum: 4.9]
      [GC Worker End (ms): Min: 294861.7, Avg: 294861.7, Max: 294861.7, Diff: 0.0]
   [Code Root Fixup: 0.0 ms]
   [Code Root Purge: 0.0 ms]
   [Clear CT: 0.2 ms]
   [Other: 1.4 ms]
      [Choose CSet: 0.0 ms]
      [Ref Proc: 1.0 ms]
      [Ref Enq: 0.0 ms]
      [Redirty Cards: 0.2 ms]
      [Humongous Register: 0.0 ms]
      [Humongous Reclaim: 0.0 ms]
      [Free CSet: 0.0 ms]
   [Eden: 68.0M(68.0M)->0.0B(68.0M) Survivors: 1024.0K->1024.0K Heap: 113.0M(128.0M)->44.9M(128.0M)]
 [Times: user=0.00 sys=0.00, real=0.00 secs] 
2020-11-10T16:29:50.833+0800: 300.316: [GC pause (G1 Evacuation Pause) (young), 0.0026200 secs]
   [Parallel Time: 1.4 ms, GC Workers: 4]
      [GC Worker Start (ms): Min: 300316.4, Avg: 300316.4, Max: 300316.4, Diff: 0.1]
      [Ext Root Scanning (ms): Min: 0.7, Avg: 0.9, Max: 1.3, Diff: 0.6, Sum: 3.6]
      [Update RS (ms): Min: 0.0, Avg: 0.2, Max: 0.2, Diff: 0.2, Sum: 0.6]
         [Processed Buffers: Min: 0, Avg: 8.5, Max: 18, Diff: 18, Sum: 34]
      [Scan RS (ms): Min: 0.0, Avg: 0.0, Max: 0.0, Diff: 0.0, Sum: 0.0]
      [Code Root Scanning (ms): Min: 0.0, Avg: 0.0, Max: 0.0, Diff: 0.0, Sum: 0.0]
      [Object Copy (ms): Min: 0.0, Avg: 0.2, Max: 0.3, Diff: 0.3, Sum: 0.7]
      [Termination (ms): Min: 0.0, Avg: 0.0, Max: 0.0, Diff: 0.0, Sum: 0.0]
         [Termination Attempts: Min: 1, Avg: 1.0, Max: 1, Diff: 0, Sum: 4]
      [GC Worker Other (ms): Min: 0.0, Avg: 0.0, Max: 0.0, Diff: 0.0, Sum: 0.0]
      [GC Worker Total (ms): Min: 1.3, Avg: 1.3, Max: 1.3, Diff: 0.1, Sum: 5.1]
      [GC Worker End (ms): Min: 300317.7, Avg: 300317.7, Max: 300317.7, Diff: 0.0]
   [Code Root Fixup: 0.0 ms]
   [Code Root Purge: 0.0 ms]
   [Clear CT: 0.2 ms]
   [Other: 1.0 ms]
      [Choose CSet: 0.0 ms]
      [Ref Proc: 0.7 ms]
      [Ref Enq: 0.0 ms]
      [Redirty Cards: 0.2 ms]
      [Humongous Register: 0.0 ms]
      [Humongous Reclaim: 0.0 ms]
      [Free CSet: 0.0 ms]
   [Eden: 68.0M(68.0M)->0.0B(68.0M) Survivors: 1024.0K->1024.0K Heap: 112.9M(128.0M)->45.0M(128.0M)]
 [Times: user=0.00 sys=0.00, real=0.00 secs] 
2020-11-10T16:29:56.625+0800: 306.109: [GC pause (G1 Evacuation Pause) (young), 0.0027936 secs]
   [Parallel Time: 1.6 ms, GC Workers: 4]
      [GC Worker Start (ms): Min: 306108.8, Avg: 306109.1, Max: 306110.0, Diff: 1.2]
      [Ext Root Scanning (ms): Min: 0.0, Avg: 0.9, Max: 1.5, Diff: 1.5, Sum: 3.4]
      [Update RS (ms): Min: 0.0, Avg: 0.2, Max: 0.3, Diff: 0.3, Sum: 0.8]
         [Processed Buffers: Min: 0, Avg: 9.0, Max: 18, Diff: 18, Sum: 36]
      [Scan RS (ms): Min: 0.0, Avg: 0.0, Max: 0.0, Diff: 0.0, Sum: 0.0]
      [Code Root Scanning (ms): Min: 0.0, Avg: 0.0, Max: 0.1, Diff: 0.1, Sum: 0.1]
      [Object Copy (ms): Min: 0.1, Avg: 0.1, Max: 0.2, Diff: 0.1, Sum: 0.5]
      [Termination (ms): Min: 0.0, Avg: 0.0, Max: 0.0, Diff: 0.0, Sum: 0.0]
         [Termination Attempts: Min: 1, Avg: 1.0, Max: 1, Diff: 0, Sum: 4]
      [GC Worker Other (ms): Min: 0.0, Avg: 0.0, Max: 0.0, Diff: 0.0, Sum: 0.0]
      [GC Worker Total (ms): Min: 0.4, Avg: 1.2, Max: 1.6, Diff: 1.2, Sum: 4.9]
      [GC Worker End (ms): Min: 306110.4, Avg: 306110.4, Max: 306110.4, Diff: 0.0]
   [Code Root Fixup: 0.0 ms]
   [Code Root Purge: 0.0 ms]
   [Clear CT: 0.2 ms]
   [Other: 1.0 ms]
      [Choose CSet: 0.0 ms]
      [Ref Proc: 0.8 ms]
      [Ref Enq: 0.0 ms]
      [Redirty Cards: 0.0 ms]
      [Humongous Register: 0.0 ms]
      [Humongous Reclaim: 0.0 ms]
      [Free CSet: 0.0 ms]
   [Eden: 68.0M(68.0M)->0.0B(68.0M) Survivors: 1024.0K->1024.0K Heap: 113.0M(128.0M)->45.1M(128.0M)]
 [Times: user=0.05 sys=0.00, real=0.00 secs] 
2020-11-10T16:30:01.456+0800: 310.939: [GC pause (G1 Evacuation Pause) (young), 0.0030574 secs]
   [Parallel Time: 1.8 ms, GC Workers: 4]
      [GC Worker Start (ms): Min: 310939.4, Avg: 310939.9, Max: 310941.0, Diff: 1.7]
      [Ext Root Scanning (ms): Min: 0.0, Avg: 0.8, Max: 1.4, Diff: 1.4, Sum: 3.2]
      [Update RS (ms): Min: 0.0, Avg: 0.2, Max: 0.3, Diff: 0.3, Sum: 0.6]
         [Processed Buffers: Min: 0, Avg: 9.0, Max: 18, Diff: 18, Sum: 36]
      [Scan RS (ms): Min: 0.0, Avg: 0.0, Max: 0.0, Diff: 0.0, Sum: 0.0]
      [Code Root Scanning (ms): Min: 0.0, Avg: 0.0, Max: 0.1, Diff: 0.1, Sum: 0.1]
      [Object Copy (ms): Min: 0.0, Avg: 0.2, Max: 0.2, Diff: 0.2, Sum: 0.6]
      [Termination (ms): Min: 0.0, Avg: 0.1, Max: 0.1, Diff: 0.1, Sum: 0.3]
         [Termination Attempts: Min: 1, Avg: 1.0, Max: 1, Diff: 0, Sum: 4]
      [GC Worker Other (ms): Min: 0.0, Avg: 0.0, Max: 0.1, Diff: 0.1, Sum: 0.1]
      [GC Worker Total (ms): Min: 0.0, Avg: 1.2, Max: 1.7, Diff: 1.7, Sum: 4.9]
      [GC Worker End (ms): Min: 310941.1, Avg: 310941.1, Max: 310941.1, Diff: 0.1]
   [Code Root Fixup: 0.0 ms]
   [Code Root Purge: 0.0 ms]
   [Clear CT: 0.1 ms]
   [Other: 1.1 ms]
      [Choose CSet: 0.0 ms]
      [Ref Proc: 0.7 ms]
      [Ref Enq: 0.0 ms]
      [Redirty Cards: 0.2 ms]
      [Humongous Register: 0.0 ms]
      [Humongous Reclaim: 0.0 ms]
      [Free CSet: 0.0 ms]
   [Eden: 68.0M(68.0M)->0.0B(68.0M) Survivors: 1024.0K->1024.0K Heap: 113.1M(128.0M)->45.0M(128.0M)]
 [Times: user=0.00 sys=0.00, real=0.00 secs] 
2020-11-10T16:30:06.291+0800: 315.774: [GC pause (G1 Evacuation Pause) (young), 0.0032890 secs]
   [Parallel Time: 1.8 ms, GC Workers: 4]
      [GC Worker Start (ms): Min: 315774.5, Avg: 315774.6, Max: 315774.6, Diff: 0.1]
      [Ext Root Scanning (ms): Min: 0.7, Avg: 1.0, Max: 1.7, Diff: 0.9, Sum: 3.8]
      [Update RS (ms): Min: 0.0, Avg: 0.2, Max: 0.3, Diff: 0.3, Sum: 0.8]
         [Processed Buffers: Min: 0, Avg: 9.0, Max: 16, Diff: 16, Sum: 36]
      [Scan RS (ms): Min: 0.0, Avg: 0.0, Max: 0.0, Diff: 0.0, Sum: 0.0]
      [Code Root Scanning (ms): Min: 0.0, Avg: 0.0, Max: 0.1, Diff: 0.1, Sum: 0.1]
      [Object Copy (ms): Min: 0.0, Avg: 0.2, Max: 0.3, Diff: 0.3, Sum: 0.6]
      [Termination (ms): Min: 0.0, Avg: 0.3, Max: 0.3, Diff: 0.3, Sum: 1.0]
         [Termination Attempts: Min: 1, Avg: 1.0, Max: 1, Diff: 0, Sum: 4]
      [GC Worker Other (ms): Min: 0.0, Avg: 0.0, Max: 0.0, Diff: 0.0, Sum: 0.0]
      [GC Worker Total (ms): Min: 1.6, Avg: 1.6, Max: 1.7, Diff: 0.1, Sum: 6.5]
      [GC Worker End (ms): Min: 315776.2, Avg: 315776.2, Max: 315776.2, Diff: 0.0]
   [Code Root Fixup: 0.0 ms]
   [Code Root Purge: 0.0 ms]
   [Clear CT: 0.2 ms]
   [Other: 1.3 ms]
      [Choose CSet: 0.0 ms]
      [Ref Proc: 0.8 ms]
      [Ref Enq: 0.0 ms]
      [Redirty Cards: 0.4 ms]
      [Humongous Register: 0.0 ms]
      [Humongous Reclaim: 0.0 ms]
      [Free CSet: 0.0 ms]
   [Eden: 68.0M(68.0M)->0.0B(68.0M) Survivors: 1024.0K->1024.0K Heap: 113.0M(128.0M)->45.0M(128.0M)]
 [Times: user=0.00 sys=0.00, real=0.00 secs] 
2020-11-10T16:30:11.956+0800: 321.440: [GC pause (G1 Evacuation Pause) (young), 0.0027741 secs]
   [Parallel Time: 1.6 ms, GC Workers: 4]
      [GC Worker Start (ms): Min: 321439.8, Avg: 321440.0, Max: 321440.6, Diff: 0.8]
      [Ext Root Scanning (ms): Min: 0.4, Avg: 0.9, Max: 1.3, Diff: 1.0, Sum: 3.8]
      [Update RS (ms): Min: 0.1, Avg: 0.2, Max: 0.2, Diff: 0.1, Sum: 0.7]
         [Processed Buffers: Min: 5, Avg: 10.0, Max: 18, Diff: 13, Sum: 40]
      [Scan RS (ms): Min: 0.0, Avg: 0.0, Max: 0.0, Diff: 0.0, Sum: 0.0]
      [Code Root Scanning (ms): Min: 0.0, Avg: 0.0, Max: 0.1, Diff: 0.1, Sum: 0.1]
      [Object Copy (ms): Min: 0.1, Avg: 0.1, Max: 0.2, Diff: 0.1, Sum: 0.6]
      [Termination (ms): Min: 0.0, Avg: 0.0, Max: 0.0, Diff: 0.0, Sum: 0.0]
         [Termination Attempts: Min: 1, Avg: 1.3, Max: 2, Diff: 1, Sum: 5]
      [GC Worker Other (ms): Min: 0.0, Avg: 0.0, Max: 0.0, Diff: 0.0, Sum: 0.1]
      [GC Worker Total (ms): Min: 0.8, Avg: 1.3, Max: 1.6, Diff: 0.8, Sum: 5.2]
      [GC Worker End (ms): Min: 321441.3, Avg: 321441.3, Max: 321441.3, Diff: 0.0]
   [Code Root Fixup: 0.0 ms]
   [Code Root Purge: 0.0 ms]
   [Clear CT: 0.1 ms]
   [Other: 1.1 ms]
      [Choose CSet: 0.0 ms]
      [Ref Proc: 0.8 ms]
      [Ref Enq: 0.0 ms]
      [Redirty Cards: 0.1 ms]
      [Humongous Register: 0.0 ms]
      [Humongous Reclaim: 0.0 ms]
      [Free CSet: 0.1 ms]
   [Eden: 68.0M(68.0M)->0.0B(68.0M) Survivors: 1024.0K->1024.0K Heap: 113.0M(128.0M)->45.0M(128.0M)]
 [Times: user=0.00 sys=0.00, real=0.00 secs] 
2020-11-10T16:30:17.599+0800: 327.082: [GC pause (G1 Evacuation Pause) (young), 0.0050854 secs]
   [Parallel Time: 3.6 ms, GC Workers: 4]
      [GC Worker Start (ms): Min: 327082.2, Avg: 327082.4, Max: 327082.9, Diff: 0.8]
      [Ext Root Scanning (ms): Min: 0.6, Avg: 1.6, Max: 3.5, Diff: 2.9, Sum: 6.5]
      [Update RS (ms): Min: 0.0, Avg: 0.3, Max: 0.5, Diff: 0.5, Sum: 1.4]
         [Processed Buffers: Min: 0, Avg: 8.5, Max: 19, Diff: 19, Sum: 34]
      [Scan RS (ms): Min: 0.0, Avg: 0.0, Max: 0.0, Diff: 0.0, Sum: 0.1]
      [Code Root Scanning (ms): Min: 0.0, Avg: 0.0, Max: 0.2, Diff: 0.2, Sum: 0.2]
      [Object Copy (ms): Min: 0.0, Avg: 0.2, Max: 0.4, Diff: 0.4, Sum: 1.0]
      [Termination (ms): Min: 0.0, Avg: 1.0, Max: 1.3, Diff: 1.3, Sum: 3.9]
         [Termination Attempts: Min: 1, Avg: 1.0, Max: 1, Diff: 0, Sum: 4]
      [GC Worker Other (ms): Min: 0.0, Avg: 0.0, Max: 0.0, Diff: 0.0, Sum: 0.1]
      [GC Worker Total (ms): Min: 2.8, Avg: 3.3, Max: 3.5, Diff: 0.8, Sum: 13.1]
      [GC Worker End (ms): Min: 327085.7, Avg: 327085.7, Max: 327085.7, Diff: 0.0]
   [Code Root Fixup: 0.0 ms]
   [Code Root Purge: 0.0 ms]
   [Clear CT: 0.2 ms]
   [Other: 1.2 ms]
      [Choose CSet: 0.0 ms]
      [Ref Proc: 0.8 ms]
      [Ref Enq: 0.0 ms]
      [Redirty Cards: 0.1 ms]
      [Humongous Register: 0.0 ms]
      [Humongous Reclaim: 0.0 ms]
      [Free CSet: 0.1 ms]
   [Eden: 68.0M(68.0M)->0.0B(68.0M) Survivors: 1024.0K->1024.0K Heap: 113.0M(128.0M)->45.0M(128.0M)]
 [Times: user=0.00 sys=0.00, real=0.01 secs] 
2020-11-10T16:30:22.260+0800: 331.743: [GC pause (G1 Evacuation Pause) (young), 0.0027544 secs]
   [Parallel Time: 1.4 ms, GC Workers: 4]
      [GC Worker Start (ms): Min: 331743.4, Avg: 331743.5, Max: 331743.5, Diff: 0.1]
      [Ext Root Scanning (ms): Min: 0.7, Avg: 0.9, Max: 1.3, Diff: 0.6, Sum: 3.4]
      [Update RS (ms): Min: 0.0, Avg: 0.1, Max: 0.2, Diff: 0.2, Sum: 0.6]
         [Processed Buffers: Min: 0, Avg: 8.3, Max: 20, Diff: 20, Sum: 33]
      [Scan RS (ms): Min: 0.0, Avg: 0.0, Max: 0.0, Diff: 0.0, Sum: 0.0]
      [Code Root Scanning (ms): Min: 0.0, Avg: 0.0, Max: 0.1, Diff: 0.1, Sum: 0.1]
      [Object Copy (ms): Min: 0.0, Avg: 0.1, Max: 0.2, Diff: 0.2, Sum: 0.5]
      [Termination (ms): Min: 0.0, Avg: 0.1, Max: 0.1, Diff: 0.1, Sum: 0.4]
         [Termination Attempts: Min: 1, Avg: 1.0, Max: 1, Diff: 0, Sum: 4]
      [GC Worker Other (ms): Min: 0.0, Avg: 0.0, Max: 0.0, Diff: 0.0, Sum: 0.0]
      [GC Worker Total (ms): Min: 1.2, Avg: 1.3, Max: 1.3, Diff: 0.1, Sum: 5.0]
      [GC Worker End (ms): Min: 331744.7, Avg: 331744.7, Max: 331744.7, Diff: 0.0]
   [Code Root Fixup: 0.1 ms]
   [Code Root Purge: 0.0 ms]
   [Clear CT: 0.3 ms]
   [Other: 0.9 ms]
      [Choose CSet: 0.0 ms]
      [Ref Proc: 0.6 ms]
      [Ref Enq: 0.0 ms]
      [Redirty Cards: 0.2 ms]
      [Humongous Register: 0.0 ms]
      [Humongous Reclaim: 0.0 ms]
      [Free CSet: 0.0 ms]
   [Eden: 68.0M(68.0M)->0.0B(68.0M) Survivors: 1024.0K->1024.0K Heap: 113.0M(128.0M)->45.1M(128.0M)]
 [Times: user=0.00 sys=0.00, real=0.00 secs] 
2020-11-10T16:30:27.217+0800: 336.700: [GC pause (G1 Evacuation Pause) (young), 0.0026592 secs]
   [Parallel Time: 1.4 ms, GC Workers: 4]
      [GC Worker Start (ms): Min: 336700.0, Avg: 336700.1, Max: 336700.1, Diff: 0.1]
      [Ext Root Scanning (ms): Min: 0.6, Avg: 0.8, Max: 1.2, Diff: 0.6, Sum: 3.2]
      [Update RS (ms): Min: 0.0, Avg: 0.2, Max: 0.2, Diff: 0.2, Sum: 0.6]
         [Processed Buffers: Min: 0, Avg: 9.5, Max: 33, Diff: 33, Sum: 38]
      [Scan RS (ms): Min: 0.0, Avg: 0.0, Max: 0.0, Diff: 0.0, Sum: 0.0]
      [Code Root Scanning (ms): Min: 0.0, Avg: 0.0, Max: 0.1, Diff: 0.1, Sum: 0.1]
      [Object Copy (ms): Min: 0.0, Avg: 0.1, Max: 0.2, Diff: 0.2, Sum: 0.5]
      [Termination (ms): Min: 0.0, Avg: 0.0, Max: 0.0, Diff: 0.0, Sum: 0.1]
         [Termination Attempts: Min: 1, Avg: 1.0, Max: 1, Diff: 0, Sum: 4]
      [GC Worker Other (ms): Min: 0.0, Avg: 0.0, Max: 0.0, Diff: 0.0, Sum: 0.0]
      [GC Worker Total (ms): Min: 1.1, Avg: 1.2, Max: 1.2, Diff: 0.1, Sum: 4.6]
      [GC Worker End (ms): Min: 336701.2, Avg: 336701.2, Max: 336701.2, Diff: 0.0]
   [Code Root Fixup: 0.0 ms]
   [Code Root Purge: 0.0 ms]
   [Clear CT: 0.2 ms]
   [Other: 1.0 ms]
      [Choose CSet: 0.0 ms]
      [Ref Proc: 0.7 ms]
      [Ref Enq: 0.0 ms]
      [Redirty Cards: 0.2 ms]
      [Humongous Register: 0.0 ms]
      [Humongous Reclaim: 0.0 ms]
      [Free CSet: 0.0 ms]
   [Eden: 68.0M(68.0M)->0.0B(68.0M) Survivors: 1024.0K->1024.0K Heap: 113.1M(128.0M)->45.0M(128.0M)]
 [Times: user=0.00 sys=0.00, real=0.00 secs] 
2020-11-10T16:30:32.083+0800: 341.567: [GC pause (G1 Evacuation Pause) (young), 0.0029929 secs]
   [Parallel Time: 1.4 ms, GC Workers: 4]
      [GC Worker Start (ms): Min: 341567.1, Avg: 341567.3, Max: 341567.6, Diff: 0.5]
      [Ext Root Scanning (ms): Min: 0.5, Avg: 0.8, Max: 1.3, Diff: 0.8, Sum: 3.3]
      [Update RS (ms): Min: 0.0, Avg: 0.2, Max: 0.3, Diff: 0.3, Sum: 0.8]
         [Processed Buffers: Min: 0, Avg: 9.5, Max: 33, Diff: 33, Sum: 38]
      [Scan RS (ms): Min: 0.0, Avg: 0.0, Max: 0.0, Diff: 0.0, Sum: 0.0]
      [Code Root Scanning (ms): Min: 0.0, Avg: 0.0, Max: 0.1, Diff: 0.1, Sum: 0.1]
      [Object Copy (ms): Min: 0.1, Avg: 0.1, Max: 0.2, Diff: 0.1, Sum: 0.6]
      [Termination (ms): Min: 0.0, Avg: 0.0, Max: 0.0, Diff: 0.0, Sum: 0.0]
         [Termination Attempts: Min: 1, Avg: 1.0, Max: 1, Diff: 0, Sum: 4]
      [GC Worker Other (ms): Min: 0.0, Avg: 0.0, Max: 0.0, Diff: 0.0, Sum: 0.0]
      [GC Worker Total (ms): Min: 0.9, Avg: 1.2, Max: 1.4, Diff: 0.5, Sum: 4.8]
      [GC Worker End (ms): Min: 341568.5, Avg: 341568.5, Max: 341568.5, Diff: 0.0]
   [Code Root Fixup: 0.1 ms]
   [Code Root Purge: 0.0 ms]
   [Clear CT: 0.3 ms]
   [Other: 1.2 ms]
      [Choose CSet: 0.0 ms]
      [Ref Proc: 0.8 ms]
      [Ref Enq: 0.0 ms]
      [Redirty Cards: 0.3 ms]
      [Humongous Register: 0.0 ms]
      [Humongous Reclaim: 0.0 ms]
      [Free CSet: 0.0 ms]
   [Eden: 68.0M(68.0M)->0.0B(68.0M) Survivors: 1024.0K->1024.0K Heap: 113.0M(128.0M)->45.1M(128.0M)]
 [Times: user=0.00 sys=0.00, real=0.00 secs] 
2020-11-10T16:30:36.948+0800: 346.432: [GC pause (G1 Evacuation Pause) (young), 0.0027273 secs]
   [Parallel Time: 1.4 ms, GC Workers: 4]
      [GC Worker Start (ms): Min: 346431.7, Avg: 346431.8, Max: 346431.9, Diff: 0.1]
      [Ext Root Scanning (ms): Min: 0.8, Avg: 1.0, Max: 1.3, Diff: 0.5, Sum: 3.8]
      [Update RS (ms): Min: 0.0, Avg: 0.2, Max: 0.2, Diff: 0.2, Sum: 0.7]
         [Processed Buffers: Min: 0, Avg: 8.5, Max: 22, Diff: 22, Sum: 34]
      [Scan RS (ms): Min: 0.0, Avg: 0.0, Max: 0.0, Diff: 0.0, Sum: 0.0]
      [Code Root Scanning (ms): Min: 0.0, Avg: 0.0, Max: 0.1, Diff: 0.1, Sum: 0.1]
      [Object Copy (ms): Min: 0.0, Avg: 0.1, Max: 0.2, Diff: 0.2, Sum: 0.5]
      [Termination (ms): Min: 0.0, Avg: 0.0, Max: 0.0, Diff: 0.0, Sum: 0.0]
         [Termination Attempts: Min: 1, Avg: 1.0, Max: 1, Diff: 0, Sum: 4]
      [GC Worker Other (ms): Min: 0.0, Avg: 0.0, Max: 0.0, Diff: 0.0, Sum: 0.1]
      [GC Worker Total (ms): Min: 1.2, Avg: 1.3, Max: 1.4, Diff: 0.1, Sum: 5.2]
      [GC Worker End (ms): Min: 346433.1, Avg: 346433.1, Max: 346433.1, Diff: 0.0]
   [Code Root Fixup: 0.0 ms]
   [Code Root Purge: 0.0 ms]
   [Clear CT: 0.1 ms]
   [Other: 1.1 ms]
      [Choose CSet: 0.0 ms]
      [Ref Proc: 0.9 ms]
      [Ref Enq: 0.0 ms]
      [Redirty Cards: 0.0 ms]
      [Humongous Register: 0.0 ms]
      [Humongous Reclaim: 0.0 ms]
      [Free CSet: 0.0 ms]
   [Eden: 68.0M(68.0M)->0.0B(68.0M) Survivors: 1024.0K->1024.0K Heap: 113.1M(128.0M)->45.0M(128.0M)]
 [Times: user=0.00 sys=0.00, real=0.00 secs] 
2020-11-10T16:30:41.808+0800: 351.292: [GC pause (G1 Evacuation Pause) (young), 0.0024620 secs]
   [Parallel Time: 1.3 ms, GC Workers: 4]
      [GC Worker Start (ms): Min: 351292.1, Avg: 351292.2, Max: 351292.2, Diff: 0.1]
      [Ext Root Scanning (ms): Min: 0.6, Avg: 0.8, Max: 1.3, Diff: 0.7, Sum: 3.2]
      [Update RS (ms): Min: 0.0, Avg: 0.2, Max: 0.2, Diff: 0.2, Sum: 0.7]
         [Processed Buffers: Min: 0, Avg: 8.8, Max: 23, Diff: 23, Sum: 35]
      [Scan RS (ms): Min: 0.0, Avg: 0.0, Max: 0.0, Diff: 0.0, Sum: 0.1]
      [Code Root Scanning (ms): Min: 0.0, Avg: 0.0, Max: 0.1, Diff: 0.1, Sum: 0.1]
      [Object Copy (ms): Min: 0.0, Avg: 0.1, Max: 0.2, Diff: 0.2, Sum: 0.5]
      [Termination (ms): Min: 0.0, Avg: 0.0, Max: 0.1, Diff: 0.1, Sum: 0.2]
         [Termination Attempts: Min: 1, Avg: 1.0, Max: 1, Diff: 0, Sum: 4]
      [GC Worker Other (ms): Min: 0.0, Avg: 0.0, Max: 0.0, Diff: 0.0, Sum: 0.0]
      [GC Worker Total (ms): Min: 1.2, Avg: 1.2, Max: 1.3, Diff: 0.1, Sum: 4.9]
      [GC Worker End (ms): Min: 351293.4, Avg: 351293.4, Max: 351293.4, Diff: 0.0]
   [Code Root Fixup: 0.0 ms]
   [Code Root Purge: 0.0 ms]
   [Clear CT: 0.1 ms]
   [Other: 1.0 ms]
      [Choose CSet: 0.0 ms]
      [Ref Proc: 0.6 ms]
      [Ref Enq: 0.0 ms]
      [Redirty Cards: 0.2 ms]
      [Humongous Register: 0.0 ms]
      [Humongous Reclaim: 0.0 ms]
      [Free CSet: 0.0 ms]
   [Eden: 68.0M(68.0M)->0.0B(68.0M) Survivors: 1024.0K->1024.0K Heap: 113.0M(128.0M)->45.1M(128.0M)]
 [Times: user=0.00 sys=0.00, real=0.00 secs] 
2020-11-10T16:30:47.027+0800: 356.510: [GC pause (G1 Evacuation Pause) (young), 0.0028654 secs]
   [Parallel Time: 1.3 ms, GC Workers: 4]
      [GC Worker Start (ms): Min: 356510.3, Avg: 356510.4, Max: 356510.5, Diff: 0.1]
      [Ext Root Scanning (ms): Min: 0.6, Avg: 0.8, Max: 1.2, Diff: 0.7, Sum: 3.1]
      [Update RS (ms): Min: 0.0, Avg: 0.2, Max: 0.3, Diff: 0.3, Sum: 0.7]
         [Processed Buffers: Min: 0, Avg: 8.8, Max: 26, Diff: 26, Sum: 35]
      [Scan RS (ms): Min: 0.0, Avg: 0.0, Max: 0.0, Diff: 0.0, Sum: 0.0]
      [Code Root Scanning (ms): Min: 0.0, Avg: 0.0, Max: 0.1, Diff: 0.1, Sum: 0.1]
      [Object Copy (ms): Min: 0.0, Avg: 0.1, Max: 0.2, Diff: 0.2, Sum: 0.5]
      [Termination (ms): Min: 0.0, Avg: 0.1, Max: 0.1, Diff: 0.1, Sum: 0.2]
         [Termination Attempts: Min: 1, Avg: 1.0, Max: 1, Diff: 0, Sum: 4]
      [GC Worker Other (ms): Min: 0.0, Avg: 0.0, Max: 0.0, Diff: 0.0, Sum: 0.0]
      [GC Worker Total (ms): Min: 1.1, Avg: 1.2, Max: 1.2, Diff: 0.1, Sum: 4.7]
      [GC Worker End (ms): Min: 356511.6, Avg: 356511.6, Max: 356511.6, Diff: 0.0]
   [Code Root Fixup: 0.0 ms]
   [Code Root Purge: 0.0 ms]
   [Clear CT: 0.3 ms]
   [Other: 1.2 ms]
      [Choose CSet: 0.0 ms]
      [Ref Proc: 0.7 ms]
      [Ref Enq: 0.0 ms]
      [Redirty Cards: 0.3 ms]
      [Humongous Register: 0.0 ms]
      [Humongous Reclaim: 0.0 ms]
      [Free CSet: 0.0 ms]
   [Eden: 68.0M(68.0M)->0.0B(68.0M) Survivors: 1024.0K->1024.0K Heap: 113.1M(128.0M)->45.1M(128.0M)]
 [Times: user=0.00 sys=0.00, real=0.00 secs] 
2020-11-10T16:30:52.248+0800: 361.732: [GC pause (G1 Evacuation Pause) (young), 0.0030790 secs]
   [Parallel Time: 1.5 ms, GC Workers: 4]
      [GC Worker Start (ms): Min: 361731.9, Avg: 361732.0, Max: 361732.0, Diff: 0.1]
      [Ext Root Scanning (ms): Min: 0.8, Avg: 1.0, Max: 1.3, Diff: 0.5, Sum: 4.0]
      [Update RS (ms): Min: 0.0, Avg: 0.2, Max: 0.3, Diff: 0.3, Sum: 0.6]
         [Processed Buffers: Min: 0, Avg: 8.0, Max: 20, Diff: 20, Sum: 32]
      [Scan RS (ms): Min: 0.0, Avg: 0.0, Max: 0.0, Diff: 0.0, Sum: 0.0]
      [Code Root Scanning (ms): Min: 0.0, Avg: 0.0, Max: 0.1, Diff: 0.1, Sum: 0.1]
      [Object Copy (ms): Min: 0.1, Avg: 0.2, Max: 0.3, Diff: 0.2, Sum: 0.6]
      [Termination (ms): Min: 0.0, Avg: 0.0, Max: 0.0, Diff: 0.0, Sum: 0.0]
         [Termination Attempts: Min: 1, Avg: 1.0, Max: 1, Diff: 0, Sum: 4]
      [GC Worker Other (ms): Min: 0.0, Avg: 0.0, Max: 0.0, Diff: 0.0, Sum: 0.1]
      [GC Worker Total (ms): Min: 1.3, Avg: 1.4, Max: 1.4, Diff: 0.1, Sum: 5.5]
      [GC Worker End (ms): Min: 361733.3, Avg: 361733.3, Max: 361733.3, Diff: 0.0]
   [Code Root Fixup: 0.0 ms]
   [Code Root Purge: 0.0 ms]
   [Clear CT: 0.3 ms]
   [Other: 1.2 ms]
      [Choose CSet: 0.0 ms]
      [Ref Proc: 0.8 ms]
      [Ref Enq: 0.0 ms]
      [Redirty Cards: 0.3 ms]
      [Humongous Register: 0.0 ms]
      [Humongous Reclaim: 0.0 ms]
      [Free CSet: 0.0 ms]
   [Eden: 68.0M(68.0M)->0.0B(68.0M) Survivors: 1024.0K->1024.0K Heap: 113.1M(128.0M)->45.1M(128.0M)]
 [Times: user=0.02 sys=0.00, real=0.00 secs] 
2020-11-10T16:30:57.884+0800: 367.368: [GC pause (G1 Evacuation Pause) (young), 0.0026923 secs]
   [Parallel Time: 1.3 ms, GC Workers: 4]
      [GC Worker Start (ms): Min: 367367.7, Avg: 367367.7, Max: 367367.8, Diff: 0.1]
      [Ext Root Scanning (ms): Min: 0.6, Avg: 0.8, Max: 1.2, Diff: 0.6, Sum: 3.1]
      [Update RS (ms): Min: 0.0, Avg: 0.2, Max: 0.2, Diff: 0.2, Sum: 0.6]
         [Processed Buffers: Min: 0, Avg: 8.8, Max: 17, Diff: 17, Sum: 35]
      [Scan RS (ms): Min: 0.0, Avg: 0.0, Max: 0.0, Diff: 0.0, Sum: 0.0]
      [Code Root Scanning (ms): Min: 0.0, Avg: 0.0, Max: 0.1, Diff: 0.1, Sum: 0.1]
      [Object Copy (ms): Min: 0.0, Avg: 0.1, Max: 0.2, Diff: 0.2, Sum: 0.5]
      [Termination (ms): Min: 0.0, Avg: 0.1, Max: 0.1, Diff: 0.1, Sum: 0.3]
         [Termination Attempts: Min: 1, Avg: 1.0, Max: 1, Diff: 0, Sum: 4]
      [GC Worker Other (ms): Min: 0.0, Avg: 0.0, Max: 0.0, Diff: 0.0, Sum: 0.0]
      [GC Worker Total (ms): Min: 1.1, Avg: 1.2, Max: 1.2, Diff: 0.1, Sum: 4.7]
      [GC Worker End (ms): Min: 367368.9, Avg: 367368.9, Max: 367368.9, Diff: 0.0]
   [Code Root Fixup: 0.0 ms]
   [Code Root Purge: 0.0 ms]
   [Clear CT: 0.3 ms]
   [Other: 1.0 ms]
      [Choose CSet: 0.0 ms]
      [Ref Proc: 0.7 ms]
      [Ref Enq: 0.0 ms]
      [Redirty Cards: 0.2 ms]
      [Humongous Register: 0.0 ms]
      [Humongous Reclaim: 0.0 ms]
      [Free CSet: 0.0 ms]
   [Eden: 68.0M(68.0M)->0.0B(68.0M) Survivors: 1024.0K->1024.0K Heap: 113.1M(128.0M)->45.1M(128.0M)]
 [Times: user=0.00 sys=0.00, real=0.00 secs] 
2020-11-10T16:31:04.787+0800: 374.271: [GC pause (G1 Evacuation Pause) (young), 0.0030560 secs]
   [Parallel Time: 1.4 ms, GC Workers: 4]
      [GC Worker Start (ms): Min: 374270.8, Avg: 374270.8, Max: 374270.9, Diff: 0.1]
      [Ext Root Scanning (ms): Min: 0.7, Avg: 0.9, Max: 1.3, Diff: 0.6, Sum: 3.4]
      [Update RS (ms): Min: 0.0, Avg: 0.2, Max: 0.3, Diff: 0.3, Sum: 0.7]
         [Processed Buffers: Min: 0, Avg: 8.5, Max: 19, Diff: 19, Sum: 34]
      [Scan RS (ms): Min: 0.0, Avg: 0.0, Max: 0.0, Diff: 0.0, Sum: 0.0]
      [Code Root Scanning (ms): Min: 0.0, Avg: 0.0, Max: 0.1, Diff: 0.1, Sum: 0.1]
      [Object Copy (ms): Min: 0.0, Avg: 0.2, Max: 0.3, Diff: 0.3, Sum: 0.6]
      [Termination (ms): Min: 0.0, Avg: 0.0, Max: 0.0, Diff: 0.0, Sum: 0.0]
         [Termination Attempts: Min: 1, Avg: 1.0, Max: 1, Diff: 0, Sum: 4]
      [GC Worker Other (ms): Min: 0.0, Avg: 0.0, Max: 0.0, Diff: 0.0, Sum: 0.0]
      [GC Worker Total (ms): Min: 1.2, Avg: 1.2, Max: 1.3, Diff: 0.1, Sum: 5.0]
      [GC Worker End (ms): Min: 374272.1, Avg: 374272.1, Max: 374272.1, Diff: 0.0]
   [Code Root Fixup: 0.0 ms]
   [Code Root Purge: 0.0 ms]
   [Clear CT: 0.2 ms]
   [Other: 1.4 ms]
      [Choose CSet: 0.0 ms]
      [Ref Proc: 0.9 ms]
      [Ref Enq: 0.0 ms]
      [Redirty Cards: 0.3 ms]
      [Humongous Register: 0.0 ms]
      [Humongous Reclaim: 0.0 ms]
      [Free CSet: 0.0 ms]
   [Eden: 68.0M(68.0M)->0.0B(68.0M) Survivors: 1024.0K->1024.0K Heap: 113.1M(128.0M)->45.1M(128.0M)]
 [Times: user=0.00 sys=0.00, real=0.00 secs] 
2020-11-10T16:31:10.186+0800: 379.670: [GC pause (G1 Evacuation Pause) (young), 0.0025847 secs]
   [Parallel Time: 1.3 ms, GC Workers: 4]
      [GC Worker Start (ms): Min: 379669.7, Avg: 379669.8, Max: 379670.0, Diff: 0.3]
      [Ext Root Scanning (ms): Min: 0.5, Avg: 0.8, Max: 1.2, Diff: 0.7, Sum: 3.3]
      [Update RS (ms): Min: 0.0, Avg: 0.2, Max: 0.2, Diff: 0.2, Sum: 0.7]
         [Processed Buffers: Min: 0, Avg: 10.0, Max: 17, Diff: 17, Sum: 40]
      [Scan RS (ms): Min: 0.0, Avg: 0.0, Max: 0.0, Diff: 0.0, Sum: 0.0]
      [Code Root Scanning (ms): Min: 0.0, Avg: 0.0, Max: 0.1, Diff: 0.1, Sum: 0.1]
      [Object Copy (ms): Min: 0.1, Avg: 0.1, Max: 0.2, Diff: 0.1, Sum: 0.6]
      [Termination (ms): Min: 0.0, Avg: 0.0, Max: 0.0, Diff: 0.0, Sum: 0.0]
         [Termination Attempts: Min: 1, Avg: 1.0, Max: 1, Diff: 0, Sum: 4]
      [GC Worker Other (ms): Min: 0.0, Avg: 0.0, Max: 0.0, Diff: 0.0, Sum: 0.0]
      [GC Worker Total (ms): Min: 1.0, Avg: 1.2, Max: 1.3, Diff: 0.3, Sum: 4.8]
      [GC Worker End (ms): Min: 379671.0, Avg: 379671.0, Max: 379671.0, Diff: 0.0]
   [Code Root Fixup: 0.0 ms]
   [Code Root Purge: 0.0 ms]
   [Clear CT: 0.1 ms]
   [Other: 1.1 ms]
      [Choose CSet: 0.0 ms]
      [Ref Proc: 0.7 ms]
      [Ref Enq: 0.0 ms]
      [Redirty Cards: 0.2 ms]
      [Humongous Register: 0.0 ms]
      [Humongous Reclaim: 0.0 ms]
      [Free CSet: 0.0 ms]
   [Eden: 68.0M(68.0M)->0.0B(68.0M) Survivors: 1024.0K->1024.0K Heap: 113.1M(128.0M)->45.1M(128.0M)]
 [Times: user=0.01 sys=0.00, real=0.00 secs] 
2020-11-10T16:31:15.318+0800: 384.802: [GC pause (G1 Evacuation Pause) (young), 0.0038306 secs]
   [Parallel Time: 2.6 ms, GC Workers: 4]
      [GC Worker Start (ms): Min: 384801.8, Avg: 384801.9, Max: 384801.9, Diff: 0.1]
      [Ext Root Scanning (ms): Min: 1.4, Avg: 1.7, Max: 2.5, Diff: 1.1, Sum: 6.8]
      [Update RS (ms): Min: 0.0, Avg: 0.2, Max: 0.3, Diff: 0.3, Sum: 0.9]
         [Processed Buffers: Min: 0, Avg: 9.8, Max: 27, Diff: 27, Sum: 39]
      [Scan RS (ms): Min: 0.0, Avg: 0.0, Max: 0.0, Diff: 0.0, Sum: 0.0]
      [Code Root Scanning (ms): Min: 0.0, Avg: 0.0, Max: 0.1, Diff: 0.1, Sum: 0.1]
      [Object Copy (ms): Min: 0.0, Avg: 0.2, Max: 0.3, Diff: 0.3, Sum: 0.8]
      [Termination (ms): Min: 0.0, Avg: 0.2, Max: 0.3, Diff: 0.3, Sum: 1.0]
         [Termination Attempts: Min: 1, Avg: 1.0, Max: 1, Diff: 0, Sum: 4]
      [GC Worker Other (ms): Min: 0.0, Avg: 0.0, Max: 0.0, Diff: 0.0, Sum: 0.1]
      [GC Worker Total (ms): Min: 2.4, Avg: 2.4, Max: 2.5, Diff: 0.1, Sum: 9.7]
      [GC Worker End (ms): Min: 384804.3, Avg: 384804.3, Max: 384804.3, Diff: 0.0]
   [Code Root Fixup: 0.1 ms]
   [Code Root Purge: 0.0 ms]
   [Clear CT: 0.1 ms]
   [Other: 1.1 ms]
      [Choose CSet: 0.0 ms]
      [Ref Proc: 0.8 ms]
      [Ref Enq: 0.0 ms]
      [Redirty Cards: 0.2 ms]
      [Humongous Register: 0.0 ms]
      [Humongous Reclaim: 0.0 ms]
      [Free CSet: 0.0 ms]
   [Eden: 68.0M(68.0M)->0.0B(68.0M) Survivors: 1024.0K->1024.0K Heap: 113.1M(128.0M)->45.2M(128.0M)]
 [Times: user=0.00 sys=0.00, real=0.00 secs] 
2020-11-10T16:31:21.646+0800: 391.130: [GC pause (G1 Evacuation Pause) (young), 0.0031245 secs]
   [Parallel Time: 1.8 ms, GC Workers: 4]
      [GC Worker Start (ms): Min: 391130.0, Avg: 391130.0, Max: 391130.0, Diff: 0.0]
      [Ext Root Scanning (ms): Min: 0.9, Avg: 1.0, Max: 1.4, Diff: 0.5, Sum: 4.1]
      [Update RS (ms): Min: 0.0, Avg: 0.3, Max: 0.7, Diff: 0.7, Sum: 1.3]
         [Processed Buffers: Min: 1, Avg: 8.3, Max: 16, Diff: 15, Sum: 33]
      [Scan RS (ms): Min: 0.0, Avg: 0.0, Max: 0.0, Diff: 0.0, Sum: 0.0]
      [Code Root Scanning (ms): Min: 0.0, Avg: 0.0, Max: 0.1, Diff: 0.1, Sum: 0.1]
      [Object Copy (ms): Min: 0.1, Avg: 0.2, Max: 0.3, Diff: 0.2, Sum: 0.8]
      [Termination (ms): Min: 0.0, Avg: 0.1, Max: 0.2, Diff: 0.1, Sum: 0.4]
         [Termination Attempts: Min: 1, Avg: 7.3, Max: 14, Diff: 13, Sum: 29]
      [GC Worker Other (ms): Min: 0.0, Avg: 0.0, Max: 0.0, Diff: 0.0, Sum: 0.1]
      [GC Worker Total (ms): Min: 1.7, Avg: 1.7, Max: 1.7, Diff: 0.0, Sum: 6.9]
      [GC Worker End (ms): Min: 391131.7, Avg: 391131.7, Max: 391131.7, Diff: 0.0]
   [Code Root Fixup: 0.0 ms]
   [Code Root Purge: 0.0 ms]
   [Clear CT: 0.2 ms]
   [Other: 1.1 ms]
      [Choose CSet: 0.0 ms]
      [Ref Proc: 0.9 ms]
      [Ref Enq: 0.0 ms]
      [Redirty Cards: 0.1 ms]
      [Humongous Register: 0.0 ms]
      [Humongous Reclaim: 0.0 ms]
      [Free CSet: 0.0 ms]
   [Eden: 68.0M(68.0M)->0.0B(68.0M) Survivors: 1024.0K->1024.0K Heap: 113.2M(128.0M)->45.2M(128.0M)]
 [Times: user=0.00 sys=0.00, real=0.00 secs] 
2020-11-10T16:31:27.768+0800: 397.252: [GC pause (G1 Evacuation Pause) (young), 0.0028312 secs]
   [Parallel Time: 1.5 ms, GC Workers: 4]
      [GC Worker Start (ms): Min: 397252.2, Avg: 397252.3, Max: 397252.3, Diff: 0.1]
      [Ext Root Scanning (ms): Min: 0.6, Avg: 0.9, Max: 1.4, Diff: 0.8, Sum: 3.5]
      [Update RS (ms): Min: 0.0, Avg: 0.2, Max: 0.3, Diff: 0.3, Sum: 0.9]
         [Processed Buffers: Min: 0, Avg: 10.8, Max: 22, Diff: 22, Sum: 43]
      [Scan RS (ms): Min: 0.0, Avg: 0.0, Max: 0.0, Diff: 0.0, Sum: 0.0]
      [Code Root Scanning (ms): Min: 0.0, Avg: 0.0, Max: 0.0, Diff: 0.0, Sum: 0.0]
      [Object Copy (ms): Min: 0.0, Avg: 0.1, Max: 0.2, Diff: 0.2, Sum: 0.6]
      [Termination (ms): Min: 0.0, Avg: 0.1, Max: 0.2, Diff: 0.2, Sum: 0.5]
         [Termination Attempts: Min: 1, Avg: 1.0, Max: 1, Diff: 0, Sum: 4]
      [GC Worker Other (ms): Min: 0.0, Avg: 0.0, Max: 0.0, Diff: 0.0, Sum: 0.0]
      [GC Worker Total (ms): Min: 1.4, Avg: 1.4, Max: 1.4, Diff: 0.1, Sum: 5.6]
      [GC Worker End (ms): Min: 397253.6, Avg: 397253.6, Max: 397253.6, Diff: 0.0]
   [Code Root Fixup: 0.0 ms]
   [Code Root Purge: 0.0 ms]
   [Clear CT: 0.1 ms]
   [Other: 1.3 ms]
      [Choose CSet: 0.0 ms]
      [Ref Proc: 1.0 ms]
      [Ref Enq: 0.0 ms]
      [Redirty Cards: 0.0 ms]
      [Humongous Register: 0.0 ms]
      [Humongous Reclaim: 0.0 ms]
      [Free CSet: 0.0 ms]
   [Eden: 68.0M(68.0M)->0.0B(68.0M) Survivors: 1024.0K->1024.0K Heap: 113.2M(128.0M)->45.1M(128.0M)]
 [Times: user=0.00 sys=0.00, real=0.00 secs] 
2020-11-10T16:31:33.378+0800: 402.861: [GC pause (G1 Evacuation Pause) (young), 0.0028915 secs]
   [Parallel Time: 1.4 ms, GC Workers: 4]
      [GC Worker Start (ms): Min: 402861.4, Avg: 402861.5, Max: 402861.5, Diff: 0.1]
      [Ext Root Scanning (ms): Min: 0.7, Avg: 0.8, Max: 1.3, Diff: 0.6, Sum: 3.3]
      [Update RS (ms): Min: 0.0, Avg: 0.2, Max: 0.3, Diff: 0.3, Sum: 0.7]
         [Processed Buffers: Min: 0, Avg: 8.5, Max: 15, Diff: 15, Sum: 34]
      [Scan RS (ms): Min: 0.0, Avg: 0.0, Max: 0.0, Diff: 0.0, Sum: 0.0]
      [Code Root Scanning (ms): Min: 0.0, Avg: 0.0, Max: 0.0, Diff: 0.0, Sum: 0.0]
      [Object Copy (ms): Min: 0.0, Avg: 0.1, Max: 0.2, Diff: 0.2, Sum: 0.5]
      [Termination (ms): Min: 0.0, Avg: 0.1, Max: 0.1, Diff: 0.1, Sum: 0.3]
         [Termination Attempts: Min: 1, Avg: 1.0, Max: 1, Diff: 0, Sum: 4]
      [GC Worker Other (ms): Min: 0.0, Avg: 0.0, Max: 0.0, Diff: 0.0, Sum: 0.1]
      [GC Worker Total (ms): Min: 1.2, Avg: 1.2, Max: 1.3, Diff: 0.1, Sum: 4.9]
      [GC Worker End (ms): Min: 402862.7, Avg: 402862.7, Max: 402862.7, Diff: 0.0]
   [Code Root Fixup: 0.0 ms]
   [Code Root Purge: 0.0 ms]
   [Clear CT: 0.3 ms]
   [Other: 1.2 ms]
      [Choose CSet: 0.0 ms]
      [Ref Proc: 0.7 ms]
      [Ref Enq: 0.0 ms]
      [Redirty Cards: 0.4 ms]
      [Humongous Register: 0.0 ms]
      [Humongous Reclaim: 0.0 ms]
      [Free CSet: 0.0 ms]
   [Eden: 68.0M(68.0M)->0.0B(68.0M) Survivors: 1024.0K->1024.0K Heap: 113.1M(128.0M)->45.2M(128.0M)]
 [Times: user=0.00 sys=0.00, real=0.00 secs] 
2020-11-10T16:31:38.354+0800: 407.838: [GC pause (G1 Evacuation Pause) (young), 0.0024462 secs]
   [Parallel Time: 1.4 ms, GC Workers: 4]
      [GC Worker Start (ms): Min: 407837.8, Avg: 407837.9, Max: 407838.0, Diff: 0.2]
      [Ext Root Scanning (ms): Min: 0.6, Avg: 0.8, Max: 1.4, Diff: 0.8, Sum: 3.4]
      [Update RS (ms): Min: 0.0, Avg: 0.2, Max: 0.3, Diff: 0.3, Sum: 0.7]
         [Processed Buffers: Min: 0, Avg: 9.3, Max: 17, Diff: 17, Sum: 37]
      [Scan RS (ms): Min: 0.0, Avg: 0.0, Max: 0.0, Diff: 0.0, Sum: 0.0]
      [Code Root Scanning (ms): Min: 0.0, Avg: 0.0, Max: 0.1, Diff: 0.1, Sum: 0.1]
      [Object Copy (ms): Min: 0.0, Avg: 0.2, Max: 0.3, Diff: 0.3, Sum: 0.6]
      [Termination (ms): Min: 0.0, Avg: 0.1, Max: 0.1, Diff: 0.1, Sum: 0.3]
         [Termination Attempts: Min: 1, Avg: 1.0, Max: 1, Diff: 0, Sum: 4]
      [GC Worker Other (ms): Min: 0.0, Avg: 0.0, Max: 0.0, Diff: 0.0, Sum: 0.0]
      [GC Worker Total (ms): Min: 1.2, Avg: 1.3, Max: 1.4, Diff: 0.2, Sum: 5.3]
      [GC Worker End (ms): Min: 407839.2, Avg: 407839.2, Max: 407839.2, Diff: 0.0]
   [Code Root Fixup: 0.0 ms]
   [Code Root Purge: 0.0 ms]
   [Clear CT: 0.1 ms]
   [Other: 0.9 ms]
      [Choose CSet: 0.0 ms]
      [Ref Proc: 0.7 ms]
      [Ref Enq: 0.0 ms]
      [Redirty Cards: 0.1 ms]
      [Humongous Register: 0.0 ms]
      [Humongous Reclaim: 0.0 ms]
      [Free CSet: 0.0 ms]
   [Eden: 68.0M(68.0M)->0.0B(68.0M) Survivors: 1024.0K->1024.0K Heap: 113.2M(128.0M)->45.2M(128.0M)]
 [Times: user=0.00 sys=0.00, real=0.00 secs] 
2020-11-10T16:31:44.389+0800: 413.872: [GC pause (G1 Evacuation Pause) (young), 0.0026087 secs]
   [Parallel Time: 1.4 ms, GC Workers: 4]
      [GC Worker Start (ms): Min: 413872.6, Avg: 413872.6, Max: 413872.7, Diff: 0.1]
      [Ext Root Scanning (ms): Min: 0.8, Avg: 1.0, Max: 1.3, Diff: 0.5, Sum: 3.8]
      [Update RS (ms): Min: 0.0, Avg: 0.2, Max: 0.2, Diff: 0.2, Sum: 0.7]
         [Processed Buffers: Min: 0, Avg: 7.8, Max: 15, Diff: 15, Sum: 31]
      [Scan RS (ms): Min: 0.0, Avg: 0.0, Max: 0.0, Diff: 0.0, Sum: 0.0]
      [Code Root Scanning (ms): Min: 0.0, Avg: 0.0, Max: 0.0, Diff: 0.0, Sum: 0.0]
      [Object Copy (ms): Min: 0.0, Avg: 0.1, Max: 0.2, Diff: 0.2, Sum: 0.6]
      [Termination (ms): Min: 0.0, Avg: 0.0, Max: 0.0, Diff: 0.0, Sum: 0.0]
         [Termination Attempts: Min: 1, Avg: 1.0, Max: 1, Diff: 0, Sum: 4]
      [GC Worker Other (ms): Min: 0.0, Avg: 0.0, Max: 0.0, Diff: 0.0, Sum: 0.0]
      [GC Worker Total (ms): Min: 1.2, Avg: 1.3, Max: 1.3, Diff: 0.1, Sum: 5.2]
      [GC Worker End (ms): Min: 413873.9, Avg: 413873.9, Max: 413873.9, Diff: 0.0]
   [Code Root Fixup: 0.1 ms]
   [Code Root Purge: 0.0 ms]
   [Clear CT: 0.4 ms]
   [Other: 0.8 ms]
      [Choose CSet: 0.0 ms]
      [Ref Proc: 0.6 ms]
      [Ref Enq: 0.0 ms]
      [Redirty Cards: 0.0 ms]
      [Humongous Register: 0.0 ms]
      [Humongous Reclaim: 0.0 ms]
      [Free CSet: 0.0 ms]
   [Eden: 68.0M(68.0M)->0.0B(68.0M) Survivors: 1024.0K->1024.0K Heap: 113.2M(128.0M)->45.3M(128.0M)]
 [Times: user=0.00 sys=0.00, real=0.00 secs] 
2020-11-10T16:31:49.548+0800: 419.031: [GC pause (G1 Evacuation Pause) (young), 0.0023404 secs]
   [Parallel Time: 1.4 ms, GC Workers: 4]
      [GC Worker Start (ms): Min: 419031.2, Avg: 419031.2, Max: 419031.2, Diff: 0.0]
      [Ext Root Scanning (ms): Min: 0.7, Avg: 0.9, Max: 1.3, Diff: 0.6, Sum: 3.4]
      [Update RS (ms): Min: 0.0, Avg: 0.2, Max: 0.2, Diff: 0.2, Sum: 0.7]
         [Processed Buffers: Min: 0, Avg: 9.5, Max: 15, Diff: 15, Sum: 38]
      [Scan RS (ms): Min: 0.0, Avg: 0.0, Max: 0.0, Diff: 0.0, Sum: 0.0]
      [Code Root Scanning (ms): Min: 0.0, Avg: 0.1, Max: 0.3, Diff: 0.3, Sum: 0.3]
      [Object Copy (ms): Min: 0.0, Avg: 0.2, Max: 0.3, Diff: 0.3, Sum: 0.7]
      [Termination (ms): Min: 0.0, Avg: 0.1, Max: 0.1, Diff: 0.1, Sum: 0.3]
         [Termination Attempts: Min: 1, Avg: 1.0, Max: 1, Diff: 0, Sum: 4]
      [GC Worker Other (ms): Min: 0.0, Avg: 0.0, Max: 0.0, Diff: 0.0, Sum: 0.1]
      [GC Worker Total (ms): Min: 1.3, Avg: 1.3, Max: 1.4, Diff: 0.1, Sum: 5.4]
      [GC Worker End (ms): Min: 419032.5, Avg: 419032.6, Max: 419032.6, Diff: 0.0]
   [Code Root Fixup: 0.0 ms]
   [Code Root Purge: 0.0 ms]
   [Clear CT: 0.1 ms]
   [Other: 0.8 ms]
      [Choose CSet: 0.0 ms]
      [Ref Proc: 0.6 ms]
      [Ref Enq: 0.0 ms]
      [Redirty Cards: 0.1 ms]
      [Humongous Register: 0.0 ms]
      [Humongous Reclaim: 0.0 ms]
      [Free CSet: 0.0 ms]
   [Eden: 68.0M(68.0M)->0.0B(68.0M) Survivors: 1024.0K->1024.0K Heap: 113.3M(128.0M)->45.2M(128.0M)]
 [Times: user=0.06 sys=0.00, real=0.00 secs] 
2020-11-10T16:31:52.393+0800: 421.876: [GC pause (G1 Evacuation Pause) (young), 0.0038445 secs]
   [Parallel Time: 2.5 ms, GC Workers: 4]
      [GC Worker Start (ms): Min: 421876.5, Avg: 421877.7, Max: 421878.8, Diff: 2.4]
      [Ext Root Scanning (ms): Min: 0.0, Avg: 0.9, Max: 1.7, Diff: 1.7, Sum: 3.4]
      [Update RS (ms): Min: 0.0, Avg: 0.1, Max: 0.3, Diff: 0.3, Sum: 0.6]
         [Processed Buffers: Min: 0, Avg: 7.0, Max: 19, Diff: 19, Sum: 28]
      [Scan RS (ms): Min: 0.0, Avg: 0.0, Max: 0.0, Diff: 0.0, Sum: 0.0]
      [Code Root Scanning (ms): Min: 0.0, Avg: 0.0, Max: 0.1, Diff: 0.1, Sum: 0.1]
      [Object Copy (ms): Min: 0.0, Avg: 0.1, Max: 0.3, Diff: 0.3, Sum: 0.5]
      [Termination (ms): Min: 0.0, Avg: 0.1, Max: 0.1, Diff: 0.1, Sum: 0.2]
         [Termination Attempts: Min: 1, Avg: 1.0, Max: 1, Diff: 0, Sum: 4]
      [GC Worker Other (ms): Min: 0.0, Avg: 0.0, Max: 0.0, Diff: 0.0, Sum: 0.0]
      [GC Worker Total (ms): Min: 0.0, Avg: 1.2, Max: 2.5, Diff: 2.4, Sum: 4.9]
      [GC Worker End (ms): Min: 421878.8, Avg: 421878.9, Max: 421878.9, Diff: 0.1]
   [Code Root Fixup: 0.0 ms]
   [Code Root Purge: 0.0 ms]
   [Clear CT: 0.1 ms]
   [Other: 1.2 ms]
      [Choose CSet: 0.0 ms]
      [Ref Proc: 0.8 ms]
      [Ref Enq: 0.0 ms]
      [Redirty Cards: 0.3 ms]
      [Humongous Register: 0.0 ms]
      [Humongous Reclaim: 0.0 ms]
      [Free CSet: 0.0 ms]
   [Eden: 68.0M(68.0M)->0.0B(68.0M) Survivors: 1024.0K->1024.0K Heap: 113.2M(128.0M)->45.2M(128.0M)]
 [Times: user=0.00 sys=0.00, real=0.00 secs] 
2020-11-10T16:31:55.728+0800: 425.211: [GC pause (G1 Evacuation Pause) (young), 0.0036114 secs]
   [Parallel Time: 1.5 ms, GC Workers: 4]
      [GC Worker Start (ms): Min: 425211.1, Avg: 425211.2, Max: 425211.2, Diff: 0.1]
      [Ext Root Scanning (ms): Min: 0.7, Avg: 0.9, Max: 1.4, Diff: 0.7, Sum: 3.5]
      [Update RS (ms): Min: 0.0, Avg: 0.2, Max: 0.3, Diff: 0.3, Sum: 0.8]
         [Processed Buffers: Min: 0, Avg: 7.3, Max: 27, Diff: 27, Sum: 29]
      [Scan RS (ms): Min: 0.0, Avg: 0.0, Max: 0.0, Diff: 0.0, Sum: 0.0]
      [Code Root Scanning (ms): Min: 0.0, Avg: 0.0, Max: 0.0, Diff: 0.0, Sum: 0.0]
      [Object Copy (ms): Min: 0.0, Avg: 0.1, Max: 0.2, Diff: 0.2, Sum: 0.6]
      [Termination (ms): Min: 0.0, Avg: 0.1, Max: 0.2, Diff: 0.2, Sum: 0.6]
         [Termination Attempts: Min: 1, Avg: 1.0, Max: 1, Diff: 0, Sum: 4]
      [GC Worker Other (ms): Min: 0.0, Avg: 0.0, Max: 0.0, Diff: 0.0, Sum: 0.0]
      [GC Worker Total (ms): Min: 1.3, Avg: 1.4, Max: 1.4, Diff: 0.1, Sum: 5.5]
      [GC Worker End (ms): Min: 425212.6, Avg: 425212.6, Max: 425212.6, Diff: 0.0]
   [Code Root Fixup: 0.0 ms]
   [Code Root Purge: 0.0 ms]
   [Clear CT: 0.3 ms]
   [Other: 1.7 ms]
      [Choose CSet: 0.0 ms]
      [Ref Proc: 1.1 ms]
      [Ref Enq: 0.0 ms]
      [Redirty Cards: 0.3 ms]
      [Humongous Register: 0.0 ms]
      [Humongous Reclaim: 0.0 ms]
      [Free CSet: 0.0 ms]
   [Eden: 68.0M(68.0M)->0.0B(68.0M) Survivors: 1024.0K->1024.0K Heap: 113.2M(128.0M)->45.2M(128.0M)]
 [Times: user=0.00 sys=0.00, real=0.00 secs] 
2020-11-10T16:32:02.193+0800: 431.676: [GC pause (G1 Evacuation Pause) (young), 0.0036115 secs]
   [Parallel Time: 2.2 ms, GC Workers: 4]
      [GC Worker Start (ms): Min: 431675.9, Avg: 431676.5, Max: 431678.0, Diff: 2.0]
      [Ext Root Scanning (ms): Min: 0.0, Avg: 0.9, Max: 1.3, Diff: 1.3, Sum: 3.5]
      [Update RS (ms): Min: 0.0, Avg: 0.4, Max: 0.7, Diff: 0.7, Sum: 1.5]
         [Processed Buffers: Min: 0, Avg: 10.0, Max: 23, Diff: 23, Sum: 40]
      [Scan RS (ms): Min: 0.0, Avg: 0.0, Max: 0.0, Diff: 0.0, Sum: 0.0]
      [Code Root Scanning (ms): Min: 0.0, Avg: 0.0, Max: 0.0, Diff: 0.0, Sum: 0.1]
      [Object Copy (ms): Min: 0.0, Avg: 0.2, Max: 0.4, Diff: 0.4, Sum: 0.9]
      [Termination (ms): Min: 0.0, Avg: 0.1, Max: 0.1, Diff: 0.1, Sum: 0.3]
         [Termination Attempts: Min: 1, Avg: 1.0, Max: 1, Diff: 0, Sum: 4]
      [GC Worker Other (ms): Min: 0.0, Avg: 0.0, Max: 0.0, Diff: 0.0, Sum: 0.0]
      [GC Worker Total (ms): Min: 0.0, Avg: 1.6, Max: 2.1, Diff: 2.1, Sum: 6.3]
      [GC Worker End (ms): Min: 431678.0, Avg: 431678.0, Max: 431678.0, Diff: 0.1]
   [Code Root Fixup: 0.0 ms]
   [Code Root Purge: 0.0 ms]
   [Clear CT: 0.3 ms]
   [Other: 1.0 ms]
      [Choose CSet: 0.0 ms]
      [Ref Proc: 0.7 ms]
      [Ref Enq: 0.0 ms]
      [Redirty Cards: 0.2 ms]
      [Humongous Register: 0.0 ms]
      [Humongous Reclaim: 0.0 ms]
      [Free CSet: 0.0 ms]
   [Eden: 68.0M(68.0M)->0.0B(68.0M) Survivors: 1024.0K->1024.0K Heap: 113.2M(128.0M)->45.2M(128.0M)]
 [Times: user=0.00 sys=0.00, real=0.00 secs] 
2020-11-10T16:32:07.260+0800: 436.743: [GC pause (G1 Evacuation Pause) (young), 0.0030894 secs]
   [Parallel Time: 1.8 ms, GC Workers: 4]
      [GC Worker Start (ms): Min: 436743.5, Avg: 436743.5, Max: 436743.6, Diff: 0.1]
      [Ext Root Scanning (ms): Min: 0.8, Avg: 1.1, Max: 1.4, Diff: 0.6, Sum: 4.3]
      [Update RS (ms): Min: 0.1, Avg: 0.4, Max: 0.6, Diff: 0.5, Sum: 1.6]
         [Processed Buffers: Min: 1, Avg: 9.3, Max: 17, Diff: 16, Sum: 37]
      [Scan RS (ms): Min: 0.0, Avg: 0.0, Max: 0.0, Diff: 0.0, Sum: 0.0]
      [Code Root Scanning (ms): Min: 0.0, Avg: 0.0, Max: 0.0, Diff: 0.0, Sum: 0.0]
      [Object Copy (ms): Min: 0.2, Avg: 0.2, Max: 0.3, Diff: 0.1, Sum: 1.0]
      [Termination (ms): Min: 0.0, Avg: 0.0, Max: 0.0, Diff: 0.0, Sum: 0.0]
         [Termination Attempts: Min: 1, Avg: 1.0, Max: 1, Diff: 0, Sum: 4]
      [GC Worker Other (ms): Min: 0.0, Avg: 0.0, Max: 0.0, Diff: 0.0, Sum: 0.0]
      [GC Worker Total (ms): Min: 1.7, Avg: 1.7, Max: 1.8, Diff: 0.1, Sum: 6.9]
      [GC Worker End (ms): Min: 436745.3, Avg: 436745.3, Max: 436745.3, Diff: 0.0]
   [Code Root Fixup: 0.0 ms]
   [Code Root Purge: 0.0 ms]
   [Clear CT: 0.4 ms]
   [Other: 0.8 ms]
      [Choose CSet: 0.0 ms]
      [Ref Proc: 0.7 ms]
      [Ref Enq: 0.0 ms]
      [Redirty Cards: 0.0 ms]
      [Humongous Register: 0.0 ms]
      [Humongous Reclaim: 0.0 ms]
      [Free CSet: 0.0 ms]
   [Eden: 68.0M(68.0M)->0.0B(68.0M) Survivors: 1024.0K->1024.0K Heap: 113.2M(128.0M)->45.3M(128.0M)]
 [Times: user=0.00 sys=0.00, real=0.00 secs] 
2020-11-10T16:32:12.829+0800: 442.312: [GC pause (G1 Evacuation Pause) (young), 0.0030414 secs]
   [Parallel Time: 1.6 ms, GC Workers: 4]
      [GC Worker Start (ms): Min: 442312.5, Avg: 442312.5, Max: 442312.6, Diff: 0.0]
      [Ext Root Scanning (ms): Min: 0.7, Avg: 0.9, Max: 1.5, Diff: 0.8, Sum: 3.7]
      [Update RS (ms): Min: 0.0, Avg: 0.3, Max: 0.5, Diff: 0.5, Sum: 1.3]
         [Processed Buffers: Min: 0, Avg: 9.3, Max: 19, Diff: 19, Sum: 37]
      [Scan RS (ms): Min: 0.0, Avg: 0.0, Max: 0.0, Diff: 0.0, Sum: 0.0]
      [Code Root Scanning (ms): Min: 0.0, Avg: 0.0, Max: 0.1, Diff: 0.1, Sum: 0.1]
      [Object Copy (ms): Min: 0.0, Avg: 0.2, Max: 0.4, Diff: 0.3, Sum: 0.9]
      [Termination (ms): Min: 0.0, Avg: 0.0, Max: 0.0, Diff: 0.0, Sum: 0.0]
         [Termination Attempts: Min: 1, Avg: 1.0, Max: 1, Diff: 0, Sum: 4]
      [GC Worker Other (ms): Min: 0.0, Avg: 0.0, Max: 0.0, Diff: 0.0, Sum: 0.0]
      [GC Worker Total (ms): Min: 1.5, Avg: 1.5, Max: 1.5, Diff: 0.0, Sum: 6.1]
      [GC Worker End (ms): Min: 442314.1, Avg: 442314.1, Max: 442314.1, Diff: 0.0]
   [Code Root Fixup: 0.0 ms]
   [Code Root Purge: 0.0 ms]
   [Clear CT: 0.1 ms]
   [Other: 1.3 ms]
      [Choose CSet: 0.0 ms]
      [Ref Proc: 0.9 ms]
      [Ref Enq: 0.0 ms]
      [Redirty Cards: 0.3 ms]
      [Humongous Register: 0.0 ms]
      [Humongous Reclaim: 0.0 ms]
      [Free CSet: 0.0 ms]
   [Eden: 68.0M(68.0M)->0.0B(68.0M) Survivors: 1024.0K->1024.0K Heap: 113.3M(128.0M)->45.4M(128.0M)]
 [Times: user=0.00 sys=0.00, real=0.00 secs] 
2020-11-10T16:32:18.052+0800: 447.536: [GC pause (G1 Evacuation Pause) (young), 0.0036248 secs]
   [Parallel Time: 2.0 ms, GC Workers: 4]
      [GC Worker Start (ms): Min: 447536.1, Avg: 447536.1, Max: 447536.2, Diff: 0.1]
      [Ext Root Scanning (ms): Min: 0.8, Avg: 1.3, Max: 1.9, Diff: 1.1, Sum: 5.1]
      [Update RS (ms): Min: 0.0, Avg: 0.4, Max: 0.7, Diff: 0.7, Sum: 1.5]
         [Processed Buffers: Min: 0, Avg: 8.8, Max: 17, Diff: 17, Sum: 35]
      [Scan RS (ms): Min: 0.0, Avg: 0.0, Max: 0.0, Diff: 0.0, Sum: 0.0]
      [Code Root Scanning (ms): Min: 0.0, Avg: 0.0, Max: 0.1, Diff: 0.1, Sum: 0.1]
      [Object Copy (ms): Min: 0.0, Avg: 0.2, Max: 0.3, Diff: 0.3, Sum: 0.8]
      [Termination (ms): Min: 0.0, Avg: 0.1, Max: 0.1, Diff: 0.1, Sum: 0.2]
         [Termination Attempts: Min: 1, Avg: 1.0, Max: 1, Diff: 0, Sum: 4]
      [GC Worker Other (ms): Min: 0.0, Avg: 0.0, Max: 0.0, Diff: 0.0, Sum: 0.0]
      [GC Worker Total (ms): Min: 1.9, Avg: 2.0, Max: 2.0, Diff: 0.1, Sum: 7.8]
      [GC Worker End (ms): Min: 447538.0, Avg: 447538.1, Max: 447538.1, Diff: 0.0]
   [Code Root Fixup: 0.0 ms]
   [Code Root Purge: 0.0 ms]
   [Clear CT: 0.3 ms]
   [Other: 1.2 ms]
      [Choose CSet: 0.0 ms]
      [Ref Proc: 0.8 ms]
      [Ref Enq: 0.0 ms]
      [Redirty Cards: 0.3 ms]
      [Humongous Register: 0.0 ms]
      [Humongous Reclaim: 0.0 ms]
      [Free CSet: 0.0 ms]
   [Eden: 68.0M(68.0M)->0.0B(68.0M) Survivors: 1024.0K->1024.0K Heap: 113.4M(128.0M)->45.4M(128.0M)]
 [Times: user=0.00 sys=0.00, real=0.00 secs] 
2020-11-10T16:32:23.003+0800: 452.486: [GC pause (G1 Evacuation Pause) (young), 0.0033152 secs]
   [Parallel Time: 1.7 ms, GC Workers: 4]
      [GC Worker Start (ms): Min: 452486.1, Avg: 452486.5, Max: 452487.4, Diff: 1.2]
      [Ext Root Scanning (ms): Min: 0.0, Avg: 0.8, Max: 1.4, Diff: 1.4, Sum: 3.3]
      [Update RS (ms): Min: 0.0, Avg: 0.3, Max: 0.5, Diff: 0.5, Sum: 1.2]
         [Processed Buffers: Min: 1, Avg: 8.5, Max: 19, Diff: 18, Sum: 34]
      [Scan RS (ms): Min: 0.0, Avg: 0.0, Max: 0.0, Diff: 0.0, Sum: 0.1]
      [Code Root Scanning (ms): Min: 0.0, Avg: 0.0, Max: 0.1, Diff: 0.1, Sum: 0.1]
      [Object Copy (ms): Min: 0.1, Avg: 0.2, Max: 0.3, Diff: 0.1, Sum: 0.8]
      [Termination (ms): Min: 0.0, Avg: 0.0, Max: 0.0, Diff: 0.0, Sum: 0.0]
         [Termination Attempts: Min: 1, Avg: 1.0, Max: 1, Diff: 0, Sum: 4]
      [GC Worker Other (ms): Min: 0.0, Avg: 0.0, Max: 0.0, Diff: 0.0, Sum: 0.0]
      [GC Worker Total (ms): Min: 0.5, Avg: 1.4, Max: 1.7, Diff: 1.2, Sum: 5.5]
      [GC Worker End (ms): Min: 452487.8, Avg: 452487.8, Max: 452487.8, Diff: 0.0]
   [Code Root Fixup: 0.0 ms]
   [Code Root Purge: 0.0 ms]
   [Clear CT: 0.4 ms]
   [Other: 1.2 ms]
      [Choose CSet: 0.0 ms]
      [Ref Proc: 0.8 ms]
      [Ref Enq: 0.0 ms]
      [Redirty Cards: 0.2 ms]
      [Humongous Register: 0.0 ms]
      [Humongous Reclaim: 0.0 ms]
      [Free CSet: 0.0 ms]
   [Eden: 68.0M(68.0M)->0.0B(68.0M) Survivors: 1024.0K->1024.0K Heap: 113.4M(128.0M)->45.4M(128.0M)]
 [Times: user=0.00 sys=0.00, real=0.00 secs] 
2020-11-10T16:32:28.109+0800: 457.593: [GC pause (G1 Evacuation Pause) (young), 0.0027516 secs]
   [Parallel Time: 1.7 ms, GC Workers: 4]
      [GC Worker Start (ms): Min: 457592.8, Avg: 457592.8, Max: 457592.9, Diff: 0.1]
      [Ext Root Scanning (ms): Min: 0.7, Avg: 0.9, Max: 1.4, Diff: 0.7, Sum: 3.5]
      [Update RS (ms): Min: 0.0, Avg: 0.5, Max: 0.8, Diff: 0.8, Sum: 1.8]
         [Processed Buffers: Min: 0, Avg: 10.0, Max: 25, Diff: 25, Sum: 40]
      [Scan RS (ms): Min: 0.0, Avg: 0.0, Max: 0.0, Diff: 0.0, Sum: 0.0]
      [Code Root Scanning (ms): Min: 0.0, Avg: 0.0, Max: 0.0, Diff: 0.0, Sum: 0.0]
      [Object Copy (ms): Min: 0.1, Avg: 0.2, Max: 0.4, Diff: 0.4, Sum: 0.9]
      [Termination (ms): Min: 0.0, Avg: 0.0, Max: 0.0, Diff: 0.0, Sum: 0.1]
         [Termination Attempts: Min: 1, Avg: 1.0, Max: 1, Diff: 0, Sum: 4]
      [GC Worker Other (ms): Min: 0.0, Avg: 0.0, Max: 0.0, Diff: 0.0, Sum: 0.0]
      [GC Worker Total (ms): Min: 1.6, Avg: 1.6, Max: 1.6, Diff: 0.1, Sum: 6.4]
      [GC Worker End (ms): Min: 457594.4, Avg: 457594.4, Max: 457594.4, Diff: 0.0]
   [Code Root Fixup: 0.0 ms]
   [Code Root Purge: 0.0 ms]
   [Clear CT: 0.1 ms]
   [Other: 0.9 ms]
      [Choose CSet: 0.0 ms]
      [Ref Proc: 0.7 ms]
      [Ref Enq: 0.0 ms]
      [Redirty Cards: 0.1 ms]
      [Humongous Register: 0.0 ms]
      [Humongous Reclaim: 0.0 ms]
      [Free CSet: 0.0 ms]
   [Eden: 68.0M(68.0M)->0.0B(68.0M) Survivors: 1024.0K->1024.0K Heap: 113.4M(128.0M)->45.4M(128.0M)]
 [Times: user=0.05 sys=0.00, real=0.00 secs] 
2020-11-10T16:32:32.718+0800: 462.202: [GC pause (G1 Evacuation Pause) (young), 0.0032970 secs]
   [Parallel Time: 1.5 ms, GC Workers: 4]
      [GC Worker Start (ms): Min: 462202.0, Avg: 462202.0, Max: 462202.1, Diff: 0.1]
      [Ext Root Scanning (ms): Min: 0.6, Avg: 0.8, Max: 1.4, Diff: 0.9, Sum: 3.4]
      [Update RS (ms): Min: 0.0, Avg: 0.3, Max: 0.4, Diff: 0.4, Sum: 1.1]
         [Processed Buffers: Min: 0, Avg: 8.5, Max: 19, Diff: 19, Sum: 34]
      [Scan RS (ms): Min: 0.0, Avg: 0.0, Max: 0.0, Diff: 0.0, Sum: 0.0]
      [Code Root Scanning (ms): Min: 0.0, Avg: 0.0, Max: 0.0, Diff: 0.0, Sum: 0.1]
      [Object Copy (ms): Min: 0.0, Avg: 0.2, Max: 0.3, Diff: 0.3, Sum: 0.8]
      [Termination (ms): Min: 0.0, Avg: 0.0, Max: 0.1, Diff: 0.1, Sum: 0.2]
         [Termination Attempts: Min: 1, Avg: 1.0, Max: 1, Diff: 0, Sum: 4]
      [GC Worker Other (ms): Min: 0.0, Avg: 0.0, Max: 0.0, Diff: 0.0, Sum: 0.0]
      [GC Worker Total (ms): Min: 1.3, Avg: 1.4, Max: 1.5, Diff: 0.1, Sum: 5.6]
      [GC Worker End (ms): Min: 462203.4, Avg: 462203.4, Max: 462203.4, Diff: 0.0]
   [Code Root Fixup: 0.0 ms]
   [Code Root Purge: 0.0 ms]
   [Clear CT: 0.3 ms]
   [Other: 1.4 ms]
      [Choose CSet: 0.0 ms]
      [Ref Proc: 0.9 ms]
      [Ref Enq: 0.0 ms]
      [Redirty Cards: 0.3 ms]
      [Humongous Register: 0.0 ms]
      [Humongous Reclaim: 0.0 ms]
      [Free CSet: 0.1 ms]
   [Eden: 68.0M(68.0M)->0.0B(68.0M) Survivors: 1024.0K->1024.0K Heap: 113.4M(128.0M)->45.4M(128.0M)]
 [Times: user=0.06 sys=0.00, real=0.00 secs] 
2020-11-10T16:32:37.818+0800: 467.302: [GC pause (G1 Evacuation Pause) (young), 0.0027193 secs]
   [Parallel Time: 1.5 ms, GC Workers: 4]
      [GC Worker Start (ms): Min: 467301.7, Avg: 467301.7, Max: 467301.8, Diff: 0.1]
      [Ext Root Scanning (ms): Min: 0.6, Avg: 0.8, Max: 1.2, Diff: 0.6, Sum: 3.3]
      [Update RS (ms): Min: 0.0, Avg: 0.3, Max: 0.4, Diff: 0.4, Sum: 1.2]
         [Processed Buffers: Min: 0, Avg: 8.5, Max: 24, Diff: 24, Sum: 34]
      [Scan RS (ms): Min: 0.0, Avg: 0.0, Max: 0.0, Diff: 0.0, Sum: 0.0]
      [Code Root Scanning (ms): Min: 0.0, Avg: 0.0, Max: 0.0, Diff: 0.0, Sum: 0.1]
      [Object Copy (ms): Min: 0.1, Avg: 0.2, Max: 0.2, Diff: 0.1, Sum: 0.8]
      [Termination (ms): Min: 0.0, Avg: 0.0, Max: 0.0, Diff: 0.0, Sum: 0.0]
         [Termination Attempts: Min: 1, Avg: 1.0, Max: 1, Diff: 0, Sum: 4]
      [GC Worker Other (ms): Min: 0.0, Avg: 0.0, Max: 0.0, Diff: 0.0, Sum: 0.0]
      [GC Worker Total (ms): Min: 1.3, Avg: 1.3, Max: 1.4, Diff: 0.1, Sum: 5.4]
      [GC Worker End (ms): Min: 467303.1, Avg: 467303.1, Max: 467303.1, Diff: 0.0]
   [Code Root Fixup: 0.0 ms]
   [Code Root Purge: 0.0 ms]
   [Clear CT: 0.3 ms]
   [Other: 1.0 ms]
      [Choose CSet: 0.0 ms]
      [Ref Proc: 0.6 ms]
      [Ref Enq: 0.0 ms]
      [Redirty Cards: 0.2 ms]
      [Humongous Register: 0.0 ms]
      [Humongous Reclaim: 0.0 ms]
      [Free CSet: 0.0 ms]
   [Eden: 68.0M(68.0M)->0.0B(68.0M) Survivors: 1024.0K->1024.0K Heap: 113.4M(128.0M)->45.3M(128.0M)]
 [Times: user=0.00 sys=0.00, real=0.00 secs] 
2020-11-10T16:32:42.344+0800: 471.828: [GC pause (G1 Evacuation Pause) (young), 0.0025589 secs]
   [Parallel Time: 1.4 ms, GC Workers: 4]
      [GC Worker Start (ms): Min: 471828.3, Avg: 471828.3, Max: 471828.3, Diff: 0.0]
      [Ext Root Scanning (ms): Min: 0.6, Avg: 0.8, Max: 1.2, Diff: 0.6, Sum: 3.1]
      [Update RS (ms): Min: 0.0, Avg: 0.3, Max: 0.4, Diff: 0.4, Sum: 1.2]
         [Processed Buffers: Min: 0, Avg: 8.8, Max: 24, Diff: 24, Sum: 35]
      [Scan RS (ms): Min: 0.0, Avg: 0.0, Max: 0.0, Diff: 0.0, Sum: 0.0]
      [Code Root Scanning (ms): Min: 0.0, Avg: 0.0, Max: 0.0, Diff: 0.0, Sum: 0.0]
      [Object Copy (ms): Min: 0.1, Avg: 0.2, Max: 0.2, Diff: 0.2, Sum: 0.7]
      [Termination (ms): Min: 0.0, Avg: 0.0, Max: 0.0, Diff: 0.0, Sum: 0.0]
         [Termination Attempts: Min: 1, Avg: 1.0, Max: 1, Diff: 0, Sum: 4]
      [GC Worker Other (ms): Min: 0.0, Avg: 0.0, Max: 0.0, Diff: 0.0, Sum: 0.0]
      [GC Worker Total (ms): Min: 1.3, Avg: 1.3, Max: 1.3, Diff: 0.0, Sum: 5.1]
      [GC Worker End (ms): Min: 471829.6, Avg: 471829.6, Max: 471829.6, Diff: 0.0]
   [Code Root Fixup: 0.0 ms]
   [Code Root Purge: 0.0 ms]
   [Clear CT: 0.0 ms]
   [Other: 1.1 ms]
      [Choose CSet: 0.0 ms]
      [Ref Proc: 0.8 ms]
      [Ref Enq: 0.0 ms]
      [Redirty Cards: 0.1 ms]
      [Humongous Register: 0.0 ms]
      [Humongous Reclaim: 0.0 ms]
      [Free CSet: 0.0 ms]
   [Eden: 68.0M(68.0M)->0.0B(68.0M) Survivors: 1024.0K->1024.0K Heap: 113.3M(128.0M)->45.4M(128.0M)]
 [Times: user=0.00 sys=0.00, real=0.00 secs] 
2020-11-10T16:32:47.297+0800: 476.781: [GC pause (G1 Evacuation Pause) (young), 0.0032226 secs]
   [Parallel Time: 1.7 ms, GC Workers: 4]
      [GC Worker Start (ms): Min: 476781.2, Avg: 476781.3, Max: 476781.4, Diff: 0.2]
      [Ext Root Scanning (ms): Min: 0.7, Avg: 0.9, Max: 1.6, Diff: 0.9, Sum: 3.6]
      [Update RS (ms): Min: 0.0, Avg: 0.3, Max: 0.4, Diff: 0.4, Sum: 1.2]
         [Processed Buffers: Min: 0, Avg: 9.3, Max: 27, Diff: 27, Sum: 37]
      [Scan RS (ms): Min: 0.0, Avg: 0.0, Max: 0.0, Diff: 0.0, Sum: 0.0]
      [Code Root Scanning (ms): Min: 0.0, Avg: 0.0, Max: 0.0, Diff: 0.0, Sum: 0.0]
      [Object Copy (ms): Min: 0.0, Avg: 0.2, Max: 0.3, Diff: 0.3, Sum: 0.7]
      [Termination (ms): Min: 0.0, Avg: 0.1, Max: 0.2, Diff: 0.2, Sum: 0.5]
         [Termination Attempts: Min: 1, Avg: 1.0, Max: 1, Diff: 0, Sum: 4]
      [GC Worker Other (ms): Min: 0.0, Avg: 0.0, Max: 0.0, Diff: 0.0, Sum: 0.0]
      [GC Worker Total (ms): Min: 1.4, Avg: 1.5, Max: 1.6, Diff: 0.2, Sum: 6.1]
      [GC Worker End (ms): Min: 476782.8, Avg: 476782.8, Max: 476782.8, Diff: 0.0]
   [Code Root Fixup: 0.0 ms]
   [Code Root Purge: 0.0 ms]
   [Clear CT: 0.3 ms]
   [Other: 1.2 ms]
      [Choose CSet: 0.0 ms]
      [Ref Proc: 0.8 ms]
      [Ref Enq: 0.0 ms]
      [Redirty Cards: 0.3 ms]
      [Humongous Register: 0.0 ms]
      [Humongous Reclaim: 0.0 ms]
      [Free CSet: 0.0 ms]
   [Eden: 68.0M(68.0M)->0.0B(67.0M) Survivors: 1024.0K->1024.0K Heap: 113.4M(128.0M)->45.5M(128.0M)]
 [Times: user=0.03 sys=0.00, real=0.00 secs] 
2020-11-10T16:32:51.319+0800: 480.802: [GC pause (G1 Evacuation Pause) (young), 0.0030878 secs]
   [Parallel Time: 1.4 ms, GC Workers: 4]
      [GC Worker Start (ms): Min: 480801.8, Avg: 480801.8, Max: 480801.9, Diff: 0.0]
      [Ext Root Scanning (ms): Min: 0.7, Avg: 0.8, Max: 1.3, Diff: 0.6, Sum: 3.3]
      [Update RS (ms): Min: 0.0, Avg: 0.3, Max: 0.4, Diff: 0.4, Sum: 1.1]
         [Processed Buffers: Min: 0, Avg: 8.5, Max: 25, Diff: 25, Sum: 34]
      [Scan RS (ms): Min: 0.0, Avg: 0.0, Max: 0.0, Diff: 0.0, Sum: 0.0]
      [Code Root Scanning (ms): Min: 0.0, Avg: 0.0, Max: 0.0, Diff: 0.0, Sum: 0.0]
      [Object Copy (ms): Min: 0.0, Avg: 0.2, Max: 0.2, Diff: 0.2, Sum: 0.7]
      [Termination (ms): Min: 0.0, Avg: 0.0, Max: 0.0, Diff: 0.0, Sum: 0.0]
         [Termination Attempts: Min: 1, Avg: 1.0, Max: 1, Diff: 0, Sum: 4]
      [GC Worker Other (ms): Min: 0.0, Avg: 0.0, Max: 0.0, Diff: 0.0, Sum: 0.0]
      [GC Worker Total (ms): Min: 1.3, Avg: 1.3, Max: 1.3, Diff: 0.0, Sum: 5.2]
      [GC Worker End (ms): Min: 480803.2, Avg: 480803.2, Max: 480803.2, Diff: 0.0]
   [Code Root Fixup: 0.1 ms]
   [Code Root Purge: 0.0 ms]
   [Clear CT: 0.3 ms]
   [Other: 1.3 ms]
      [Choose CSet: 0.0 ms]
      [Ref Proc: 0.9 ms]
      [Ref Enq: 0.0 ms]
      [Redirty Cards: 0.3 ms]
      [Humongous Register: 0.0 ms]
      [Humongous Reclaim: 0.0 ms]
      [Free CSet: 0.0 ms]
   [Eden: 67.0M(67.0M)->0.0B(67.0M) Survivors: 1024.0K->1024.0K Heap: 112.5M(128.0M)->45.4M(128.0M)]
 [Times: user=0.00 sys=0.00, real=0.00 secs] 
2020-11-10T16:32:55.965+0800: 485.449: [GC pause (G1 Evacuation Pause) (young), 0.0030295 secs]
   [Parallel Time: 1.3 ms, GC Workers: 4]
      [GC Worker Start (ms): Min: 485449.1, Avg: 485449.1, Max: 485449.1, Diff: 0.0]
      [Ext Root Scanning (ms): Min: 0.6, Avg: 0.8, Max: 1.2, Diff: 0.6, Sum: 3.1]
      [Update RS (ms): Min: 0.0, Avg: 0.3, Max: 0.4, Diff: 0.4, Sum: 1.1]
         [Processed Buffers: Min: 0, Avg: 8.5, Max: 20, Diff: 20, Sum: 34]
      [Scan RS (ms): Min: 0.0, Avg: 0.0, Max: 0.0, Diff: 0.0, Sum: 0.0]
      [Code Root Scanning (ms): Min: 0.0, Avg: 0.0, Max: 0.0, Diff: 0.0, Sum: 0.1]
      [Object Copy (ms): Min: 0.1, Avg: 0.2, Max: 0.2, Diff: 0.2, Sum: 0.7]
      [Termination (ms): Min: 0.0, Avg: 0.0, Max: 0.0, Diff: 0.0, Sum: 0.0]
         [Termination Attempts: Min: 1, Avg: 1.0, Max: 1, Diff: 0, Sum: 4]
      [GC Worker Other (ms): Min: 0.0, Avg: 0.0, Max: 0.0, Diff: 0.0, Sum: 0.0]
      [GC Worker Total (ms): Min: 1.3, Avg: 1.3, Max: 1.3, Diff: 0.0, Sum: 5.1]
      [GC Worker End (ms): Min: 485450.4, Avg: 485450.4, Max: 485450.4, Diff: 0.0]
   [Code Root Fixup: 0.1 ms]
   [Code Root Purge: 0.0 ms]
   [Clear CT: 0.3 ms]
   [Other: 1.3 ms]
      [Choose CSet: 0.0 ms]
      [Ref Proc: 0.8 ms]
      [Ref Enq: 0.0 ms]
      [Redirty Cards: 0.4 ms]
      [Humongous Register: 0.0 ms]
      [Humongous Reclaim: 0.0 ms]
      [Free CSet: 0.0 ms]
   [Eden: 67.0M(67.0M)->0.0B(67.0M) Survivors: 1024.0K->1024.0K Heap: 112.4M(128.0M)->45.5M(128.0M)]
 [Times: user=0.00 sys=0.00, real=0.00 secs] 
2020-11-10T16:33:00.626+0800: 490.109: [GC pause (G1 Evacuation Pause) (young), 0.0029068 secs]
   [Parallel Time: 1.5 ms, GC Workers: 4]
      [GC Worker Start (ms): Min: 490109.4, Avg: 490109.4, Max: 490109.5, Diff: 0.1]
      [Ext Root Scanning (ms): Min: 0.7, Avg: 0.9, Max: 1.2, Diff: 0.5, Sum: 3.5]
      [Update RS (ms): Min: 0.1, Avg: 0.3, Max: 0.4, Diff: 0.3, Sum: 1.2]
         [Processed Buffers: Min: 2, Avg: 8.3, Max: 20, Diff: 18, Sum: 33]
      [Scan RS (ms): Min: 0.0, Avg: 0.0, Max: 0.0, Diff: 0.0, Sum: 0.0]
      [Code Root Scanning (ms): Min: 0.0, Avg: 0.0, Max: 0.0, Diff: 0.0, Sum: 0.0]
      [Object Copy (ms): Min: 0.1, Avg: 0.2, Max: 0.3, Diff: 0.1, Sum: 0.8]
      [Termination (ms): Min: 0.0, Avg: 0.0, Max: 0.0, Diff: 0.0, Sum: 0.0]
         [Termination Attempts: Min: 1, Avg: 1.0, Max: 1, Diff: 0, Sum: 4]
      [GC Worker Other (ms): Min: 0.0, Avg: 0.0, Max: 0.0, Diff: 0.0, Sum: 0.0]
      [GC Worker Total (ms): Min: 1.3, Avg: 1.4, Max: 1.5, Diff: 0.1, Sum: 5.6]
      [GC Worker End (ms): Min: 490110.8, Avg: 490110.8, Max: 490110.8, Diff: 0.0]
   [Code Root Fixup: 0.0 ms]
   [Code Root Purge: 0.0 ms]
   [Clear CT: 0.3 ms]
   [Other: 1.1 ms]
      [Choose CSet: 0.0 ms]
      [Ref Proc: 0.7 ms]
      [Ref Enq: 0.0 ms]
      [Redirty Cards: 0.3 ms]
      [Humongous Register: 0.0 ms]
      [Humongous Reclaim: 0.0 ms]
      [Free CSet: 0.0 ms]
   [Eden: 67.0M(67.0M)->0.0B(67.0M) Survivors: 1024.0K->1024.0K Heap: 112.5M(128.0M)->45.4M(128.0M)]
 [Times: user=0.00 sys=0.00, real=0.00 secs] 
2020-11-10T16:33:05.158+0800: 494.641: [GC pause (G1 Evacuation Pause) (young), 0.0034729 secs]
   [Parallel Time: 1.7 ms, GC Workers: 4]
      [GC Worker Start (ms): Min: 494641.5, Avg: 494641.6, Max: 494641.7, Diff: 0.2]
      [Ext Root Scanning (ms): Min: 0.8, Avg: 0.9, Max: 1.3, Diff: 0.6, Sum: 3.7]
      [Update RS (ms): Min: 0.0, Avg: 0.3, Max: 0.4, Diff: 0.4, Sum: 1.2]
         [Processed Buffers: Min: 2, Avg: 9.0, Max: 22, Diff: 20, Sum: 36]
      [Scan RS (ms): Min: 0.0, Avg: 0.0, Max: 0.0, Diff: 0.0, Sum: 0.0]
      [Code Root Scanning (ms): Min: 0.0, Avg: 0.0, Max: 0.0, Diff: 0.0, Sum: 0.0]
      [Object Copy (ms): Min: 0.2, Avg: 0.2, Max: 0.2, Diff: 0.1, Sum: 0.8]
      [Termination (ms): Min: 0.0, Avg: 0.0, Max: 0.0, Diff: 0.0, Sum: 0.0]
         [Termination Attempts: Min: 1, Avg: 1.0, Max: 1, Diff: 0, Sum: 4]
      [GC Worker Other (ms): Min: 0.0, Avg: 0.0, Max: 0.0, Diff: 0.0, Sum: 0.1]
      [GC Worker Total (ms): Min: 1.4, Avg: 1.5, Max: 1.5, Diff: 0.2, Sum: 5.8]
      [GC Worker End (ms): Min: 494643.1, Avg: 494643.1, Max: 494643.1, Diff: 0.0]
   [Code Root Fixup: 0.0 ms]
   [Code Root Purge: 0.0 ms]
   [Clear CT: 0.3 ms]
   [Other: 1.4 ms]
      [Choose CSet: 0.0 ms]
      [Ref Proc: 0.8 ms]
      [Ref Enq: 0.0 ms]
      [Redirty Cards: 0.4 ms]
      [Humongous Register: 0.0 ms]
      [Humongous Reclaim: 0.0 ms]
      [Free CSet: 0.1 ms]
   [Eden: 67.0M(67.0M)->0.0B(67.0M) Survivors: 1024.0K->1024.0K Heap: 112.4M(128.0M)->45.5M(128.0M)]
 [Times: user=0.00 sys=0.00, real=0.00 secs] 
2020-11-10T16:33:09.949+0800: 499.432: [GC pause (G1 Evacuation Pause) (young), 0.0028838 secs]
   [Parallel Time: 1.4 ms, GC Workers: 4]
      [GC Worker Start (ms): Min: 499432.4, Avg: 499432.5, Max: 499432.5, Diff: 0.1]
      [Ext Root Scanning (ms): Min: 0.6, Avg: 0.8, Max: 1.2, Diff: 0.6, Sum: 3.1]
      [Update RS (ms): Min: 0.0, Avg: 0.3, Max: 0.4, Diff: 0.4, Sum: 1.3]
         [Processed Buffers: Min: 0, Avg: 9.8, Max: 16, Diff: 16, Sum: 39]
      [Scan RS (ms): Min: 0.0, Avg: 0.0, Max: 0.0, Diff: 0.0, Sum: 0.0]
      [Code Root Scanning (ms): Min: 0.0, Avg: 0.0, Max: 0.0, Diff: 0.0, Sum: 0.1]
      [Object Copy (ms): Min: 0.1, Avg: 0.2, Max: 0.2, Diff: 0.1, Sum: 0.7]
      [Termination (ms): Min: 0.0, Avg: 0.0, Max: 0.0, Diff: 0.0, Sum: 0.0]
         [Termination Attempts: Min: 1, Avg: 1.0, Max: 1, Diff: 0, Sum: 4]
      [GC Worker Other (ms): Min: 0.0, Avg: 0.0, Max: 0.0, Diff: 0.0, Sum: 0.0]
      [GC Worker Total (ms): Min: 1.2, Avg: 1.3, Max: 1.4, Diff: 0.1, Sum: 5.2]
      [GC Worker End (ms): Min: 499433.8, Avg: 499433.8, Max: 499433.8, Diff: 0.0]
   [Code Root Fixup: 0.1 ms]
   [Code Root Purge: 0.0 ms]
   [Clear CT: 0.3 ms]
   [Other: 1.1 ms]
      [Choose CSet: 0.0 ms]
      [Ref Proc: 0.6 ms]
      [Ref Enq: 0.0 ms]
      [Redirty Cards: 0.3 ms]
      [Humongous Register: 0.0 ms]
      [Humongous Reclaim: 0.0 ms]
      [Free CSet: 0.0 ms]
   [Eden: 67.0M(67.0M)->0.0B(67.0M) Survivors: 1024.0K->1024.0K Heap: 112.5M(128.0M)->45.5M(128.0M)]
 [Times: user=0.00 sys=0.00, real=0.00 secs] 
2020-11-10T16:33:14.117+0800: 503.600: [GC pause (G1 Evacuation Pause) (young), 0.0030088 secs]
   [Parallel Time: 1.5 ms, GC Workers: 4]
      [GC Worker Start (ms): Min: 503600.2, Avg: 503600.3, Max: 503600.3, Diff: 0.1]
      [Ext Root Scanning (ms): Min: 0.6, Avg: 0.8, Max: 1.3, Diff: 0.6, Sum: 3.3]
      [Update RS (ms): Min: 0.0, Avg: 0.3, Max: 0.4, Diff: 0.4, Sum: 1.1]
         [Processed Buffers: Min: 0, Avg: 7.0, Max: 13, Diff: 13, Sum: 28]
      [Scan RS (ms): Min: 0.0, Avg: 0.0, Max: 0.0, Diff: 0.0, Sum: 0.0]
      [Code Root Scanning (ms): Min: 0.0, Avg: 0.0, Max: 0.0, Diff: 0.0, Sum: 0.0]
      [Object Copy (ms): Min: 0.1, Avg: 0.2, Max: 0.2, Diff: 0.1, Sum: 0.7]
      [Termination (ms): Min: 0.0, Avg: 0.0, Max: 0.0, Diff: 0.0, Sum: 0.0]
         [Termination Attempts: Min: 1, Avg: 1.0, Max: 1, Diff: 0, Sum: 4]
      [GC Worker Other (ms): Min: 0.0, Avg: 0.0, Max: 0.0, Diff: 0.0, Sum: 0.1]
      [GC Worker Total (ms): Min: 1.3, Avg: 1.3, Max: 1.4, Diff: 0.1, Sum: 5.3]
      [GC Worker End (ms): Min: 503601.6, Avg: 503601.6, Max: 503601.6, Diff: 0.0]
   [Code Root Fixup: 0.0 ms]
   [Code Root Purge: 0.0 ms]
   [Clear CT: 0.3 ms]
   [Other: 1.1 ms]
      [Choose CSet: 0.0 ms]
      [Ref Proc: 0.7 ms]
      [Ref Enq: 0.0 ms]
      [Redirty Cards: 0.3 ms]
      [Humongous Register: 0.0 ms]
      [Humongous Reclaim: 0.0 ms]
      [Free CSet: 0.0 ms]
   [Eden: 67.0M(67.0M)->0.0B(67.0M) Survivors: 1024.0K->1024.0K Heap: 112.5M(128.0M)->45.5M(128.0M)]
 [Times: user=0.00 sys=0.00, real=0.00 secs] 
2020-11-10T16:33:18.765+0800: 508.248: [GC pause (G1 Evacuation Pause) (young), 0.0033296 secs]
   [Parallel Time: 1.7 ms, GC Workers: 4]
      [GC Worker Start (ms): Min: 508248.6, Avg: 508248.6, Max: 508248.6, Diff: 0.1]
      [Ext Root Scanning (ms): Min: 0.7, Avg: 0.9, Max: 1.3, Diff: 0.6, Sum: 3.7]
      [Update RS (ms): Min: 0.1, Avg: 0.4, Max: 0.7, Diff: 0.6, Sum: 1.7]
         [Processed Buffers: Min: 1, Avg: 8.5, Max: 24, Diff: 23, Sum: 34]
      [Scan RS (ms): Min: 0.0, Avg: 0.0, Max: 0.0, Diff: 0.0, Sum: 0.0]
      [Code Root Scanning (ms): Min: 0.0, Avg: 0.0, Max: 0.0, Diff: 0.0, Sum: 0.1]
      [Object Copy (ms): Min: 0.0, Avg: 0.2, Max: 0.2, Diff: 0.2, Sum: 0.7]
      [Termination (ms): Min: 0.0, Avg: 0.0, Max: 0.0, Diff: 0.0, Sum: 0.1]
         [Termination Attempts: Min: 1, Avg: 6.5, Max: 9, Diff: 8, Sum: 26]
      [GC Worker Other (ms): Min: 0.0, Avg: 0.0, Max: 0.0, Diff: 0.0, Sum: 0.0]
      [GC Worker Total (ms): Min: 1.5, Avg: 1.6, Max: 1.6, Diff: 0.1, Sum: 6.3]
      [GC Worker End (ms): Min: 508250.2, Avg: 508250.2, Max: 508250.2, Diff: 0.0]
   [Code Root Fixup: 0.0 ms]
   [Code Root Purge: 0.0 ms]
   [Clear CT: 0.4 ms]
   [Other: 1.2 ms]
      [Choose CSet: 0.0 ms]
      [Ref Proc: 0.8 ms]
      [Ref Enq: 0.0 ms]
      [Redirty Cards: 0.3 ms]
      [Humongous Register: 0.0 ms]
      [Humongous Reclaim: 0.0 ms]
      [Free CSet: 0.0 ms]
   [Eden: 67.0M(67.0M)->0.0B(67.0M) Survivors: 1024.0K->1024.0K Heap: 112.5M(128.0M)->45.4M(128.0M)]
 [Times: user=0.06 sys=0.00, real=0.00 secs] 
2020-11-10T16:33:23.926+0800: 513.409: [GC pause (G1 Evacuation Pause) (young), 0.0028784 secs]
   [Parallel Time: 1.3 ms, GC Workers: 4]
      [GC Worker Start (ms): Min: 513409.4, Avg: 513409.5, Max: 513409.5, Diff: 0.1]
      [Ext Root Scanning (ms): Min: 0.6, Avg: 0.8, Max: 1.3, Diff: 0.7, Sum: 3.2]
      [Update RS (ms): Min: 0.0, Avg: 0.2, Max: 0.3, Diff: 0.3, Sum: 0.7]
         [Processed Buffers: Min: 0, Avg: 8.3, Max: 17, Diff: 17, Sum: 33]
      [Scan RS (ms): Min: 0.0, Avg: 0.0, Max: 0.0, Diff: 0.0, Sum: 0.0]
      [Code Root Scanning (ms): Min: 0.0, Avg: 0.0, Max: 0.0, Diff: 0.0, Sum: 0.0]
      [Object Copy (ms): Min: 0.0, Avg: 0.1, Max: 0.2, Diff: 0.2, Sum: 0.5]
      [Termination (ms): Min: 0.0, Avg: 0.1, Max: 0.1, Diff: 0.1, Sum: 0.4]
         [Termination Attempts: Min: 1, Avg: 1.0, Max: 1, Diff: 0, Sum: 4]
      [GC Worker Other (ms): Min: 0.0, Avg: 0.0, Max: 0.0, Diff: 0.0, Sum: 0.0]
      [GC Worker Total (ms): Min: 1.2, Avg: 1.2, Max: 1.3, Diff: 0.1, Sum: 4.9]
      [GC Worker End (ms): Min: 513410.7, Avg: 513410.7, Max: 513410.7, Diff: 0.0]
   [Code Root Fixup: 0.0 ms]
   [Code Root Purge: 0.0 ms]
   [Clear CT: 0.3 ms]
   [Other: 1.2 ms]
      [Choose CSet: 0.0 ms]
      [Ref Proc: 0.9 ms]
      [Ref Enq: 0.0 ms]
      [Redirty Cards: 0.2 ms]
      [Humongous Register: 0.0 ms]
      [Humongous Reclaim: 0.0 ms]
      [Free CSet: 0.0 ms]
   [Eden: 67.0M(67.0M)->0.0B(67.0M) Survivors: 1024.0K->1024.0K Heap: 112.4M(128.0M)->45.5M(128.0M)]
 [Times: user=0.00 sys=0.00, real=0.00 secs] 
2020-11-10T16:33:28.158+0800: 517.641: [GC pause (G1 Evacuation Pause) (young), 0.0030382 secs]
   [Parallel Time: 1.3 ms, GC Workers: 4]
      [GC Worker Start (ms): Min: 517641.5, Avg: 517641.6, Max: 517641.6, Diff: 0.1]
      [Ext Root Scanning (ms): Min: 0.6, Avg: 0.8, Max: 1.2, Diff: 0.7, Sum: 3.1]
      [Update RS (ms): Min: 0.0, Avg: 0.2, Max: 0.3, Diff: 0.3, Sum: 0.8]
         [Processed Buffers: Min: 0, Avg: 9.5, Max: 15, Diff: 15, Sum: 38]
      [Scan RS (ms): Min: 0.0, Avg: 0.0, Max: 0.0, Diff: 0.0, Sum: 0.0]
      [Code Root Scanning (ms): Min: 0.0, Avg: 0.0, Max: 0.0, Diff: 0.0, Sum: 0.0]
      [Object Copy (ms): Min: 0.0, Avg: 0.1, Max: 0.2, Diff: 0.2, Sum: 0.5]
      [Termination (ms): Min: 0.0, Avg: 0.1, Max: 0.1, Diff: 0.1, Sum: 0.3]
         [Termination Attempts: Min: 1, Avg: 1.0, Max: 1, Diff: 0, Sum: 4]
      [GC Worker Other (ms): Min: 0.0, Avg: 0.0, Max: 0.0, Diff: 0.0, Sum: 0.0]
      [GC Worker Total (ms): Min: 1.2, Avg: 1.2, Max: 1.3, Diff: 0.1, Sum: 4.8]
      [GC Worker End (ms): Min: 517642.8, Avg: 517642.8, Max: 517642.8, Diff: 0.0]
   [Code Root Fixup: 0.0 ms]
   [Code Root Purge: 0.0 ms]
   [Clear CT: 0.3 ms]
   [Other: 1.3 ms]
      [Choose CSet: 0.0 ms]
      [Ref Proc: 0.9 ms]
      [Ref Enq: 0.0 ms]
      [Redirty Cards: 0.3 ms]
      [Humongous Register: 0.0 ms]
      [Humongous Reclaim: 0.0 ms]
      [Free CSet: 0.0 ms]
   [Eden: 67.0M(67.0M)->0.0B(67.0M) Survivors: 1024.0K->1024.0K Heap: 112.5M(128.0M)->45.5M(128.0M)]
 [Times: user=0.00 sys=0.00, real=0.00 secs] 
2020-11-10T16:33:32.086+0800: 521.569: [GC pause (G1 Evacuation Pause) (young), 0.0022155 secs]
   [Parallel Time: 1.3 ms, GC Workers: 4]
      [GC Worker Start (ms): Min: 521569.5, Avg: 521569.5, Max: 521569.5, Diff: 0.0]
      [Ext Root Scanning (ms): Min: 0.7, Avg: 0.8, Max: 1.3, Diff: 0.6, Sum: 3.2]
      [Update RS (ms): Min: 0.0, Avg: 0.2, Max: 0.2, Diff: 0.2, Sum: 0.6]
         [Processed Buffers: Min: 0, Avg: 7.8, Max: 13, Diff: 13, Sum: 31]
      [Scan RS (ms): Min: 0.0, Avg: 0.0, Max: 0.0, Diff: 0.0, Sum: 0.0]
      [Code Root Scanning (ms): Min: 0.0, Avg: 0.0, Max: 0.0, Diff: 0.0, Sum: 0.0]
      [Object Copy (ms): Min: 0.0, Avg: 0.1, Max: 0.2, Diff: 0.2, Sum: 0.5]
      [Termination (ms): Min: 0.0, Avg: 0.2, Max: 0.2, Diff: 0.2, Sum: 0.6]
         [Termination Attempts: Min: 1, Avg: 1.0, Max: 1, Diff: 0, Sum: 4]
      [GC Worker Other (ms): Min: 0.0, Avg: 0.0, Max: 0.0, Diff: 0.0, Sum: 0.0]
      [GC Worker Total (ms): Min: 1.3, Avg: 1.3, Max: 1.3, Diff: 0.0, Sum: 5.1]
      [GC Worker End (ms): Min: 521570.8, Avg: 521570.8, Max: 521570.8, Diff: 0.0]
   [Code Root Fixup: 0.0 ms]
   [Code Root Purge: 0.0 ms]
   [Clear CT: 0.0 ms]
   [Other: 0.8 ms]
      [Choose CSet: 0.0 ms]
      [Ref Proc: 0.6 ms]
      [Ref Enq: 0.0 ms]
      [Redirty Cards: 0.0 ms]
      [Humongous Register: 0.0 ms]
      [Humongous Reclaim: 0.0 ms]
      [Free CSet: 0.0 ms]
   [Eden: 67.0M(67.0M)->0.0B(67.0M) Survivors: 1024.0K->1024.0K Heap: 112.5M(128.0M)->45.5M(128.0M)]
 [Times: user=0.00 sys=0.00, real=0.00 secs] 
2020-11-10T16:33:37.154+0800: 526.638: [GC pause (G1 Evacuation Pause) (young), 0.0025893 secs]
   [Parallel Time: 1.5 ms, GC Workers: 4]
      [GC Worker Start (ms): Min: 526637.9, Avg: 526638.0, Max: 526638.1, Diff: 0.1]
      [Ext Root Scanning (ms): Min: 0.6, Avg: 0.8, Max: 1.3, Diff: 0.6, Sum: 3.3]
      [Update RS (ms): Min: 0.0, Avg: 0.2, Max: 0.3, Diff: 0.3, Sum: 0.8]
         [Processed Buffers: Min: 0, Avg: 8.0, Max: 16, Diff: 16, Sum: 32]
      [Scan RS (ms): Min: 0.0, Avg: 0.0, Max: 0.0, Diff: 0.0, Sum: 0.0]
      [Code Root Scanning (ms): Min: 0.0, Avg: 0.0, Max: 0.0, Diff: 0.0, Sum: 0.0]
      [Object Copy (ms): Min: 0.0, Avg: 0.2, Max: 0.3, Diff: 0.3, Sum: 0.6]
      [Termination (ms): Min: 0.0, Avg: 0.0, Max: 0.1, Diff: 0.1, Sum: 0.1]
         [Termination Attempts: Min: 1, Avg: 1.0, Max: 1, Diff: 0, Sum: 4]
      [GC Worker Other (ms): Min: 0.0, Avg: 0.0, Max: 0.0, Diff: 0.0, Sum: 0.1]
      [GC Worker Total (ms): Min: 1.2, Avg: 1.2, Max: 1.3, Diff: 0.2, Sum: 5.0]
      [GC Worker End (ms): Min: 526639.2, Avg: 526639.2, Max: 526639.2, Diff: 0.0]
   [Code Root Fixup: 0.0 ms]
   [Code Root Purge: 0.0 ms]
   [Clear CT: 0.1 ms]
   [Other: 1.0 ms]
      [Choose CSet: 0.0 ms]
      [Ref Proc: 0.8 ms]
      [Ref Enq: 0.0 ms]
      [Redirty Cards: 0.1 ms]
      [Humongous Register: 0.0 ms]
      [Humongous Reclaim: 0.0 ms]
      [Free CSet: 0.0 ms]
   [Eden: 67.0M(67.0M)->0.0B(67.0M) Survivors: 1024.0K->1024.0K Heap: 112.5M(128.0M)->45.6M(128.0M)]
 [Times: user=0.00 sys=0.00, real=0.00 secs] 
2020-11-10T16:33:41.507+0800: 530.991: [GC pause (G1 Evacuation Pause) (young), 0.0025179 secs]
   [Parallel Time: 1.3 ms, GC Workers: 4]
      [GC Worker Start (ms): Min: 530991.1, Avg: 530991.2, Max: 530991.2, Diff: 0.1]
      [Ext Root Scanning (ms): Min: 0.6, Avg: 0.8, Max: 1.2, Diff: 0.6, Sum: 3.2]
      [Update RS (ms): Min: 0.0, Avg: 0.2, Max: 0.2, Diff: 0.2, Sum: 0.6]
         [Processed Buffers: Min: 0, Avg: 9.0, Max: 17, Diff: 17, Sum: 36]
      [Scan RS (ms): Min: 0.0, Avg: 0.0, Max: 0.0, Diff: 0.0, Sum: 0.0]
      [Code Root Scanning (ms): Min: 0.0, Avg: 0.0, Max: 0.0, Diff: 0.0, Sum: 0.0]
      [Object Copy (ms): Min: 0.0, Avg: 0.1, Max: 0.2, Diff: 0.2, Sum: 0.5]
      [Termination (ms): Min: 0.0, Avg: 0.1, Max: 0.1, Diff: 0.1, Sum: 0.3]
         [Termination Attempts: Min: 1, Avg: 1.0, Max: 1, Diff: 0, Sum: 4]
      [GC Worker Other (ms): Min: 0.0, Avg: 0.0, Max: 0.0, Diff: 0.0, Sum: 0.0]
      [GC Worker Total (ms): Min: 1.2, Avg: 1.2, Max: 1.2, Diff: 0.1, Sum: 4.8]
      [GC Worker End (ms): Min: 530992.4, Avg: 530992.4, Max: 530992.4, Diff: 0.0]
   [Code Root Fixup: 0.0 ms]
   [Code Root Purge: 0.0 ms]
   [Clear CT: 0.3 ms]
   [Other: 0.8 ms]
      [Choose CSet: 0.0 ms]
      [Ref Proc: 0.7 ms]
      [Ref Enq: 0.0 ms]
      [Redirty Cards: 0.0 ms]
      [Humongous Register: 0.0 ms]
      [Humongous Reclaim: 0.0 ms]
      [Free CSet: 0.0 ms]
   [Eden: 67.0M(67.0M)->0.0B(67.0M) Survivors: 1024.0K->1024.0K Heap: 112.6M(128.0M)->45.5M(128.0M)]
 [Times: user=0.00 sys=0.00, real=0.00 secs] 
2020-11-10T16:33:46.066+0800: 535.549: [GC pause (G1 Evacuation Pause) (young), 0.0031038 secs]
   [Parallel Time: 1.7 ms, GC Workers: 4]
      [GC Worker Start (ms): Min: 535549.6, Avg: 535549.6, Max: 535549.7, Diff: 0.1]
      [Ext Root Scanning (ms): Min: 0.7, Avg: 0.9, Max: 1.6, Diff: 0.9, Sum: 3.7]
      [Update RS (ms): Min: 0.0, Avg: 0.2, Max: 0.3, Diff: 0.3, Sum: 0.8]
         [Processed Buffers: Min: 0, Avg: 8.3, Max: 19, Diff: 19, Sum: 33]
      [Scan RS (ms): Min: 0.0, Avg: 0.0, Max: 0.0, Diff: 0.0, Sum: 0.0]
      [Code Root Scanning (ms): Min: 0.0, Avg: 0.0, Max: 0.0, Diff: 0.0, Sum: 0.0]
      [Object Copy (ms): Min: 0.0, Avg: 0.2, Max: 0.3, Diff: 0.3, Sum: 0.8]
      [Termination (ms): Min: 0.0, Avg: 0.2, Max: 0.3, Diff: 0.3, Sum: 0.9]
         [Termination Attempts: Min: 1, Avg: 1.0, Max: 1, Diff: 0, Sum: 4]
      [GC Worker Other (ms): Min: 0.0, Avg: 0.0, Max: 0.0, Diff: 0.0, Sum: 0.0]
      [GC Worker Total (ms): Min: 1.5, Avg: 1.6, Max: 1.6, Diff: 0.1, Sum: 6.3]
      [GC Worker End (ms): Min: 535551.2, Avg: 535551.2, Max: 535551.2, Diff: 0.0]
   [Code Root Fixup: 0.0 ms]
   [Code Root Purge: 0.0 ms]
   [Clear CT: 0.2 ms]
   [Other: 1.2 ms]
      [Choose CSet: 0.0 ms]
      [Ref Proc: 0.8 ms]
      [Ref Enq: 0.0 ms]
      [Redirty Cards: 0.3 ms]
      [Humongous Register: 0.0 ms]
      [Humongous Reclaim: 0.0 ms]
      [Free CSet: 0.0 ms]
   [Eden: 67.0M(67.0M)->0.0B(67.0M) Survivors: 1024.0K->1024.0K Heap: 112.5M(128.0M)->45.5M(128.0M)]
 [Times: user=0.00 sys=0.00, real=0.00 secs] 
2020-11-10T16:33:50.450+0800: 539.934: [GC pause (G1 Evacuation Pause) (young), 0.0028737 secs]
   [Parallel Time: 1.6 ms, GC Workers: 4]
      [GC Worker Start (ms): Min: 539934.1, Avg: 539934.2, Max: 539934.3, Diff: 0.1]
      [Ext Root Scanning (ms): Min: 0.8, Avg: 1.0, Max: 1.5, Diff: 0.7, Sum: 3.9]
      [Update RS (ms): Min: 0.0, Avg: 0.2, Max: 0.3, Diff: 0.3, Sum: 0.8]
         [Processed Buffers: Min: 0, Avg: 8.0, Max: 15, Diff: 15, Sum: 32]
      [Scan RS (ms): Min: 0.0, Avg: 0.0, Max: 0.0, Diff: 0.0, Sum: 0.0]
      [Code Root Scanning (ms): Min: 0.0, Avg: 0.0, Max: 0.0, Diff: 0.0, Sum: 0.0]
      [Object Copy (ms): Min: 0.0, Avg: 0.2, Max: 0.3, Diff: 0.3, Sum: 0.8]
      [Termination (ms): Min: 0.0, Avg: 0.0, Max: 0.0, Diff: 0.0, Sum: 0.1]
         [Termination Attempts: Min: 1, Avg: 1.0, Max: 1, Diff: 0, Sum: 4]
      [GC Worker Other (ms): Min: 0.0, Avg: 0.0, Max: 0.0, Diff: 0.0, Sum: 0.1]
      [GC Worker Total (ms): Min: 1.4, Avg: 1.4, Max: 1.5, Diff: 0.1, Sum: 5.7]
      [GC Worker End (ms): Min: 539935.6, Avg: 539935.6, Max: 539935.6, Diff: 0.0]
   [Code Root Fixup: 0.0 ms]
   [Code Root Purge: 0.0 ms]
   [Clear CT: 0.1 ms]
   [Other: 1.2 ms]
      [Choose CSet: 0.0 ms]
      [Ref Proc: 0.6 ms]
      [Ref Enq: 0.0 ms]
      [Redirty Cards: 0.3 ms]
      [Humongous Register: 0.0 ms]
      [Humongous Reclaim: 0.0 ms]
      [Free CSet: 0.0 ms]
   [Eden: 67.0M(67.0M)->0.0B(67.0M) Survivors: 1024.0K->1024.0K Heap: 112.5M(128.0M)->45.6M(128.0M)]
 [Times: user=0.00 sys=0.00, real=0.00 secs] 
2020-11-10T16:33:54.734+0800: 544.218: [GC pause (G1 Evacuation Pause) (young), 0.0024467 secs]
   [Parallel Time: 1.4 ms, GC Workers: 4]
      [GC Worker Start (ms): Min: 544218.1, Avg: 544218.2, Max: 544218.2, Diff: 0.1]
      [Ext Root Scanning (ms): Min: 0.6, Avg: 0.8, Max: 1.3, Diff: 0.7, Sum: 3.2]
      [Update RS (ms): Min: 0.0, Avg: 0.2, Max: 0.3, Diff: 0.3, Sum: 0.7]
         [Processed Buffers: Min: 0, Avg: 7.3, Max: 11, Diff: 11, Sum: 29]
      [Scan RS (ms): Min: 0.0, Avg: 0.0, Max: 0.0, Diff: 0.0, Sum: 0.0]
      [Code Root Scanning (ms): Min: 0.0, Avg: 0.0, Max: 0.0, Diff: 0.0, Sum: 0.0]
      [Object Copy (ms): Min: 0.0, Avg: 0.2, Max: 0.3, Diff: 0.3, Sum: 0.8]
      [Termination (ms): Min: 0.0, Avg: 0.0, Max: 0.1, Diff: 0.1, Sum: 0.2]
         [Termination Attempts: Min: 1, Avg: 1.0, Max: 1, Diff: 0, Sum: 4]
      [GC Worker Other (ms): Min: 0.0, Avg: 0.0, Max: 0.0, Diff: 0.0, Sum: 0.0]
      [GC Worker Total (ms): Min: 1.2, Avg: 1.2, Max: 1.3, Diff: 0.1, Sum: 5.0]
      [GC Worker End (ms): Min: 544219.4, Avg: 544219.4, Max: 544219.5, Diff: 0.0]
   [Code Root Fixup: 0.0 ms]
   [Code Root Purge: 0.0 ms]
   [Clear CT: 0.0 ms]
   [Other: 1.0 ms]
      [Choose CSet: 0.0 ms]
      [Ref Proc: 0.9 ms]
      [Ref Enq: 0.0 ms]
      [Redirty Cards: 0.0 ms]
      [Humongous Register: 0.0 ms]
      [Humongous Reclaim: 0.0 ms]
      [Free CSet: 0.0 ms]
   [Eden: 67.0M(67.0M)->0.0B(67.0M) Survivors: 1024.0K->1024.0K Heap: 112.6M(128.0M)->45.5M(128.0M)]
 [Times: user=0.06 sys=0.00, real=0.00 secs] 
2020-11-10T16:33:59.033+0800: 548.516: [GC pause (G1 Evacuation Pause) (young), 0.0031708 secs]
   [Parallel Time: 1.9 ms, GC Workers: 4]
      [GC Worker Start (ms): Min: 548516.1, Avg: 548516.1, Max: 548516.2, Diff: 0.1]
      [Ext Root Scanning (ms): Min: 0.8, Avg: 1.0, Max: 1.3, Diff: 0.5, Sum: 4.1]
      [Update RS (ms): Min: 0.3, Avg: 0.4, Max: 0.5, Diff: 0.3, Sum: 1.6]
         [Processed Buffers: Min: 1, Avg: 8.0, Max: 13, Diff: 12, Sum: 32]
      [Scan RS (ms): Min: 0.0, Avg: 0.0, Max: 0.0, Diff: 0.0, Sum: 0.0]
      [Code Root Scanning (ms): Min: 0.0, Avg: 0.0, Max: 0.0, Diff: 0.0, Sum: 0.0]
      [Object Copy (ms): Min: 0.2, Avg: 0.2, Max: 0.3, Diff: 0.2, Sum: 0.9]
      [Termination (ms): Min: 0.0, Avg: 0.0, Max: 0.0, Diff: 0.0, Sum: 0.0]
         [Termination Attempts: Min: 1, Avg: 1.0, Max: 1, Diff: 0, Sum: 4]
      [GC Worker Other (ms): Min: 0.0, Avg: 0.0, Max: 0.0, Diff: 0.0, Sum: 0.0]
      [GC Worker Total (ms): Min: 1.6, Avg: 1.7, Max: 1.8, Diff: 0.1, Sum: 6.8]
      [GC Worker End (ms): Min: 548517.8, Avg: 548517.8, Max: 548517.8, Diff: 0.0]
   [Code Root Fixup: 0.0 ms]
   [Code Root Purge: 0.0 ms]
   [Clear CT: 0.1 ms]
   [Other: 1.2 ms]
      [Choose CSet: 0.0 ms]
      [Ref Proc: 0.9 ms]
      [Ref Enq: 0.0 ms]
      [Redirty Cards: 0.1 ms]
      [Humongous Register: 0.0 ms]
      [Humongous Reclaim: 0.0 ms]
      [Free CSet: 0.0 ms]
   [Eden: 67.0M(67.0M)->0.0B(67.0M) Survivors: 1024.0K->1024.0K Heap: 112.5M(128.0M)->45.7M(128.0M)]
 [Times: user=0.00 sys=0.00, real=0.00 secs] 
2020-11-10T16:34:03.184+0800: 552.668: [GC pause (G1 Evacuation Pause) (young), 0.0028448 secs]
   [Parallel Time: 1.5 ms, GC Workers: 4]
      [GC Worker Start (ms): Min: 552667.8, Avg: 552667.8, Max: 552667.9, Diff: 0.1]
      [Ext Root Scanning (ms): Min: 0.6, Avg: 0.8, Max: 1.2, Diff: 0.6, Sum: 3.1]
      [Update RS (ms): Min: 0.0, Avg: 0.2, Max: 0.3, Diff: 0.3, Sum: 0.9]
         [Processed Buffers: Min: 0, Avg: 8.3, Max: 14, Diff: 14, Sum: 33]
      [Scan RS (ms): Min: 0.0, Avg: 0.1, Max: 0.4, Diff: 0.4, Sum: 0.4]
      [Code Root Scanning (ms): Min: 0.0, Avg: 0.0, Max: 0.1, Diff: 0.1, Sum: 0.1]
      [Object Copy (ms): Min: 0.1, Avg: 0.3, Max: 0.4, Diff: 0.3, Sum: 1.1]
      [Termination (ms): Min: 0.0, Avg: 0.0, Max: 0.0, Diff: 0.0, Sum: 0.0]
         [Termination Attempts: Min: 1, Avg: 1.0, Max: 1, Diff: 0, Sum: 4]
      [GC Worker Other (ms): Min: 0.0, Avg: 0.0, Max: 0.0, Diff: 0.0, Sum: 0.0]
      [GC Worker Total (ms): Min: 1.4, Avg: 1.4, Max: 1.5, Diff: 0.1, Sum: 5.6]
      [GC Worker End (ms): Min: 552669.2, Avg: 552669.2, Max: 552669.2, Diff: 0.0]
   [Code Root Fixup: 0.0 ms]
   [Code Root Purge: 0.0 ms]
   [Clear CT: 0.3 ms]
   [Other: 0.9 ms]
      [Choose CSet: 0.0 ms]
      [Ref Proc: 0.7 ms]
      [Ref Enq: 0.0 ms]
      [Redirty Cards: 0.1 ms]
      [Humongous Register: 0.0 ms]
      [Humongous Reclaim: 0.0 ms]
      [Free CSet: 0.0 ms]
   [Eden: 67.0M(67.0M)->0.0B(67.0M) Survivors: 1024.0K->1024.0K Heap: 112.7M(128.0M)->45.6M(128.0M)]
 [Times: user=0.00 sys=0.00, real=0.00 secs] 
2020-11-10T16:34:07.397+0800: 556.881: [GC pause (G1 Evacuation Pause) (young), 0.0033809 secs]
   [Parallel Time: 1.9 ms, GC Workers: 4]
      [GC Worker Start (ms): Min: 556880.7, Avg: 556880.8, Max: 556880.9, Diff: 0.2]
      [Ext Root Scanning (ms): Min: 0.5, Avg: 0.9, Max: 1.8, Diff: 1.2, Sum: 3.7]
      [Update RS (ms): Min: 0.0, Avg: 0.2, Max: 0.3, Diff: 0.3, Sum: 0.9]
         [Processed Buffers: Min: 0, Avg: 10.0, Max: 18, Diff: 18, Sum: 40]
      [Scan RS (ms): Min: 0.0, Avg: 0.0, Max: 0.0, Diff: 0.0, Sum: 0.1]
      [Code Root Scanning (ms): Min: 0.0, Avg: 0.0, Max: 0.1, Diff: 0.1, Sum: 0.1]
      [Object Copy (ms): Min: 0.0, Avg: 0.3, Max: 0.4, Diff: 0.4, Sum: 1.3]
      [Termination (ms): Min: 0.0, Avg: 0.2, Max: 0.2, Diff: 0.2, Sum: 0.7]
         [Termination Attempts: Min: 1, Avg: 1.0, Max: 1, Diff: 0, Sum: 4]
      [GC Worker Other (ms): Min: 0.0, Avg: 0.0, Max: 0.0, Diff: 0.0, Sum: 0.0]
      [GC Worker Total (ms): Min: 1.6, Avg: 1.7, Max: 1.8, Diff: 0.2, Sum: 6.8]
      [GC Worker End (ms): Min: 556882.5, Avg: 556882.5, Max: 556882.5, Diff: 0.0]
   [Code Root Fixup: 0.0 ms]
   [Code Root Purge: 0.0 ms]
   [Clear CT: 0.1 ms]
   [Other: 1.4 ms]
      [Choose CSet: 0.0 ms]
      [Ref Proc: 0.9 ms]
      [Ref Enq: 0.0 ms]
      [Redirty Cards: 0.3 ms]
      [Humongous Register: 0.0 ms]
      [Humongous Reclaim: 0.0 ms]
      [Free CSet: 0.0 ms]
   [Eden: 67.0M(67.0M)->0.0B(67.0M) Survivors: 1024.0K->1024.0K Heap: 112.6M(128.0M)->45.8M(128.0M)]
 [Times: user=0.00 sys=0.00, real=0.00 secs] 
2020-11-10T16:34:12.376+0800: 561.860: [GC pause (G1 Evacuation Pause) (young), 0.0034074 secs]
   [Parallel Time: 1.5 ms, GC Workers: 4]
      [GC Worker Start (ms): Min: 561859.8, Avg: 561859.8, Max: 561859.8, Diff: 0.0]
      [Ext Root Scanning (ms): Min: 0.6, Avg: 0.8, Max: 1.3, Diff: 0.7, Sum: 3.1]
      [Update RS (ms): Min: 0.0, Avg: 0.2, Max: 0.3, Diff: 0.3, Sum: 0.9]
         [Processed Buffers: Min: 0, Avg: 8.8, Max: 18, Diff: 18, Sum: 35]
      [Scan RS (ms): Min: 0.0, Avg: 0.1, Max: 0.4, Diff: 0.4, Sum: 0.4]
      [Code Root Scanning (ms): Min: 0.0, Avg: 0.0, Max: 0.1, Diff: 0.1, Sum: 0.1]
      [Object Copy (ms): Min: 0.1, Avg: 0.3, Max: 0.5, Diff: 0.4, Sum: 1.1]
      [Termination (ms): Min: 0.0, Avg: 0.0, Max: 0.0, Diff: 0.0, Sum: 0.1]
         [Termination Attempts: Min: 1, Avg: 1.0, Max: 1, Diff: 0, Sum: 4]
      [GC Worker Other (ms): Min: 0.0, Avg: 0.0, Max: 0.0, Diff: 0.0, Sum: 0.0]
      [GC Worker Total (ms): Min: 1.4, Avg: 1.4, Max: 1.4, Diff: 0.0, Sum: 5.7]
      [GC Worker End (ms): Min: 561861.2, Avg: 561861.2, Max: 561861.2, Diff: 0.0]
   [Code Root Fixup: 0.1 ms]
   [Code Root Purge: 0.0 ms]
   [Clear CT: 0.1 ms]
   [Other: 1.8 ms]
      [Choose CSet: 0.0 ms]
      [Ref Proc: 1.1 ms]
      [Ref Enq: 0.0 ms]
      [Redirty Cards: 0.1 ms]
      [Humongous Register: 0.0 ms]
      [Humongous Reclaim: 0.0 ms]
      [Free CSet: 0.2 ms]
   [Eden: 67.0M(67.0M)->0.0B(67.0M) Survivors: 1024.0K->1024.0K Heap: 112.8M(128.0M)->45.7M(128.0M)]
 [Times: user=0.00 sys=0.00, real=0.01 secs] 
2020-11-10T16:34:17.382+0800: 566.865: [GC pause (G1 Evacuation Pause) (young), 0.0023875 secs]
   [Parallel Time: 1.4 ms, GC Workers: 4]
      [GC Worker Start (ms): Min: 566865.0, Avg: 566865.0, Max: 566865.0, Diff: 0.1]
      [Ext Root Scanning (ms): Min: 0.6, Avg: 0.8, Max: 1.2, Diff: 0.6, Sum: 3.2]
      [Update RS (ms): Min: 0.0, Avg: 0.2, Max: 0.3, Diff: 0.3, Sum: 0.8]
         [Processed Buffers: Min: 0, Avg: 8.3, Max: 29, Diff: 29, Sum: 33]
      [Scan RS (ms): Min: 0.0, Avg: 0.0, Max: 0.0, Diff: 0.0, Sum: 0.0]
      [Code Root Scanning (ms): Min: 0.0, Avg: 0.0, Max: 0.0, Diff: 0.0, Sum: 0.0]
      [Object Copy (ms): Min: 0.1, Avg: 0.3, Max: 0.3, Diff: 0.3, Sum: 1.0]
      [Termination (ms): Min: 0.0, Avg: 0.0, Max: 0.0, Diff: 0.0, Sum: 0.0]
         [Termination Attempts: Min: 1, Avg: 1.0, Max: 1, Diff: 0, Sum: 4]
      [GC Worker Other (ms): Min: 0.0, Avg: 0.0, Max: 0.0, Diff: 0.0, Sum: 0.1]
      [GC Worker Total (ms): Min: 1.3, Avg: 1.3, Max: 1.3, Diff: 0.0, Sum: 5.1]
      [GC Worker End (ms): Min: 566866.3, Avg: 566866.3, Max: 566866.3, Diff: 0.0]
   [Code Root Fixup: 0.0 ms]
   [Code Root Purge: 0.0 ms]
   [Clear CT: 0.1 ms]
   [Other: 0.9 ms]
      [Choose CSet: 0.0 ms]
      [Ref Proc: 0.8 ms]
      [Ref Enq: 0.0 ms]
      [Redirty Cards: 0.0 ms]
      [Humongous Register: 0.0 ms]
      [Humongous Reclaim: 0.0 ms]
      [Free CSet: 0.0 ms]
   [Eden: 67.0M(67.0M)->0.0B(67.0M) Survivors: 1024.0K->1024.0K Heap: 112.7M(128.0M)->45.8M(128.0M)]
 [Times: user=0.00 sys=0.00, real=0.00 secs] 
2020-11-10T16:34:21.631+0800: 571.114: [GC pause (G1 Evacuation Pause) (young), 0.0028455 secs]
   [Parallel Time: 1.6 ms, GC Workers: 4]
      [GC Worker Start (ms): Min: 571113.9, Avg: 571114.0, Max: 571114.0, Diff: 0.1]
      [Ext Root Scanning (ms): Min: 0.7, Avg: 0.9, Max: 1.4, Diff: 0.8, Sum: 3.6]
      [Update RS (ms): Min: 0.0, Avg: 0.2, Max: 0.3, Diff: 0.3, Sum: 0.9]
         [Processed Buffers: Min: 0, Avg: 7.5, Max: 16, Diff: 16, Sum: 30]
      [Scan RS (ms): Min: 0.0, Avg: 0.0, Max: 0.0, Diff: 0.0, Sum: 0.0]
      [Code Root Scanning (ms): Min: 0.0, Avg: 0.0, Max: 0.0, Diff: 0.0, Sum: 0.0]
      [Object Copy (ms): Min: 0.1, Avg: 0.3, Max: 0.3, Diff: 0.3, Sum: 1.1]
      [Termination (ms): Min: 0.0, Avg: 0.0, Max: 0.0, Diff: 0.0, Sum: 0.1]
         [Termination Attempts: Min: 1, Avg: 1.0, Max: 1, Diff: 0, Sum: 4]
      [GC Worker Other (ms): Min: 0.0, Avg: 0.0, Max: 0.0, Diff: 0.0, Sum: 0.0]
      [GC Worker Total (ms): Min: 1.4, Avg: 1.4, Max: 1.5, Diff: 0.1, Sum: 5.7]
      [GC Worker End (ms): Min: 571115.4, Avg: 571115.4, Max: 571115.4, Diff: 0.0]
   [Code Root Fixup: 0.0 ms]
   [Code Root Purge: 0.0 ms]
   [Clear CT: 0.1 ms]
   [Other: 1.1 ms]
      [Choose CSet: 0.0 ms]
      [Ref Proc: 0.8 ms]
      [Ref Enq: 0.0 ms]
      [Redirty Cards: 0.2 ms]
      [Humongous Register: 0.0 ms]
      [Humongous Reclaim: 0.0 ms]
      [Free CSet: 0.0 ms]
   [Eden: 67.0M(67.0M)->0.0B(67.0M) Survivors: 1024.0K->1024.0K Heap: 112.8M(128.0M)->45.9M(128.0M)]
 [Times: user=0.00 sys=0.00, real=0.00 secs] 
2020-11-10T16:34:26.902+0800: 576.385: [GC pause (G1 Evacuation Pause) (young), 0.0026081 secs]
   [Parallel Time: 1.5 ms, GC Workers: 4]
      [GC Worker Start (ms): Min: 576384.8, Avg: 576384.8, Max: 576384.8, Diff: 0.0]
      [Ext Root Scanning (ms): Min: 0.7, Avg: 0.9, Max: 1.3, Diff: 0.5, Sum: 3.5]
      [Update RS (ms): Min: 0.0, Avg: 0.2, Max: 0.3, Diff: 0.3, Sum: 0.9]
         [Processed Buffers: Min: 0, Avg: 10.0, Max: 21, Diff: 21, Sum: 40]
      [Scan RS (ms): Min: 0.0, Avg: 0.0, Max: 0.0, Diff: 0.0, Sum: 0.0]
      [Code Root Scanning (ms): Min: 0.0, Avg: 0.0, Max: 0.0, Diff: 0.0, Sum: 0.0]
      [Object Copy (ms): Min: 0.2, Avg: 0.3, Max: 0.4, Diff: 0.2, Sum: 1.2]
      [Termination (ms): Min: 0.0, Avg: 0.0, Max: 0.0, Diff: 0.0, Sum: 0.0]
         [Termination Attempts: Min: 1, Avg: 1.0, Max: 1, Diff: 0, Sum: 4]
      [GC Worker Other (ms): Min: 0.0, Avg: 0.0, Max: 0.0, Diff: 0.0, Sum: 0.0]
      [GC Worker Total (ms): Min: 1.4, Avg: 1.4, Max: 1.4, Diff: 0.0, Sum: 5.7]
      [GC Worker End (ms): Min: 576386.2, Avg: 576386.2, Max: 576386.2, Diff: 0.0]
   [Code Root Fixup: 0.0 ms]
   [Code Root Purge: 0.0 ms]
   [Clear CT: 0.1 ms]
   [Other: 1.0 ms]
      [Choose CSet: 0.0 ms]
      [Ref Proc: 0.8 ms]
      [Ref Enq: 0.0 ms]
      [Redirty Cards: 0.1 ms]
      [Humongous Register: 0.0 ms]
      [Humongous Reclaim: 0.0 ms]
      [Free CSet: 0.0 ms]
   [Eden: 67.0M(67.0M)->0.0B(67.0M) Survivors: 1024.0K->1024.0K Heap: 112.9M(128.0M)->45.7M(128.0M)]
 [Times: user=0.00 sys=0.00, real=0.00 secs] 
2020-11-10T16:34:32.204+0800: 581.687: [GC pause (G1 Evacuation Pause) (young), 0.0031878 secs]
   [Parallel Time: 1.9 ms, GC Workers: 4]
      [GC Worker Start (ms): Min: 581687.6, Avg: 581687.7, Max: 581687.7, Diff: 0.1]
      [Ext Root Scanning (ms): Min: 0.6, Avg: 0.9, Max: 1.8, Diff: 1.2, Sum: 3.6]
      [Update RS (ms): Min: 0.0, Avg: 0.2, Max: 0.3, Diff: 0.3, Sum: 0.8]
         [Processed Buffers: Min: 0, Avg: 8.8, Max: 25, Diff: 25, Sum: 35]
      [Scan RS (ms): Min: 0.0, Avg: 0.0, Max: 0.0, Diff: 0.0, Sum: 0.0]
      [Code Root Scanning (ms): Min: 0.0, Avg: 0.0, Max: 0.0, Diff: 0.0, Sum: 0.0]
      [Object Copy (ms): Min: 0.0, Avg: 0.3, Max: 0.4, Diff: 0.4, Sum: 1.0]
      [Termination (ms): Min: 0.0, Avg: 0.3, Max: 0.5, Diff: 0.5, Sum: 1.4]
         [Termination Attempts: Min: 1, Avg: 1.0, Max: 1, Diff: 0, Sum: 4]
      [GC Worker Other (ms): Min: 0.0, Avg: 0.0, Max: 0.0, Diff: 0.0, Sum: 0.0]
      [GC Worker Total (ms): Min: 1.7, Avg: 1.7, Max: 1.8, Diff: 0.1, Sum: 6.9]
      [GC Worker End (ms): Min: 581689.4, Avg: 581689.4, Max: 581689.4, Diff: 0.1]
   [Code Root Fixup: 0.0 ms]
   [Code Root Purge: 0.0 ms]
   [Clear CT: 0.2 ms]
   [Other: 1.0 ms]
      [Choose CSet: 0.0 ms]
      [Ref Proc: 0.7 ms]
      [Ref Enq: 0.0 ms]
      [Redirty Cards: 0.2 ms]
      [Humongous Register: 0.0 ms]
      [Humongous Reclaim: 0.0 ms]
      [Free CSet: 0.0 ms]
   [Eden: 67.0M(67.0M)->0.0B(67.0M) Survivors: 1024.0K->1024.0K Heap: 112.7M(128.0M)->45.8M(128.0M)]
 [Times: user=0.00 sys=0.00, real=0.00 secs] 
2020-11-10T16:34:36.285+0800: 585.769: [GC pause (G1 Evacuation Pause) (young), 0.0024018 secs]
   [Parallel Time: 1.4 ms, GC Workers: 4]
      [GC Worker Start (ms): Min: 585769.3, Avg: 585769.3, Max: 585769.3, Diff: 0.1]
      [Ext Root Scanning (ms): Min: 0.6, Avg: 0.8, Max: 1.3, Diff: 0.6, Sum: 3.3]
      [Update RS (ms): Min: 0.0, Avg: 0.2, Max: 0.3, Diff: 0.3, Sum: 0.8]
         [Processed Buffers: Min: 0, Avg: 7.8, Max: 18, Diff: 18, Sum: 31]
      [Scan RS (ms): Min: 0.0, Avg: 0.0, Max: 0.0, Diff: 0.0, Sum: 0.0]
      [Code Root Scanning (ms): Min: 0.0, Avg: 0.0, Max: 0.0, Diff: 0.0, Sum: 0.0]
      [Object Copy (ms): Min: 0.1, Avg: 0.3, Max: 0.4, Diff: 0.3, Sum: 1.1]
      [Termination (ms): Min: 0.0, Avg: 0.0, Max: 0.0, Diff: 0.0, Sum: 0.0]
         [Termination Attempts: Min: 1, Avg: 1.0, Max: 1, Diff: 0, Sum: 4]
      [GC Worker Other (ms): Min: 0.0, Avg: 0.0, Max: 0.0, Diff: 0.0, Sum: 0.0]
      [GC Worker Total (ms): Min: 1.3, Avg: 1.3, Max: 1.4, Diff: 0.1, Sum: 5.3]
      [GC Worker End (ms): Min: 585770.6, Avg: 585770.6, Max: 585770.6, Diff: 0.0]
   [Code Root Fixup: 0.1 ms]
   [Code Root Purge: 0.0 ms]
   [Clear CT: 0.2 ms]
   [Other: 0.8 ms]
      [Choose CSet: 0.0 ms]
      [Ref Proc: 0.6 ms]
      [Ref Enq: 0.0 ms]
      [Redirty Cards: 0.1 ms]
      [Humongous Register: 0.0 ms]
      [Humongous Reclaim: 0.0 ms]
      [Free CSet: 0.0 ms]
   [Eden: 67.0M(67.0M)->0.0B(67.0M) Survivors: 1024.0K->1024.0K Heap: 112.8M(128.0M)->45.7M(128.0M)]
 [Times: user=0.00 sys=0.00, real=0.00 secs] 
2020-11-10T16:34:41.211+0800: 590.694: [GC pause (G1 Evacuation Pause) (young), 0.0027054 secs]
   [Parallel Time: 1.7 ms, GC Workers: 4]
      [GC Worker Start (ms): Min: 590694.4, Avg: 590694.5, Max: 590694.5, Diff: 0.1]
      [Ext Root Scanning (ms): Min: 0.7, Avg: 0.9, Max: 1.3, Diff: 0.7, Sum: 3.5]
      [Update RS (ms): Min: 0.0, Avg: 0.3, Max: 0.5, Diff: 0.5, Sum: 1.2]
         [Processed Buffers: Min: 0, Avg: 8.8, Max: 20, Diff: 20, Sum: 35]
      [Scan RS (ms): Min: 0.0, Avg: 0.0, Max: 0.0, Diff: 0.0, Sum: 0.0]
      [Code Root Scanning (ms): Min: 0.0, Avg: 0.0, Max: 0.0, Diff: 0.0, Sum: 0.0]
      [Object Copy (ms): Min: 0.2, Avg: 0.3, Max: 0.4, Diff: 0.1, Sum: 1.2]
      [Termination (ms): Min: 0.0, Avg: 0.0, Max: 0.1, Diff: 0.1, Sum: 0.1]
         [Termination Attempts: Min: 1, Avg: 1.0, Max: 1, Diff: 0, Sum: 4]
      [GC Worker Other (ms): Min: 0.0, Avg: 0.0, Max: 0.0, Diff: 0.0, Sum: 0.1]
      [GC Worker Total (ms): Min: 1.5, Avg: 1.5, Max: 1.6, Diff: 0.1, Sum: 6.2]
      [GC Worker End (ms): Min: 590696.0, Avg: 590696.0, Max: 590696.0, Diff: 0.0]
   [Code Root Fixup: 0.0 ms]
   [Code Root Purge: 0.0 ms]
   [Clear CT: 0.1 ms]
   [Other: 0.9 ms]
      [Choose CSet: 0.0 ms]
      [Ref Proc: 0.7 ms]
      [Ref Enq: 0.0 ms]
      [Redirty Cards: 0.0 ms]
      [Humongous Register: 0.0 ms]
      [Humongous Reclaim: 0.0 ms]
      [Free CSet: 0.1 ms]
   [Eden: 67.0M(67.0M)->0.0B(67.0M) Survivors: 1024.0K->1024.0K Heap: 112.7M(128.0M)->45.9M(128.0M)]
 [Times: user=0.00 sys=0.00, real=0.00 secs] 
2020-11-10T16:34:46.036+0800: 595.520: [GC pause (G1 Evacuation Pause) (young), 0.0027629 secs]
   [Parallel Time: 1.6 ms, GC Workers: 4]
      [GC Worker Start (ms): Min: 595519.8, Avg: 595519.9, Max: 595519.9, Diff: 0.1]
      [Ext Root Scanning (ms): Min: 0.8, Avg: 0.9, Max: 1.3, Diff: 0.6, Sum: 3.7]
      [Update RS (ms): Min: 0.0, Avg: 0.2, Max: 0.3, Diff: 0.3, Sum: 0.9]
         [Processed Buffers: Min: 0, Avg: 8.8, Max: 18, Diff: 18, Sum: 35]
      [Scan RS (ms): Min: 0.0, Avg: 0.0, Max: 0.0, Diff: 0.0, Sum: 0.0]
      [Code Root Scanning (ms): Min: 0.0, Avg: 0.0, Max: 0.0, Diff: 0.0, Sum: 0.0]
      [Object Copy (ms): Min: 0.2, Avg: 0.3, Max: 0.4, Diff: 0.2, Sum: 1.3]
      [Termination (ms): Min: 0.0, Avg: 0.0, Max: 0.0, Diff: 0.0, Sum: 0.0]
         [Termination Attempts: Min: 1, Avg: 1.0, Max: 1, Diff: 0, Sum: 4]
      [GC Worker Other (ms): Min: 0.0, Avg: 0.0, Max: 0.0, Diff: 0.0, Sum: 0.0]
      [GC Worker Total (ms): Min: 1.5, Avg: 1.5, Max: 1.5, Diff: 0.1, Sum: 6.0]
      [GC Worker End (ms): Min: 595521.4, Avg: 595521.4, Max: 595521.4, Diff: 0.0]
   [Code Root Fixup: 0.0 ms]
   [Code Root Purge: 0.0 ms]
   [Clear CT: 0.1 ms]
   [Other: 1.0 ms]
      [Choose CSet: 0.0 ms]
      [Ref Proc: 0.8 ms]
      [Ref Enq: 0.0 ms]
      [Redirty Cards: 0.1 ms]
      [Humongous Register: 0.0 ms]
      [Humongous Reclaim: 0.0 ms]
      [Free CSet: 0.0 ms]
   [Eden: 67.0M(67.0M)->0.0B(67.0M) Survivors: 1024.0K->1024.0K Heap: 112.9M(128.0M)->45.7M(128.0M)]
 [Times: user=0.00 sys=0.00, real=0.00 secs] 
2020-11-10T16:34:50.587+0800: 600.070: [GC pause (G1 Evacuation Pause) (young), 0.0028811 secs]
   [Parallel Time: 1.5 ms, GC Workers: 4]
      [GC Worker Start (ms): Min: 600070.5, Avg: 600070.6, Max: 600070.7, Diff: 0.2]
      [Ext Root Scanning (ms): Min: 0.6, Avg: 0.8, Max: 1.3, Diff: 0.7, Sum: 3.4]
      [Update RS (ms): Min: 0.0, Avg: 0.2, Max: 0.3, Diff: 0.3, Sum: 0.8]
         [Processed Buffers: Min: 0, Avg: 7.8, Max: 16, Diff: 16, Sum: 31]
      [Scan RS (ms): Min: 0.0, Avg: 0.0, Max: 0.0, Diff: 0.0, Sum: 0.0]
      [Code Root Scanning (ms): Min: 0.0, Avg: 0.0, Max: 0.0, Diff: 0.0, Sum: 0.0]
      [Object Copy (ms): Min: 0.1, Avg: 0.3, Max: 0.4, Diff: 0.2, Sum: 1.1]
      [Termination (ms): Min: 0.0, Avg: 0.0, Max: 0.0, Diff: 0.0, Sum: 0.0]
         [Termination Attempts: Min: 1, Avg: 1.0, Max: 1, Diff: 0, Sum: 4]
      [GC Worker Other (ms): Min: 0.0, Avg: 0.0, Max: 0.0, Diff: 0.0, Sum: 0.0]
      [GC Worker Total (ms): Min: 1.2, Avg: 1.3, Max: 1.4, Diff: 0.2, Sum: 5.4]
      [GC Worker End (ms): Min: 600071.9, Avg: 600071.9, Max: 600071.9, Diff: 0.0]
   [Code Root Fixup: 0.0 ms]
   [Code Root Purge: 0.0 ms]
   [Clear CT: 0.3 ms]
   [Other: 1.1 ms]
      [Choose CSet: 0.0 ms]
      [Ref Proc: 0.6 ms]
      [Ref Enq: 0.0 ms]
      [Redirty Cards: 0.3 ms]
      [Humongous Register: 0.0 ms]
      [Humongous Reclaim: 0.0 ms]
      [Free CSet: 0.0 ms]
   [Eden: 67.0M(67.0M)->0.0B(67.0M) Survivors: 1024.0K->1024.0K Heap: 112.7M(128.0M)->45.8M(128.0M)]
 [Times: user=0.00 sys=0.00, real=0.00 secs] 
2020-11-10T16:34:55.365+0800: 604.848: [GC pause (G1 Evacuation Pause) (young), 0.0028959 secs]
   [Parallel Time: 1.4 ms, GC Workers: 4]
      [GC Worker Start (ms): Min: 604848.4, Avg: 604848.5, Max: 604848.5, Diff: 0.1]
      [Ext Root Scanning (ms): Min: 0.6, Avg: 0.8, Max: 1.2, Diff: 0.6, Sum: 3.1]
      [Update RS (ms): Min: 0.0, Avg: 0.2, Max: 0.3, Diff: 0.3, Sum: 0.8]
         [Processed Buffers: Min: 0, Avg: 9.0, Max: 24, Diff: 24, Sum: 36]
      [Scan RS (ms): Min: 0.0, Avg: 0.0, Max: 0.0, Diff: 0.0, Sum: 0.0]
      [Code Root Scanning (ms): Min: 0.0, Avg: 0.0, Max: 0.0, Diff: 0.0, Sum: 0.0]
      [Object Copy (ms): Min: 0.1, Avg: 0.3, Max: 0.3, Diff: 0.2, Sum: 1.0]
      [Termination (ms): Min: 0.0, Avg: 0.0, Max: 0.0, Diff: 0.0, Sum: 0.0]
         [Termination Attempts: Min: 1, Avg: 1.0, Max: 1, Diff: 0, Sum: 4]
      [GC Worker Other (ms): Min: 0.0, Avg: 0.0, Max: 0.0, Diff: 0.0, Sum: 0.0]
      [GC Worker Total (ms): Min: 1.2, Avg: 1.2, Max: 1.3, Diff: 0.1, Sum: 5.0]
      [GC Worker End (ms): Min: 604849.7, Avg: 604849.7, Max: 604849.7, Diff: 0.0]
   [Code Root Fixup: 0.0 ms]
   [Code Root Purge: 0.0 ms]
   [Clear CT: 0.3 ms]
   [Other: 1.2 ms]
      [Choose CSet: 0.0 ms]
      [Ref Proc: 0.7 ms]
      [Ref Enq: 0.0 ms]
      [Redirty Cards: 0.4 ms]
      [Humongous Register: 0.0 ms]
      [Humongous Reclaim: 0.0 ms]
      [Free CSet: 0.0 ms]
   [Eden: 67.0M(67.0M)->0.0B(67.0M) Survivors: 1024.0K->1024.0K Heap: 112.8M(128.0M)->45.7M(128.0M)]
 [Times: user=0.00 sys=0.00, real=0.00 secs] 
2020-11-10T16:35:00.703+0800: 610.186: [GC pause (G1 Evacuation Pause) (young), 0.0032418 secs]
   [Parallel Time: 1.8 ms, GC Workers: 4]
      [GC Worker Start (ms): Min: 610186.5, Avg: 610186.8, Max: 610187.9, Diff: 1.4]
      [Ext Root Scanning (ms): Min: 0.0, Avg: 0.9, Max: 1.6, Diff: 1.6, Sum: 3.5]
      [Update RS (ms): Min: 0.0, Avg: 0.3, Max: 0.4, Diff: 0.4, Sum: 1.1]
         [Processed Buffers: Min: 0, Avg: 8.5, Max: 22, Diff: 22, Sum: 34]
      [Scan RS (ms): Min: 0.0, Avg: 0.0, Max: 0.0, Diff: 0.0, Sum: 0.0]
      [Code Root Scanning (ms): Min: 0.0, Avg: 0.0, Max: 0.0, Diff: 0.0, Sum: 0.0]
      [Object Copy (ms): Min: 0.1, Avg: 0.2, Max: 0.3, Diff: 0.3, Sum: 0.8]
      [Termination (ms): Min: 0.0, Avg: 0.0, Max: 0.0, Diff: 0.0, Sum: 0.0]
         [Termination Attempts: Min: 1, Avg: 1.0, Max: 1, Diff: 0, Sum: 4]
      [GC Worker Other (ms): Min: 0.0, Avg: 0.0, Max: 0.0, Diff: 0.0, Sum: 0.0]
      [GC Worker Total (ms): Min: 0.4, Avg: 1.4, Max: 1.8, Diff: 1.4, Sum: 5.5]
      [GC Worker End (ms): Min: 610188.2, Avg: 610188.2, Max: 610188.2, Diff: 0.0]
   [Code Root Fixup: 0.0 ms]
   [Code Root Purge: 0.0 ms]
   [Clear CT: 0.3 ms]
   [Other: 1.1 ms]
      [Choose CSet: 0.0 ms]
      [Ref Proc: 0.7 ms]
      [Ref Enq: 0.0 ms]
      [Redirty Cards: 0.3 ms]
      [Humongous Register: 0.0 ms]
      [Humongous Reclaim: 0.0 ms]
      [Free CSet: 0.0 ms]
   [Eden: 67.0M(67.0M)->0.0B(67.0M) Survivors: 1024.0K->1024.0K Heap: 112.7M(128.0M)->45.8M(128.0M)]
 [Times: user=0.05 sys=0.00, real=0.00 secs] 
2020-11-10T16:35:05.569+0800: 615.053: [GC pause (G1 Evacuation Pause) (young), 0.0031395 secs]
   [Parallel Time: 1.4 ms, GC Workers: 4]
      [GC Worker Start (ms): Min: 615052.8, Avg: 615052.9, Max: 615053.2, Diff: 0.4]
      [Ext Root Scanning (ms): Min: 0.5, Avg: 0.9, Max: 1.2, Diff: 0.7, Sum: 3.4]
      [Update RS (ms): Min: 0.0, Avg: 0.2, Max: 0.3, Diff: 0.3, Sum: 0.8]
         [Processed Buffers: Min: 0, Avg: 8.8, Max: 15, Diff: 15, Sum: 35]
      [Scan RS (ms): Min: 0.0, Avg: 0.0, Max: 0.0, Diff: 0.0, Sum: 0.0]
      [Code Root Scanning (ms): Min: 0.0, Avg: 0.0, Max: 0.0, Diff: 0.0, Sum: 0.0]
      [Object Copy (ms): Min: 0.1, Avg: 0.2, Max: 0.2, Diff: 0.1, Sum: 0.7]
      [Termination (ms): Min: 0.0, Avg: 0.0, Max: 0.0, Diff: 0.0, Sum: 0.0]
         [Termination Attempts: Min: 1, Avg: 1.0, Max: 1, Diff: 0, Sum: 4]
      [GC Worker Other (ms): Min: 0.0, Avg: 0.0, Max: 0.0, Diff: 0.0, Sum: 0.0]
      [GC Worker Total (ms): Min: 1.0, Avg: 1.3, Max: 1.4, Diff: 0.4, Sum: 5.0]
      [GC Worker End (ms): Min: 615054.1, Avg: 615054.1, Max: 615054.1, Diff: 0.0]
   [Code Root Fixup: 0.0 ms]
   [Code Root Purge: 0.0 ms]
   [Clear CT: 0.3 ms]
   [Other: 1.3 ms]
      [Choose CSet: 0.0 ms]
      [Ref Proc: 0.9 ms]
      [Ref Enq: 0.0 ms]
      [Redirty Cards: 0.3 ms]
      [Humongous Register: 0.0 ms]
      [Humongous Reclaim: 0.0 ms]
      [Free CSet: 0.0 ms]
   [Eden: 67.0M(67.0M)->0.0B(67.0M) Survivors: 1024.0K->1024.0K Heap: 112.8M(128.0M)->45.8M(128.0M)]
 [Times: user=0.00 sys=0.00, real=0.06 secs] 
2020-11-10T16:35:10.123+0800: 619.606: [GC pause (G1 Evacuation Pause) (young), 0.0029906 secs]
   [Parallel Time: 1.4 ms, GC Workers: 4]
      [GC Worker Start (ms): Min: 619606.5, Avg: 619606.6, Max: 619606.7, Diff: 0.1]
      [Ext Root Scanning (ms): Min: 0.6, Avg: 0.8, Max: 1.3, Diff: 0.7, Sum: 3.3]
      [Update RS (ms): Min: 0.0, Avg: 0.2, Max: 0.3, Diff: 0.3, Sum: 1.0]
         [Processed Buffers: Min: 0, Avg: 10.0, Max: 26, Diff: 26, Sum: 40]
      [Scan RS (ms): Min: 0.0, Avg: 0.0, Max: 0.0, Diff: 0.0, Sum: 0.0]
      [Code Root Scanning (ms): Min: 0.0, Avg: 0.0, Max: 0.0, Diff: 0.0, Sum: 0.0]
      [Object Copy (ms): Min: 0.1, Avg: 0.2, Max: 0.3, Diff: 0.2, Sum: 0.8]
      [Termination (ms): Min: 0.0, Avg: 0.0, Max: 0.0, Diff: 0.0, Sum: 0.0]
         [Termination Attempts: Min: 1, Avg: 1.0, Max: 1, Diff: 0, Sum: 4]
      [GC Worker Other (ms): Min: 0.0, Avg: 0.0, Max: 0.0, Diff: 0.0, Sum: 0.0]
      [GC Worker Total (ms): Min: 1.2, Avg: 1.3, Max: 1.4, Diff: 0.1, Sum: 5.1]
      [GC Worker End (ms): Min: 619607.9, Avg: 619607.9, Max: 619607.9, Diff: 0.0]
   [Code Root Fixup: 0.0 ms]
   [Code Root Purge: 0.0 ms]
   [Clear CT: 0.4 ms]
   [Other: 1.1 ms]
      [Choose CSet: 0.0 ms]
      [Ref Proc: 0.6 ms]
      [Ref Enq: 0.0 ms]
      [Redirty Cards: 0.2 ms]
      [Humongous Register: 0.0 ms]
      [Humongous Reclaim: 0.0 ms]
      [Free CSet: 0.1 ms]
   [Eden: 67.0M(67.0M)->0.0B(67.0M) Survivors: 1024.0K->1024.0K Heap: 112.8M(128.0M)->45.8M(128.0M)]
 [Times: user=0.00 sys=0.00, real=0.00 secs] 
2020-11-10T16:35:14.565+0800: 624.049: [GC pause (G1 Evacuation Pause) (young), 0.0033477 secs]
   [Parallel Time: 1.9 ms, GC Workers: 4]
      [GC Worker Start (ms): Min: 624048.8, Avg: 624048.8, Max: 624048.9, Diff: 0.1]
      [Ext Root Scanning (ms): Min: 0.7, Avg: 1.1, Max: 1.6, Diff: 0.9, Sum: 4.4]
      [Update RS (ms): Min: 0.0, Avg: 0.3, Max: 0.7, Diff: 0.7, Sum: 1.1]
         [Processed Buffers: Min: 0, Avg: 7.0, Max: 26, Diff: 26, Sum: 28]
      [Scan RS (ms): Min: 0.0, Avg: 0.0, Max: 0.0, Diff: 0.0, Sum: 0.0]
      [Code Root Scanning (ms): Min: 0.0, Avg: 0.0, Max: 0.0, Diff: 0.0, Sum: 0.0]
      [Object Copy (ms): Min: 0.1, Avg: 0.2, Max: 0.4, Diff: 0.3, Sum: 0.9]
      [Termination (ms): Min: 0.0, Avg: 0.1, Max: 0.1, Diff: 0.1, Sum: 0.3]
         [Termination Attempts: Min: 1, Avg: 1.0, Max: 1, Diff: 0, Sum: 4]
      [GC Worker Other (ms): Min: 0.0, Avg: 0.0, Max: 0.0, Diff: 0.0, Sum: 0.0]
      [GC Worker Total (ms): Min: 1.7, Avg: 1.7, Max: 1.8, Diff: 0.1, Sum: 6.8]
      [GC Worker End (ms): Min: 624050.5, Avg: 624050.5, Max: 624050.6, Diff: 0.1]
   [Code Root Fixup: 0.1 ms]
   [Code Root Purge: 0.0 ms]
   [Clear CT: 0.4 ms]
   [Other: 1.0 ms]
      [Choose CSet: 0.0 ms]
      [Ref Proc: 0.7 ms]
      [Ref Enq: 0.0 ms]
      [Redirty Cards: 0.2 ms]
      [Humongous Register: 0.0 ms]
      [Humongous Reclaim: 0.0 ms]
      [Free CSet: 0.0 ms]
   [Eden: 67.0M(67.0M)->0.0B(67.0M) Survivors: 1024.0K->1024.0K Heap: 112.8M(128.0M)->45.8M(128.0M)]
 [Times: user=0.00 sys=0.00, real=0.00 secs] 
2020-11-10T16:35:19.159+0800: 628.642: [GC pause (G1 Evacuation Pause) (young), 0.0026925 secs]
   [Parallel Time: 1.6 ms, GC Workers: 4]
      [GC Worker Start (ms): Min: 628642.4, Avg: 628642.5, Max: 628642.5, Diff: 0.1]
      [Ext Root Scanning (ms): Min: 0.6, Avg: 0.8, Max: 1.3, Diff: 0.7, Sum: 3.3]
      [Update RS (ms): Min: 0.0, Avg: 0.3, Max: 0.6, Diff: 0.6, Sum: 1.1]
         [Processed Buffers: Min: 0, Avg: 8.0, Max: 23, Diff: 23, Sum: 32]
      [Scan RS (ms): Min: 0.0, Avg: 0.0, Max: 0.0, Diff: 0.0, Sum: 0.0]
      [Code Root Scanning (ms): Min: 0.0, Avg: 0.0, Max: 0.0, Diff: 0.0, Sum: 0.0]
      [Object Copy (ms): Min: 0.1, Avg: 0.2, Max: 0.3, Diff: 0.2, Sum: 0.7]
      [Termination (ms): Min: 0.0, Avg: 0.1, Max: 0.2, Diff: 0.2, Sum: 0.5]
         [Termination Attempts: Min: 1, Avg: 33.8, Max: 62, Diff: 61, Sum: 135]
      [GC Worker Other (ms): Min: 0.0, Avg: 0.0, Max: 0.0, Diff: 0.0, Sum: 0.1]
      [GC Worker Total (ms): Min: 1.4, Avg: 1.4, Max: 1.5, Diff: 0.1, Sum: 5.7]
      [GC Worker End (ms): Min: 628643.9, Avg: 628643.9, Max: 628643.9, Diff: 0.0]
   [Code Root Fixup: 0.0 ms]
   [Code Root Purge: 0.0 ms]
   [Clear CT: 0.2 ms]
   [Other: 0.9 ms]
      [Choose CSet: 0.0 ms]
      [Ref Proc: 0.7 ms]
      [Ref Enq: 0.0 ms]
      [Redirty Cards: 0.1 ms]
      [Humongous Register: 0.0 ms]
      [Humongous Reclaim: 0.0 ms]
      [Free CSet: 0.0 ms]
   [Eden: 67.0M(67.0M)->0.0B(67.0M) Survivors: 1024.0K->1024.0K Heap: 112.8M(128.0M)->45.8M(128.0M)]
 [Times: user=0.00 sys=0.00, real=0.00 secs] 
2020-11-10T16:35:24.046+0800: 633.529: [GC pause (G1 Evacuation Pause) (young), 0.0034486 secs]
   [Parallel Time: 2.1 ms, GC Workers: 4]
      [GC Worker Start (ms): Min: 633529.4, Avg: 633530.2, Max: 633531.4, Diff: 2.0]
      [Ext Root Scanning (ms): Min: 0.0, Avg: 0.9, Max: 1.6, Diff: 1.6, Sum: 3.6]
      [Update RS (ms): Min: 0.0, Avg: 0.1, Max: 0.2, Diff: 0.2, Sum: 0.6]
         [Processed Buffers: Min: 0, Avg: 8.8, Max: 30, Diff: 30, Sum: 35]
      [Scan RS (ms): Min: 0.0, Avg: 0.0, Max: 0.0, Diff: 0.0, Sum: 0.0]
      [Code Root Scanning (ms): Min: 0.0, Avg: 0.0, Max: 0.0, Diff: 0.0, Sum: 0.0]
      [Object Copy (ms): Min: 0.0, Avg: 0.1, Max: 0.2, Diff: 0.2, Sum: 0.5]
      [Termination (ms): Min: 0.0, Avg: 0.0, Max: 0.1, Diff: 0.1, Sum: 0.2]
         [Termination Attempts: Min: 1, Avg: 1.0, Max: 1, Diff: 0, Sum: 4]
      [GC Worker Other (ms): Min: 0.0, Avg: 0.0, Max: 0.0, Diff: 0.0, Sum: 0.0]
      [GC Worker Total (ms): Min: 0.0, Avg: 1.2, Max: 2.0, Diff: 2.0, Sum: 4.9]
      [GC Worker End (ms): Min: 633531.4, Avg: 633531.4, Max: 633531.4, Diff: 0.0]
   [Code Root Fixup: 0.0 ms]
   [Code Root Purge: 0.0 ms]
   [Clear CT: 0.1 ms]
   [Other: 1.2 ms]
      [Choose CSet: 0.0 ms]
      [Ref Proc: 0.9 ms]
      [Ref Enq: 0.0 ms]
      [Redirty Cards: 0.2 ms]
      [Humongous Register: 0.0 ms]
      [Humongous Reclaim: 0.0 ms]
      [Free CSet: 0.0 ms]
   [Eden: 67.0M(67.0M)->0.0B(67.0M) Survivors: 1024.0K->1024.0K Heap: 112.8M(128.0M)->45.8M(128.0M)]
 [Times: user=0.05 sys=0.00, real=0.00 secs] 
2020-11-10T16:35:29.143+0800: 638.627: [GC pause (G1 Evacuation Pause) (young), 0.0026085 secs]
   [Parallel Time: 1.4 ms, GC Workers: 4]
      [GC Worker Start (ms): Min: 638626.7, Avg: 638626.7, Max: 638626.8, Diff: 0.1]
      [Ext Root Scanning (ms): Min: 0.7, Avg: 0.9, Max: 1.3, Diff: 0.6, Sum: 3.7]
      [Update RS (ms): Min: 0.0, Avg: 0.2, Max: 0.2, Diff: 0.2, Sum: 0.7]
         [Processed Buffers: Min: 0, Avg: 10.3, Max: 19, Diff: 19, Sum: 41]
      [Scan RS (ms): Min: 0.0, Avg: 0.0, Max: 0.0, Diff: 0.0, Sum: 0.0]
      [Code Root Scanning (ms): Min: 0.0, Avg: 0.0, Max: 0.0, Diff: 0.0, Sum: 0.0]
      [Object Copy (ms): Min: 0.0, Avg: 0.2, Max: 0.2, Diff: 0.2, Sum: 0.6]
      [Termination (ms): Min: 0.0, Avg: 0.1, Max: 0.1, Diff: 0.1, Sum: 0.2]
         [Termination Attempts: Min: 1, Avg: 1.0, Max: 1, Diff: 0, Sum: 4]
      [GC Worker Other (ms): Min: 0.0, Avg: 0.0, Max: 0.0, Diff: 0.0, Sum: 0.0]
      [GC Worker Total (ms): Min: 1.3, Avg: 1.3, Max: 1.3, Diff: 0.1, Sum: 5.2]
      [GC Worker End (ms): Min: 638628.0, Avg: 638628.0, Max: 638628.0, Diff: 0.1]
   [Code Root Fixup: 0.0 ms]
   [Code Root Purge: 0.0 ms]
   [Clear CT: 0.1 ms]
   [Other: 1.0 ms]
      [Choose CSet: 0.0 ms]
      [Ref Proc: 0.6 ms]
      [Ref Enq: 0.0 ms]
      [Redirty Cards: 0.3 ms]
      [Humongous Register: 0.0 ms]
      [Humongous Reclaim: 0.0 ms]
      [Free CSet: 0.0 ms]
   [Eden: 67.0M(67.0M)->0.0B(67.0M) Survivors: 1024.0K->1024.0K Heap: 112.8M(128.0M)->45.8M(128.0M)]
 [Times: user=0.00 sys=0.00, real=0.00 secs] 
2020-11-10T16:35:34.096+0800: 643.579: [GC pause (G1 Evacuation Pause) (young), 0.0031463 secs]
   [Parallel Time: 1.7 ms, GC Workers: 4]
      [GC Worker Start (ms): Min: 643579.4, Avg: 643579.5, Max: 643579.5, Diff: 0.1]
      [Ext Root Scanning (ms): Min: 0.7, Avg: 1.2, Max: 1.5, Diff: 0.7, Sum: 4.6]
      [Update RS (ms): Min: 0.0, Avg: 0.2, Max: 0.3, Diff: 0.3, Sum: 0.7]
         [Processed Buffers: Min: 2, Avg: 8.8, Max: 17, Diff: 15, Sum: 35]
      [Scan RS (ms): Min: 0.0, Avg: 0.0, Max: 0.0, Diff: 0.0, Sum: 0.0]
      [Code Root Scanning (ms): Min: 0.0, Avg: 0.0, Max: 0.0, Diff: 0.0, Sum: 0.0]
      [Object Copy (ms): Min: 0.1, Avg: 0.2, Max: 0.4, Diff: 0.3, Sum: 0.7]
      [Termination (ms): Min: 0.0, Avg: 0.0, Max: 0.0, Diff: 0.0, Sum: 0.0]
         [Termination Attempts: Min: 1, Avg: 1.0, Max: 1, Diff: 0, Sum: 4]
      [GC Worker Other (ms): Min: 0.0, Avg: 0.0, Max: 0.0, Diff: 0.0, Sum: 0.0]
      [GC Worker Total (ms): Min: 1.5, Avg: 1.6, Max: 1.6, Diff: 0.1, Sum: 6.2]
      [GC Worker End (ms): Min: 643581.0, Avg: 643581.0, Max: 643581.0, Diff: 0.0]
   [Code Root Fixup: 0.0 ms]
   [Code Root Purge: 0.0 ms]
   [Clear CT: 0.2 ms]
   [Other: 1.2 ms]
      [Choose CSet: 0.0 ms]
      [Ref Proc: 0.8 ms]
      [Ref Enq: 0.0 ms]
      [Redirty Cards: 0.3 ms]
      [Humongous Register: 0.0 ms]
      [Humongous Reclaim: 0.0 ms]
      [Free CSet: 0.0 ms]
   [Eden: 67.0M(67.0M)->0.0B(67.0M) Survivors: 1024.0K->1024.0K Heap: 112.8M(128.0M)->45.9M(128.0M)]
 [Times: user=0.00 sys=0.00, real=0.00 secs] 
2020-11-10T16:35:38.749+0800: 648.232: [GC pause (G1 Evacuation Pause) (young), 0.0026813 secs]
   [Parallel Time: 1.3 ms, GC Workers: 4]
      [GC Worker Start (ms): Min: 648232.0, Avg: 648232.0, Max: 648232.1, Diff: 0.1]
      [Ext Root Scanning (ms): Min: 0.6, Avg: 0.8, Max: 1.2, Diff: 0.6, Sum: 3.1]
      [Update RS (ms): Min: 0.0, Avg: 0.2, Max: 0.3, Diff: 0.3, Sum: 0.8]
         [Processed Buffers: Min: 0, Avg: 9.5, Max: 16, Diff: 16, Sum: 38]
      [Scan RS (ms): Min: 0.0, Avg: 0.0, Max: 0.0, Diff: 0.0, Sum: 0.0]
      [Code Root Scanning (ms): Min: 0.0, Avg: 0.0, Max: 0.0, Diff: 0.0, Sum: 0.0]
      [Object Copy (ms): Min: 0.0, Avg: 0.1, Max: 0.2, Diff: 0.2, Sum: 0.5]
      [Termination (ms): Min: 0.0, Avg: 0.1, Max: 0.1, Diff: 0.1, Sum: 0.4]
         [Termination Attempts: Min: 1, Avg: 1.0, Max: 1, Diff: 0, Sum: 4]
      [GC Worker Other (ms): Min: 0.0, Avg: 0.0, Max: 0.0, Diff: 0.0, Sum: 0.0]
      [GC Worker Total (ms): Min: 1.2, Avg: 1.2, Max: 1.2, Diff: 0.1, Sum: 4.8]
      [GC Worker End (ms): Min: 648233.2, Avg: 648233.2, Max: 648233.2, Diff: 0.0]
   [Code Root Fixup: 0.0 ms]
   [Code Root Purge: 0.0 ms]
   [Clear CT: 0.3 ms]
   [Other: 1.1 ms]
      [Choose CSet: 0.0 ms]
      [Ref Proc: 0.6 ms]
      [Ref Enq: 0.0 ms]
      [Redirty Cards: 0.3 ms]
      [Humongous Register: 0.0 ms]
      [Humongous Reclaim: 0.0 ms]
      [Free CSet: 0.0 ms]
   [Eden: 67.0M(67.0M)->0.0B(67.0M) Survivors: 1024.0K->1024.0K Heap: 112.9M(128.0M)->45.9M(128.0M)]
 [Times: user=0.02 sys=0.00, real=0.00 secs] 
2020-11-10T16:35:44.267+0800: 653.750: [GC pause (G1 Evacuation Pause) (young), 0.0030176 secs]
   [Parallel Time: 1.5 ms, GC Workers: 4]
      [GC Worker Start (ms): Min: 653750.5, Avg: 653750.6, Max: 653750.9, Diff: 0.5]
      [Ext Root Scanning (ms): Min: 0.7, Avg: 1.0, Max: 1.4, Diff: 0.7, Sum: 4.1]
      [Update RS (ms): Min: 0.0, Avg: 0.1, Max: 0.2, Diff: 0.2, Sum: 0.6]
         [Processed Buffers: Min: 0, Avg: 8.0, Max: 16, Diff: 16, Sum: 32]
      [Scan RS (ms): Min: 0.0, Avg: 0.0, Max: 0.0, Diff: 0.0, Sum: 0.0]
      [Code Root Scanning (ms): Min: 0.0, Avg: 0.0, Max: 0.0, Diff: 0.0, Sum: 0.0]
      [Object Copy (ms): Min: 0.1, Avg: 0.1, Max: 0.2, Diff: 0.1, Sum: 0.5]
      [Termination (ms): Min: 0.0, Avg: 0.0, Max: 0.0, Diff: 0.0, Sum: 0.0]
         [Termination Attempts: Min: 1, Avg: 1.0, Max: 1, Diff: 0, Sum: 4]
      [GC Worker Other (ms): Min: 0.0, Avg: 0.0, Max: 0.0, Diff: 0.0, Sum: 0.1]
      [GC Worker Total (ms): Min: 1.0, Avg: 1.3, Max: 1.5, Diff: 0.4, Sum: 5.3]
      [GC Worker End (ms): Min: 653751.9, Avg: 653751.9, Max: 653751.9, Diff: 0.0]
   [Code Root Fixup: 0.0 ms]
   [Code Root Purge: 0.0 ms]
   [Clear CT: 0.3 ms]
   [Other: 1.1 ms]
      [Choose CSet: 0.0 ms]
      [Ref Proc: 0.7 ms]
      [Ref Enq: 0.0 ms]
      [Redirty Cards: 0.3 ms]
      [Humongous Register: 0.0 ms]
      [Humongous Reclaim: 0.0 ms]
      [Free CSet: 0.0 ms]
   [Eden: 67.0M(67.0M)->0.0B(67.0M) Survivors: 1024.0K->1024.0K Heap: 112.9M(128.0M)->45.9M(128.0M)]
 [Times: user=0.00 sys=0.00, real=0.00 secs] 
2020-11-10T16:35:48.796+0800: 658.279: [GC pause (G1 Evacuation Pause) (young), 0.0029585 secs]
   [Parallel Time: 1.9 ms, GC Workers: 4]
      [GC Worker Start (ms): Min: 658279.0, Avg: 658279.1, Max: 658279.1, Diff: 0.1]
      [Ext Root Scanning (ms): Min: 0.6, Avg: 0.9, Max: 1.8, Diff: 1.2, Sum: 3.7]
      [Update RS (ms): Min: 0.0, Avg: 0.1, Max: 0.2, Diff: 0.2, Sum: 0.6]
         [Processed Buffers: Min: 0, Avg: 9.5, Max: 18, Diff: 18, Sum: 38]
      [Scan RS (ms): Min: 0.0, Avg: 0.0, Max: 0.0, Diff: 0.0, Sum: 0.0]
      [Code Root Scanning (ms): Min: 0.0, Avg: 0.0, Max: 0.0, Diff: 0.0, Sum: 0.1]
      [Object Copy (ms): Min: 0.0, Avg: 0.1, Max: 0.2, Diff: 0.2, Sum: 0.5]
      [Termination (ms): Min: 0.0, Avg: 0.5, Max: 0.7, Diff: 0.7, Sum: 2.2]
         [Termination Attempts: Min: 1, Avg: 1.0, Max: 1, Diff: 0, Sum: 4]
      [GC Worker Other (ms): Min: 0.0, Avg: 0.0, Max: 0.0, Diff: 0.0, Sum: 0.1]
      [GC Worker Total (ms): Min: 1.7, Avg: 1.8, Max: 1.8, Diff: 0.1, Sum: 7.1]
      [GC Worker End (ms): Min: 658280.8, Avg: 658280.8, Max: 658280.8, Diff: 0.0]
   [Code Root Fixup: 0.0 ms]
   [Code Root Purge: 0.0 ms]
   [Clear CT: 0.2 ms]
   [Other: 0.8 ms]
      [Choose CSet: 0.0 ms]
      [Ref Proc: 0.6 ms]
      [Ref Enq: 0.0 ms]
      [Redirty Cards: 0.0 ms]
      [Humongous Register: 0.0 ms]
      [Humongous Reclaim: 0.0 ms]
      [Free CSet: 0.0 ms]
   [Eden: 67.0M(67.0M)->0.0B(67.0M) Survivors: 1024.0K->1024.0K Heap: 112.9M(128.0M)->45.8M(128.0M)]
 [Times: user=0.03 sys=0.02, real=0.00 secs] 
2020-11-10T16:35:53.028+0800: 662.511: [GC pause (G1 Evacuation Pause) (young), 0.0026649 secs]
   [Parallel Time: 1.4 ms, GC Workers: 4]
      [GC Worker Start (ms): Min: 662511.3, Avg: 662511.4, Max: 662511.4, Diff: 0.1]
      [Ext Root Scanning (ms): Min: 0.6, Avg: 0.8, Max: 1.3, Diff: 0.7, Sum: 3.2]
      [Update RS (ms): Min: 0.0, Avg: 0.2, Max: 0.2, Diff: 0.2, Sum: 0.6]
         [Processed Buffers: Min: 0, Avg: 8.5, Max: 17, Diff: 17, Sum: 34]
      [Scan RS (ms): Min: 0.0, Avg: 0.0, Max: 0.0, Diff: 0.0, Sum: 0.0]
      [Code Root Scanning (ms): Min: 0.0, Avg: 0.0, Max: 0.0, Diff: 0.0, Sum: 0.1]
      [Object Copy (ms): Min: 0.0, Avg: 0.1, Max: 0.2, Diff: 0.2, Sum: 0.5]
      [Termination (ms): Min: 0.0, Avg: 0.1, Max: 0.2, Diff: 0.2, Sum: 0.5]
         [Termination Attempts: Min: 1, Avg: 1.0, Max: 1, Diff: 0, Sum: 4]
      [GC Worker Other (ms): Min: 0.0, Avg: 0.0, Max: 0.0, Diff: 0.0, Sum: 0.0]
      [GC Worker Total (ms): Min: 1.2, Avg: 1.2, Max: 1.3, Diff: 0.1, Sum: 5.0]
      [GC Worker End (ms): Min: 662512.6, Avg: 662512.6, Max: 662512.6, Diff: 0.0]
   [Code Root Fixup: 0.0 ms]
   [Code Root Purge: 0.0 ms]
   [Clear CT: 0.3 ms]
   [Other: 1.0 ms]
      [Choose CSet: 0.0 ms]
      [Ref Proc: 0.8 ms]
      [Ref Enq: 0.0 ms]
      [Redirty Cards: 0.1 ms]
      [Humongous Register: 0.0 ms]
      [Humongous Reclaim: 0.0 ms]
      [Free CSet: 0.0 ms]
   [Eden: 67.0M(67.0M)->0.0B(67.0M) Survivors: 1024.0K->1024.0K Heap: 112.8M(128.0M)->45.9M(128.0M)]
 [Times: user=0.00 sys=0.00, real=0.00 secs] 
2020-11-10T16:35:57.135+0800: 666.619: [GC pause (G1 Evacuation Pause) (young), 0.0031338 secs]
   [Parallel Time: 1.5 ms, GC Workers: 4]
      [GC Worker Start (ms): Min: 666618.8, Avg: 666618.8, Max: 666618.8, Diff: 0.1]
      [Ext Root Scanning (ms): Min: 0.6, Avg: 1.0, Max: 1.3, Diff: 0.7, Sum: 3.9]
      [Update RS (ms): Min: 0.0, Avg: 0.2, Max: 0.5, Diff: 0.5, Sum: 1.0]
         [Processed Buffers: Min: 0, Avg: 7.8, Max: 26, Diff: 26, Sum: 31]
      [Scan RS (ms): Min: 0.0, Avg: 0.0, Max: 0.0, Diff: 0.0, Sum: 0.0]
      [Code Root Scanning (ms): Min: 0.0, Avg: 0.0, Max: 0.0, Diff: 0.0, Sum: 0.1]
      [Object Copy (ms): Min: 0.1, Avg: 0.1, Max: 0.2, Diff: 0.1, Sum: 0.6]
      [Termination (ms): Min: 0.0, Avg: 0.0, Max: 0.1, Diff: 0.1, Sum: 0.2]
         [Termination Attempts: Min: 1, Avg: 1.3, Max: 2, Diff: 1, Sum: 5]
      [GC Worker Other (ms): Min: 0.0, Avg: 0.0, Max: 0.0, Diff: 0.0, Sum: 0.0]
      [GC Worker Total (ms): Min: 1.4, Avg: 1.4, Max: 1.5, Diff: 0.1, Sum: 5.7]
      [GC Worker End (ms): Min: 666620.2, Avg: 666620.3, Max: 666620.3, Diff: 0.0]
   [Code Root Fixup: 0.0 ms]
   [Code Root Purge: 0.0 ms]
   [Clear CT: 0.4 ms]
   [Other: 1.2 ms]
      [Choose CSet: 0.0 ms]
      [Ref Proc: 0.7 ms]
      [Ref Enq: 0.0 ms]
      [Redirty Cards: 0.3 ms]
      [Humongous Register: 0.0 ms]
      [Humongous Reclaim: 0.0 ms]
      [Free CSet: 0.0 ms]
   [Eden: 67.0M(67.0M)->0.0B(67.0M) Survivors: 1024.0K->1024.0K Heap: 112.9M(128.0M)->45.9M(128.0M)]
 [Times: user=0.00 sys=0.00, real=0.00 secs] 
2020-11-10T16:36:01.700+0800: 671.183: [GC pause (G1 Evacuation Pause) (young), 0.0023216 secs]
   [Parallel Time: 1.3 ms, GC Workers: 4]
      [GC Worker Start (ms): Min: 671183.0, Avg: 671183.0, Max: 671183.1, Diff: 0.0]
      [Ext Root Scanning (ms): Min: 0.6, Avg: 0.8, Max: 1.2, Diff: 0.6, Sum: 3.1]
      [Update RS (ms): Min: 0.0, Avg: 0.2, Max: 0.3, Diff: 0.3, Sum: 0.7]
         [Processed Buffers: Min: 0, Avg: 8.3, Max: 14, Diff: 14, Sum: 33]
      [Scan RS (ms): Min: 0.0, Avg: 0.0, Max: 0.0, Diff: 0.0, Sum: 0.0]
      [Code Root Scanning (ms): Min: 0.0, Avg: 0.0, Max: 0.1, Diff: 0.1, Sum: 0.1]
      [Object Copy (ms): Min: 0.0, Avg: 0.2, Max: 0.3, Diff: 0.3, Sum: 0.7]
      [Termination (ms): Min: 0.0, Avg: 0.1, Max: 0.1, Diff: 0.1, Sum: 0.3]
         [Termination Attempts: Min: 1, Avg: 1.0, Max: 1, Diff: 0, Sum: 4]
      [GC Worker Other (ms): Min: 0.0, Avg: 0.0, Max: 0.0, Diff: 0.0, Sum: 0.0]
      [GC Worker Total (ms): Min: 1.2, Avg: 1.2, Max: 1.2, Diff: 0.0, Sum: 4.9]
      [GC Worker End (ms): Min: 671184.3, Avg: 671184.3, Max: 671184.3, Diff: 0.0]
   [Code Root Fixup: 0.0 ms]
   [Code Root Purge: 0.0 ms]
   [Clear CT: 0.1 ms]
   [Other: 0.9 ms]
      [Choose CSet: 0.0 ms]
      [Ref Proc: 0.7 ms]
      [Ref Enq: 0.0 ms]
      [Redirty Cards: 0.0 ms]
      [Humongous Register: 0.0 ms]
      [Humongous Reclaim: 0.0 ms]
      [Free CSet: 0.0 ms]
   [Eden: 67.0M(67.0M)->0.0B(67.0M) Survivors: 1024.0K->1024.0K Heap: 112.9M(128.0M)->45.9M(128.0M)]
 [Times: user=0.00 sys=0.00, real=0.00 secs] 
2020-11-10T16:36:06.255+0800: 675.738: [GC pause (G1 Evacuation Pause) (young), 0.0309623 secs]
   [Parallel Time: 29.4 ms, GC Workers: 4]
      [GC Worker Start (ms): Min: 675737.9, Avg: 675737.9, Max: 675738.0, Diff: 0.1]
      [Ext Root Scanning (ms): Min: 0.8, Avg: 8.0, Max: 29.2, Diff: 28.4, Sum: 32.2]
      [Update RS (ms): Min: 0.0, Avg: 0.2, Max: 0.3, Diff: 0.3, Sum: 0.6]
         [Processed Buffers: Min: 0, Avg: 8.3, Max: 18, Diff: 18, Sum: 33]
      [Scan RS (ms): Min: 0.0, Avg: 0.0, Max: 0.0, Diff: 0.0, Sum: 0.0]
      [Code Root Scanning (ms): Min: 0.0, Avg: 0.0, Max: 0.1, Diff: 0.1, Sum: 0.1]
      [Object Copy (ms): Min: 0.0, Avg: 0.1, Max: 0.2, Diff: 0.2, Sum: 0.6]
      [Termination (ms): Min: 0.0, Avg: 20.9, Max: 27.8, Diff: 27.8, Sum: 83.4]
         [Termination Attempts: Min: 1, Avg: 2.5, Max: 3, Diff: 2, Sum: 10]
      [GC Worker Other (ms): Min: 0.0, Avg: 0.0, Max: 0.0, Diff: 0.0, Sum: 0.0]
      [GC Worker Total (ms): Min: 29.2, Avg: 29.2, Max: 29.3, Diff: 0.1, Sum: 116.9]
      [GC Worker End (ms): Min: 675767.2, Avg: 675767.2, Max: 675767.2, Diff: 0.0]
   [Code Root Fixup: 0.1 ms]
   [Code Root Purge: 0.0 ms]
   [Clear CT: 0.4 ms]
   [Other: 1.2 ms]
      [Choose CSet: 0.0 ms]
      [Ref Proc: 0.9 ms]
      [Ref Enq: 0.0 ms]
      [Redirty Cards: 0.2 ms]
      [Humongous Register: 0.0 ms]
      [Humongous Reclaim: 0.0 ms]
      [Free CSet: 0.0 ms]
   [Eden: 67.0M(67.0M)->0.0B(67.0M) Survivors: 1024.0K->1024.0K Heap: 112.9M(128.0M)->45.9M(128.0M)]
 [Times: user=0.05 sys=0.00, real=0.03 secs] 
2020-11-10T16:36:11.296+0800: 680.779: [GC pause (G1 Evacuation Pause) (young), 0.0031727 secs]
   [Parallel Time: 1.9 ms, GC Workers: 4]
      [GC Worker Start (ms): Min: 680779.6, Avg: 680779.9, Max: 680781.0, Diff: 1.4]
      [Ext Root Scanning (ms): Min: 0.1, Avg: 1.2, Max: 1.5, Diff: 1.4, Sum: 4.6]
      [Update RS (ms): Min: 0.2, Avg: 0.2, Max: 0.2, Diff: 0.0, Sum: 0.8]
         [Processed Buffers: Min: 1, Avg: 10.0, Max: 22, Diff: 21, Sum: 40]
      [Scan RS (ms): Min: 0.0, Avg: 0.0, Max: 0.0, Diff: 0.0, Sum: 0.0]
      [Code Root Scanning (ms): Min: 0.0, Avg: 0.0, Max: 0.1, Diff: 0.1, Sum: 0.1]
      [Object Copy (ms): Min: 0.1, Avg: 0.1, Max: 0.2, Diff: 0.1, Sum: 0.5]
      [Termination (ms): Min: 0.0, Avg: 0.0, Max: 0.0, Diff: 0.0, Sum: 0.0]
         [Termination Attempts: Min: 1, Avg: 1.0, Max: 1, Diff: 0, Sum: 4]
      [GC Worker Other (ms): Min: 0.0, Avg: 0.0, Max: 0.0, Diff: 0.0, Sum: 0.0]
      [GC Worker Total (ms): Min: 0.5, Avg: 1.5, Max: 1.9, Diff: 1.4, Sum: 6.1]
      [GC Worker End (ms): Min: 680781.5, Avg: 680781.5, Max: 680781.5, Diff: 0.0]
   [Code Root Fixup: 0.0 ms]
   [Code Root Purge: 0.0 ms]
   [Clear CT: 0.1 ms]
   [Other: 1.2 ms]
      [Choose CSet: 0.0 ms]
      [Ref Proc: 1.0 ms]
      [Ref Enq: 0.0 ms]
      [Redirty Cards: 0.0 ms]
      [Humongous Register: 0.0 ms]
      [Humongous Reclaim: 0.0 ms]
      [Free CSet: 0.0 ms]
   [Eden: 67.0M(67.0M)->0.0B(67.0M) Survivors: 1024.0K->1024.0K Heap: 112.9M(128.0M)->45.9M(128.0M)]
 [Times: user=0.03 sys=0.00, real=0.00 secs] 
2020-11-10T16:36:15.855+0800: 685.339: [GC pause (G1 Evacuation Pause) (young), 0.0033685 secs]
   [Parallel Time: 1.9 ms, GC Workers: 4]
      [GC Worker Start (ms): Min: 685338.7, Avg: 685338.8, Max: 685338.9, Diff: 0.2]
      [Ext Root Scanning (ms): Min: 0.6, Avg: 1.0, Max: 1.8, Diff: 1.1, Sum: 3.9]
      [Update RS (ms): Min: 0.0, Avg: 0.2, Max: 0.3, Diff: 0.3, Sum: 0.7]
         [Processed Buffers: Min: 0, Avg: 8.0, Max: 16, Diff: 16, Sum: 32]
      [Scan RS (ms): Min: 0.0, Avg: 0.0, Max: 0.0, Diff: 0.0, Sum: 0.0]
      [Code Root Scanning (ms): Min: 0.0, Avg: 0.0, Max: 0.1, Diff: 0.1, Sum: 0.1]
      [Object Copy (ms): Min: 0.0, Avg: 0.1, Max: 0.2, Diff: 0.2, Sum: 0.5]
      [Termination (ms): Min: 0.0, Avg: 0.4, Max: 0.5, Diff: 0.5, Sum: 1.5]
         [Termination Attempts: Min: 1, Avg: 1.0, Max: 1, Diff: 0, Sum: 4]
      [GC Worker Other (ms): Min: 0.0, Avg: 0.0, Max: 0.0, Diff: 0.0, Sum: 0.0]
      [GC Worker Total (ms): Min: 1.6, Avg: 1.7, Max: 1.8, Diff: 0.1, Sum: 6.8]
      [GC Worker End (ms): Min: 685340.5, Avg: 685340.5, Max: 685340.5, Diff: 0.0]
   [Code Root Fixup: 0.1 ms]
   [Code Root Purge: 0.0 ms]
   [Clear CT: 0.3 ms]
   [Other: 1.1 ms]
      [Choose CSet: 0.0 ms]
      [Ref Proc: 0.6 ms]
      [Ref Enq: 0.0 ms]
      [Redirty Cards: 0.3 ms]
      [Humongous Register: 0.0 ms]
      [Humongous Reclaim: 0.0 ms]
      [Free CSet: 0.0 ms]
   [Eden: 67.0M(67.0M)->0.0B(67.0M) Survivors: 1024.0K->1024.0K Heap: 112.9M(128.0M)->45.9M(128.0M)]
 [Times: user=0.00 sys=0.00, real=0.00 secs] 
2020-11-10T16:36:20.415+0800: 689.898: [GC pause (G1 Evacuation Pause) (young), 0.0057928 secs]
   [Parallel Time: 3.9 ms, GC Workers: 4]
      [GC Worker Start (ms): Min: 689898.5, Avg: 689898.6, Max: 689898.7, Diff: 0.2]
      [Ext Root Scanning (ms): Min: 2.2, Avg: 2.6, Max: 3.1, Diff: 0.9, Sum: 10.4]
      [Update RS (ms): Min: 0.0, Avg: 0.2, Max: 0.4, Diff: 0.4, Sum: 0.7]
         [Processed Buffers: Min: 0, Avg: 7.8, Max: 22, Diff: 22, Sum: 31]
      [Scan RS (ms): Min: 0.0, Avg: 0.0, Max: 0.0, Diff: 0.0, Sum: 0.0]
      [Code Root Scanning (ms): Min: 0.0, Avg: 0.0, Max: 0.1, Diff: 0.1, Sum: 0.1]
      [Object Copy (ms): Min: 0.1, Avg: 0.3, Max: 0.4, Diff: 0.3, Sum: 1.2]
      [Termination (ms): Min: 0.0, Avg: 0.5, Max: 0.8, Diff: 0.8, Sum: 2.2]
         [Termination Attempts: Min: 1, Avg: 1.0, Max: 1, Diff: 0, Sum: 4]
      [GC Worker Other (ms): Min: 0.0, Avg: 0.0, Max: 0.0, Diff: 0.0, Sum: 0.1]
      [GC Worker Total (ms): Min: 3.5, Avg: 3.7, Max: 3.8, Diff: 0.2, Sum: 14.7]
      [GC Worker End (ms): Min: 689902.1, Avg: 689902.3, Max: 689902.4, Diff: 0.2]
   [Code Root Fixup: 0.1 ms]
   [Code Root Purge: 0.0 ms]
   [Clear CT: 0.1 ms]
   [Other: 1.7 ms]
      [Choose CSet: 0.0 ms]
      [Ref Proc: 1.5 ms]
      [Ref Enq: 0.0 ms]
      [Redirty Cards: 0.1 ms]
      [Humongous Register: 0.0 ms]
      [Humongous Reclaim: 0.0 ms]
      [Free CSet: 0.0 ms]
   [Eden: 67.0M(67.0M)->0.0B(67.0M) Survivors: 1024.0K->1024.0K Heap: 112.9M(128.0M)->46.0M(128.0M)]
 [Times: user=0.00 sys=0.00, real=0.01 secs] 
2020-11-10T16:36:27.115+0800: 696.598: [GC pause (G1 Evacuation Pause) (young), 0.0023078 secs]
   [Parallel Time: 1.3 ms, GC Workers: 4]
      [GC Worker Start (ms): Min: 696598.1, Avg: 696598.1, Max: 696598.1, Diff: 0.0]
      [Ext Root Scanning (ms): Min: 0.6, Avg: 0.8, Max: 1.2, Diff: 0.6, Sum: 3.2]
      [Update RS (ms): Min: 0.0, Avg: 0.2, Max: 0.3, Diff: 0.3, Sum: 0.9]
         [Processed Buffers: Min: 0, Avg: 10.3, Max: 39, Diff: 39, Sum: 41]
      [Scan RS (ms): Min: 0.0, Avg: 0.0, Max: 0.0, Diff: 0.0, Sum: 0.0]
      [Code Root Scanning (ms): Min: 0.0, Avg: 0.0, Max: 0.1, Diff: 0.1, Sum: 0.1]
      [Object Copy (ms): Min: 0.0, Avg: 0.1, Max: 0.2, Diff: 0.2, Sum: 0.5]
      [Termination (ms): Min: 0.0, Avg: 0.1, Max: 0.1, Diff: 0.1, Sum: 0.2]
         [Termination Attempts: Min: 1, Avg: 1.0, Max: 1, Diff: 0, Sum: 4]
      [GC Worker Other (ms): Min: 0.0, Avg: 0.0, Max: 0.0, Diff: 0.0, Sum: 0.0]
      [GC Worker Total (ms): Min: 1.2, Avg: 1.2, Max: 1.3, Diff: 0.0, Sum: 5.0]
      [GC Worker End (ms): Min: 696599.3, Avg: 696599.4, Max: 696599.4, Diff: 0.0]
   [Code Root Fixup: 0.1 ms]
   [Code Root Purge: 0.0 ms]
   [Clear CT: 0.0 ms]
   [Other: 0.9 ms]
      [Choose CSet: 0.0 ms]
      [Ref Proc: 0.7 ms]
      [Ref Enq: 0.0 ms]
      [Redirty Cards: 0.0 ms]
      [Humongous Register: 0.0 ms]
      [Humongous Reclaim: 0.0 ms]
      [Free CSet: 0.0 ms]
   [Eden: 67.0M(67.0M)->0.0B(67.0M) Survivors: 1024.0K->1024.0K Heap: 113.0M(128.0M)->45.9M(128.0M)]
 [Times: user=0.00 sys=0.00, real=0.00 secs] 
2020-11-10T16:36:31.514+0800: 700.997: [GC pause (G1 Evacuation Pause) (young), 0.0030739 secs]
   [Parallel Time: 1.6 ms, GC Workers: 4]
      [GC Worker Start (ms): Min: 700997.0, Avg: 700997.0, Max: 700997.1, Diff: 0.1]
      [Ext Root Scanning (ms): Min: 0.6, Avg: 0.8, Max: 1.3, Diff: 0.7, Sum: 3.1]
      [Update RS (ms): Min: 0.0, Avg: 0.2, Max: 0.4, Diff: 0.4, Sum: 0.9]
         [Processed Buffers: Min: 0, Avg: 8.5, Max: 24, Diff: 24, Sum: 34]
      [Scan RS (ms): Min: 0.0, Avg: 0.0, Max: 0.0, Diff: 0.0, Sum: 0.0]
      [Code Root Scanning (ms): Min: 0.0, Avg: 0.0, Max: 0.1, Diff: 0.1, Sum: 0.1]
      [Object Copy (ms): Min: 0.0, Avg: 0.1, Max: 0.2, Diff: 0.2, Sum: 0.5]
      [Termination (ms): Min: 0.0, Avg: 0.1, Max: 0.1, Diff: 0.1, Sum: 0.3]
         [Termination Attempts: Min: 1, Avg: 1.0, Max: 1, Diff: 0, Sum: 4]
      [GC Worker Other (ms): Min: 0.0, Avg: 0.0, Max: 0.0, Diff: 0.0, Sum: 0.0]
      [GC Worker Total (ms): Min: 1.2, Avg: 1.2, Max: 1.3, Diff: 0.1, Sum: 4.9]
      [GC Worker End (ms): Min: 700998.2, Avg: 700998.2, Max: 700998.3, Diff: 0.0]
   [Code Root Fixup: 0.0 ms]
   [Code Root Purge: 0.0 ms]
   [Clear CT: 0.3 ms]
   [Other: 1.1 ms]
      [Choose CSet: 0.0 ms]
      [Ref Proc: 0.9 ms]
      [Ref Enq: 0.0 ms]
      [Redirty Cards: 0.0 ms]
      [Humongous Register: 0.0 ms]
      [Humongous Reclaim: 0.0 ms]
      [Free CSet: 0.0 ms]
   [Eden: 67.0M(67.0M)->0.0B(67.0M) Survivors: 1024.0K->1024.0K Heap: 112.9M(128.0M)->45.9M(128.0M)]
 [Times: user=0.00 sys=0.00, real=0.00 secs] 
2020-11-10T16:36:35.577+0800: 705.060: [GC pause (G1 Evacuation Pause) (young), 0.0029539 secs]
   [Parallel Time: 1.6 ms, GC Workers: 4]
      [GC Worker Start (ms): Min: 705060.3, Avg: 705060.5, Max: 705061.2, Diff: 0.9]
      [Ext Root Scanning (ms): Min: 0.1, Avg: 0.9, Max: 1.5, Diff: 1.4, Sum: 3.4]
      [Update RS (ms): Min: 0.0, Avg: 0.2, Max: 0.2, Diff: 0.2, Sum: 0.6]
         [Processed Buffers: Min: 0, Avg: 7.0, Max: 13, Diff: 13, Sum: 28]
      [Scan RS (ms): Min: 0.0, Avg: 0.0, Max: 0.0, Diff: 0.0, Sum: 0.0]
      [Code Root Scanning (ms): Min: 0.0, Avg: 0.0, Max: 0.1, Diff: 0.1, Sum: 0.1]
      [Object Copy (ms): Min: 0.0, Avg: 0.1, Max: 0.2, Diff: 0.2, Sum: 0.5]
      [Termination (ms): Min: 0.0, Avg: 0.1, Max: 0.1, Diff: 0.1, Sum: 0.4]
         [Termination Attempts: Min: 1, Avg: 1.0, Max: 1, Diff: 0, Sum: 4]
      [GC Worker Other (ms): Min: 0.0, Avg: 0.0, Max: 0.0, Diff: 0.0, Sum: 0.0]
      [GC Worker Total (ms): Min: 0.6, Avg: 1.3, Max: 1.5, Diff: 0.9, Sum: 5.0]
      [GC Worker End (ms): Min: 705061.8, Avg: 705061.8, Max: 705061.8, Diff: 0.0]
   [Code Root Fixup: 0.0 ms]
   [Code Root Purge: 0.0 ms]
   [Clear CT: 0.3 ms]
   [Other: 1.1 ms]
      [Choose CSet: 0.0 ms]
      [Ref Proc: 0.6 ms]
      [Ref Enq: 0.0 ms]
      [Redirty Cards: 0.3 ms]
      [Humongous Register: 0.0 ms]
      [Humongous Reclaim: 0.0 ms]
      [Free CSet: 0.0 ms]
   [Eden: 67.0M(67.0M)->0.0B(67.0M) Survivors: 1024.0K->1024.0K Heap: 112.9M(128.0M)->45.9M(128.0M)]
 [Times: user=0.00 sys=0.00, real=0.00 secs] 
2020-11-10T16:36:39.823+0800: 709.306: [GC pause (G1 Evacuation Pause) (young), 0.0033700 secs]
   [Parallel Time: 1.9 ms, GC Workers: 4]
      [GC Worker Start (ms): Min: 709306.5, Avg: 709306.8, Max: 709307.3, Diff: 0.8]
      [Ext Root Scanning (ms): Min: 0.5, Avg: 1.1, Max: 1.6, Diff: 1.0, Sum: 4.5]
      [Update RS (ms): Min: 0.0, Avg: 0.2, Max: 0.3, Diff: 0.3, Sum: 0.7]
         [Processed Buffers: Min: 0, Avg: 9.0, Max: 19, Diff: 19, Sum: 36]
      [Scan RS (ms): Min: 0.0, Avg: 0.0, Max: 0.0, Diff: 0.0, Sum: 0.0]
      [Code Root Scanning (ms): Min: 0.0, Avg: 0.0, Max: 0.1, Diff: 0.1, Sum: 0.1]
      [Object Copy (ms): Min: 0.0, Avg: 0.1, Max: 0.3, Diff: 0.2, Sum: 0.5]
      [Termination (ms): Min: 0.0, Avg: 0.0, Max: 0.1, Diff: 0.1, Sum: 0.2]
         [Termination Attempts: Min: 1, Avg: 1.5, Max: 2, Diff: 1, Sum: 6]
      [GC Worker Other (ms): Min: 0.0, Avg: 0.0, Max: 0.0, Diff: 0.0, Sum: 0.0]
      [GC Worker Total (ms): Min: 1.0, Avg: 1.5, Max: 1.8, Diff: 0.8, Sum: 6.1]
      [GC Worker End (ms): Min: 709308.3, Avg: 709308.3, Max: 709308.3, Diff: 0.0]
   [Code Root Fixup: 0.0 ms]
   [Code Root Purge: 0.0 ms]
   [Clear CT: 0.3 ms]
   [Other: 1.1 ms]
      [Choose CSet: 0.0 ms]
      [Ref Proc: 0.6 ms]
      [Ref Enq: 0.0 ms]
      [Redirty Cards: 0.3 ms]
      [Humongous Register: 0.0 ms]
      [Humongous Reclaim: 0.0 ms]
      [Free CSet: 0.0 ms]
   [Eden: 67.0M(67.0M)->0.0B(67.0M) Survivors: 1024.0K->1024.0K Heap: 112.9M(128.0M)->46.0M(128.0M)]
 [Times: user=0.00 sys=0.00, real=0.00 secs] 
2020-11-10T16:36:44.854+0800: 714.337: [GC pause (G1 Evacuation Pause) (young), 0.0315653 secs]
   [Parallel Time: 30.4 ms, GC Workers: 4]
      [GC Worker Start (ms): Min: 714337.2, Avg: 714337.2, Max: 714337.3, Diff: 0.0]
      [Ext Root Scanning (ms): Min: 0.8, Avg: 8.3, Max: 30.3, Diff: 29.4, Sum: 33.2]
      [Update RS (ms): Min: 0.0, Avg: 0.2, Max: 0.3, Diff: 0.3, Sum: 0.6]
         [Processed Buffers: Min: 0, Avg: 8.8, Max: 24, Diff: 24, Sum: 35]
      [Scan RS (ms): Min: 0.0, Avg: 0.0, Max: 0.0, Diff: 0.0, Sum: 0.0]
      [Code Root Scanning (ms): Min: 0.0, Avg: 0.0, Max: 0.1, Diff: 0.1, Sum: 0.1]
      [Object Copy (ms): Min: 0.0, Avg: 0.2, Max: 0.3, Diff: 0.3, Sum: 0.6]
      [Termination (ms): Min: 0.0, Avg: 21.7, Max: 28.9, Diff: 28.9, Sum: 86.7]
         [Termination Attempts: Min: 1, Avg: 1.8, Max: 3, Diff: 2, Sum: 7]
      [GC Worker Other (ms): Min: 0.0, Avg: 0.0, Max: 0.0, Diff: 0.0, Sum: 0.0]
      [GC Worker Total (ms): Min: 30.3, Avg: 30.3, Max: 30.3, Diff: 0.0, Sum: 121.3]
      [GC Worker End (ms): Min: 714367.6, Avg: 714367.6, Max: 714367.6, Diff: 0.0]
   [Code Root Fixup: 0.0 ms]
   [Code Root Purge: 0.0 ms]
   [Clear CT: 0.1 ms]
   [Other: 1.0 ms]
      [Choose CSet: 0.0 ms]
      [Ref Proc: 0.8 ms]
      [Ref Enq: 0.0 ms]
      [Redirty Cards: 0.1 ms]
      [Humongous Register: 0.0 ms]
      [Humongous Reclaim: 0.0 ms]
      [Free CSet: 0.1 ms]
   [Eden: 67.0M(67.0M)->0.0B(67.0M) Survivors: 1024.0K->1024.0K Heap: 113.0M(128.0M)->45.9M(128.0M)]
 [Times: user=0.09 sys=0.00, real=0.03 secs] 
2020-11-10T16:36:50.479+0800: 719.962: [GC pause (G1 Evacuation Pause) (young), 0.0024780 secs]
   [Parallel Time: 1.3 ms, GC Workers: 4]
      [GC Worker Start (ms): Min: 719962.4, Avg: 719962.4, Max: 719962.4, Diff: 0.1]
      [Ext Root Scanning (ms): Min: 0.6, Avg: 0.8, Max: 1.2, Diff: 0.6, Sum: 3.1]
      [Update RS (ms): Min: 0.0, Avg: 0.1, Max: 0.2, Diff: 0.2, Sum: 0.6]
         [Processed Buffers: Min: 0, Avg: 8.0, Max: 22, Diff: 22, Sum: 32]
      [Scan RS (ms): Min: 0.0, Avg: 0.0, Max: 0.0, Diff: 0.0, Sum: 0.0]
      [Code Root Scanning (ms): Min: 0.0, Avg: 0.0, Max: 0.1, Diff: 0.1, Sum: 0.1]
      [Object Copy (ms): Min: 0.0, Avg: 0.1, Max: 0.2, Diff: 0.2, Sum: 0.5]
      [Termination (ms): Min: 0.0, Avg: 0.1, Max: 0.2, Diff: 0.2, Sum: 0.5]
         [Termination Attempts: Min: 1, Avg: 1.0, Max: 1, Diff: 0, Sum: 4]
      [GC Worker Other (ms): Min: 0.0, Avg: 0.0, Max: 0.0, Diff: 0.0, Sum: 0.0]
      [GC Worker Total (ms): Min: 1.1, Avg: 1.2, Max: 1.2, Diff: 0.1, Sum: 4.8]
      [GC Worker End (ms): Min: 719963.6, Avg: 719963.6, Max: 719963.6, Diff: 0.0]
   [Code Root Fixup: 0.0 ms]
   [Code Root Purge: 0.0 ms]
   [Clear CT: 0.2 ms]
   [Other: 0.9 ms]
      [Choose CSet: 0.0 ms]
      [Ref Proc: 0.7 ms]
      [Ref Enq: 0.0 ms]
      [Redirty Cards: 0.1 ms]
      [Humongous Register: 0.0 ms]
      [Humongous Reclaim: 0.0 ms]
      [Free CSet: 0.0 ms]
   [Eden: 67.0M(67.0M)->0.0B(67.0M) Survivors: 1024.0K->1024.0K Heap: 112.9M(128.0M)->45.9M(128.0M)]
 [Times: user=0.00 sys=0.00, real=0.00 secs] 
2020-11-10T16:36:54.736+0800: 724.219: [GC pause (G1 Evacuation Pause) (young), 0.0067095 secs]
   [Parallel Time: 5.4 ms, GC Workers: 4]
      [GC Worker Start (ms): Min: 724219.1, Avg: 724220.4, Max: 724224.1, Diff: 4.9]
      [Ext Root Scanning (ms): Min: 0.0, Avg: 3.2, Max: 5.2, Diff: 5.1, Sum: 12.6]
      [Update RS (ms): Min: 0.0, Avg: 0.3, Max: 0.6, Diff: 0.6, Sum: 1.1]
         [Processed Buffers: Min: 0, Avg: 7.3, Max: 21, Diff: 21, Sum: 29]
      [Scan RS (ms): Min: 0.0, Avg: 0.0, Max: 0.0, Diff: 0.0, Sum: 0.0]
      [Code Root Scanning (ms): Min: 0.0, Avg: 0.0, Max: 0.1, Diff: 0.1, Sum: 0.1]
      [Object Copy (ms): Min: 0.0, Avg: 0.4, Max: 0.8, Diff: 0.8, Sum: 1.6]
      [Termination (ms): Min: 0.0, Avg: 0.1, Max: 0.2, Diff: 0.2, Sum: 0.5]
         [Termination Attempts: Min: 1, Avg: 1.0, Max: 1, Diff: 0, Sum: 4]
      [GC Worker Other (ms): Min: 0.0, Avg: 0.0, Max: 0.0, Diff: 0.0, Sum: 0.1]
      [GC Worker Total (ms): Min: 0.4, Avg: 4.0, Max: 5.3, Diff: 4.9, Sum: 16.0]
      [GC Worker End (ms): Min: 724224.3, Avg: 724224.4, Max: 724224.4, Diff: 0.1]
   [Code Root Fixup: 0.0 ms]
   [Code Root Purge: 0.0 ms]
   [Clear CT: 0.1 ms]
   [Other: 1.2 ms]
      [Choose CSet: 0.0 ms]
      [Ref Proc: 0.9 ms]
      [Ref Enq: 0.0 ms]
      [Redirty Cards: 0.1 ms]
      [Humongous Register: 0.0 ms]
      [Humongous Reclaim: 0.0 ms]
      [Free CSet: 0.0 ms]
   [Eden: 67.0M(67.0M)->0.0B(67.0M) Survivors: 1024.0K->1024.0K Heap: 112.9M(128.0M)->46.0M(128.0M)]
 [Times: user=0.00 sys=0.00, real=0.01 secs] 
2020-11-10T16:36:59.405+0800: 728.888: [GC pause (G1 Evacuation Pause) (young), 0.0029167 secs]
   [Parallel Time: 1.3 ms, GC Workers: 4]
      [GC Worker Start (ms): Min: 728888.1, Avg: 728888.2, Max: 728888.2, Diff: 0.1]
      [Ext Root Scanning (ms): Min: 0.6, Avg: 0.8, Max: 1.2, Diff: 0.6, Sum: 3.1]
      [Update RS (ms): Min: 0.0, Avg: 0.1, Max: 0.2, Diff: 0.2, Sum: 0.6]
         [Processed Buffers: Min: 0, Avg: 8.8, Max: 15, Diff: 15, Sum: 35]
      [Scan RS (ms): Min: 0.0, Avg: 0.0, Max: 0.0, Diff: 0.0, Sum: 0.0]
      [Code Root Scanning (ms): Min: 0.0, Avg: 0.0, Max: 0.0, Diff: 0.0, Sum: 0.1]
      [Object Copy (ms): Min: 0.0, Avg: 0.2, Max: 0.2, Diff: 0.2, Sum: 0.6]
      [Termination (ms): Min: 0.0, Avg: 0.1, Max: 0.1, Diff: 0.1, Sum: 0.3]
         [Termination Attempts: Min: 1, Avg: 1.0, Max: 1, Diff: 0, Sum: 4]
      [GC Worker Other (ms): Min: 0.0, Avg: 0.0, Max: 0.0, Diff: 0.0, Sum: 0.0]
      [GC Worker Total (ms): Min: 1.2, Avg: 1.2, Max: 1.2, Diff: 0.1, Sum: 4.7]
      [GC Worker End (ms): Min: 728889.4, Avg: 728889.4, Max: 728889.4, Diff: 0.0]
   [Code Root Fixup: 0.0 ms]
   [Code Root Purge: 0.0 ms]
   [Clear CT: 0.3 ms]
   [Other: 1.3 ms]
      [Choose CSet: 0.0 ms]
      [Ref Proc: 0.9 ms]
      [Ref Enq: 0.0 ms]
      [Redirty Cards: 0.2 ms]
      [Humongous Register: 0.0 ms]
      [Humongous Reclaim: 0.0 ms]
      [Free CSet: 0.1 ms]
   [Eden: 67.0M(67.0M)->0.0B(67.0M) Survivors: 1024.0K->1024.0K Heap: 113.0M(128.0M)->46.0M(128.0M)]
 [Times: user=0.01 sys=0.00, real=0.00 secs] 
2020-11-10T16:37:04.183+0800: 733.667: [GC pause (G1 Evacuation Pause) (young), 0.0029324 secs]
   [Parallel Time: 1.3 ms, GC Workers: 4]
      [GC Worker Start (ms): Min: 733666.7, Avg: 733666.8, Max: 733666.9, Diff: 0.1]
      [Ext Root Scanning (ms): Min: 0.6, Avg: 0.8, Max: 1.3, Diff: 0.7, Sum: 3.1]
      [Update RS (ms): Min: 0.0, Avg: 0.2, Max: 0.3, Diff: 0.3, Sum: 0.8]
         [Processed Buffers: Min: 0, Avg: 8.3, Max: 20, Diff: 20, Sum: 33]
      [Scan RS (ms): Min: 0.0, Avg: 0.0, Max: 0.1, Diff: 0.1, Sum: 0.2]
      [Code Root Scanning (ms): Min: 0.0, Avg: 0.0, Max: 0.1, Diff: 0.1, Sum: 0.1]
      [Object Copy (ms): Min: 0.0, Avg: 0.1, Max: 0.2, Diff: 0.2, Sum: 0.5]
      [Termination (ms): Min: 0.0, Avg: 0.1, Max: 0.1, Diff: 0.1, Sum: 0.2]
         [Termination Attempts: Min: 1, Avg: 1.0, Max: 1, Diff: 0, Sum: 4]
      [GC Worker Other (ms): Min: 0.0, Avg: 0.0, Max: 0.0, Diff: 0.0, Sum: 0.0]
      [GC Worker Total (ms): Min: 1.1, Avg: 1.2, Max: 1.3, Diff: 0.1, Sum: 4.9]
      [GC Worker End (ms): Min: 733668.0, Avg: 733668.0, Max: 733668.0, Diff: 0.0]
   [Code Root Fixup: 0.0 ms]
   [Code Root Purge: 0.0 ms]
   [Clear CT: 0.3 ms]
   [Other: 1.2 ms]
      [Choose CSet: 0.0 ms]
      [Ref Proc: 0.8 ms]
      [Ref Enq: 0.0 ms]
      [Redirty Cards: 0.3 ms]
      [Humongous Register: 0.0 ms]
      [Humongous Reclaim: 0.0 ms]
      [Free CSet: 0.0 ms]
   [Eden: 67.0M(67.0M)->0.0B(67.0M) Survivors: 1024.0K->1024.0K Heap: 113.0M(128.0M)->46.0M(128.0M)]
 [Times: user=0.00 sys=0.00, real=0.00 secs] 
2020-11-10T16:37:08.536+0800: 738.019: [GC pause (G1 Evacuation Pause) (young), 0.0033454 secs]
   [Parallel Time: 2.0 ms, GC Workers: 4]
      [GC Worker Start (ms): Min: 738019.5, Avg: 738019.9, Max: 738021.0, Diff: 1.6]
      [Ext Root Scanning (ms): Min: 0.0, Avg: 1.0, Max: 1.6, Diff: 1.6, Sum: 4.2]
      [Update RS (ms): Min: 0.2, Avg: 0.2, Max: 0.2, Diff: 0.0, Sum: 0.7]
         [Processed Buffers: Min: 1, Avg: 9.5, Max: 24, Diff: 23, Sum: 38]
      [Scan RS (ms): Min: 0.0, Avg: 0.0, Max: 0.0, Diff: 0.0, Sum: 0.0]
      [Code Root Scanning (ms): Min: 0.0, Avg: 0.0, Max: 0.0, Diff: 0.0, Sum: 0.0]
      [Object Copy (ms): Min: 0.1, Avg: 0.2, Max: 0.5, Diff: 0.4, Sum: 0.9]
      [Termination (ms): Min: 0.0, Avg: 0.0, Max: 0.0, Diff: 0.0, Sum: 0.0]
         [Termination Attempts: Min: 1, Avg: 1.0, Max: 1, Diff: 0, Sum: 4]
      [GC Worker Other (ms): Min: 0.0, Avg: 0.0, Max: 0.0, Diff: 0.0, Sum: 0.0]
      [GC Worker Total (ms): Min: 0.3, Avg: 1.5, Max: 1.9, Diff: 1.6, Sum: 5.9]
      [GC Worker End (ms): Min: 738021.4, Avg: 738021.4, Max: 738021.4, Diff: 0.0]
   [Code Root Fixup: 0.0 ms]
   [Code Root Purge: 0.0 ms]
   [Clear CT: 0.3 ms]
   [Other: 1.0 ms]
      [Choose CSet: 0.0 ms]
      [Ref Proc: 0.6 ms]
      [Ref Enq: 0.0 ms]
      [Redirty Cards: 0.3 ms]
      [Humongous Register: 0.0 ms]
      [Humongous Reclaim: 0.0 ms]
      [Free CSet: 0.0 ms]
   [Eden: 67.0M(67.0M)->0.0B(67.0M) Survivors: 1024.0K->1024.0K Heap: 113.0M(128.0M)->46.0M(128.0M)]
 [Times: user=0.00 sys=0.00, real=0.00 secs] 
2020-11-10T16:37:13.368+0800: 742.851: [GC pause (G1 Evacuation Pause) (young), 0.0029979 secs]
   [Parallel Time: 1.4 ms, GC Workers: 4]
      [GC Worker Start (ms): Min: 742851.2, Avg: 742851.3, Max: 742851.3, Diff: 0.1]
      [Ext Root Scanning (ms): Min: 0.6, Avg: 0.8, Max: 1.3, Diff: 0.7, Sum: 3.1]
      [Update RS (ms): Min: 0.0, Avg: 0.2, Max: 0.2, Diff: 0.2, Sum: 0.6]
         [Processed Buffers: Min: 0, Avg: 8.3, Max: 20, Diff: 20, Sum: 33]
      [Scan RS (ms): Min: 0.0, Avg: 0.0, Max: 0.0, Diff: 0.0, Sum: 0.0]
      [Code Root Scanning (ms): Min: 0.0, Avg: 0.0, Max: 0.0, Diff: 0.0, Sum: 0.0]
      [Object Copy (ms): Min: 0.0, Avg: 0.1, Max: 0.2, Diff: 0.2, Sum: 0.5]
      [Termination (ms): Min: 0.0, Avg: 0.1, Max: 0.2, Diff: 0.2, Sum: 0.5]
         [Termination Attempts: Min: 1, Avg: 1.0, Max: 1, Diff: 0, Sum: 4]
      [GC Worker Other (ms): Min: 0.0, Avg: 0.0, Max: 0.0, Diff: 0.0, Sum: 0.1]
      [GC Worker Total (ms): Min: 1.2, Avg: 1.2, Max: 1.3, Diff: 0.1, Sum: 4.9]
      [GC Worker End (ms): Min: 742852.5, Avg: 742852.5, Max: 742852.5, Diff: 0.0]
   [Code Root Fixup: 0.1 ms]
   [Code Root Purge: 0.0 ms]
   [Clear CT: 0.3 ms]
   [Other: 1.3 ms]
      [Choose CSet: 0.0 ms]
      [Ref Proc: 0.8 ms]
      [Ref Enq: 0.0 ms]
      [Redirty Cards: 0.3 ms]
      [Humongous Register: 0.0 ms]
      [Humongous Reclaim: 0.0 ms]
      [Free CSet: 0.0 ms]
   [Eden: 67.0M(67.0M)->0.0B(67.0M) Survivors: 1024.0K->1024.0K Heap: 113.0M(128.0M)->46.0M(128.0M)]
 [Times: user=0.00 sys=0.00, real=0.00 secs] 
2020-11-10T16:37:17.204+0800: 746.687: [GC pause (G1 Evacuation Pause) (young), 0.0026593 secs]
   [Parallel Time: 1.4 ms, GC Workers: 4]
      [GC Worker Start (ms): Min: 746687.2, Avg: 746687.3, Max: 746687.3, Diff: 0.1]
      [Ext Root Scanning (ms): Min: 0.6, Avg: 0.8, Max: 1.3, Diff: 0.7, Sum: 3.1]
      [Update RS (ms): Min: 0.0, Avg: 0.1, Max: 0.2, Diff: 0.2, Sum: 0.6]
         [Processed Buffers: Min: 0, Avg: 7.5, Max: 17, Diff: 17, Sum: 30]
      [Scan RS (ms): Min: 0.0, Avg: 0.0, Max: 0.0, Diff: 0.0, Sum: 0.0]
      [Code Root Scanning (ms): Min: 0.0, Avg: 0.0, Max: 0.0, Diff: 0.0, Sum: 0.0]
      [Object Copy (ms): Min: 0.0, Avg: 0.1, Max: 0.2, Diff: 0.2, Sum: 0.5]
      [Termination (ms): Min: 0.0, Avg: 0.2, Max: 0.2, Diff: 0.2, Sum: 0.7]
         [Termination Attempts: Min: 1, Avg: 1.0, Max: 1, Diff: 0, Sum: 4]
      [GC Worker Other (ms): Min: 0.0, Avg: 0.0, Max: 0.0, Diff: 0.0, Sum: 0.0]
      [GC Worker Total (ms): Min: 1.2, Avg: 1.3, Max: 1.3, Diff: 0.1, Sum: 5.0]
      [GC Worker End (ms): Min: 746688.5, Avg: 746688.5, Max: 746688.5, Diff: 0.0]
   [Code Root Fixup: 0.0 ms]
   [Code Root Purge: 0.0 ms]
   [Clear CT: 0.3 ms]
   [Other: 0.9 ms]
      [Choose CSet: 0.0 ms]
      [Ref Proc: 0.6 ms]
      [Ref Enq: 0.0 ms]
      [Redirty Cards: 0.1 ms]
      [Humongous Register: 0.0 ms]
      [Humongous Reclaim: 0.0 ms]
      [Free CSet: 0.1 ms]
   [Eden: 67.0M(67.0M)->0.0B(67.0M) Survivors: 1024.0K->1024.0K Heap: 113.0M(128.0M)->45.9M(128.0M)]
 [Times: user=0.06 sys=0.00, real=0.00 secs] 
2020-11-10T16:37:21.257+0800: 750.740: [GC pause (G1 Evacuation Pause) (young), 0.0028810 secs]
   [Parallel Time: 1.6 ms, GC Workers: 4]
      [GC Worker Start (ms): Min: 750740.3, Avg: 750740.6, Max: 750741.4, Diff: 1.1]
      [Ext Root Scanning (ms): Min: 0.0, Avg: 0.9, Max: 1.4, Diff: 1.3, Sum: 3.4]
      [Update RS (ms): Min: 0.0, Avg: 0.1, Max: 0.2, Diff: 0.2, Sum: 0.6]
         [Processed Buffers: Min: 0, Avg: 7.8, Max: 20, Diff: 20, Sum: 31]
      [Scan RS (ms): Min: 0.0, Avg: 0.0, Max: 0.0, Diff: 0.0, Sum: 0.0]
      [Code Root Scanning (ms): Min: 0.0, Avg: 0.0, Max: 0.0, Diff: 0.0, Sum: 0.0]
      [Object Copy (ms): Min: 0.1, Avg: 0.1, Max: 0.2, Diff: 0.2, Sum: 0.6]
      [Termination (ms): Min: 0.0, Avg: 0.0, Max: 0.0, Diff: 0.0, Sum: 0.0]
         [Termination Attempts: Min: 1, Avg: 1.0, Max: 1, Diff: 0, Sum: 4]
      [GC Worker Other (ms): Min: 0.0, Avg: 0.0, Max: 0.0, Diff: 0.0, Sum: 0.0]
      [GC Worker Total (ms): Min: 0.4, Avg: 1.2, Max: 1.5, Diff: 1.1, Sum: 4.7]
      [GC Worker End (ms): Min: 750741.7, Avg: 750741.7, Max: 750741.7, Diff: 0.0]
   [Code Root Fixup: 0.0 ms]
   [Code Root Purge: 0.0 ms]
   [Clear CT: 0.1 ms]
   [Other: 1.2 ms]
      [Choose CSet: 0.0 ms]
      [Ref Proc: 0.7 ms]
      [Ref Enq: 0.0 ms]
      [Redirty Cards: 0.3 ms]
      [Humongous Register: 0.0 ms]
      [Humongous Reclaim: 0.0 ms]
      [Free CSet: 0.0 ms]
   [Eden: 67.0M(67.0M)->0.0B(67.0M) Survivors: 1024.0K->1024.0K Heap: 112.9M(128.0M)->46.0M(128.0M)]
 [Times: user=0.00 sys=0.00, real=0.00 secs] 
2020-11-10T16:37:25.311+0800: 754.794: [GC pause (G1 Evacuation Pause) (young), 0.0028611 secs]
   [Parallel Time: 1.6 ms, GC Workers: 4]
      [GC Worker Start (ms): Min: 754794.1, Avg: 754794.2, Max: 754794.3, Diff: 0.2]
      [Ext Root Scanning (ms): Min: 0.7, Avg: 0.9, Max: 1.5, Diff: 0.9, Sum: 3.6]
      [Update RS (ms): Min: 0.0, Avg: 0.2, Max: 0.3, Diff: 0.3, Sum: 0.7]
         [Processed Buffers: Min: 0, Avg: 9.0, Max: 19, Diff: 19, Sum: 36]
      [Scan RS (ms): Min: 0.0, Avg: 0.0, Max: 0.0, Diff: 0.0, Sum: 0.0]
      [Code Root Scanning (ms): Min: 0.0, Avg: 0.0, Max: 0.0, Diff: 0.0, Sum: 0.0]
      [Object Copy (ms): Min: 0.0, Avg: 0.1, Max: 0.2, Diff: 0.2, Sum: 0.5]
      [Termination (ms): Min: 0.0, Avg: 0.3, Max: 0.4, Diff: 0.4, Sum: 1.1]
         [Termination Attempts: Min: 1, Avg: 1.0, Max: 1, Diff: 0, Sum: 4]
      [GC Worker Other (ms): Min: 0.0, Avg: 0.0, Max: 0.0, Diff: 0.0, Sum: 0.0]
      [GC Worker Total (ms): Min: 1.4, Avg: 1.5, Max: 1.5, Diff: 0.2, Sum: 5.9]
      [GC Worker End (ms): Min: 754795.7, Avg: 754795.7, Max: 754795.7, Diff: 0.0]
   [Code Root Fixup: 0.0 ms]
   [Code Root Purge: 0.0 ms]
   [Clear CT: 0.2 ms]
   [Other: 1.0 ms]
      [Choose CSet: 0.0 ms]
      [Ref Proc: 0.6 ms]
      [Ref Enq: 0.0 ms]
      [Redirty Cards: 0.2 ms]
      [Humongous Register: 0.0 ms]
      [Humongous Reclaim: 0.0 ms]
      [Free CSet: 0.0 ms]
   [Eden: 67.0M(67.0M)->0.0B(67.0M) Survivors: 1024.0K->1024.0K Heap: 113.0M(128.0M)->46.0M(128.0M)]
 [Times: user=0.02 sys=0.00, real=0.00 secs] 
2020-11-10T16:37:30.289+0800: 759.773: [GC pause (G1 Evacuation Pause) (young), 0.0043961 secs]
   [Parallel Time: 3.3 ms, GC Workers: 4]
      [GC Worker Start (ms): Min: 759772.8, Avg: 759772.9, Max: 759772.9, Diff: 0.1]
      [Ext Root Scanning (ms): Min: 1.2, Avg: 2.0, Max: 3.3, Diff: 2.0, Sum: 7.8]
      [Update RS (ms): Min: 0.0, Avg: 0.5, Max: 0.8, Diff: 0.8, Sum: 2.1]
         [Processed Buffers: Min: 0, Avg: 8.8, Max: 18, Diff: 18, Sum: 35]
      [Scan RS (ms): Min: 0.0, Avg: 0.0, Max: 0.0, Diff: 0.0, Sum: 0.1]
      [Code Root Scanning (ms): Min: 0.0, Avg: 0.0, Max: 0.0, Diff: 0.0, Sum: 0.1]
      [Object Copy (ms): Min: 0.0, Avg: 0.3, Max: 0.6, Diff: 0.6, Sum: 1.3]
      [Termination (ms): Min: 0.0, Avg: 0.4, Max: 0.5, Diff: 0.5, Sum: 1.6]
         [Termination Attempts: Min: 1, Avg: 1.0, Max: 1, Diff: 0, Sum: 4]
      [GC Worker Other (ms): Min: 0.0, Avg: 0.0, Max: 0.0, Diff: 0.0, Sum: 0.1]
      [GC Worker Total (ms): Min: 3.2, Avg: 3.3, Max: 3.3, Diff: 0.1, Sum: 13.0]
      [GC Worker End (ms): Min: 759776.1, Avg: 759776.1, Max: 759776.1, Diff: 0.0]
   [Code Root Fixup: 0.0 ms]
   [Code Root Purge: 0.0 ms]
   [Clear CT: 0.1 ms]
   [Other: 1.0 ms]
      [Choose CSet: 0.0 ms]
      [Ref Proc: 0.8 ms]
      [Ref Enq: 0.0 ms]
      [Redirty Cards: 0.1 ms]
      [Humongous Register: 0.0 ms]
      [Humongous Reclaim: 0.0 ms]
      [Free CSet: 0.0 ms]
   [Eden: 67.0M(67.0M)->0.0B(67.0M) Survivors: 1024.0K->1024.0K Heap: 113.0M(128.0M)->46.0M(128.0M)]
 [Times: user=0.00 sys=0.00, real=0.00 secs] 
2020-11-10T16:37:35.894+0800: 765.377: [GC pause (G1 Evacuation Pause) (young), 0.0029377 secs]
   [Parallel Time: 1.3 ms, GC Workers: 4]
      [GC Worker Start (ms): Min: 765377.2, Avg: 765377.3, Max: 765377.3, Diff: 0.1]
      [Ext Root Scanning (ms): Min: 0.6, Avg: 0.8, Max: 1.3, Diff: 0.6, Sum: 3.2]
      [Update RS (ms): Min: 0.0, Avg: 0.1, Max: 0.2, Diff: 0.2, Sum: 0.5]
         [Processed Buffers: Min: 0, Avg: 8.0, Max: 21, Diff: 21, Sum: 32]
      [Scan RS (ms): Min: 0.0, Avg: 0.0, Max: 0.0, Diff: 0.0, Sum: 0.0]
      [Code Root Scanning (ms): Min: 0.0, Avg: 0.0, Max: 0.0, Diff: 0.0, Sum: 0.0]
      [Object Copy (ms): Min: 0.0, Avg: 0.2, Max: 0.2, Diff: 0.2, Sum: 0.6]
      [Termination (ms): Min: 0.0, Avg: 0.1, Max: 0.2, Diff: 0.2, Sum: 0.5]
         [Termination Attempts: Min: 1, Avg: 1.0, Max: 1, Diff: 0, Sum: 4]
      [GC Worker Other (ms): Min: 0.0, Avg: 0.0, Max: 0.0, Diff: 0.0, Sum: 0.0]
      [GC Worker Total (ms): Min: 1.2, Avg: 1.2, Max: 1.3, Diff: 0.0, Sum: 4.9]
      [GC Worker End (ms): Min: 765378.5, Avg: 765378.5, Max: 765378.5, Diff: 0.0]
   [Code Root Fixup: 0.0 ms]
   [Code Root Purge: 0.0 ms]
   [Clear CT: 0.3 ms]
   [Other: 1.2 ms]
      [Choose CSet: 0.0 ms]
      [Ref Proc: 0.7 ms]
      [Ref Enq: 0.0 ms]
      [Redirty Cards: 0.4 ms]
      [Humongous Register: 0.0 ms]
      [Humongous Reclaim: 0.0 ms]
      [Free CSet: 0.0 ms]
   [Eden: 67.0M(67.0M)->0.0B(67.0M) Survivors: 1024.0K->1024.0K Heap: 113.0M(128.0M)->46.1M(128.0M)]
 [Times: user=0.00 sys=0.00, real=0.00 secs] 
2020-11-10T16:37:40.535+0800: 770.018: [GC pause (G1 Evacuation Pause) (young), 0.0024560 secs]
   [Parallel Time: 1.3 ms, GC Workers: 4]
      [GC Worker Start (ms): Min: 770018.2, Avg: 770018.2, Max: 770018.3, Diff: 0.1]
      [Ext Root Scanning (ms): Min: 0.6, Avg: 0.8, Max: 1.3, Diff: 0.6, Sum: 3.2]
      [Update RS (ms): Min: 0.0, Avg: 0.2, Max: 0.2, Diff: 0.2, Sum: 0.7]
         [Processed Buffers: Min: 0, Avg: 8.8, Max: 23, Diff: 23, Sum: 35]
      [Scan RS (ms): Min: 0.0, Avg: 0.0, Max: 0.0, Diff: 0.0, Sum: 0.0]
      [Code Root Scanning (ms): Min: 0.0, Avg: 0.0, Max: 0.0, Diff: 0.0, Sum: 0.0]
      [Object Copy (ms): Min: 0.0, Avg: 0.1, Max: 0.2, Diff: 0.2, Sum: 0.6]
      [Termination (ms): Min: 0.0, Avg: 0.1, Max: 0.1, Diff: 0.1, Sum: 0.4]
         [Termination Attempts: Min: 1, Avg: 1.0, Max: 1, Diff: 0, Sum: 4]
      [GC Worker Other (ms): Min: 0.0, Avg: 0.0, Max: 0.0, Diff: 0.0, Sum: 0.0]
      [GC Worker Total (ms): Min: 1.2, Avg: 1.2, Max: 1.3, Diff: 0.1, Sum: 4.9]
      [GC Worker End (ms): Min: 770019.4, Avg: 770019.5, Max: 770019.5, Diff: 0.0]
   [Code Root Fixup: 0.0 ms]
   [Code Root Purge: 0.0 ms]
   [Clear CT: 0.0 ms]
   [Other: 1.0 ms]
      [Choose CSet: 0.0 ms]
      [Ref Proc: 0.9 ms]
      [Ref Enq: 0.0 ms]
      [Redirty Cards: 0.0 ms]
      [Humongous Register: 0.0 ms]
      [Humongous Reclaim: 0.0 ms]
      [Free CSet: 0.0 ms]
   [Eden: 67.0M(67.0M)->0.0B(67.0M) Survivors: 1024.0K->1024.0K Heap: 113.1M(128.0M)->46.1M(128.0M)]
 [Times: user=0.00 sys=0.00, real=0.00 secs] 
2020-11-10T16:37:45.275+0800: 774.758: [GC pause (G1 Evacuation Pause) (young), 0.0026483 secs]
   [Parallel Time: 1.6 ms, GC Workers: 4]
      [GC Worker Start (ms): Min: 774758.2, Avg: 774758.3, Max: 774758.3, Diff: 0.1]
      [Ext Root Scanning (ms): Min: 0.6, Avg: 1.0, Max: 1.5, Diff: 0.9, Sum: 3.8]
      [Update RS (ms): Min: 0.0, Avg: 0.1, Max: 0.2, Diff: 0.2, Sum: 0.6]
         [Processed Buffers: Min: 0, Avg: 8.8, Max: 24, Diff: 24, Sum: 35]
      [Scan RS (ms): Min: 0.0, Avg: 0.0, Max: 0.0, Diff: 0.0, Sum: 0.0]
      [Code Root Scanning (ms): Min: 0.0, Avg: 0.0, Max: 0.0, Diff: 0.0, Sum: 0.0]
      [Object Copy (ms): Min: 0.0, Avg: 0.2, Max: 0.6, Diff: 0.6, Sum: 0.9]
      [Termination (ms): Min: 0.0, Avg: 0.1, Max: 0.1, Diff: 0.1, Sum: 0.3]
         [Termination Attempts: Min: 1, Avg: 1.0, Max: 1, Diff: 0, Sum: 4]
      [GC Worker Other (ms): Min: 0.0, Avg: 0.0, Max: 0.0, Diff: 0.0, Sum: 0.0]
      [GC Worker Total (ms): Min: 1.4, Avg: 1.4, Max: 1.5, Diff: 0.1, Sum: 5.8]
      [GC Worker End (ms): Min: 774759.7, Avg: 774759.7, Max: 774759.7, Diff: 0.0]
   [Code Root Fixup: 0.0 ms]
   [Code Root Purge: 0.0 ms]
   [Clear CT: 0.2 ms]
   [Other: 0.9 ms]
      [Choose CSet: 0.0 ms]
      [Ref Proc: 0.7 ms]
      [Ref Enq: 0.0 ms]
      [Redirty Cards: 0.0 ms]
      [Humongous Register: 0.0 ms]
      [Humongous Reclaim: 0.0 ms]
      [Free CSet: 0.1 ms]
   [Eden: 67.0M(67.0M)->0.0B(67.0M) Survivors: 1024.0K->1024.0K Heap: 113.1M(128.0M)->46.0M(128.0M)]
 [Times: user=0.00 sys=0.00, real=0.00 secs] 
2020-11-10T16:37:50.389+0800: 779.873: [GC pause (G1 Evacuation Pause) (young), 0.0026728 secs]
   [Parallel Time: 1.4 ms, GC Workers: 4]
      [GC Worker Start (ms): Min: 779872.7, Avg: 779872.8, Max: 779872.8, Diff: 0.1]
      [Ext Root Scanning (ms): Min: 0.7, Avg: 0.9, Max: 1.3, Diff: 0.6, Sum: 3.4]
      [Update RS (ms): Min: 0.0, Avg: 0.2, Max: 0.2, Diff: 0.2, Sum: 0.6]
         [Processed Buffers: Min: 0, Avg: 8.5, Max: 29, Diff: 29, Sum: 34]
      [Scan RS (ms): Min: 0.0, Avg: 0.0, Max: 0.0, Diff: 0.0, Sum: 0.0]
      [Code Root Scanning (ms): Min: 0.0, Avg: 0.0, Max: 0.0, Diff: 0.0, Sum: 0.0]
      [Object Copy (ms): Min: 0.0, Avg: 0.1, Max: 0.2, Diff: 0.2, Sum: 0.5]
      [Termination (ms): Min: 0.0, Avg: 0.1, Max: 0.1, Diff: 0.1, Sum: 0.4]
         [Termination Attempts: Min: 1, Avg: 1.0, Max: 1, Diff: 0, Sum: 4]
      [GC Worker Other (ms): Min: 0.0, Avg: 0.0, Max: 0.0, Diff: 0.0, Sum: 0.0]
      [GC Worker Total (ms): Min: 1.2, Avg: 1.3, Max: 1.3, Diff: 0.1, Sum: 5.0]
      [GC Worker End (ms): Min: 779874.0, Avg: 779874.0, Max: 779874.0, Diff: 0.0]
   [Code Root Fixup: 0.0 ms]
   [Code Root Purge: 0.0 ms]
   [Clear CT: 0.3 ms]
   [Other: 0.9 ms]
      [Choose CSet: 0.0 ms]
      [Ref Proc: 0.7 ms]
      [Ref Enq: 0.0 ms]
      [Redirty Cards: 0.1 ms]
      [Humongous Register: 0.0 ms]
      [Humongous Reclaim: 0.0 ms]
      [Free CSet: 0.0 ms]
   [Eden: 67.0M(67.0M)->0.0B(67.0M) Survivors: 1024.0K->1024.0K Heap: 113.0M(128.0M)->46.1M(128.0M)]
 [Times: user=0.00 sys=0.02, real=0.00 secs] 
2020-11-10T16:37:55.006+0800: 784.489: [GC pause (G1 Evacuation Pause) (young), 0.0037504 secs]
   [Parallel Time: 2.2 ms, GC Workers: 4]
      [GC Worker Start (ms): Min: 784489.5, Avg: 784489.6, Max: 784489.6, Diff: 0.1]
      [Ext Root Scanning (ms): Min: 0.6, Avg: 1.0, Max: 2.1, Diff: 1.5, Sum: 4.0]
      [Update RS (ms): Min: 0.0, Avg: 0.2, Max: 0.2, Diff: 0.2, Sum: 0.6]
         [Processed Buffers: Min: 0, Avg: 8.8, Max: 24, Diff: 24, Sum: 35]
      [Scan RS (ms): Min: 0.0, Avg: 0.0, Max: 0.0, Diff: 0.0, Sum: 0.0]
      [Code Root Scanning (ms): Min: 0.0, Avg: 0.0, Max: 0.0, Diff: 0.0, Sum: 0.0]
      [Object Copy (ms): Min: 0.0, Avg: 0.1, Max: 0.2, Diff: 0.2, Sum: 0.5]
      [Termination (ms): Min: 0.0, Avg: 0.8, Max: 1.1, Diff: 1.1, Sum: 3.1]
         [Termination Attempts: Min: 1, Avg: 1.0, Max: 1, Diff: 0, Sum: 4]
      [GC Worker Other (ms): Min: 0.0, Avg: 0.0, Max: 0.0, Diff: 0.0, Sum: 0.1]
      [GC Worker Total (ms): Min: 2.0, Avg: 2.1, Max: 2.1, Diff: 0.1, Sum: 8.3]
      [GC Worker End (ms): Min: 784491.6, Avg: 784491.6, Max: 784491.7, Diff: 0.0]
   [Code Root Fixup: 0.0 ms]
   [Code Root Purge: 0.0 ms]
   [Clear CT: 0.3 ms]
   [Other: 1.1 ms]
      [Choose CSet: 0.0 ms]
      [Ref Proc: 0.7 ms]
      [Ref Enq: 0.0 ms]
      [Redirty Cards: 0.3 ms]
      [Humongous Register: 0.0 ms]
      [Humongous Reclaim: 0.0 ms]
      [Free CSet: 0.0 ms]
   [Eden: 67.0M(67.0M)->0.0B(67.0M) Survivors: 1024.0K->1024.0K Heap: 113.1M(128.0M)->46.1M(128.0M)]
 [Times: user=0.00 sys=0.00, real=0.00 secs] 
2020-11-10T16:38:00.914+0800: 790.398: [GC pause (G1 Evacuation Pause) (young), 0.0025105 secs]
   [Parallel Time: 1.5 ms, GC Workers: 4]
      [GC Worker Start (ms): Min: 790397.8, Avg: 790397.8, Max: 790397.9, Diff: 0.1]
      [Ext Root Scanning (ms): Min: 0.7, Avg: 0.9, Max: 1.4, Diff: 0.7, Sum: 3.4]
      [Update RS (ms): Min: 0.0, Avg: 0.1, Max: 0.2, Diff: 0.2, Sum: 0.6]
         [Processed Buffers: Min: 0, Avg: 8.3, Max: 17, Diff: 17, Sum: 33]
      [Scan RS (ms): Min: 0.0, Avg: 0.0, Max: 0.0, Diff: 0.0, Sum: 0.0]
      [Code Root Scanning (ms): Min: 0.0, Avg: 0.0, Max: 0.0, Diff: 0.0, Sum: 0.0]
      [Object Copy (ms): Min: 0.0, Avg: 0.1, Max: 0.2, Diff: 0.2, Sum: 0.5]
      [Termination (ms): Min: 0.0, Avg: 0.2, Max: 0.2, Diff: 0.2, Sum: 0.7]
         [Termination Attempts: Min: 1, Avg: 1.0, Max: 1, Diff: 0, Sum: 4]
      [GC Worker Other (ms): Min: 0.0, Avg: 0.0, Max: 0.0, Diff: 0.0, Sum: 0.0]
      [GC Worker Total (ms): Min: 1.3, Avg: 1.3, Max: 1.4, Diff: 0.1, Sum: 5.3]
      [GC Worker End (ms): Min: 790399.1, Avg: 790399.1, Max: 790399.2, Diff: 0.0]
   [Code Root Fixup: 0.0 ms]
   [Code Root Purge: 0.0 ms]
   [Clear CT: 0.2 ms]
   [Other: 0.8 ms]
      [Choose CSet: 0.0 ms]
      [Ref Proc: 0.6 ms]
      [Ref Enq: 0.0 ms]
      [Redirty Cards: 0.1 ms]
      [Humongous Register: 0.0 ms]
      [Humongous Reclaim: 0.0 ms]
      [Free CSet: 0.0 ms]
   [Eden: 67.0M(67.0M)->0.0B(67.0M) Survivors: 1024.0K->1024.0K Heap: 113.1M(128.0M)->46.1M(128.0M)]
 [Times: user=0.00 sys=0.00, real=0.00 secs] 
2020-11-10T16:38:06.405+0800: 795.888: [GC pause (G1 Evacuation Pause) (young), 0.0038123 secs]
   [Parallel Time: 2.7 ms, GC Workers: 4]
      [GC Worker Start (ms): Min: 795888.4, Avg: 795888.9, Max: 795890.3, Diff: 2.0]
      [Ext Root Scanning (ms): Min: 0.5, Avg: 0.9, Max: 1.3, Diff: 0.8, Sum: 3.6]
      [Update RS (ms): Min: 0.0, Avg: 0.5, Max: 1.0, Diff: 1.0, Sum: 2.1]
         [Processed Buffers: Min: 0, Avg: 9.5, Max: 22, Diff: 22, Sum: 38]
      [Scan RS (ms): Min: 0.0, Avg: 0.1, Max: 0.2, Diff: 0.2, Sum: 0.3]
      [Code Root Scanning (ms): Min: 0.0, Avg: 0.0, Max: 0.0, Diff: 0.0, Sum: 0.0]
      [Object Copy (ms): Min: 0.0, Avg: 0.2, Max: 0.5, Diff: 0.5, Sum: 0.6]
      [Termination (ms): Min: 0.0, Avg: 0.4, Max: 0.7, Diff: 0.7, Sum: 1.6]
         [Termination Attempts: Min: 1, Avg: 1.0, Max: 1, Diff: 0, Sum: 4]
      [GC Worker Other (ms): Min: 0.0, Avg: 0.0, Max: 0.0, Diff: 0.0, Sum: 0.0]
      [GC Worker Total (ms): Min: 0.5, Avg: 2.1, Max: 2.6, Diff: 2.1, Sum: 8.2]
      [GC Worker End (ms): Min: 795890.8, Avg: 795890.9, Max: 795891.0, Diff: 0.2]
   [Code Root Fixup: 0.0 ms]
   [Code Root Purge: 0.0 ms]
   [Clear CT: 0.1 ms]
   [Other: 1.0 ms]
      [Choose CSet: 0.0 ms]
      [Ref Proc: 0.8 ms]
      [Ref Enq: 0.0 ms]
      [Redirty Cards: 0.1 ms]
      [Humongous Register: 0.0 ms]
      [Humongous Reclaim: 0.0 ms]
      [Free CSet: 0.0 ms]
   [Eden: 67.0M(67.0M)->0.0B(67.0M) Survivors: 1024.0K->1024.0K Heap: 113.1M(128.0M)->46.1M(128.0M)]
 [Times: user=0.02 sys=0.00, real=0.00 secs] 
2020-11-10T16:38:10.748+0800: 800.231: [GC pause (G1 Evacuation Pause) (young), 0.0027385 secs]
   [Parallel Time: 1.3 ms, GC Workers: 4]
      [GC Worker Start (ms): Min: 800231.5, Avg: 800231.6, Max: 800231.6, Diff: 0.1]
      [Ext Root Scanning (ms): Min: 0.5, Avg: 0.8, Max: 1.2, Diff: 0.7, Sum: 3.0]
      [Update RS (ms): Min: 0.0, Avg: 0.2, Max: 0.2, Diff: 0.2, Sum: 0.6]
         [Processed Buffers: Min: 0, Avg: 9.5, Max: 21, Diff: 21, Sum: 38]
      [Scan RS (ms): Min: 0.0, Avg: 0.0, Max: 0.0, Diff: 0.0, Sum: 0.0]
      [Code Root Scanning (ms): Min: 0.0, Avg: 0.0, Max: 0.0, Diff: 0.0, Sum: 0.0]
      [Object Copy (ms): Min: 0.0, Avg: 0.2, Max: 0.3, Diff: 0.3, Sum: 0.6]
      [Termination (ms): Min: 0.0, Avg: 0.0, Max: 0.1, Diff: 0.1, Sum: 0.2]
         [Termination Attempts: Min: 1, Avg: 1.0, Max: 1, Diff: 0, Sum: 4]
      [GC Worker Other (ms): Min: 0.0, Avg: 0.0, Max: 0.0, Diff: 0.0, Sum: 0.0]
      [GC Worker Total (ms): Min: 1.1, Avg: 1.1, Max: 1.2, Diff: 0.1, Sum: 4.5]
      [GC Worker End (ms): Min: 800232.7, Avg: 800232.7, Max: 800232.7, Diff: 0.0]
   [Code Root Fixup: 0.0 ms]
   [Code Root Purge: 0.0 ms]
   [Clear CT: 0.3 ms]
   [Other: 1.1 ms]
      [Choose CSet: 0.0 ms]
      [Ref Proc: 0.7 ms]
      [Ref Enq: 0.0 ms]
      [Redirty Cards: 0.3 ms]
      [Humongous Register: 0.0 ms]
      [Humongous Reclaim: 0.0 ms]
      [Free CSet: 0.0 ms]
   [Eden: 67.0M(67.0M)->0.0B(67.0M) Survivors: 1024.0K->1024.0K Heap: 113.1M(128.0M)->46.0M(128.0M)]
 [Times: user=0.00 sys=0.00, real=0.00 secs] 
2020-11-10T16:38:16.665+0800: 806.149: [GC pause (G1 Evacuation Pause) (young), 0.0026250 secs]
   [Parallel Time: 1.4 ms, GC Workers: 4]
      [GC Worker Start (ms): Min: 806148.8, Avg: 806148.8, Max: 806148.8, Diff: 0.1]
      [Ext Root Scanning (ms): Min: 0.7, Avg: 1.0, Max: 1.2, Diff: 0.6, Sum: 3.9]
      [Update RS (ms): Min: 0.0, Avg: 0.1, Max: 0.3, Diff: 0.3, Sum: 0.5]
         [Processed Buffers: Min: 0, Avg: 8.5, Max: 25, Diff: 25, Sum: 34]
      [Scan RS (ms): Min: 0.0, Avg: 0.0, Max: 0.0, Diff: 0.0, Sum: 0.0]
      [Code Root Scanning (ms): Min: 0.0, Avg: 0.0, Max: 0.0, Diff: 0.0, Sum: 0.0]
      [Object Copy (ms): Min: 0.0, Avg: 0.1, Max: 0.2, Diff: 0.2, Sum: 0.5]
      [Termination (ms): Min: 0.0, Avg: 0.0, Max: 0.1, Diff: 0.1, Sum: 0.2]
         [Termination Attempts: Min: 1, Avg: 1.0, Max: 1, Diff: 0, Sum: 4]
      [GC Worker Other (ms): Min: 0.0, Avg: 0.0, Max: 0.0, Diff: 0.0, Sum: 0.0]
      [GC Worker Total (ms): Min: 1.2, Avg: 1.3, Max: 1.3, Diff: 0.1, Sum: 5.1]
      [GC Worker End (ms): Min: 806150.1, Avg: 806150.1, Max: 806150.1, Diff: 0.0]
   [Code Root Fixup: 0.0 ms]
   [Code Root Purge: 0.0 ms]
   [Clear CT: 0.2 ms]
   [Other: 1.0 ms]
      [Choose CSet: 0.0 ms]
      [Ref Proc: 0.8 ms]
      [Ref Enq: 0.0 ms]
      [Redirty Cards: 0.1 ms]
      [Humongous Register: 0.0 ms]
      [Humongous Reclaim: 0.0 ms]
      [Free CSet: 0.0 ms]
   [Eden: 67.0M(67.0M)->0.0B(67.0M) Survivors: 1024.0K->1024.0K Heap: 113.0M(128.0M)->46.1M(128.0M)]
 [Times: user=0.00 sys=0.00, real=0.00 secs] 
2020-11-10T16:38:22.141+0800: 811.624: [GC pause (G1 Evacuation Pause) (young), 0.0026643 secs]
   [Parallel Time: 1.3 ms, GC Workers: 4]
      [GC Worker Start (ms): Min: 811624.2, Avg: 811624.3, Max: 811624.3, Diff: 0.1]
      [Ext Root Scanning (ms): Min: 0.6, Avg: 0.8, Max: 1.2, Diff: 0.5, Sum: 3.2]
      [Update RS (ms): Min: 0.0, Avg: 0.1, Max: 0.2, Diff: 0.2, Sum: 0.5]
         [Processed Buffers: Min: 0, Avg: 8.5, Max: 32, Diff: 32, Sum: 34]
      [Scan RS (ms): Min: 0.0, Avg: 0.0, Max: 0.0, Diff: 0.0, Sum: 0.0]
      [Code Root Scanning (ms): Min: 0.0, Avg: 0.0, Max: 0.0, Diff: 0.0, Sum: 0.0]
      [Object Copy (ms): Min: 0.0, Avg: 0.1, Max: 0.2, Diff: 0.2, Sum: 0.5]
      [Termination (ms): Min: 0.0, Avg: 0.1, Max: 0.1, Diff: 0.1, Sum: 0.3]
         [Termination Attempts: Min: 1, Avg: 1.0, Max: 1, Diff: 0, Sum: 4]
      [GC Worker Other (ms): Min: 0.0, Avg: 0.0, Max: 0.0, Diff: 0.0, Sum: 0.0]
      [GC Worker Total (ms): Min: 1.1, Avg: 1.2, Max: 1.2, Diff: 0.1, Sum: 4.6]
      [GC Worker End (ms): Min: 811625.4, Avg: 811625.4, Max: 811625.4, Diff: 0.0]
   [Code Root Fixup: 0.0 ms]
   [Code Root Purge: 0.0 ms]
   [Clear CT: 0.3 ms]
   [Other: 1.0 ms]
      [Choose CSet: 0.0 ms]
      [Ref Proc: 0.8 ms]
      [Ref Enq: 0.0 ms]
      [Redirty Cards: 0.1 ms]
      [Humongous Register: 0.0 ms]
      [Humongous Reclaim: 0.0 ms]
      [Free CSet: 0.0 ms]
   [Eden: 67.0M(67.0M)->0.0B(67.0M) Survivors: 1024.0K->1024.0K Heap: 113.1M(128.0M)->46.1M(128.0M)]
 [Times: user=0.06 sys=0.00, real=0.00 secs] 
2020-11-10T16:38:26.299+0800: 815.782: [GC pause (G1 Evacuation Pause) (young), 0.0023350 secs]
   [Parallel Time: 1.3 ms, GC Workers: 4]
      [GC Worker Start (ms): Min: 815782.2, Avg: 815782.2, Max: 815782.3, Diff: 0.1]
      [Ext Root Scanning (ms): Min: 0.6, Avg: 0.8, Max: 1.2, Diff: 0.6, Sum: 3.3]
      [Update RS (ms): Min: 0.0, Avg: 0.2, Max: 0.2, Diff: 0.2, Sum: 0.6]
         [Processed Buffers: Min: 0, Avg: 9.0, Max: 25, Diff: 25, Sum: 36]
      [Scan RS (ms): Min: 0.0, Avg: 0.0, Max: 0.0, Diff: 0.0, Sum: 0.0]
      [Code Root Scanning (ms): Min: 0.0, Avg: 0.0, Max: 0.0, Diff: 0.0, Sum: 0.0]
      [Object Copy (ms): Min: 0.0, Avg: 0.1, Max: 0.2, Diff: 0.2, Sum: 0.5]
      [Termination (ms): Min: 0.0, Avg: 0.1, Max: 0.2, Diff: 0.2, Sum: 0.4]
         [Termination Attempts: Min: 1, Avg: 1.0, Max: 1, Diff: 0, Sum: 4]
      [GC Worker Other (ms): Min: 0.0, Avg: 0.0, Max: 0.0, Diff: 0.0, Sum: 0.0]
      [GC Worker Total (ms): Min: 1.2, Avg: 1.2, Max: 1.3, Diff: 0.1, Sum: 5.0]
      [GC Worker End (ms): Min: 815783.4, Avg: 815783.5, Max: 815783.5, Diff: 0.0]
   [Code Root Fixup: 0.1 ms]
   [Code Root Purge: 0.0 ms]
   [Clear CT: 0.1 ms]
   [Other: 0.9 ms]
      [Choose CSet: 0.0 ms]
      [Ref Proc: 0.7 ms]
      [Ref Enq: 0.0 ms]
      [Redirty Cards: 0.1 ms]
      [Humongous Register: 0.0 ms]
      [Humongous Reclaim: 0.0 ms]
      [Free CSet: 0.1 ms]
   [Eden: 67.0M(67.0M)->0.0B(67.0M) Survivors: 1024.0K->1024.0K Heap: 113.1M(128.0M)->46.2M(128.0M)]
 [Times: user=0.00 sys=0.00, real=0.00 secs] 
2020-11-10T16:38:30.338+0800: 819.821: [GC pause (G1 Evacuation Pause) (young), 0.0025909 secs]
   [Parallel Time: 1.4 ms, GC Workers: 4]
      [GC Worker Start (ms): Min: 819821.5, Avg: 819821.6, Max: 819821.6, Diff: 0.1]
      [Ext Root Scanning (ms): Min: 0.6, Avg: 0.8, Max: 1.4, Diff: 0.7, Sum: 3.3]
      [Update RS (ms): Min: 0.0, Avg: 0.1, Max: 0.2, Diff: 0.2, Sum: 0.5]
         [Processed Buffers: Min: 0, Avg: 7.8, Max: 27, Diff: 27, Sum: 31]
      [Scan RS (ms): Min: 0.0, Avg: 0.0, Max: 0.0, Diff: 0.0, Sum: 0.0]
      [Code Root Scanning (ms): Min: 0.0, Avg: 0.0, Max: 0.0, Diff: 0.0, Sum: 0.0]
      [Object Copy (ms): Min: 0.0, Avg: 0.1, Max: 0.2, Diff: 0.2, Sum: 0.5]
      [Termination (ms): Min: 0.0, Avg: 0.3, Max: 0.3, Diff: 0.3, Sum: 1.0]
         [Termination Attempts: Min: 1, Avg: 1.0, Max: 1, Diff: 0, Sum: 4]
      [GC Worker Other (ms): Min: 0.0, Avg: 0.0, Max: 0.0, Diff: 0.0, Sum: 0.1]
      [GC Worker Total (ms): Min: 1.3, Avg: 1.3, Max: 1.4, Diff: 0.1, Sum: 5.4]
      [GC Worker End (ms): Min: 819822.9, Avg: 819822.9, Max: 819822.9, Diff: 0.0]
   [Code Root Fixup: 0.0 ms]
   [Code Root Purge: 0.0 ms]
   [Clear CT: 0.1 ms]
   [Other: 1.0 ms]
      [Choose CSet: 0.0 ms]
      [Ref Proc: 0.6 ms]
      [Ref Enq: 0.0 ms]
      [Redirty Cards: 0.3 ms]
      [Humongous Register: 0.0 ms]
      [Humongous Reclaim: 0.0 ms]
      [Free CSet: 0.0 ms]
   [Eden: 67.0M(67.0M)->0.0B(67.0M) Survivors: 1024.0K->1024.0K Heap: 113.2M(128.0M)->46.1M(128.0M)]
 [Times: user=0.00 sys=0.00, real=0.00 secs] 
2020-11-10T16:38:34.850+0800: 824.333: [GC pause (G1 Evacuation Pause) (young), 0.0041698 secs]
   [Parallel Time: 2.7 ms, GC Workers: 4]
      [GC Worker Start (ms): Min: 824333.0, Avg: 824333.1, Max: 824333.2, Diff: 0.1]
      [Ext Root Scanning (ms): Min: 1.2, Avg: 1.6, Max: 2.5, Diff: 1.3, Sum: 6.3]
      [Update RS (ms): Min: 0.0, Avg: 0.3, Max: 0.5, Diff: 0.5, Sum: 1.1]
         [Processed Buffers: Min: 0, Avg: 8.0, Max: 27, Diff: 27, Sum: 32]
      [Scan RS (ms): Min: 0.0, Avg: 0.0, Max: 0.0, Diff: 0.0, Sum: 0.0]
      [Code Root Scanning (ms): Min: 0.0, Avg: 0.0, Max: 0.0, Diff: 0.0, Sum: 0.0]
      [Object Copy (ms): Min: 0.0, Avg: 0.2, Max: 0.3, Diff: 0.3, Sum: 0.8]
      [Termination (ms): Min: 0.0, Avg: 0.4, Max: 0.5, Diff: 0.5, Sum: 1.6]
         [Termination Attempts: Min: 1, Avg: 1.0, Max: 1, Diff: 0, Sum: 4]
      [GC Worker Other (ms): Min: 0.0, Avg: 0.0, Max: 0.0, Diff: 0.0, Sum: 0.1]
      [GC Worker Total (ms): Min: 2.4, Avg: 2.5, Max: 2.5, Diff: 0.1, Sum: 9.9]
      [GC Worker End (ms): Min: 824335.5, Avg: 824335.5, Max: 824335.6, Diff: 0.0]
   [Code Root Fixup: 0.0 ms]
   [Code Root Purge: 0.0 ms]
   [Clear CT: 0.3 ms]
   [Other: 1.2 ms]
      [Choose CSet: 0.0 ms]
      [Ref Proc: 0.8 ms]
      [Ref Enq: 0.0 ms]
      [Redirty Cards: 0.3 ms]
      [Humongous Register: 0.0 ms]
      [Humongous Reclaim: 0.0 ms]
      [Free CSet: 0.0 ms]
   [Eden: 67.0M(67.0M)->0.0B(67.0M) Survivors: 1024.0K->1024.0K Heap: 113.1M(128.0M)->46.1M(128.0M)]
 [Times: user=0.00 sys=0.00, real=0.00 secs] 
2020-11-10T16:38:38.959+0800: 828.443: [GC pause (G1 Evacuation Pause) (young), 0.0029476 secs]
   [Parallel Time: 1.4 ms, GC Workers: 4]
      [GC Worker Start (ms): Min: 828442.7, Avg: 828442.7, Max: 828442.7, Diff: 0.0]
      [Ext Root Scanning (ms): Min: 0.6, Avg: 0.8, Max: 1.3, Diff: 0.7, Sum: 3.2]
      [Update RS (ms): Min: 0.0, Avg: 0.2, Max: 0.2, Diff: 0.2, Sum: 0.7]
         [Processed Buffers: Min: 0, Avg: 8.5, Max: 16, Diff: 16, Sum: 34]
      [Scan RS (ms): Min: 0.0, Avg: 0.0, Max: 0.0, Diff: 0.0, Sum: 0.0]
      [Code Root Scanning (ms): Min: 0.0, Avg: 0.0, Max: 0.0, Diff: 0.0, Sum: 0.0]
      [Object Copy (ms): Min: 0.0, Avg: 0.1, Max: 0.2, Diff: 0.2, Sum: 0.5]
      [Termination (ms): Min: 0.0, Avg: 0.2, Max: 0.3, Diff: 0.3, Sum: 0.9]
         [Termination Attempts: Min: 1, Avg: 1.3, Max: 2, Diff: 1, Sum: 5]
      [GC Worker Other (ms): Min: 0.0, Avg: 0.0, Max: 0.0, Diff: 0.0, Sum: 0.0]
      [GC Worker Total (ms): Min: 1.3, Avg: 1.3, Max: 1.3, Diff: 0.0, Sum: 5.3]
      [GC Worker End (ms): Min: 828444.1, Avg: 828444.1, Max: 828444.1, Diff: 0.0]
   [Code Root Fixup: 0.0 ms]
   [Code Root Purge: 0.0 ms]
   [Clear CT: 0.3 ms]
   [Other: 1.2 ms]
      [Choose CSet: 0.0 ms]
      [Ref Proc: 0.7 ms]
      [Ref Enq: 0.0 ms]
      [Redirty Cards: 0.4 ms]
      [Humongous Register: 0.0 ms]
      [Humongous Reclaim: 0.0 ms]
      [Free CSet: 0.0 ms]
   [Eden: 67.0M(67.0M)->0.0B(67.0M) Survivors: 1024.0K->1024.0K Heap: 113.1M(128.0M)->46.2M(128.0M)]
 [Times: user=0.00 sys=0.00, real=0.00 secs] 
2020-11-10T16:38:42.943+0800: 832.426: [GC pause (G1 Evacuation Pause) (young), 0.0029300 secs]
   [Parallel Time: 1.4 ms, GC Workers: 4]
      [GC Worker Start (ms): Min: 832426.3, Avg: 832426.4, Max: 832426.5, Diff: 0.1]
      [Ext Root Scanning (ms): Min: 0.6, Avg: 0.8, Max: 1.2, Diff: 0.6, Sum: 3.1]
      [Update RS (ms): Min: 0.0, Avg: 0.1, Max: 0.2, Diff: 0.2, Sum: 0.5]
         [Processed Buffers: Min: 0, Avg: 7.3, Max: 19, Diff: 19, Sum: 29]
      [Scan RS (ms): Min: 0.0, Avg: 0.0, Max: 0.0, Diff: 0.0, Sum: 0.0]
      [Code Root Scanning (ms): Min: 0.0, Avg: 0.0, Max: 0.0, Diff: 0.0, Sum: 0.0]
      [Object Copy (ms): Min: 0.0, Avg: 0.1, Max: 0.2, Diff: 0.2, Sum: 0.5]
      [Termination (ms): Min: 0.0, Avg: 0.1, Max: 0.2, Diff: 0.2, Sum: 0.5]
         [Termination Attempts: Min: 1, Avg: 1.0, Max: 1, Diff: 0, Sum: 4]
      [GC Worker Other (ms): Min: 0.0, Avg: 0.0, Max: 0.0, Diff: 0.0, Sum: 0.1]
      [GC Worker Total (ms): Min: 1.1, Avg: 1.2, Max: 1.2, Diff: 0.1, Sum: 4.7]
      [GC Worker End (ms): Min: 832427.6, Avg: 832427.6, Max: 832427.6, Diff: 0.0]
   [Code Root Fixup: 0.0 ms]
   [Code Root Purge: 0.0 ms]
   [Clear CT: 0.3 ms]
   [Other: 1.2 ms]
      [Choose CSet: 0.0 ms]
      [Ref Proc: 0.8 ms]
      [Ref Enq: 0.0 ms]
      [Redirty Cards: 0.3 ms]
      [Humongous Register: 0.0 ms]
      [Humongous Reclaim: 0.0 ms]
      [Free CSet: 0.0 ms]
   [Eden: 67.0M(67.0M)->0.0B(67.0M) Survivors: 1024.0K->1024.0K Heap: 113.2M(128.0M)->46.1M(128.0M)]
 [Times: user=0.00 sys=0.00, real=0.00 secs] 
2020-11-10T16:38:47.062+0800: 836.545: [GC pause (G1 Evacuation Pause) (young), 0.0030202 secs]
   [Parallel Time: 1.4 ms, GC Workers: 4]
      [GC Worker Start (ms): Min: 836545.1, Avg: 836545.1, Max: 836545.1, Diff: 0.0]
      [Ext Root Scanning (ms): Min: 0.7, Avg: 0.8, Max: 1.3, Diff: 0.6, Sum: 3.4]
      [Update RS (ms): Min: 0.0, Avg: 0.1, Max: 0.2, Diff: 0.2, Sum: 0.6]
         [Processed Buffers: Min: 0, Avg: 8.5, Max: 19, Diff: 19, Sum: 34]
      [Scan RS (ms): Min: 0.0, Avg: 0.0, Max: 0.0, Diff: 0.0, Sum: 0.0]
      [Code Root Scanning (ms): Min: 0.0, Avg: 0.0, Max: 0.0, Diff: 0.0, Sum: 0.0]
      [Object Copy (ms): Min: 0.0, Avg: 0.1, Max: 0.2, Diff: 0.2, Sum: 0.5]
      [Termination (ms): Min: 0.0, Avg: 0.1, Max: 0.2, Diff: 0.2, Sum: 0.5]
         [Termination Attempts: Min: 1, Avg: 1.0, Max: 1, Diff: 0, Sum: 4]
      [GC Worker Other (ms): Min: 0.0, Avg: 0.0, Max: 0.0, Diff: 0.0, Sum: 0.0]
      [GC Worker Total (ms): Min: 1.3, Avg: 1.3, Max: 1.3, Diff: 0.0, Sum: 5.1]
      [GC Worker End (ms): Min: 836546.4, Avg: 836546.4, Max: 836546.4, Diff: 0.0]
   [Code Root Fixup: 0.0 ms]
   [Code Root Purge: 0.0 ms]
   [Clear CT: 0.3 ms]
   [Other: 1.3 ms]
      [Choose CSet: 0.0 ms]
      [Ref Proc: 0.8 ms]
      [Ref Enq: 0.0 ms]
      [Redirty Cards: 0.4 ms]
      [Humongous Register: 0.0 ms]
      [Humongous Reclaim: 0.0 ms]
      [Free CSet: 0.0 ms]
   [Eden: 67.0M(67.0M)->0.0B(67.0M) Survivors: 1024.0K->1024.0K Heap: 113.1M(128.0M)->46.2M(128.0M)]
 [Times: user=0.05 sys=0.00, real=0.00 secs] 
2020-11-10T16:38:51.465+0800: 840.949: [GC pause (G1 Evacuation Pause) (young), 0.0024351 secs]
   [Parallel Time: 1.5 ms, GC Workers: 4]
      [GC Worker Start (ms): Min: 840948.6, Avg: 840948.7, Max: 840948.7, Diff: 0.1]
      [Ext Root Scanning (ms): Min: 0.6, Avg: 0.8, Max: 1.4, Diff: 0.8, Sum: 3.3]
      [Update RS (ms): Min: 0.0, Avg: 0.1, Max: 0.2, Diff: 0.2, Sum: 0.5]
         [Processed Buffers: Min: 0, Avg: 8.8, Max: 26, Diff: 26, Sum: 35]
      [Scan RS (ms): Min: 0.0, Avg: 0.0, Max: 0.0, Diff: 0.0, Sum: 0.0]
      [Code Root Scanning (ms): Min: 0.0, Avg: 0.0, Max: 0.0, Diff: 0.0, Sum: 0.0]
      [Object Copy (ms): Min: 0.0, Avg: 0.1, Max: 0.2, Diff: 0.2, Sum: 0.5]
      [Termination (ms): Min: 0.0, Avg: 0.2, Max: 0.3, Diff: 0.3, Sum: 0.9]
         [Termination Attempts: Min: 1, Avg: 1.0, Max: 1, Diff: 0, Sum: 4]
      [GC Worker Other (ms): Min: 0.0, Avg: 0.0, Max: 0.0, Diff: 0.0, Sum: 0.0]
      [GC Worker Total (ms): Min: 1.3, Avg: 1.3, Max: 1.4, Diff: 0.1, Sum: 5.3]
      [GC Worker End (ms): Min: 840950.0, Avg: 840950.0, Max: 840950.0, Diff: 0.0]
   [Code Root Fixup: 0.0 ms]
   [Code Root Purge: 0.0 ms]
   [Clear CT: 0.0 ms]
   [Other: 0.9 ms]
      [Choose CSet: 0.0 ms]
      [Ref Proc: 0.7 ms]
      [Ref Enq: 0.0 ms]
      [Redirty Cards: 0.0 ms]
      [Humongous Register: 0.0 ms]
      [Humongous Reclaim: 0.0 ms]
      [Free CSet: 0.0 ms]
   [Eden: 67.0M(67.0M)->0.0B(67.0M) Survivors: 1024.0K->1024.0K Heap: 113.2M(128.0M)->46.2M(128.0M)]
 [Times: user=0.00 sys=0.00, real=0.00 secs] 
2020-11-10T16:38:55.758+0800: 845.241: [GC pause (G1 Evacuation Pause) (young), 0.0030566 secs]
   [Parallel Time: 1.6 ms, GC Workers: 4]
      [GC Worker Start (ms): Min: 845241.0, Avg: 845241.4, Max: 845242.4, Diff: 1.4]
      [Ext Root Scanning (ms): Min: 0.0, Avg: 0.9, Max: 1.4, Diff: 1.4, Sum: 3.5]
      [Update RS (ms): Min: 0.1, Avg: 0.2, Max: 0.4, Diff: 0.3, Sum: 0.8]
         [Processed Buffers: Min: 2, Avg: 8.0, Max: 17, Diff: 15, Sum: 32]
      [Scan RS (ms): Min: 0.0, Avg: 0.0, Max: 0.0, Diff: 0.0, Sum: 0.0]
      [Code Root Scanning (ms): Min: 0.0, Avg: 0.0, Max: 0.0, Diff: 0.0, Sum: 0.0]
      [Object Copy (ms): Min: 0.1, Avg: 0.2, Max: 0.2, Diff: 0.1, Sum: 0.7]
      [Termination (ms): Min: 0.0, Avg: 0.0, Max: 0.0, Diff: 0.0, Sum: 0.0]
         [Termination Attempts: Min: 1, Avg: 1.0, Max: 1, Diff: 0, Sum: 4]
      [GC Worker Other (ms): Min: 0.0, Avg: 0.0, Max: 0.0, Diff: 0.0, Sum: 0.0]
      [GC Worker Total (ms): Min: 0.2, Avg: 1.3, Max: 1.6, Diff: 1.4, Sum: 5.0]
      [GC Worker End (ms): Min: 845242.6, Avg: 845242.6, Max: 845242.6, Diff: 0.0]
   [Code Root Fixup: 0.0 ms]
   [Code Root Purge: 0.0 ms]
   [Clear CT: 0.4 ms]
   [Other: 1.0 ms]
      [Choose CSet: 0.0 ms]
      [Ref Proc: 0.8 ms]
      [Ref Enq: 0.0 ms]
      [Redirty Cards: 0.2 ms]
      [Humongous Register: 0.0 ms]
      [Humongous Reclaim: 0.0 ms]
      [Free CSet: 0.0 ms]
   [Eden: 67.0M(67.0M)->0.0B(67.0M) Survivors: 1024.0K->1024.0K Heap: 113.2M(128.0M)->46.2M(128.0M)]
 [Times: user=0.00 sys=0.00, real=0.00 secs] 
2020-11-10T16:39:01.636+0800: 851.119: [GC pause (G1 Evacuation Pause) (young), 0.0033854 secs]
   [Parallel Time: 2.0 ms, GC Workers: 4]
      [GC Worker Start (ms): Min: 851119.1, Avg: 851119.2, Max: 851119.2, Diff: 0.1]
      [Ext Root Scanning (ms): Min: 0.7, Avg: 1.1, Max: 1.9, Diff: 1.2, Sum: 4.5]
      [Update RS (ms): Min: 0.0, Avg: 0.1, Max: 0.3, Diff: 0.3, Sum: 0.6]
         [Processed Buffers: Min: 0, Avg: 8.8, Max: 25, Diff: 25, Sum: 35]
      [Scan RS (ms): Min: 0.0, Avg: 0.0, Max: 0.0, Diff: 0.0, Sum: 0.1]
      [Code Root Scanning (ms): Min: 0.0, Avg: 0.0, Max: 0.0, Diff: 0.0, Sum: 0.0]
      [Object Copy (ms): Min: 0.0, Avg: 0.2, Max: 0.3, Diff: 0.3, Sum: 0.7]
      [Termination (ms): Min: 0.0, Avg: 0.4, Max: 0.6, Diff: 0.6, Sum: 1.6]
         [Termination Attempts: Min: 1, Avg: 1.5, Max: 2, Diff: 1, Sum: 6]
      [GC Worker Other (ms): Min: 0.0, Avg: 0.0, Max: 0.0, Diff: 0.0, Sum: 0.0]
      [GC Worker Total (ms): Min: 1.8, Avg: 1.9, Max: 1.9, Diff: 0.1, Sum: 7.5]
      [GC Worker End (ms): Min: 851121.1, Avg: 851121.1, Max: 851121.1, Diff: 0.0]
   [Code Root Fixup: 0.1 ms]
   [Code Root Purge: 0.0 ms]
   [Clear CT: 0.2 ms]
   [Other: 1.1 ms]
      [Choose CSet: 0.0 ms]
      [Ref Proc: 0.6 ms]
      [Ref Enq: 0.0 ms]
      [Redirty Cards: 0.4 ms]
      [Humongous Register: 0.0 ms]
      [Humongous Reclaim: 0.0 ms]
      [Free CSet: 0.0 ms]
   [Eden: 67.0M(67.0M)->0.0B(67.0M) Survivors: 1024.0K->1024.0K Heap: 113.2M(128.0M)->46.2M(128.0M)]
 [Times: user=0.00 sys=0.00, real=0.00 secs] 
2020-11-10T16:39:06.048+0800: 855.532: [GC pause (G1 Evacuation Pause) (young), 0.0028641 secs]
   [Parallel Time: 1.3 ms, GC Workers: 4]
      [GC Worker Start (ms): Min: 855531.9, Avg: 855532.0, Max: 855532.0, Diff: 0.1]
      [Ext Root Scanning (ms): Min: 0.6, Avg: 0.8, Max: 1.3, Diff: 0.6, Sum: 3.2]
      [Update RS (ms): Min: 0.0, Avg: 0.1, Max: 0.3, Diff: 0.3, Sum: 0.6]
         [Processed Buffers: Min: 0, Avg: 8.8, Max: 18, Diff: 18, Sum: 35]
      [Scan RS (ms): Min: 0.0, Avg: 0.0, Max: 0.0, Diff: 0.0, Sum: 0.0]
      [Code Root Scanning (ms): Min: 0.0, Avg: 0.0, Max: 0.0, Diff: 0.0, Sum: 0.0]
      [Object Copy (ms): Min: 0.0, Avg: 0.1, Max: 0.2, Diff: 0.2, Sum: 0.6]
      [Termination (ms): Min: 0.0, Avg: 0.1, Max: 0.2, Diff: 0.2, Sum: 0.5]
         [Termination Attempts: Min: 1, Avg: 1.0, Max: 1, Diff: 0, Sum: 4]
      [GC Worker Other (ms): Min: 0.0, Avg: 0.0, Max: 0.0, Diff: 0.0, Sum: 0.0]
      [GC Worker Total (ms): Min: 1.2, Avg: 1.2, Max: 1.3, Diff: 0.1, Sum: 4.9]
      [GC Worker End (ms): Min: 855533.2, Avg: 855533.2, Max: 855533.2, Diff: 0.0]
   [Code Root Fixup: 0.0 ms]
   [Code Root Purge: 0.0 ms]
   [Clear CT: 0.3 ms]
   [Other: 1.2 ms]
      [Choose CSet: 0.0 ms]
      [Ref Proc: 0.8 ms]
      [Ref Enq: 0.0 ms]
      [Redirty Cards: 0.3 ms]
      [Humongous Register: 0.0 ms]
      [Humongous Reclaim: 0.0 ms]
      [Free CSet: 0.0 ms]
   [Eden: 67.0M(67.0M)->0.0B(67.0M) Survivors: 1024.0K->1024.0K Heap: 113.2M(128.0M)->46.1M(128.0M)]
 [Times: user=0.00 sys=0.00, real=0.00 secs] 
2020-11-10T16:39:10.844+0800: 860.327: [GC pause (G1 Evacuation Pause) (young), 0.0029146 secs]
   [Parallel Time: 1.3 ms, GC Workers: 4]
      [GC Worker Start (ms): Min: 860327.2, Avg: 860327.2, Max: 860327.3, Diff: 0.1]
      [Ext Root Scanning (ms): Min: 0.6, Avg: 0.8, Max: 1.3, Diff: 0.6, Sum: 3.3]
      [Update RS (ms): Min: 0.0, Avg: 0.2, Max: 0.3, Diff: 0.3, Sum: 0.8]
         [Processed Buffers: Min: 0, Avg: 9.3, Max: 27, Diff: 27, Sum: 37]
      [Scan RS (ms): Min: 0.0, Avg: 0.0, Max: 0.0, Diff: 0.0, Sum: 0.0]
      [Code Root Scanning (ms): Min: 0.0, Avg: 0.0, Max: 0.0, Diff: 0.0, Sum: 0.0]
      [Object Copy (ms): Min: 0.0, Avg: 0.1, Max: 0.2, Diff: 0.2, Sum: 0.6]
      [Termination (ms): Min: 0.0, Avg: 0.0, Max: 0.1, Diff: 0.1, Sum: 0.2]
         [Termination Attempts: Min: 1, Avg: 1.0, Max: 1, Diff: 0, Sum: 4]
      [GC Worker Other (ms): Min: 0.0, Avg: 0.0, Max: 0.0, Diff: 0.0, Sum: 0.0]
      [GC Worker Total (ms): Min: 1.2, Avg: 1.2, Max: 1.3, Diff: 0.1, Sum: 4.9]
      [GC Worker End (ms): Min: 860328.5, Avg: 860328.5, Max: 860328.5, Diff: 0.0]
   [Code Root Fixup: 0.0 ms]
   [Code Root Purge: 0.0 ms]
   [Clear CT: 0.0 ms]
   [Other: 1.5 ms]
      [Choose CSet: 0.0 ms]
      [Ref Proc: 1.3 ms]
      [Ref Enq: 0.0 ms]
      [Redirty Cards: 0.0 ms]
      [Humongous Register: 0.0 ms]
      [Humongous Reclaim: 0.0 ms]
      [Free CSet: 0.0 ms]
   [Eden: 67.0M(67.0M)->0.0B(67.0M) Survivors: 1024.0K->1024.0K Heap: 113.1M(128.0M)->46.2M(128.0M)]
 [Times: user=0.06 sys=0.00, real=0.00 secs] 
2020-11-10T16:39:15.285+0800: 864.769: [GC pause (G1 Evacuation Pause) (young), 0.0052644 secs]
   [Parallel Time: 3.7 ms, GC Workers: 4]
      [GC Worker Start (ms): Min: 864768.8, Avg: 864768.9, Max: 864769.1, Diff: 0.2]
      [Ext Root Scanning (ms): Min: 1.8, Avg: 2.6, Max: 3.4, Diff: 1.6, Sum: 10.3]
      [Update RS (ms): Min: 0.0, Avg: 0.4, Max: 0.7, Diff: 0.7, Sum: 1.5]
         [Processed Buffers: Min: 0, Avg: 8.3, Max: 30, Diff: 30, Sum: 33]
      [Scan RS (ms): Min: 0.0, Avg: 0.0, Max: 0.0, Diff: 0.0, Sum: 0.0]
      [Code Root Scanning (ms): Min: 0.0, Avg: 0.0, Max: 0.0, Diff: 0.0, Sum: 0.0]
      [Object Copy (ms): Min: 0.0, Avg: 0.2, Max: 0.4, Diff: 0.4, Sum: 0.9]
      [Termination (ms): Min: 0.0, Avg: 0.3, Max: 0.4, Diff: 0.4, Sum: 1.0]
         [Termination Attempts: Min: 1, Avg: 1.5, Max: 2, Diff: 1, Sum: 6]
      [GC Worker Other (ms): Min: 0.0, Avg: 0.0, Max: 0.0, Diff: 0.0, Sum: 0.1]
      [GC Worker Total (ms): Min: 3.3, Avg: 3.5, Max: 3.6, Diff: 0.2, Sum: 13.9]
      [GC Worker End (ms): Min: 864772.4, Avg: 864772.4, Max: 864772.4, Diff: 0.0]
   [Code Root Fixup: 0.0 ms]
   [Code Root Purge: 0.0 ms]
   [Clear CT: 0.3 ms]
   [Other: 1.2 ms]
      [Choose CSet: 0.0 ms]
      [Ref Proc: 0.8 ms]
      [Ref Enq: 0.0 ms]
      [Redirty Cards: 0.3 ms]
      [Humongous Register: 0.0 ms]
      [Humongous Reclaim: 0.0 ms]
      [Free CSet: 0.0 ms]
   [Eden: 67.0M(67.0M)->0.0B(67.0M) Survivors: 1024.0K->1024.0K Heap: 113.2M(128.0M)->46.2M(128.0M)]
 [Times: user=0.00 sys=0.00, real=0.01 secs] 
2020-11-10T16:39:19.784+0800: 869.267: [GC pause (G1 Evacuation Pause) (young), 0.0027990 secs]
   [Parallel Time: 1.4 ms, GC Workers: 4]
      [GC Worker Start (ms): Min: 869267.2, Avg: 869267.3, Max: 869267.3, Diff: 0.1]
      [Ext Root Scanning (ms): Min: 0.7, Avg: 0.8, Max: 1.3, Diff: 0.6, Sum: 3.4]
      [Update RS (ms): Min: 0.0, Avg: 0.1, Max: 0.2, Diff: 0.2, Sum: 0.5]
         [Processed Buffers: Min: 0, Avg: 7.8, Max: 21, Diff: 21, Sum: 31]
      [Scan RS (ms): Min: 0.0, Avg: 0.0, Max: 0.0, Diff: 0.0, Sum: 0.0]
      [Code Root Scanning (ms): Min: 0.0, Avg: 0.0, Max: 0.0, Diff: 0.0, Sum: 0.0]
      [Object Copy (ms): Min: 0.0, Avg: 0.1, Max: 0.2, Diff: 0.2, Sum: 0.5]
      [Termination (ms): Min: 0.0, Avg: 0.1, Max: 0.1, Diff: 0.1, Sum: 0.4]
         [Termination Attempts: Min: 1, Avg: 1.0, Max: 1, Diff: 0, Sum: 4]
      [GC Worker Other (ms): Min: 0.0, Avg: 0.0, Max: 0.0, Diff: 0.0, Sum: 0.0]
      [GC Worker Total (ms): Min: 1.2, Avg: 1.2, Max: 1.3, Diff: 0.1, Sum: 4.9]
      [GC Worker End (ms): Min: 869268.5, Avg: 869268.5, Max: 869268.5, Diff: 0.0]
   [Code Root Fixup: 0.0 ms]
   [Code Root Purge: 0.0 ms]
   [Clear CT: 0.3 ms]
   [Other: 1.1 ms]
      [Choose CSet: 0.0 ms]
      [Ref Proc: 0.7 ms]
      [Ref Enq: 0.0 ms]
      [Redirty Cards: 0.2 ms]
      [Humongous Register: 0.0 ms]
      [Humongous Reclaim: 0.0 ms]
      [Free CSet: 0.0 ms]
   [Eden: 67.0M(67.0M)->0.0B(67.0M) Survivors: 1024.0K->1024.0K Heap: 113.2M(128.0M)->46.2M(128.0M)]
 [Times: user=0.00 sys=0.00, real=0.00 secs] 
2020-11-10T16:39:24.613+0800: 874.097: [GC pause (G1 Evacuation Pause) (young), 0.0026004 secs]
   [Parallel Time: 1.3 ms, GC Workers: 4]
      [GC Worker Start (ms): Min: 874096.8, Avg: 874096.8, Max: 874096.9, Diff: 0.1]
      [Ext Root Scanning (ms): Min: 0.6, Avg: 0.8, Max: 1.3, Diff: 0.7, Sum: 3.3]
      [Update RS (ms): Min: 0.0, Avg: 0.1, Max: 0.2, Diff: 0.2, Sum: 0.5]
         [Processed Buffers: Min: 0, Avg: 7.8, Max: 22, Diff: 22, Sum: 31]
      [Scan RS (ms): Min: 0.0, Avg: 0.0, Max: 0.0, Diff: 0.0, Sum: 0.0]
      [Code Root Scanning (ms): Min: 0.0, Avg: 0.0, Max: 0.0, Diff: 0.0, Sum: 0.0]
      [Object Copy (ms): Min: 0.0, Avg: 0.1, Max: 0.2, Diff: 0.2, Sum: 0.6]
      [Termination (ms): Min: 0.0, Avg: 0.1, Max: 0.2, Diff: 0.2, Sum: 0.5]
         [Termination Attempts: Min: 1, Avg: 1.0, Max: 1, Diff: 0, Sum: 4]
      [GC Worker Other (ms): Min: 0.0, Avg: 0.0, Max: 0.0, Diff: 0.0, Sum: 0.0]
      [GC Worker Total (ms): Min: 1.2, Avg: 1.2, Max: 1.3, Diff: 0.1, Sum: 4.9]
      [GC Worker End (ms): Min: 874098.0, Avg: 874098.0, Max: 874098.1, Diff: 0.0]
   [Code Root Fixup: 0.0 ms]
   [Code Root Purge: 0.0 ms]
   [Clear CT: 0.2 ms]
   [Other: 1.0 ms]
      [Choose CSet: 0.0 ms]
      [Ref Proc: 0.7 ms]
      [Ref Enq: 0.0 ms]
      [Redirty Cards: 0.3 ms]
      [Humongous Register: 0.0 ms]
      [Humongous Reclaim: 0.0 ms]
      [Free CSet: 0.0 ms]
   [Eden: 67.0M(67.0M)->0.0B(67.0M) Survivors: 1024.0K->1024.0K Heap: 113.2M(128.0M)->46.2M(128.0M)]
 [Times: user=0.00 sys=0.00, real=0.00 secs] 
2020-11-10T16:39:29.145+0800: 878.628: [GC pause (G1 Evacuation Pause) (young), 0.0024904 secs]
   [Parallel Time: 1.4 ms, GC Workers: 4]
      [GC Worker Start (ms): Min: 878628.3, Avg: 878628.4, Max: 878628.4, Diff: 0.1]
      [Ext Root Scanning (ms): Min: 0.6, Avg: 0.8, Max: 1.2, Diff: 0.6, Sum: 3.1]
      [Update RS (ms): Min: 0.0, Avg: 0.2, Max: 0.2, Diff: 0.2, Sum: 0.6]
         [Processed Buffers: Min: 0, Avg: 9.8, Max: 20, Diff: 20, Sum: 39]
      [Scan RS (ms): Min: 0.0, Avg: 0.0, Max: 0.0, Diff: 0.0, Sum: 0.0]
      [Code Root Scanning (ms): Min: 0.0, Avg: 0.0, Max: 0.0, Diff: 0.0, Sum: 0.0]
      [Object Copy (ms): Min: 0.0, Avg: 0.1, Max: 0.2, Diff: 0.2, Sum: 0.5]
      [Termination (ms): Min: 0.0, Avg: 0.1, Max: 0.1, Diff: 0.1, Sum: 0.3]
         [Termination Attempts: Min: 1, Avg: 1.0, Max: 1, Diff: 0, Sum: 4]
      [GC Worker Other (ms): Min: 0.0, Avg: 0.0, Max: 0.0, Diff: 0.0, Sum: 0.0]
      [GC Worker Total (ms): Min: 1.1, Avg: 1.2, Max: 1.2, Diff: 0.1, Sum: 4.6]
      [GC Worker End (ms): Min: 878629.5, Avg: 878629.5, Max: 878629.5, Diff: 0.0]
   [Code Root Fixup: 0.0 ms]
   [Code Root Purge: 0.0 ms]
   [Clear CT: 0.2 ms]
   [Other: 0.9 ms]
      [Choose CSet: 0.0 ms]
      [Ref Proc: 0.8 ms]
      [Ref Enq: 0.0 ms]
      [Redirty Cards: 0.0 ms]
      [Humongous Register: 0.0 ms]
      [Humongous Reclaim: 0.0 ms]
      [Free CSet: 0.0 ms]
   [Eden: 67.0M(67.0M)->0.0B(67.0M) Survivors: 1024.0K->1024.0K Heap: 113.2M(128.0M)->46.3M(128.0M)]
 [Times: user=0.00 sys=0.00, real=0.00 secs] 
2020-11-10T16:39:33.888+0800: 883.371: [GC pause (G1 Evacuation Pause) (young), 0.0028155 secs]
   [Parallel Time: 1.4 ms, GC Workers: 4]
      [GC Worker Start (ms): Min: 883371.4, Avg: 883371.8, Max: 883372.6, Diff: 1.1]
      [Ext Root Scanning (ms): Min: 0.0, Avg: 0.8, Max: 1.3, Diff: 1.3, Sum: 3.1]
      [Update RS (ms): Min: 0.0, Avg: 0.2, Max: 0.2, Diff: 0.2, Sum: 0.7]
         [Processed Buffers: Min: 0, Avg: 8.0, Max: 14, Diff: 14, Sum: 32]
      [Scan RS (ms): Min: 0.0, Avg: 0.0, Max: 0.0, Diff: 0.0, Sum: 0.0]
      [Code Root Scanning (ms): Min: 0.0, Avg: 0.0, Max: 0.0, Diff: 0.0, Sum: 0.0]
      [Object Copy (ms): Min: 0.1, Avg: 0.1, Max: 0.2, Diff: 0.1, Sum: 0.5]
      [Termination (ms): Min: 0.0, Avg: 0.0, Max: 0.0, Diff: 0.0, Sum: 0.0]
         [Termination Attempts: Min: 1, Avg: 1.0, Max: 1, Diff: 0, Sum: 4]
      [GC Worker Other (ms): Min: 0.0, Avg: 0.0, Max: 0.0, Diff: 0.0, Sum: 0.0]
      [GC Worker Total (ms): Min: 0.3, Avg: 1.1, Max: 1.4, Diff: 1.1, Sum: 4.3]
      [GC Worker End (ms): Min: 883372.8, Avg: 883372.8, Max: 883372.8, Diff: 0.0]
   [Code Root Fixup: 0.0 ms]
   [Code Root Purge: 0.0 ms]
   [Clear CT: 0.3 ms]
   [Other: 1.0 ms]
      [Choose CSet: 0.0 ms]
      [Ref Proc: 0.6 ms]
      [Ref Enq: 0.0 ms]
      [Redirty Cards: 0.3 ms]
      [Humongous Register: 0.0 ms]
      [Humongous Reclaim: 0.0 ms]
      [Free CSet: 0.0 ms]
   [Eden: 67.0M(67.0M)->0.0B(67.0M) Survivors: 1024.0K->1024.0K Heap: 113.3M(128.0M)->46.2M(128.0M)]
 [Times: user=0.00 sys=0.00, real=0.00 secs] 
2020-11-10T16:39:38.624+0800: 888.107: [GC pause (G1 Evacuation Pause) (young), 0.0030800 secs]
   [Parallel Time: 1.5 ms, GC Workers: 4]
      [GC Worker Start (ms): Min: 888107.4, Avg: 888107.4, Max: 888107.4, Diff: 0.1]
      [Ext Root Scanning (ms): Min: 0.6, Avg: 0.8, Max: 1.3, Diff: 0.7, Sum: 3.2]
      [Update RS (ms): Min: 0.0, Avg: 0.2, Max: 0.3, Diff: 0.3, Sum: 0.7]
         [Processed Buffers: Min: 0, Avg: 9.3, Max: 16, Diff: 16, Sum: 37]
      [Scan RS (ms): Min: 0.0, Avg: 0.0, Max: 0.0, Diff: 0.0, Sum: 0.0]
      [Code Root Scanning (ms): Min: 0.0, Avg: 0.0, Max: 0.0, Diff: 0.0, Sum: 0.0]
      [Object Copy (ms): Min: 0.0, Avg: 0.1, Max: 0.2, Diff: 0.2, Sum: 0.5]
      [Termination (ms): Min: 0.0, Avg: 0.1, Max: 0.2, Diff: 0.2, Sum: 0.5]
         [Termination Attempts: Min: 1, Avg: 1.0, Max: 1, Diff: 0, Sum: 4]
      [GC Worker Other (ms): Min: 0.0, Avg: 0.0, Max: 0.0, Diff: 0.0, Sum: 0.0]
      [GC Worker Total (ms): Min: 1.2, Avg: 1.3, Max: 1.3, Diff: 0.1, Sum: 5.0]
      [GC Worker End (ms): Min: 888108.7, Avg: 888108.7, Max: 888108.7, Diff: 0.0]
   [Code Root Fixup: 0.0 ms]
   [Code Root Purge: 0.0 ms]
   [Clear CT: 0.3 ms]
   [Other: 1.2 ms]
      [Choose CSet: 0.0 ms]
      [Ref Proc: 0.8 ms]
      [Ref Enq: 0.0 ms]
      [Redirty Cards: 0.3 ms]
      [Humongous Register: 0.0 ms]
      [Humongous Reclaim: 0.0 ms]
      [Free CSet: 0.0 ms]
   [Eden: 67.0M(67.0M)->0.0B(67.0M) Survivors: 1024.0K->1024.0K Heap: 113.2M(128.0M)->46.2M(128.0M)]
 [Times: user=0.01 sys=0.00, real=0.00 secs] 
2020-11-10T16:39:44.275+0800: 893.758: [GC pause (G1 Evacuation Pause) (young), 0.0027542 secs]
   [Parallel Time: 1.3 ms, GC Workers: 4]
      [GC Worker Start (ms): Min: 893758.4, Avg: 893758.5, Max: 893758.5, Diff: 0.2]
      [Ext Root Scanning (ms): Min: 0.6, Avg: 0.8, Max: 1.2, Diff: 0.6, Sum: 3.4]
      [Update RS (ms): Min: 0.0, Avg: 0.1, Max: 0.2, Diff: 0.2, Sum: 0.6]
         [Processed Buffers: Min: 0, Avg: 7.5, Max: 23, Diff: 23, Sum: 30]
      [Scan RS (ms): Min: 0.0, Avg: 0.0, Max: 0.0, Diff: 0.0, Sum: 0.0]
      [Code Root Scanning (ms): Min: 0.0, Avg: 0.0, Max: 0.0, Diff: 0.0, Sum: 0.0]
      [Object Copy (ms): Min: 0.0, Avg: 0.1, Max: 0.2, Diff: 0.2, Sum: 0.5]
      [Termination (ms): Min: 0.0, Avg: 0.0, Max: 0.0, Diff: 0.0, Sum: 0.1]
         [Termination Attempts: Min: 1, Avg: 1.0, Max: 1, Diff: 0, Sum: 4]
      [GC Worker Other (ms): Min: 0.0, Avg: 0.0, Max: 0.0, Diff: 0.0, Sum: 0.0]
      [GC Worker Total (ms): Min: 1.1, Avg: 1.2, Max: 1.2, Diff: 0.2, Sum: 4.6]
      [GC Worker End (ms): Min: 893759.6, Avg: 893759.6, Max: 893759.6, Diff: 0.0]
   [Code Root Fixup: 0.0 ms]
   [Code Root Purge: 0.0 ms]
   [Clear CT: 0.4 ms]
   [Other: 1.0 ms]
      [Choose CSet: 0.0 ms]
      [Ref Proc: 0.8 ms]
      [Ref Enq: 0.0 ms]
      [Redirty Cards: 0.1 ms]
      [Humongous Register: 0.0 ms]
      [Humongous Reclaim: 0.0 ms]
      [Free CSet: 0.0 ms]
   [Eden: 67.0M(67.0M)->0.0B(67.0M) Survivors: 1024.0K->1024.0K Heap: 113.2M(128.0M)->46.2M(128.0M)]
 [Times: user=0.00 sys=0.00, real=0.00 secs] 
2020-11-10T16:39:49.279+0800: 898.762: [GC pause (G1 Evacuation Pause) (young), 0.0028751 secs]
   [Parallel Time: 1.3 ms, GC Workers: 4]
      [GC Worker Start (ms): Min: 898762.4, Avg: 898762.4, Max: 898762.5, Diff: 0.1]
      [Ext Root Scanning (ms): Min: 0.6, Avg: 0.8, Max: 1.2, Diff: 0.6, Sum: 3.1]
      [Update RS (ms): Min: 0.0, Avg: 0.1, Max: 0.2, Diff: 0.2, Sum: 0.6]
         [Processed Buffers: Min: 0, Avg: 9.0, Max: 20, Diff: 20, Sum: 36]
      [Scan RS (ms): Min: 0.0, Avg: 0.0, Max: 0.0, Diff: 0.0, Sum: 0.0]
      [Code Root Scanning (ms): Min: 0.0, Avg: 0.0, Max: 0.0, Diff: 0.0, Sum: 0.0]
      [Object Copy (ms): Min: 0.0, Avg: 0.1, Max: 0.2, Diff: 0.2, Sum: 0.5]
      [Termination (ms): Min: 0.0, Avg: 0.1, Max: 0.1, Diff: 0.1, Sum: 0.4]
         [Termination Attempts: Min: 1, Avg: 1.0, Max: 1, Diff: 0, Sum: 4]
      [GC Worker Other (ms): Min: 0.0, Avg: 0.0, Max: 0.0, Diff: 0.0, Sum: 0.0]
      [GC Worker Total (ms): Min: 1.1, Avg: 1.1, Max: 1.2, Diff: 0.1, Sum: 4.5]
      [GC Worker End (ms): Min: 898763.6, Avg: 898763.6, Max: 898763.6, Diff: 0.0]
   [Code Root Fixup: 0.0 ms]
   [Code Root Purge: 0.0 ms]
   [Clear CT: 0.4 ms]
   [Other: 1.2 ms]
      [Choose CSet: 0.0 ms]
      [Ref Proc: 0.9 ms]
      [Ref Enq: 0.0 ms]
      [Redirty Cards: 0.2 ms]
      [Humongous Register: 0.0 ms]
      [Humongous Reclaim: 0.0 ms]
      [Free CSet: 0.0 ms]
   [Eden: 67.0M(67.0M)->0.0B(67.0M) Survivors: 1024.0K->1024.0K Heap: 113.2M(128.0M)->46.2M(128.0M)]
 [Times: user=0.02 sys=0.00, real=0.00 secs] 
2020-11-10T16:39:53.895+0800: 903.379: [GC pause (G1 Evacuation Pause) (young), 0.0049044 secs]
   [Parallel Time: 1.3 ms, GC Workers: 4]
      [GC Worker Start (ms): Min: 903378.7, Avg: 903378.7, Max: 903378.8, Diff: 0.1]
      [Ext Root Scanning (ms): Min: 0.6, Avg: 0.8, Max: 1.2, Diff: 0.6, Sum: 3.1]
      [Update RS (ms): Min: 0.0, Avg: 0.1, Max: 0.2, Diff: 0.2, Sum: 0.5]
         [Processed Buffers: Min: 0, Avg: 7.5, Max: 17, Diff: 17, Sum: 30]
      [Scan RS (ms): Min: 0.0, Avg: 0.0, Max: 0.0, Diff: 0.0, Sum: 0.0]
      [Code Root Scanning (ms): Min: 0.0, Avg: 0.0, Max: 0.0, Diff: 0.0, Sum: 0.0]
      [Object Copy (ms): Min: 0.0, Avg: 0.1, Max: 0.2, Diff: 0.2, Sum: 0.5]
      [Termination (ms): Min: 0.0, Avg: 0.1, Max: 0.2, Diff: 0.2, Sum: 0.6]
         [Termination Attempts: Min: 1, Avg: 1.0, Max: 1, Diff: 0, Sum: 4]
      [GC Worker Other (ms): Min: 0.0, Avg: 0.0, Max: 0.0, Diff: 0.0, Sum: 0.0]
      [GC Worker Total (ms): Min: 1.2, Avg: 1.2, Max: 1.2, Diff: 0.1, Sum: 4.8]
      [GC Worker End (ms): Min: 903379.9, Avg: 903379.9, Max: 903379.9, Diff: 0.0]
   [Code Root Fixup: 0.0 ms]
   [Code Root Purge: 0.0 ms]
   [Clear CT: 0.2 ms]
   [Other: 3.3 ms]
      [Choose CSet: 0.0 ms]
      [Ref Proc: 2.8 ms]
      [Ref Enq: 0.0 ms]
      [Redirty Cards: 0.4 ms]
      [Humongous Register: 0.0 ms]
      [Humongous Reclaim: 0.0 ms]
      [Free CSet: 0.0 ms]
   [Eden: 67.0M(67.0M)->0.0B(67.0M) Survivors: 1024.0K->1024.0K Heap: 113.2M(128.0M)->46.3M(128.0M)]
 [Times: user=0.00 sys=0.00, real=0.01 secs] 
2020-11-10T16:39:59.096+0800: 908.579: [GC pause (G1 Evacuation Pause) (young), 0.0031119 secs]
   [Parallel Time: 1.5 ms, GC Workers: 4]
      [GC Worker Start (ms): Min: 908579.1, Avg: 908579.1, Max: 908579.1, Diff: 0.0]
      [Ext Root Scanning (ms): Min: 0.8, Avg: 1.0, Max: 1.4, Diff: 0.5, Sum: 4.2]
      [Update RS (ms): Min: 0.0, Avg: 0.2, Max: 0.3, Diff: 0.3, Sum: 0.7]
         [Processed Buffers: Min: 0, Avg: 8.5, Max: 21, Diff: 21, Sum: 34]
      [Scan RS (ms): Min: 0.0, Avg: 0.0, Max: 0.0, Diff: 0.0, Sum: 0.0]
      [Code Root Scanning (ms): Min: 0.0, Avg: 0.0, Max: 0.0, Diff: 0.0, Sum: 0.0]
      [Object Copy (ms): Min: 0.0, Avg: 0.2, Max: 0.3, Diff: 0.2, Sum: 0.6]
      [Termination (ms): Min: 0.0, Avg: 0.0, Max: 0.0, Diff: 0.0, Sum: 0.0]
         [Termination Attempts: Min: 1, Avg: 1.0, Max: 1, Diff: 0, Sum: 4]
      [GC Worker Other (ms): Min: 0.0, Avg: 0.0, Max: 0.0, Diff: 0.0, Sum: 0.0]
      [GC Worker Total (ms): Min: 1.4, Avg: 1.4, Max: 1.4, Diff: 0.0, Sum: 5.6]
      [GC Worker End (ms): Min: 908580.5, Avg: 908580.5, Max: 908580.5, Diff: 0.0]
   [Code Root Fixup: 0.0 ms]
   [Code Root Purge: 0.0 ms]
   [Clear CT: 0.4 ms]
   [Other: 1.2 ms]
      [Choose CSet: 0.0 ms]
      [Ref Proc: 0.8 ms]
      [Ref Enq: 0.0 ms]
      [Redirty Cards: 0.2 ms]
      [Humongous Register: 0.0 ms]
      [Humongous Reclaim: 0.0 ms]
      [Free CSet: 0.0 ms]
   [Eden: 67.0M(67.0M)->0.0B(67.0M) Survivors: 1024.0K->1024.0K Heap: 113.3M(128.0M)->46.2M(128.0M)]
 [Times: user=0.00 sys=0.00, real=0.00 secs] 
2020-11-10T16:40:05.147+0800: 914.630: [GC pause (G1 Evacuation Pause) (young), 0.0030823 secs]
   [Parallel Time: 1.8 ms, GC Workers: 4]
      [GC Worker Start (ms): Min: 914630.1, Avg: 914630.2, Max: 914630.2, Diff: 0.1]
      [Ext Root Scanning (ms): Min: 0.7, Avg: 1.0, Max: 1.7, Diff: 1.1, Sum: 3.8]
      [Update RS (ms): Min: 0.0, Avg: 0.2, Max: 0.2, Diff: 0.2, Sum: 0.7]
         [Processed Buffers: Min: 0, Avg: 9.3, Max: 24, Diff: 24, Sum: 37]
      [Scan RS (ms): Min: 0.0, Avg: 0.0, Max: 0.0, Diff: 0.0, Sum: 0.0]
      [Code Root Scanning (ms): Min: 0.0, Avg: 0.0, Max: 0.0, Diff: 0.0, Sum: 0.0]
      [Object Copy (ms): Min: 0.0, Avg: 0.1, Max: 0.2, Diff: 0.2, Sum: 0.5]
      [Termination (ms): Min: 0.0, Avg: 0.4, Max: 0.6, Diff: 0.6, Sum: 1.7]
         [Termination Attempts: Min: 1, Avg: 1.0, Max: 1, Diff: 0, Sum: 4]
      [GC Worker Other (ms): Min: 0.0, Avg: 0.0, Max: 0.0, Diff: 0.0, Sum: 0.1]
      [GC Worker Total (ms): Min: 1.6, Avg: 1.7, Max: 1.7, Diff: 0.1, Sum: 6.8]
      [GC Worker End (ms): Min: 914631.9, Avg: 914631.9, Max: 914631.9, Diff: 0.0]
   [Code Root Fixup: 0.0 ms]
   [Code Root Purge: 0.0 ms]
   [Clear CT: 0.3 ms]
   [Other: 0.9 ms]
      [Choose CSet: 0.0 ms]
      [Ref Proc: 0.7 ms]
      [Ref Enq: 0.0 ms]
      [Redirty Cards: 0.1 ms]
      [Humongous Register: 0.0 ms]
      [Humongous Reclaim: 0.0 ms]
      [Free CSet: 0.0 ms]
   [Eden: 67.0M(67.0M)->0.0B(67.0M) Survivors: 1024.0K->1024.0K Heap: 113.2M(128.0M)->46.3M(128.0M)]
 [Times: user=0.00 sys=0.00, real=0.00 secs] 
2020-11-10T16:40:10.998+0800: 920.482: [GC pause (G1 Evacuation Pause) (young), 0.0040180 secs]
   [Parallel Time: 2.9 ms, GC Workers: 4]
      [GC Worker Start (ms): Min: 920481.7, Avg: 920481.7, Max: 920481.7, Diff: 0.0]
      [Ext Root Scanning (ms): Min: 1.0, Avg: 1.5, Max: 2.8, Diff: 1.8, Sum: 5.9]
      [Update RS (ms): Min: 0.0, Avg: 0.4, Max: 0.5, Diff: 0.5, Sum: 1.6]
         [Processed Buffers: Min: 0, Avg: 9.5, Max: 19, Diff: 19, Sum: 38]
      [Scan RS (ms): Min: 0.0, Avg: 0.0, Max: 0.0, Diff: 0.0, Sum: 0.1]
      [Code Root Scanning (ms): Min: 0.0, Avg: 0.0, Max: 0.0, Diff: 0.0, Sum: 0.0]
      [Object Copy (ms): Min: 0.0, Avg: 0.2, Max: 0.3, Diff: 0.3, Sum: 0.9]
      [Termination (ms): Min: 0.0, Avg: 0.7, Max: 0.9, Diff: 0.9, Sum: 2.6]
         [Termination Attempts: Min: 1, Avg: 1.0, Max: 1, Diff: 0, Sum: 4]
      [GC Worker Other (ms): Min: 0.0, Avg: 0.0, Max: 0.0, Diff: 0.0, Sum: 0.0]
      [GC Worker Total (ms): Min: 2.8, Avg: 2.8, Max: 2.8, Diff: 0.0, Sum: 11.2]
      [GC Worker End (ms): Min: 920484.5, Avg: 920484.5, Max: 920484.5, Diff: 0.0]
   [Code Root Fixup: 0.0 ms]
   [Code Root Purge: 0.0 ms]
   [Clear CT: 0.1 ms]
   [Other: 1.0 ms]
      [Choose CSet: 0.0 ms]
      [Ref Proc: 0.7 ms]
      [Ref Enq: 0.0 ms]
      [Redirty Cards: 0.2 ms]
      [Humongous Register: 0.0 ms]
      [Humongous Reclaim: 0.0 ms]
      [Free CSet: 0.0 ms]
   [Eden: 67.0M(67.0M)->0.0B(67.0M) Survivors: 1024.0K->1024.0K Heap: 113.3M(128.0M)->46.3M(128.0M)]
 [Times: user=0.05 sys=0.00, real=0.00 secs] 
2020-11-10T16:40:15.992+0800: 925.475: [GC pause (G1 Evacuation Pause) (young), 0.0023754 secs]
   [Parallel Time: 1.4 ms, GC Workers: 4]
      [GC Worker Start (ms): Min: 925475.3, Avg: 925475.4, Max: 925475.4, Diff: 0.1]
      [Ext Root Scanning (ms): Min: 0.6, Avg: 0.8, Max: 1.2, Diff: 0.7, Sum: 3.1]
      [Update RS (ms): Min: 0.0, Avg: 0.2, Max: 0.5, Diff: 0.5, Sum: 0.9]
         [Processed Buffers: Min: 0, Avg: 8.3, Max: 22, Diff: 22, Sum: 33]
      [Scan RS (ms): Min: 0.0, Avg: 0.0, Max: 0.0, Diff: 0.0, Sum: 0.0]
      [Code Root Scanning (ms): Min: 0.0, Avg: 0.0, Max: 0.0, Diff: 0.0, Sum: 0.0]
      [Object Copy (ms): Min: 0.0, Avg: 0.2, Max: 0.4, Diff: 0.4, Sum: 0.7]
      [Termination (ms): Min: 0.0, Avg: 0.0, Max: 0.1, Diff: 0.1, Sum: 0.1]
         [Termination Attempts: Min: 1, Avg: 8.3, Max: 22, Diff: 21, Sum: 33]
      [GC Worker Other (ms): Min: 0.0, Avg: 0.0, Max: 0.0, Diff: 0.0, Sum: 0.0]
      [GC Worker Total (ms): Min: 1.2, Avg: 1.2, Max: 1.3, Diff: 0.1, Sum: 4.9]
      [GC Worker End (ms): Min: 925476.6, Avg: 925476.6, Max: 925476.6, Diff: 0.0]
   [Code Root Fixup: 0.0 ms]
   [Code Root Purge: 0.0 ms]
   [Clear CT: 0.1 ms]
   [Other: 0.9 ms]
      [Choose CSet: 0.0 ms]
      [Ref Proc: 0.7 ms]
      [Ref Enq: 0.0 ms]
      [Redirty Cards: 0.1 ms]
      [Humongous Register: 0.0 ms]
      [Humongous Reclaim: 0.0 ms]
      [Free CSet: 0.0 ms]
   [Eden: 67.0M(67.0M)->0.0B(66.0M) Survivors: 1024.0K->1024.0K Heap: 113.3M(128.0M)->46.3M(128.0M)]
 [Times: user=0.00 sys=0.00, real=0.03 secs] 
2020-11-10T16:40:20.667+0800: 930.150: [GC pause (G1 Evacuation Pause) (young), 0.0027109 secs]
   [Parallel Time: 1.4 ms, GC Workers: 4]
      [GC Worker Start (ms): Min: 930150.5, Avg: 930150.6, Max: 930150.6, Diff: 0.1]
      [Ext Root Scanning (ms): Min: 0.6, Avg: 0.8, Max: 1.3, Diff: 0.6, Sum: 3.4]
      [Update RS (ms): Min: 0.0, Avg: 0.2, Max: 0.3, Diff: 0.3, Sum: 0.8]
         [Processed Buffers: Min: 0, Avg: 8.0, Max: 30, Diff: 30, Sum: 32]
      [Scan RS (ms): Min: 0.0, Avg: 0.0, Max: 0.0, Diff: 0.0, Sum: 0.0]
      [Code Root Scanning (ms): Min: 0.0, Avg: 0.0, Max: 0.0, Diff: 0.0, Sum: 0.0]
      [Object Copy (ms): Min: 0.0, Avg: 0.1, Max: 0.3, Diff: 0.3, Sum: 0.6]
      [Termination (ms): Min: 0.0, Avg: 0.1, Max: 0.1, Diff: 0.1, Sum: 0.2]
         [Termination Attempts: Min: 1, Avg: 1.0, Max: 1, Diff: 0, Sum: 4]
      [GC Worker Other (ms): Min: 0.0, Avg: 0.0, Max: 0.0, Diff: 0.0, Sum: 0.0]
      [GC Worker Total (ms): Min: 1.2, Avg: 1.3, Max: 1.3, Diff: 0.1, Sum: 5.0]
      [GC Worker End (ms): Min: 930151.8, Avg: 930151.8, Max: 930151.8, Diff: 0.0]
   [Code Root Fixup: 0.0 ms]
   [Code Root Purge: 0.0 ms]
   [Clear CT: 0.3 ms]
   [Other: 1.0 ms]
      [Choose CSet: 0.0 ms]
      [Ref Proc: 0.7 ms]
      [Ref Enq: 0.0 ms]
      [Redirty Cards: 0.2 ms]
      [Humongous Register: 0.0 ms]
      [Humongous Reclaim: 0.0 ms]
      [Free CSet: 0.0 ms]
   [Eden: 66.0M(66.0M)->0.0B(66.0M) Survivors: 1024.0K->1024.0K Heap: 112.3M(128.0M)->46.3M(128.0M)]
 [Times: user=0.00 sys=0.00, real=0.00 secs] 
2020-11-10T16:40:25.249+0800: 934.732: [GC pause (G1 Evacuation Pause) (young), 0.0023608 secs]
   [Parallel Time: 1.5 ms, GC Workers: 4]
      [GC Worker Start (ms): Min: 934732.2, Avg: 934732.2, Max: 934732.2, Diff: 0.0]
      [Ext Root Scanning (ms): Min: 0.6, Avg: 0.9, Max: 1.4, Diff: 0.8, Sum: 3.4]
      [Update RS (ms): Min: 0.0, Avg: 0.2, Max: 0.2, Diff: 0.2, Sum: 0.6]
         [Processed Buffers: Min: 0, Avg: 9.3, Max: 24, Diff: 24, Sum: 37]
      [Scan RS (ms): Min: 0.0, Avg: 0.0, Max: 0.0, Diff: 0.0, Sum: 0.0]
      [Code Root Scanning (ms): Min: 0.0, Avg: 0.0, Max: 0.0, Diff: 0.0, Sum: 0.0]
      [Object Copy (ms): Min: 0.0, Avg: 0.1, Max: 0.2, Diff: 0.2, Sum: 0.6]
      [Termination (ms): Min: 0.0, Avg: 0.2, Max: 0.3, Diff: 0.3, Sum: 0.9]
         [Termination Attempts: Min: 1, Avg: 1.0, Max: 1, Diff: 0, Sum: 4]
      [GC Worker Other (ms): Min: 0.0, Avg: 0.0, Max: 0.0, Diff: 0.0, Sum: 0.0]
      [GC Worker Total (ms): Min: 1.4, Avg: 1.4, Max: 1.4, Diff: 0.0, Sum: 5.7]
      [GC Worker End (ms): Min: 934733.6, Avg: 934733.6, Max: 934733.6, Diff: 0.0]
   [Code Root Fixup: 0.0 ms]
   [Code Root Purge: 0.0 ms]
   [Clear CT: 0.1 ms]
   [Other: 0.8 ms]
      [Choose CSet: 0.0 ms]
      [Ref Proc: 0.6 ms]
      [Ref Enq: 0.0 ms]
      [Redirty Cards: 0.0 ms]
      [Humongous Register: 0.0 ms]
      [Humongous Reclaim: 0.0 ms]
      [Free CSet: 0.0 ms]
   [Eden: 66.0M(66.0M)->0.0B(66.0M) Survivors: 1024.0K->1024.0K Heap: 112.3M(128.0M)->46.3M(128.0M)]
 [Times: user=0.02 sys=0.00, real=0.00 secs] 
2020-11-10T16:40:30.063+0800: 939.547: [GC pause (G1 Evacuation Pause) (young), 0.0028284 secs]
   [Parallel Time: 1.6 ms, GC Workers: 4]
      [GC Worker Start (ms): Min: 939546.8, Avg: 939547.1, Max: 939548.0, Diff: 1.2]
      [Ext Root Scanning (ms): Min: 0.0, Avg: 0.8, Max: 1.4, Diff: 1.4, Sum: 3.3]
      [Update RS (ms): Min: 0.0, Avg: 0.1, Max: 0.2, Diff: 0.2, Sum: 0.6]
         [Processed Buffers: Min: 0, Avg: 8.3, Max: 17, Diff: 17, Sum: 33]
      [Scan RS (ms): Min: 0.0, Avg: 0.0, Max: 0.0, Diff: 0.0, Sum: 0.0]
      [Code Root Scanning (ms): Min: 0.0, Avg: 0.0, Max: 0.0, Diff: 0.0, Sum: 0.0]
      [Object Copy (ms): Min: 0.0, Avg: 0.1, Max: 0.2, Diff: 0.2, Sum: 0.5]
      [Termination (ms): Min: 0.0, Avg: 0.0, Max: 0.0, Diff: 0.0, Sum: 0.0]
         [Termination Attempts: Min: 1, Avg: 1.0, Max: 1, Diff: 0, Sum: 4]
      [GC Worker Other (ms): Min: 0.0, Avg: 0.0, Max: 0.1, Diff: 0.1, Sum: 0.1]
      [GC Worker Total (ms): Min: 0.2, Avg: 1.1, Max: 1.5, Diff: 1.2, Sum: 4.5]
      [GC Worker End (ms): Min: 939548.3, Avg: 939548.3, Max: 939548.3, Diff: 0.0]
   [Code Root Fixup: 0.0 ms]
   [Code Root Purge: 0.0 ms]
   [Clear CT: 0.0 ms]
   [Other: 1.2 ms]
      [Choose CSet: 0.0 ms]
      [Ref Proc: 0.9 ms]
      [Ref Enq: 0.0 ms]
      [Redirty Cards: 0.2 ms]
      [Humongous Register: 0.0 ms]
      [Humongous Reclaim: 0.0 ms]
      [Free CSet: 0.0 ms]
   [Eden: 66.0M(66.0M)->0.0B(66.0M) Survivors: 1024.0K->1024.0K Heap: 112.3M(128.0M)->46.4M(128.0M)]
 [Times: user=0.05 sys=0.00, real=0.00 secs] 
2020-11-10T16:40:35.028+0800: 944.512: [GC pause (G1 Evacuation Pause) (young), 0.0024079 secs]
   [Parallel Time: 1.3 ms, GC Workers: 4]
      [GC Worker Start (ms): Min: 944511.8, Avg: 944511.8, Max: 944511.9, Diff: 0.1]
      [Ext Root Scanning (ms): Min: 0.6, Avg: 0.8, Max: 1.2, Diff: 0.6, Sum: 3.1]
      [Update RS (ms): Min: 0.0, Avg: 0.1, Max: 0.2, Diff: 0.2, Sum: 0.5]
         [Processed Buffers: Min: 0, Avg: 7.8, Max: 15, Diff: 15, Sum: 31]
      [Scan RS (ms): Min: 0.0, Avg: 0.0, Max: 0.0, Diff: 0.0, Sum: 0.0]
      [Code Root Scanning (ms): Min: 0.0, Avg: 0.0, Max: 0.0, Diff: 0.0, Sum: 0.0]
      [Object Copy (ms): Min: 0.0, Avg: 0.1, Max: 0.2, Diff: 0.2, Sum: 0.5]
      [Termination (ms): Min: 0.0, Avg: 0.1, Max: 0.2, Diff: 0.2, Sum: 0.5]
         [Termination Attempts: Min: 1, Avg: 1.0, Max: 1, Diff: 0, Sum: 4]
      [GC Worker Other (ms): Min: 0.0, Avg: 0.0, Max: 0.0, Diff: 0.0, Sum: 0.0]
      [GC Worker Total (ms): Min: 1.1, Avg: 1.2, Max: 1.2, Diff: 0.1, Sum: 4.6]
      [GC Worker End (ms): Min: 944513.0, Avg: 944513.0, Max: 944513.0, Diff: 0.0]
   [Code Root Fixup: 0.0 ms]
   [Code Root Purge: 0.0 ms]
   [Clear CT: 0.3 ms]
   [Other: 0.8 ms]
      [Choose CSet: 0.0 ms]
      [Ref Proc: 0.6 ms]
      [Ref Enq: 0.0 ms]
      [Redirty Cards: 0.1 ms]
      [Humongous Register: 0.0 ms]
      [Humongous Reclaim: 0.0 ms]
      [Free CSet: 0.0 ms]
   [Eden: 66.0M(66.0M)->0.0B(66.0M) Survivors: 1024.0K->1024.0K Heap: 112.4M(128.0M)->46.3M(128.0M)]
 [Times: user=0.00 sys=0.00, real=0.00 secs] 
2020-11-10T16:40:40.522+0800: 950.005: [GC pause (G1 Evacuation Pause) (young), 0.0032419 secs]
   [Parallel Time: 1.7 ms, GC Workers: 4]
      [GC Worker Start (ms): Min: 950005.5, Avg: 950005.6, Max: 950005.6, Diff: 0.1]
      [Ext Root Scanning (ms): Min: 0.6, Avg: 0.9, Max: 1.6, Diff: 1.0, Sum: 3.7]
      [Update RS (ms): Min: 0.0, Avg: 0.2, Max: 0.3, Diff: 0.3, Sum: 0.7]
         [Processed Buffers: Min: 0, Avg: 9.0, Max: 21, Diff: 21, Sum: 36]
      [Scan RS (ms): Min: 0.0, Avg: 0.0, Max: 0.0, Diff: 0.0, Sum: 0.0]
      [Code Root Scanning (ms): Min: 0.0, Avg: 0.0, Max: 0.0, Diff: 0.0, Sum: 0.0]
      [Object Copy (ms): Min: 0.0, Avg: 0.2, Max: 0.3, Diff: 0.3, Sum: 0.6]
      [Termination (ms): Min: 0.0, Avg: 0.3, Max: 0.5, Diff: 0.5, Sum: 1.3]
         [Termination Attempts: Min: 1, Avg: 1.0, Max: 1, Diff: 0, Sum: 4]
      [GC Worker Other (ms): Min: 0.0, Avg: 0.0, Max: 0.0, Diff: 0.0, Sum: 0.0]
      [GC Worker Total (ms): Min: 1.6, Avg: 1.6, Max: 1.7, Diff: 0.1, Sum: 6.5]
      [GC Worker End (ms): Min: 950007.2, Avg: 950007.2, Max: 950007.2, Diff: 0.0]
   [Code Root Fixup: 0.0 ms]
   [Code Root Purge: 0.0 ms]
   [Clear CT: 0.2 ms]
   [Other: 1.3 ms]
      [Choose CSet: 0.0 ms]
      [Ref Proc: 0.8 ms]
      [Ref Enq: 0.0 ms]
      [Redirty Cards: 0.3 ms]
      [Humongous Register: 0.0 ms]
      [Humongous Reclaim: 0.0 ms]
      [Free CSet: 0.0 ms]
   [Eden: 66.0M(66.0M)->0.0B(66.0M) Survivors: 1024.0K->1024.0K Heap: 112.3M(128.0M)->46.3M(128.0M)]
 [Times: user=0.00 sys=0.00, real=0.00 secs] 
2020-11-10T16:40:45.437+0800: 954.920: [GC pause (G1 Evacuation Pause) (young), 0.0028002 secs]
   [Parallel Time: 1.3 ms, GC Workers: 4]
      [GC Worker Start (ms): Min: 954920.1, Avg: 954920.2, Max: 954920.3, Diff: 0.1]
      [Ext Root Scanning (ms): Min: 0.6, Avg: 0.8, Max: 1.2, Diff: 0.6, Sum: 3.2]
      [Update RS (ms): Min: 0.0, Avg: 0.2, Max: 0.2, Diff: 0.2, Sum: 0.6]
         [Processed Buffers: Min: 0, Avg: 9.3, Max: 16, Diff: 16, Sum: 37]
      [Scan RS (ms): Min: 0.0, Avg: 0.0, Max: 0.0, Diff: 0.0, Sum: 0.0]
      [Code Root Scanning (ms): Min: 0.0, Avg: 0.0, Max: 0.0, Diff: 0.0, Sum: 0.0]
      [Object Copy (ms): Min: 0.0, Avg: 0.1, Max: 0.2, Diff: 0.2, Sum: 0.5]
      [Termination (ms): Min: 0.0, Avg: 0.1, Max: 0.2, Diff: 0.2, Sum: 0.5]
         [Termination Attempts: Min: 1, Avg: 1.0, Max: 1, Diff: 0, Sum: 4]
      [GC Worker Other (ms): Min: 0.0, Avg: 0.0, Max: 0.0, Diff: 0.0, Sum: 0.0]
      [GC Worker Total (ms): Min: 1.1, Avg: 1.2, Max: 1.3, Diff: 0.1, Sum: 4.8]
      [GC Worker End (ms): Min: 954921.4, Avg: 954921.4, Max: 954921.4, Diff: 0.0]
   [Code Root Fixup: 0.0 ms]
   [Code Root Purge: 0.0 ms]
   [Clear CT: 0.3 ms]
   [Other: 1.1 ms]
      [Choose CSet: 0.0 ms]
      [Ref Proc: 0.7 ms]
      [Ref Enq: 0.0 ms]
      [Redirty Cards: 0.3 ms]
      [Humongous Register: 0.0 ms]
      [Humongous Reclaim: 0.0 ms]
      [Free CSet: 0.0 ms]
   [Eden: 66.0M(66.0M)->0.0B(66.0M) Survivors: 1024.0K->1024.0K Heap: 112.3M(128.0M)->46.4M(128.0M)]
 [Times: user=0.02 sys=0.00, real=0.00 secs] 
2020-11-10T16:40:49.361+0800: 958.844: [GC pause (G1 Evacuation Pause) (young), 0.0027307 secs]
   [Parallel Time: 1.3 ms, GC Workers: 4]
      [GC Worker Start (ms): Min: 958844.5, Avg: 958844.6, Max: 958844.7, Diff: 0.1]
      [Ext Root Scanning (ms): Min: 0.6, Avg: 0.8, Max: 1.2, Diff: 0.6, Sum: 3.1]
      [Update RS (ms): Min: 0.0, Avg: 0.1, Max: 0.2, Diff: 0.2, Sum: 0.6]
         [Processed Buffers: Min: 0, Avg: 8.3, Max: 18, Diff: 18, Sum: 33]
      [Scan RS (ms): Min: 0.0, Avg: 0.0, Max: 0.0, Diff: 0.0, Sum: 0.0]
      [Code Root Scanning (ms): Min: 0.0, Avg: 0.0, Max: 0.0, Diff: 0.0, Sum: 0.0]
      [Object Copy (ms): Min: 0.0, Avg: 0.1, Max: 0.2, Diff: 0.2, Sum: 0.6]
      [Termination (ms): Min: 0.0, Avg: 0.1, Max: 0.1, Diff: 0.1, Sum: 0.3]
         [Termination Attempts: Min: 1, Avg: 1.0, Max: 1, Diff: 0, Sum: 4]
      [GC Worker Other (ms): Min: 0.0, Avg: 0.0, Max: 0.0, Diff: 0.0, Sum: 0.0]
      [GC Worker Total (ms): Min: 1.1, Avg: 1.2, Max: 1.2, Diff: 0.1, Sum: 4.6]
      [GC Worker End (ms): Min: 958845.8, Avg: 958845.8, Max: 958845.8, Diff: 0.0]
   [Code Root Fixup: 0.0 ms]
   [Code Root Purge: 0.0 ms]
   [Clear CT: 0.3 ms]
   [Other: 1.1 ms]
      [Choose CSet: 0.0 ms]
      [Ref Proc: 0.9 ms]
      [Ref Enq: 0.0 ms]
      [Redirty Cards: 0.1 ms]
      [Humongous Register: 0.0 ms]
      [Humongous Reclaim: 0.0 ms]
      [Free CSet: 0.0 ms]
   [Eden: 66.0M(66.0M)->0.0B(66.0M) Survivors: 1024.0K->1024.0K Heap: 112.4M(128.0M)->46.3M(128.0M)]
 [Times: user=0.00 sys=0.00, real=0.00 secs] 
2020-11-10T16:40:55.157+0800: 964.641: [GC pause (G1 Evacuation Pause) (young), 0.0026710 secs]
   [Parallel Time: 1.4 ms, GC Workers: 4]
      [GC Worker Start (ms): Min: 964641.1, Avg: 964641.2, Max: 964641.3, Diff: 0.2]
      [Ext Root Scanning (ms): Min: 0.6, Avg: 0.8, Max: 1.3, Diff: 0.7, Sum: 3.3]
      [Update RS (ms): Min: 0.0, Avg: 0.1, Max: 0.2, Diff: 0.2, Sum: 0.6]
         [Processed Buffers: Min: 0, Avg: 7.8, Max: 14, Diff: 14, Sum: 31]
      [Scan RS (ms): Min: 0.0, Avg: 0.0, Max: 0.0, Diff: 0.0, Sum: 0.0]
      [Code Root Scanning (ms): Min: 0.0, Avg: 0.0, Max: 0.0, Diff: 0.0, Sum: 0.0]
      [Object Copy (ms): Min: 0.0, Avg: 0.1, Max: 0.2, Diff: 0.2, Sum: 0.5]
      [Termination (ms): Min: 0.0, Avg: 0.1, Max: 0.1, Diff: 0.1, Sum: 0.3]
         [Termination Attempts: Min: 1, Avg: 1.0, Max: 1, Diff: 0, Sum: 4]
      [GC Worker Other (ms): Min: 0.0, Avg: 0.0, Max: 0.0, Diff: 0.0, Sum: 0.0]
      [GC Worker Total (ms): Min: 1.1, Avg: 1.2, Max: 1.3, Diff: 0.2, Sum: 4.9]
      [GC Worker End (ms): Min: 964642.4, Avg: 964642.4, Max: 964642.4, Diff: 0.0]
   [Code Root Fixup: 0.0 ms]
   [Code Root Purge: 0.0 ms]
   [Clear CT: 0.3 ms]
   [Other: 1.0 ms]
      [Choose CSet: 0.0 ms]
      [Ref Proc: 0.6 ms]
      [Ref Enq: 0.0 ms]
      [Redirty Cards: 0.1 ms]
      [Humongous Register: 0.0 ms]
      [Humongous Reclaim: 0.0 ms]
      [Free CSet: 0.0 ms]
   [Eden: 66.0M(66.0M)->0.0B(66.0M) Survivors: 1024.0K->1024.0K Heap: 112.3M(128.0M)->46.3M(128.0M)]
 [Times: user=0.00 sys=0.00, real=0.00 secs] 
2020-11-10T16:40:59.416+0800: 968.899: [GC pause (G1 Evacuation Pause) (young), 0.0029879 secs]
   [Parallel Time: 1.4 ms, GC Workers: 4]
      [GC Worker Start (ms): Min: 968898.9, Avg: 968899.0, Max: 968899.1, Diff: 0.1]
      [Ext Root Scanning (ms): Min: 0.6, Avg: 0.8, Max: 1.4, Diff: 0.7, Sum: 3.4]
      [Update RS (ms): Min: 0.0, Avg: 0.2, Max: 0.2, Diff: 0.2, Sum: 0.6]
         [Processed Buffers: Min: 0, Avg: 8.5, Max: 13, Diff: 13, Sum: 34]
      [Scan RS (ms): Min: 0.0, Avg: 0.0, Max: 0.0, Diff: 0.0, Sum: 0.0]
      [Code Root Scanning (ms): Min: 0.0, Avg: 0.0, Max: 0.0, Diff: 0.0, Sum: 0.0]
      [Object Copy (ms): Min: 0.0, Avg: 0.1, Max: 0.2, Diff: 0.2, Sum: 0.5]
      [Termination (ms): Min: 0.0, Avg: 0.1, Max: 0.2, Diff: 0.2, Sum: 0.6]
         [Termination Attempts: Min: 1, Avg: 1.0, Max: 1, Diff: 0, Sum: 4]
      [GC Worker Other (ms): Min: 0.0, Avg: 0.0, Max: 0.0, Diff: 0.0, Sum: 0.0]
      [GC Worker Total (ms): Min: 1.2, Avg: 1.3, Max: 1.4, Diff: 0.1, Sum: 5.2]
      [GC Worker End (ms): Min: 968900.3, Avg: 968900.3, Max: 968900.3, Diff: 0.0]
   [Code Root Fixup: 0.1 ms]
   [Code Root Purge: 0.0 ms]
   [Clear CT: 0.4 ms]
   [Other: 1.1 ms]
      [Choose CSet: 0.0 ms]
      [Ref Proc: 0.8 ms]
      [Ref Enq: 0.0 ms]
      [Redirty Cards: 0.2 ms]
      [Humongous Register: 0.0 ms]
      [Humongous Reclaim: 0.0 ms]
      [Free CSet: 0.0 ms]
   [Eden: 66.0M(66.0M)->0.0B(66.0M) Survivors: 1024.0K->1024.0K Heap: 112.3M(128.0M)->46.4M(128.0M)]
 [Times: user=0.00 sys=0.00, real=0.00 secs] 
2020-11-10T16:41:04.787+0800: 974.270: [GC pause (G1 Evacuation Pause) (young), 0.0025050 secs]
   [Parallel Time: 1.4 ms, GC Workers: 4]
      [GC Worker Start (ms): Min: 974270.4, Avg: 974270.4, Max: 974270.4, Diff: 0.0]
      [Ext Root Scanning (ms): Min: 0.7, Avg: 0.8, Max: 1.4, Diff: 0.7, Sum: 3.4]
      [Update RS (ms): Min: 0.0, Avg: 0.2, Max: 0.3, Diff: 0.3, Sum: 0.7]
         [Processed Buffers: Min: 0, Avg: 8.5, Max: 16, Diff: 16, Sum: 34]
      [Scan RS (ms): Min: 0.0, Avg: 0.0, Max: 0.0, Diff: 0.0, Sum: 0.0]
      [Code Root Scanning (ms): Min: 0.0, Avg: 0.0, Max: 0.0, Diff: 0.0, Sum: 0.0]
      [Object Copy (ms): Min: 0.0, Avg: 0.1, Max: 0.2, Diff: 0.2, Sum: 0.5]
      [Termination (ms): Min: 0.0, Avg: 0.2, Max: 0.2, Diff: 0.2, Sum: 0.7]
         [Termination Attempts: Min: 1, Avg: 1.0, Max: 1, Diff: 0, Sum: 4]
      [GC Worker Other (ms): Min: 0.0, Avg: 0.0, Max: 0.0, Diff: 0.0, Sum: 0.0]
      [GC Worker Total (ms): Min: 1.4, Avg: 1.4, Max: 1.4, Diff: 0.0, Sum: 5.5]
      [GC Worker End (ms): Min: 974271.8, Avg: 974271.8, Max: 974271.8, Diff: 0.0]
   [Code Root Fixup: 0.0 ms]
   [Code Root Purge: 0.0 ms]
   [Clear CT: 0.3 ms]
   [Other: 0.8 ms]
      [Choose CSet: 0.0 ms]
      [Ref Proc: 0.6 ms]
      [Ref Enq: 0.0 ms]
      [Redirty Cards: 0.0 ms]
      [Humongous Register: 0.0 ms]
      [Humongous Reclaim: 0.0 ms]
      [Free CSet: 0.0 ms]
   [Eden: 66.0M(66.0M)->0.0B(66.0M) Survivors: 1024.0K->1024.0K Heap: 112.4M(128.0M)->46.3M(128.0M)]
 [Times: user=0.00 sys=0.00, real=0.00 secs] 
2020-11-10T16:41:10.905+0800: 980.388: [GC pause (G1 Evacuation Pause) (young), 0.0028524 secs]
   [Parallel Time: 1.3 ms, GC Workers: 4]
      [GC Worker Start (ms): Min: 980387.8, Avg: 980387.8, Max: 980388.0, Diff: 0.3]
      [Ext Root Scanning (ms): Min: 0.5, Avg: 0.8, Max: 1.3, Diff: 0.8, Sum: 3.2]
      [Update RS (ms): Min: 0.0, Avg: 0.2, Max: 0.2, Diff: 0.2, Sum: 0.7]
         [Processed Buffers: Min: 0, Avg: 9.5, Max: 16, Diff: 16, Sum: 38]
      [Scan RS (ms): Min: 0.0, Avg: 0.0, Max: 0.0, Diff: 0.0, Sum: 0.0]
      [Code Root Scanning (ms): Min: 0.0, Avg: 0.0, Max: 0.0, Diff: 0.0, Sum: 0.0]
      [Object Copy (ms): Min: 0.0, Avg: 0.2, Max: 0.3, Diff: 0.3, Sum: 0.9]
      [Termination (ms): Min: 0.0, Avg: 0.0, Max: 0.0, Diff: 0.0, Sum: 0.0]
         [Termination Attempts: Min: 1, Avg: 1.0, Max: 1, Diff: 0, Sum: 4]
      [GC Worker Other (ms): Min: 0.0, Avg: 0.0, Max: 0.0, Diff: 0.0, Sum: 0.0]
      [GC Worker Total (ms): Min: 1.0, Avg: 1.2, Max: 1.3, Diff: 0.3, Sum: 4.9]
      [GC Worker End (ms): Min: 980389.1, Avg: 980389.1, Max: 980389.1, Diff: 0.0]
   [Code Root Fixup: 0.0 ms]
   [Code Root Purge: 0.0 ms]
   [Clear CT: 0.3 ms]
   [Other: 1.2 ms]
      [Choose CSet: 0.0 ms]
      [Ref Proc: 0.7 ms]
      [Ref Enq: 0.0 ms]
      [Redirty Cards: 0.3 ms]
      [Humongous Register: 0.0 ms]
      [Humongous Reclaim: 0.0 ms]
      [Free CSet: 0.0 ms]
   [Eden: 66.0M(66.0M)->0.0B(66.0M) Survivors: 1024.0K->1024.0K Heap: 112.3M(128.0M)->46.4M(128.0M)]
 [Times: user=0.00 sys=0.02, real=0.00 secs] 
2020-11-10T16:41:15.492+0800: 984.975: [GC pause (G1 Evacuation Pause) (young), 0.0035092 secs]
   [Parallel Time: 2.0 ms, GC Workers: 4]
      [GC Worker Start (ms): Min: 984975.4, Avg: 984975.4, Max: 984975.5, Diff: 0.1]
      [Ext Root Scanning (ms): Min: 0.8, Avg: 1.1, Max: 1.3, Diff: 0.5, Sum: 4.3]
      [Update RS (ms): Min: 0.0, Avg: 0.2, Max: 0.4, Diff: 0.4, Sum: 0.7]
         [Processed Buffers: Min: 0, Avg: 8.3, Max: 24, Diff: 24, Sum: 33]
      [Scan RS (ms): Min: 0.0, Avg: 0.0, Max: 0.0, Diff: 0.0, Sum: 0.0]
      [Code Root Scanning (ms): Min: 0.0, Avg: 0.0, Max: 0.0, Diff: 0.0, Sum: 0.0]
      [Object Copy (ms): Min: 0.0, Avg: 0.1, Max: 0.2, Diff: 0.2, Sum: 0.5]
      [Termination (ms): Min: 0.0, Avg: 0.3, Max: 0.5, Diff: 0.5, Sum: 1.1]
         [Termination Attempts: Min: 1, Avg: 1.0, Max: 1, Diff: 0, Sum: 4]
      [GC Worker Other (ms): Min: 0.0, Avg: 0.0, Max: 0.0, Diff: 0.0, Sum: 0.0]
      [GC Worker Total (ms): Min: 1.4, Avg: 1.7, Max: 1.9, Diff: 0.5, Sum: 6.7]
      [GC Worker End (ms): Min: 984976.9, Avg: 984977.1, Max: 984977.3, Diff: 0.4]
   [Code Root Fixup: 0.0 ms]
   [Code Root Purge: 0.0 ms]
   [Clear CT: 0.3 ms]
   [Other: 1.2 ms]
      [Choose CSet: 0.0 ms]
      [Ref Proc: 0.8 ms]
      [Ref Enq: 0.0 ms]
      [Redirty Cards: 0.3 ms]
      [Humongous Register: 0.0 ms]
      [Humongous Reclaim: 0.0 ms]
      [Free CSet: 0.0 ms]
   [Eden: 66.0M(66.0M)->0.0B(66.0M) Survivors: 1024.0K->1024.0K Heap: 112.4M(128.0M)->46.4M(128.0M)]
 [Times: user=0.00 sys=0.00, real=0.00 secs] 
2020-11-10T16:41:19.938+0800: 989.421: [GC pause (G1 Evacuation Pause) (young), 0.0042671 secs]
   [Parallel Time: 3.0 ms, GC Workers: 4]
      [GC Worker Start (ms): Min: 989421.5, Avg: 989421.5, Max: 989421.6, Diff: 0.1]
      [Ext Root Scanning (ms): Min: 1.0, Avg: 1.5, Max: 2.9, Diff: 2.0, Sum: 6.0]
      [Update RS (ms): Min: 0.0, Avg: 0.5, Max: 1.1, Diff: 1.1, Sum: 2.1]
         [Processed Buffers: Min: 0, Avg: 8.5, Max: 20, Diff: 20, Sum: 34]
      [Scan RS (ms): Min: 0.0, Avg: 0.0, Max: 0.1, Diff: 0.1, Sum: 0.2]
      [Code Root Scanning (ms): Min: 0.0, Avg: 0.0, Max: 0.0, Diff: 0.0, Sum: 0.1]
      [Object Copy (ms): Min: 0.0, Avg: 0.2, Max: 0.4, Diff: 0.4, Sum: 0.9]
      [Termination (ms): Min: 0.0, Avg: 0.6, Max: 0.9, Diff: 0.9, Sum: 2.3]
         [Termination Attempts: Min: 1, Avg: 3.5, Max: 7, Diff: 6, Sum: 14]
      [GC Worker Other (ms): Min: 0.0, Avg: 0.0, Max: 0.0, Diff: 0.0, Sum: 0.0]
      [GC Worker Total (ms): Min: 2.8, Avg: 2.9, Max: 2.9, Diff: 0.1, Sum: 11.5]
      [GC Worker End (ms): Min: 989424.4, Avg: 989424.4, Max: 989424.4, Diff: 0.0]
   [Code Root Fixup: 0.0 ms]
   [Code Root Purge: 0.0 ms]
   [Clear CT: 0.0 ms]
   [Other: 1.2 ms]
      [Choose CSet: 0.0 ms]
      [Ref Proc: 0.9 ms]
      [Ref Enq: 0.0 ms]
      [Redirty Cards: 0.1 ms]
      [Humongous Register: 0.0 ms]
      [Humongous Reclaim: 0.0 ms]
      [Free CSet: 0.0 ms]
   [Eden: 66.0M(66.0M)->0.0B(66.0M) Survivors: 1024.0K->1024.0K Heap: 112.4M(128.0M)->46.4M(128.0M)]
 [Times: user=0.03 sys=0.00, real=0.01 secs] 
2020-11-10T16:41:25.158+0800: 994.642: [GC pause (G1 Evacuation Pause) (young), 0.0028066 secs]
   [Parallel Time: 1.3 ms, GC Workers: 4]
      [GC Worker Start (ms): Min: 994641.8, Avg: 994641.8, Max: 994641.9, Diff: 0.0]
      [Ext Root Scanning (ms): Min: 0.6, Avg: 0.8, Max: 1.2, Diff: 0.6, Sum: 3.2]
      [Update RS (ms): Min: 0.0, Avg: 0.2, Max: 0.3, Diff: 0.3, Sum: 0.7]
         [Processed Buffers: Min: 0, Avg: 8.5, Max: 20, Diff: 20, Sum: 34]
      [Scan RS (ms): Min: 0.0, Avg: 0.0, Max: 0.0, Diff: 0.0, Sum: 0.0]
      [Code Root Scanning (ms): Min: 0.0, Avg: 0.0, Max: 0.0, Diff: 0.0, Sum: 0.0]
      [Object Copy (ms): Min: 0.0, Avg: 0.1, Max: 0.2, Diff: 0.2, Sum: 0.5]
      [Termination (ms): Min: 0.0, Avg: 0.1, Max: 0.1, Diff: 0.1, Sum: 0.4]
         [Termination Attempts: Min: 1, Avg: 1.0, Max: 1, Diff: 0, Sum: 4]
      [GC Worker Other (ms): Min: 0.0, Avg: 0.0, Max: 0.0, Diff: 0.0, Sum: 0.0]
      [GC Worker Total (ms): Min: 1.2, Avg: 1.2, Max: 1.3, Diff: 0.0, Sum: 4.9]
      [GC Worker End (ms): Min: 994643.1, Avg: 994643.1, Max: 994643.1, Diff: 0.0]
   [Code Root Fixup: 0.0 ms]
   [Code Root Purge: 0.0 ms]
   [Clear CT: 0.3 ms]
   [Other: 1.1 ms]
      [Choose CSet: 0.0 ms]
      [Ref Proc: 0.7 ms]
      [Ref Enq: 0.0 ms]
      [Redirty Cards: 0.2 ms]
      [Humongous Register: 0.0 ms]
      [Humongous Reclaim: 0.0 ms]
      [Free CSet: 0.1 ms]
   [Eden: 66.0M(66.0M)->0.0B(66.0M) Survivors: 1024.0K->1024.0K Heap: 112.4M(128.0M)->46.4M(128.0M)]
 [Times: user=0.00 sys=0.00, real=0.00 secs] 
2020-11-10T16:41:30.888+0800: 1000.372: [GC pause (G1 Evacuation Pause) (young), 0.0028798 secs]
   [Parallel Time: 1.4 ms, GC Workers: 4]
      [GC Worker Start (ms): Min: 1000371.8, Avg: 1000371.8, Max: 1000371.9, Diff: 0.1]
      [Ext Root Scanning (ms): Min: 0.7, Avg: 0.8, Max: 1.3, Diff: 0.6, Sum: 3.3]
      [Update RS (ms): Min: 0.0, Avg: 0.2, Max: 0.3, Diff: 0.3, Sum: 0.9]
         [Processed Buffers: Min: 0, Avg: 8.5, Max: 22, Diff: 22, Sum: 34]
      [Scan RS (ms): Min: 0.0, Avg: 0.0, Max: 0.0, Diff: 0.0, Sum: 0.0]
      [Code Root Scanning (ms): Min: 0.0, Avg: 0.0, Max: 0.0, Diff: 0.0, Sum: 0.0]
      [Object Copy (ms): Min: 0.0, Avg: 0.1, Max: 0.2, Diff: 0.2, Sum: 0.5]
      [Termination (ms): Min: 0.0, Avg: 0.1, Max: 0.1, Diff: 0.1, Sum: 0.3]
         [Termination Attempts: Min: 1, Avg: 1.0, Max: 1, Diff: 0, Sum: 4]
      [GC Worker Other (ms): Min: 0.0, Avg: 0.0, Max: 0.0, Diff: 0.0, Sum: 0.0]
      [GC Worker Total (ms): Min: 1.2, Avg: 1.2, Max: 1.3, Diff: 0.1, Sum: 5.0]
      [GC Worker End (ms): Min: 1000373.1, Avg: 1000373.1, Max: 1000373.1, Diff: 0.0]
   [Code Root Fixup: 0.0 ms]
   [Code Root Purge: 0.0 ms]
   [Clear CT: 0.3 ms]
   [Other: 1.2 ms]
      [Choose CSet: 0.0 ms]
      [Ref Proc: 0.6 ms]
      [Ref Enq: 0.0 ms]
      [Redirty Cards: 0.3 ms]
      [Humongous Register: 0.0 ms]
      [Humongous Reclaim: 0.0 ms]
      [Free CSet: 0.1 ms]
   [Eden: 66.0M(66.0M)->0.0B(66.0M) Survivors: 1024.0K->1024.0K Heap: 112.4M(128.0M)->46.4M(128.0M)]
 [Times: user=0.00 sys=0.00, real=0.00 secs] 
2020-11-10T16:41:35.733+0800: 1005.216: [GC pause (G1 Evacuation Pause) (young), 0.0036489 secs]
   [Parallel Time: 2.2 ms, GC Workers: 4]
      [GC Worker Start (ms): Min: 1005216.2, Avg: 1005216.3, Max: 1005216.4, Diff: 0.1]
      [Ext Root Scanning (ms): Min: 0.6, Avg: 1.0, Max: 2.1, Diff: 1.5, Sum: 4.0]
      [Update RS (ms): Min: 0.0, Avg: 0.3, Max: 0.5, Diff: 0.5, Sum: 1.1]
         [Processed Buffers: Min: 0, Avg: 8.0, Max: 21, Diff: 21, Sum: 32]
      [Scan RS (ms): Min: 0.0, Avg: 0.0, Max: 0.0, Diff: 0.0, Sum: 0.0]
      [Code Root Scanning (ms): Min: 0.0, Avg: 0.0, Max: 0.0, Diff: 0.0, Sum: 0.0]
      [Object Copy (ms): Min: 0.0, Avg: 0.2, Max: 0.3, Diff: 0.3, Sum: 0.7]
      [Termination (ms): Min: 0.0, Avg: 0.6, Max: 0.8, Diff: 0.8, Sum: 2.3]
         [Termination Attempts: Min: 1, Avg: 1.0, Max: 1, Diff: 0, Sum: 4]
      [GC Worker Other (ms): Min: 0.0, Avg: 0.0, Max: 0.0, Diff: 0.0, Sum: 0.0]
      [GC Worker Total (ms): Min: 2.0, Avg: 2.0, Max: 2.1, Diff: 0.1, Sum: 8.1]
      [GC Worker End (ms): Min: 1005218.3, Avg: 1005218.4, Max: 1005218.4, Diff: 0.0]
   [Code Root Fixup: 0.0 ms]
   [Code Root Purge: 0.0 ms]
   [Clear CT: 0.3 ms]
   [Other: 1.1 ms]
      [Choose CSet: 0.0 ms]
      [Ref Proc: 0.7 ms]
      [Ref Enq: 0.0 ms]
      [Redirty Cards: 0.3 ms]
      [Humongous Register: 0.0 ms]
      [Humongous Reclaim: 0.0 ms]
      [Free CSet: 0.0 ms]
   [Eden: 66.0M(66.0M)->0.0B(66.0M) Survivors: 1024.0K->1024.0K Heap: 112.4M(128.0M)->46.4M(128.0M)]
 [Times: user=0.02 sys=0.03, real=0.00 secs] 
2020-11-10T16:41:40.363+0800: 1009.846: [GC pause (G1 Evacuation Pause) (young), 0.0028013 secs]
   [Parallel Time: 1.8 ms, GC Workers: 4]
      [GC Worker Start (ms): Min: 1009846.5, Avg: 1009846.8, Max: 1009847.6, Diff: 1.1]
      [Ext Root Scanning (ms): Min: 0.1, Avg: 1.0, Max: 1.5, Diff: 1.4, Sum: 3.9]
      [Update RS (ms): Min: 0.0, Avg: 0.2, Max: 0.3, Diff: 0.3, Sum: 0.7]
         [Processed Buffers: Min: 0, Avg: 9.0, Max: 28, Diff: 28, Sum: 36]
      [Scan RS (ms): Min: 0.0, Avg: 0.0, Max: 0.0, Diff: 0.0, Sum: 0.0]
      [Code Root Scanning (ms): Min: 0.0, Avg: 0.0, Max: 0.0, Diff: 0.0, Sum: 0.0]
      [Object Copy (ms): Min: 0.1, Avg: 0.2, Max: 0.2, Diff: 0.1, Sum: 0.7]
      [Termination (ms): Min: 0.0, Avg: 0.0, Max: 0.1, Diff: 0.1, Sum: 0.1]
         [Termination Attempts: Min: 1, Avg: 1.0, Max: 1, Diff: 0, Sum: 4]
      [GC Worker Other (ms): Min: 0.0, Avg: 0.0, Max: 0.0, Diff: 0.0, Sum: 0.0]
      [GC Worker Total (ms): Min: 0.6, Avg: 1.4, Max: 1.7, Diff: 1.1, Sum: 5.5]
      [GC Worker End (ms): Min: 1009848.2, Avg: 1009848.2, Max: 1009848.2, Diff: 0.0]
   [Code Root Fixup: 0.0 ms]
   [Code Root Purge: 0.0 ms]
   [Clear CT: 0.1 ms]
   [Other: 0.9 ms]
      [Choose CSet: 0.0 ms]
      [Ref Proc: 0.8 ms]
      [Ref Enq: 0.0 ms]
      [Redirty Cards: 0.0 ms]
      [Humongous Register: 0.0 ms]
      [Humongous Reclaim: 0.0 ms]
      [Free CSet: 0.0 ms]
   [Eden: 66.0M(66.0M)->0.0B(66.0M) Survivors: 1024.0K->1024.0K Heap: 112.4M(128.0M)->46.5M(128.0M)]
 [Times: user=0.00 sys=0.00, real=0.00 secs] 
2020-11-10T16:41:45.347+0800: 1014.830: [GC pause (G1 Evacuation Pause) (young), 0.0027697 secs]
   [Parallel Time: 1.3 ms, GC Workers: 4]
      [GC Worker Start (ms): Min: 1014830.0, Avg: 1014830.0, Max: 1014830.1, Diff: 0.0]
      [Ext Root Scanning (ms): Min: 0.6, Avg: 0.8, Max: 1.2, Diff: 0.6, Sum: 3.2]
      [Update RS (ms): Min: 0.0, Avg: 0.2, Max: 0.3, Diff: 0.3, Sum: 0.7]
         [Processed Buffers: Min: 0, Avg: 8.3, Max: 22, Diff: 22, Sum: 33]
      [Scan RS (ms): Min: 0.0, Avg: 0.0, Max: 0.0, Diff: 0.0, Sum: 0.0]
      [Code Root Scanning (ms): Min: 0.0, Avg: 0.0, Max: 0.0, Diff: 0.0, Sum: 0.0]
      [Object Copy (ms): Min: 0.0, Avg: 0.1, Max: 0.2, Diff: 0.2, Sum: 0.5]
      [Termination (ms): Min: 0.0, Avg: 0.1, Max: 0.2, Diff: 0.2, Sum: 0.5]
         [Termination Attempts: Min: 1, Avg: 1.0, Max: 1, Diff: 0, Sum: 4]
      [GC Worker Other (ms): Min: 0.0, Avg: 0.0, Max: 0.0, Diff: 0.0, Sum: 0.0]
      [GC Worker Total (ms): Min: 1.2, Avg: 1.2, Max: 1.3, Diff: 0.0, Sum: 5.0]
      [GC Worker End (ms): Min: 1014831.3, Avg: 1014831.3, Max: 1014831.3, Diff: 0.0]
   [Code Root Fixup: 0.0 ms]
   [Code Root Purge: 0.0 ms]
   [Clear CT: 0.2 ms]
   [Other: 1.2 ms]
      [Choose CSet: 0.0 ms]
      [Ref Proc: 0.8 ms]
      [Ref Enq: 0.0 ms]
      [Redirty Cards: 0.1 ms]
      [Humongous Register: 0.0 ms]
      [Humongous Reclaim: 0.0 ms]
      [Free CSet: 0.0 ms]
   [Eden: 66.0M(66.0M)->0.0B(66.0M) Survivors: 1024.0K->1024.0K Heap: 112.5M(128.0M)->46.4M(128.0M)]
 [Times: user=0.00 sys=0.00, real=0.00 secs] 
2020-11-10T16:41:49.517+0800: 1019.000: [GC pause (G1 Evacuation Pause) (young), 0.0024854 secs]
   [Parallel Time: 1.4 ms, GC Workers: 4]
      [GC Worker Start (ms): Min: 1019000.3, Avg: 1019000.4, Max: 1019000.5, Diff: 0.1]
      [Ext Root Scanning (ms): Min: 0.6, Avg: 0.8, Max: 1.3, Diff: 0.7, Sum: 3.2]
      [Update RS (ms): Min: 0.0, Avg: 0.2, Max: 0.3, Diff: 0.3, Sum: 0.7]
         [Processed Buffers: Min: 0, Avg: 8.3, Max: 24, Diff: 24, Sum: 33]
      [Scan RS (ms): Min: 0.0, Avg: 0.0, Max: 0.0, Diff: 0.0, Sum: 0.0]
      [Code Root Scanning (ms): Min: 0.0, Avg: 0.0, Max: 0.0, Diff: 0.0, Sum: 0.0]
      [Object Copy (ms): Min: 0.0, Avg: 0.1, Max: 0.2, Diff: 0.2, Sum: 0.5]
      [Termination (ms): Min: 0.0, Avg: 0.1, Max: 0.1, Diff: 0.1, Sum: 0.3]
         [Termination Attempts: Min: 1, Avg: 1.0, Max: 1, Diff: 0, Sum: 4]
      [GC Worker Other (ms): Min: 0.0, Avg: 0.0, Max: 0.0, Diff: 0.0, Sum: 0.0]
      [GC Worker Total (ms): Min: 1.1, Avg: 1.2, Max: 1.3, Diff: 0.1, Sum: 4.8]
      [GC Worker End (ms): Min: 1019001.6, Avg: 1019001.6, Max: 1019001.6, Diff: 0.0]
   [Code Root Fixup: 0.0 ms]
   [Code Root Purge: 0.0 ms]
   [Clear CT: 0.1 ms]
   [Other: 0.9 ms]
      [Choose CSet: 0.0 ms]
      [Ref Proc: 0.7 ms]
      [Ref Enq: 0.0 ms]
      [Redirty Cards: 0.1 ms]
      [Humongous Register: 0.0 ms]
      [Humongous Reclaim: 0.0 ms]
      [Free CSet: 0.0 ms]
   [Eden: 66.0M(66.0M)->0.0B(66.0M) Survivors: 1024.0K->1024.0K Heap: 112.4M(128.0M)->46.4M(128.0M)]
 [Times: user=0.00 sys=0.00, real=0.00 secs] 
2020-11-10T16:41:55.364+0800: 1024.847: [GC pause (G1 Evacuation Pause) (young), 0.0028840 secs]
   [Parallel Time: 1.6 ms, GC Workers: 4]
      [GC Worker Start (ms): Min: 1024846.9, Avg: 1024847.1, Max: 1024847.7, Diff: 0.7]
      [Ext Root Scanning (ms): Min: 0.3, Avg: 0.9, Max: 1.5, Diff: 1.2, Sum: 3.5]
      [Update RS (ms): Min: 0.0, Avg: 0.2, Max: 0.3, Diff: 0.3, Sum: 0.7]
         [Processed Buffers: Min: 0, Avg: 8.3, Max: 25, Diff: 25, Sum: 33]
      [Scan RS (ms): Min: 0.0, Avg: 0.0, Max: 0.0, Diff: 0.0, Sum: 0.0]
      [Code Root Scanning (ms): Min: 0.0, Avg: 0.0, Max: 0.0, Diff: 0.0, Sum: 0.0]
      [Object Copy (ms): Min: 0.0, Avg: 0.1, Max: 0.2, Diff: 0.2, Sum: 0.5]
      [Termination (ms): Min: 0.0, Avg: 0.0, Max: 0.0, Diff: 0.0, Sum: 0.1]
         [Termination Attempts: Min: 1, Avg: 1.0, Max: 1, Diff: 0, Sum: 4]
      [GC Worker Other (ms): Min: 0.0, Avg: 0.0, Max: 0.0, Diff: 0.0, Sum: 0.0]
      [GC Worker Total (ms): Min: 0.7, Avg: 1.3, Max: 1.5, Diff: 0.7, Sum: 5.0]
      [GC Worker End (ms): Min: 1024848.4, Avg: 1024848.4, Max: 1024848.4, Diff: 0.0]
   [Code Root Fixup: 0.0 ms]
   [Code Root Purge: 0.0 ms]
   [Clear CT: 0.3 ms]
   [Other: 1.0 ms]
      [Choose CSet: 0.0 ms]
      [Ref Proc: 0.6 ms]
      [Ref Enq: 0.0 ms]
      [Redirty Cards: 0.2 ms]
      [Humongous Register: 0.0 ms]
      [Humongous Reclaim: 0.0 ms]
      [Free CSet: 0.0 ms]
   [Eden: 66.0M(66.0M)->0.0B(66.0M) Survivors: 1024.0K->1024.0K Heap: 112.4M(128.0M)->46.5M(128.0M)]
 [Times: user=0.00 sys=0.00, real=0.00 secs] 
2020-11-10T16:42:01.816+0800: 1031.299: [GC pause (G1 Evacuation Pause) (young), 0.0042716 secs]
   [Parallel Time: 2.1 ms, GC Workers: 4]
      [GC Worker Start (ms): Min: 1031299.5, Avg: 1031299.6, Max: 1031299.7, Diff: 0.2]
      [Ext Root Scanning (ms): Min: 0.4, Avg: 1.1, Max: 1.9, Diff: 1.5, Sum: 4.5]
      [Update RS (ms): Min: 0.0, Avg: 0.4, Max: 0.7, Diff: 0.7, Sum: 1.6]
         [Processed Buffers: Min: 0, Avg: 8.5, Max: 26, Diff: 26, Sum: 34]
      [Scan RS (ms): Min: 0.0, Avg: 0.0, Max: 0.0, Diff: 0.0, Sum: 0.0]
      [Code Root Scanning (ms): Min: 0.0, Avg: 0.0, Max: 0.0, Diff: 0.0, Sum: 0.0]
      [Object Copy (ms): Min: 0.1, Avg: 0.4, Max: 0.7, Diff: 0.6, Sum: 1.6]
      [Termination (ms): Min: 0.0, Avg: 0.0, Max: 0.1, Diff: 0.1, Sum: 0.2]
         [Termination Attempts: Min: 1, Avg: 1.0, Max: 1, Diff: 0, Sum: 4]
      [GC Worker Other (ms): Min: 0.0, Avg: 0.0, Max: 0.0, Diff: 0.0, Sum: 0.1]
      [GC Worker Total (ms): Min: 1.9, Avg: 2.0, Max: 2.1, Diff: 0.2, Sum: 8.0]
      [GC Worker End (ms): Min: 1031301.5, Avg: 1031301.6, Max: 1031301.6, Diff: 0.0]
   [Code Root Fixup: 0.0 ms]
   [Code Root Purge: 0.0 ms]
   [Clear CT: 0.1 ms]
   [Other: 2.0 ms]
      [Choose CSet: 0.0 ms]
      [Ref Proc: 1.5 ms]
      [Ref Enq: 0.0 ms]
      [Redirty Cards: 0.1 ms]
      [Humongous Register: 0.0 ms]
      [Humongous Reclaim: 0.0 ms]
      [Free CSet: 0.2 ms]
   [Eden: 66.0M(66.0M)->0.0B(66.0M) Survivors: 1024.0K->1024.0K Heap: 112.5M(128.0M)->46.4M(128.0M)]
 [Times: user=0.00 sys=0.00, real=0.01 secs] 
2020-11-10T16:42:06.229+0800: 1035.713: [GC pause (G1 Evacuation Pause) (young), 0.0246893 secs]
   [Parallel Time: 23.6 ms, GC Workers: 4]
      [GC Worker Start (ms): Min: 1035712.9, Avg: 1035713.0, Max: 1035713.1, Diff: 0.2]
      [Ext Root Scanning (ms): Min: 0.6, Avg: 0.8, Max: 1.3, Diff: 0.7, Sum: 3.3]
      [Update RS (ms): Min: 0.0, Avg: 5.7, Max: 22.5, Diff: 22.5, Sum: 22.9]
         [Processed Buffers: Min: 0, Avg: 8.5, Max: 24, Diff: 24, Sum: 34]
      [Scan RS (ms): Min: 0.0, Avg: 0.0, Max: 0.0, Diff: 0.0, Sum: 0.0]
      [Code Root Scanning (ms): Min: 0.0, Avg: 0.0, Max: 0.0, Diff: 0.0, Sum: 0.0]
      [Object Copy (ms): Min: 0.0, Avg: 0.2, Max: 0.4, Diff: 0.3, Sum: 0.8]
      [Termination (ms): Min: 0.0, Avg: 16.5, Max: 22.0, Diff: 22.0, Sum: 66.0]
         [Termination Attempts: Min: 1, Avg: 25.0, Max: 42, Diff: 41, Sum: 100]
      [GC Worker Other (ms): Min: 0.0, Avg: 0.0, Max: 0.0, Diff: 0.0, Sum: 0.1]
      [GC Worker Total (ms): Min: 23.2, Avg: 23.3, Max: 23.4, Diff: 0.1, Sum: 93.2]
      [GC Worker End (ms): Min: 1035736.3, Avg: 1035736.3, Max: 1035736.3, Diff: 0.0]
   [Code Root Fixup: 0.0 ms]
   [Code Root Purge: 0.0 ms]
   [Clear CT: 0.1 ms]
   [Other: 1.0 ms]
      [Choose CSet: 0.0 ms]
      [Ref Proc: 0.8 ms]
      [Ref Enq: 0.0 ms]
      [Redirty Cards: 0.0 ms]
      [Humongous Register: 0.0 ms]
      [Humongous Reclaim: 0.0 ms]
      [Free CSet: 0.0 ms]
   [Eden: 66.0M(66.0M)->0.0B(66.0M) Survivors: 1024.0K->1024.0K Heap: 112.4M(128.0M)->46.5M(128.0M)]
 [Times: user=0.08 sys=0.00, real=0.02 secs] 
2020-11-10T16:42:10.398+0800: 1039.881: [GC pause (G1 Evacuation Pause) (young), 0.0035313 secs]
   [Parallel Time: 2.3 ms, GC Workers: 4]
      [GC Worker Start (ms): Min: 1039881.5, Avg: 1039881.6, Max: 1039881.6, Diff: 0.1]
      [Ext Root Scanning (ms): Min: 1.2, Avg: 1.7, Max: 2.1, Diff: 0.9, Sum: 6.7]
      [Update RS (ms): Min: 0.0, Avg: 0.2, Max: 0.5, Diff: 0.5, Sum: 1.0]
         [Processed Buffers: Min: 0, Avg: 9.8, Max: 22, Diff: 22, Sum: 39]
      [Scan RS (ms): Min: 0.0, Avg: 0.0, Max: 0.0, Diff: 0.0, Sum: 0.0]
      [Code Root Scanning (ms): Min: 0.0, Avg: 0.0, Max: 0.0, Diff: 0.0, Sum: 0.0]
      [Object Copy (ms): Min: 0.0, Avg: 0.2, Max: 0.3, Diff: 0.3, Sum: 0.8]
      [Termination (ms): Min: 0.0, Avg: 0.1, Max: 0.1, Diff: 0.1, Sum: 0.2]
         [Termination Attempts: Min: 1, Avg: 1.0, Max: 1, Diff: 0, Sum: 4]
      [GC Worker Other (ms): Min: 0.0, Avg: 0.0, Max: 0.0, Diff: 0.0, Sum: 0.0]
      [GC Worker Total (ms): Min: 2.2, Avg: 2.2, Max: 2.2, Diff: 0.1, Sum: 8.8]
      [GC Worker End (ms): Min: 1039883.8, Avg: 1039883.8, Max: 1039883.8, Diff: 0.0]
   [Code Root Fixup: 0.0 ms]
   [Code Root Purge: 0.0 ms]
   [Clear CT: 0.1 ms]
   [Other: 1.2 ms]
      [Choose CSet: 0.0 ms]
      [Ref Proc: 0.8 ms]
      [Ref Enq: 0.0 ms]
      [Redirty Cards: 0.1 ms]
      [Humongous Register: 0.0 ms]
      [Humongous Reclaim: 0.0 ms]
      [Free CSet: 0.0 ms]
   [Eden: 66.0M(66.0M)->0.0B(66.0M) Survivors: 1024.0K->1024.0K Heap: 112.5M(128.0M)->46.6M(128.0M)]
 [Times: user=0.00 sys=0.00, real=0.00 secs] 
2020-11-10T16:42:15.883+0800: 1045.367: [GC pause (G1 Evacuation Pause) (young), 0.0031584 secs]
   [Parallel Time: 1.7 ms, GC Workers: 4]
      [GC Worker Start (ms): Min: 1045367.3, Avg: 1045367.5, Max: 1045367.8, Diff: 0.5]
      [Ext Root Scanning (ms): Min: 0.4, Avg: 0.9, Max: 1.5, Diff: 1.0, Sum: 3.6]
      [Update RS (ms): Min: 0.0, Avg: 0.3, Max: 0.4, Diff: 0.4, Sum: 1.1]
         [Processed Buffers: Min: 0, Avg: 7.8, Max: 19, Diff: 19, Sum: 31]
      [Scan RS (ms): Min: 0.0, Avg: 0.0, Max: 0.0, Diff: 0.0, Sum: 0.0]
      [Code Root Scanning (ms): Min: 0.0, Avg: 0.0, Max: 0.0, Diff: 0.0, Sum: 0.0]
      [Object Copy (ms): Min: 0.2, Avg: 0.2, Max: 0.3, Diff: 0.1, Sum: 1.0]
      [Termination (ms): Min: 0.0, Avg: 0.0, Max: 0.0, Diff: 0.0, Sum: 0.0]
         [Termination Attempts: Min: 1, Avg: 1.0, Max: 1, Diff: 0, Sum: 4]
      [GC Worker Other (ms): Min: 0.0, Avg: 0.0, Max: 0.0, Diff: 0.0, Sum: 0.0]
      [GC Worker Total (ms): Min: 1.1, Avg: 1.4, Max: 1.6, Diff: 0.5, Sum: 5.8]
      [GC Worker End (ms): Min: 1045368.9, Avg: 1045368.9, Max: 1045368.9, Diff: 0.0]
   [Code Root Fixup: 0.0 ms]
   [Code Root Purge: 0.0 ms]
   [Clear CT: 0.3 ms]
   [Other: 1.1 ms]
      [Choose CSet: 0.0 ms]
      [Ref Proc: 0.7 ms]
      [Ref Enq: 0.0 ms]
      [Redirty Cards: 0.3 ms]
      [Humongous Register: 0.0 ms]
      [Humongous Reclaim: 0.0 ms]
      [Free CSet: 0.0 ms]
   [Eden: 66.0M(66.0M)->0.0B(66.0M) Survivors: 1024.0K->1024.0K Heap: 112.6M(128.0M)->46.7M(128.0M)]
 [Times: user=0.00 sys=0.00, real=0.00 secs] 
2020-11-10T16:42:19.605+0800: 1049.089: [GC pause (G1 Evacuation Pause) (young), 0.0026487 secs]
   [Parallel Time: 1.4 ms, GC Workers: 4]
      [GC Worker Start (ms): Min: 1049089.1, Avg: 1049089.1, Max: 1049089.1, Diff: 0.0]
      [Ext Root Scanning (ms): Min: 0.7, Avg: 0.8, Max: 1.2, Diff: 0.6, Sum: 3.3]
      [Update RS (ms): Min: 0.0, Avg: 0.2, Max: 0.3, Diff: 0.3, Sum: 0.8]
         [Processed Buffers: Min: 0, Avg: 7.8, Max: 21, Diff: 21, Sum: 31]
      [Scan RS (ms): Min: 0.0, Avg: 0.0, Max: 0.0, Diff: 0.0, Sum: 0.0]
      [Code Root Scanning (ms): Min: 0.0, Avg: 0.0, Max: 0.0, Diff: 0.0, Sum: 0.0]
      [Object Copy (ms): Min: 0.1, Avg: 0.3, Max: 0.4, Diff: 0.3, Sum: 1.0]
      [Termination (ms): Min: 0.0, Avg: 0.0, Max: 0.0, Diff: 0.0, Sum: 0.0]
         [Termination Attempts: Min: 1, Avg: 1.0, Max: 1, Diff: 0, Sum: 4]
      [GC Worker Other (ms): Min: 0.0, Avg: 0.0, Max: 0.0, Diff: 0.0, Sum: 0.0]
      [GC Worker Total (ms): Min: 1.3, Avg: 1.3, Max: 1.3, Diff: 0.0, Sum: 5.3]
      [GC Worker End (ms): Min: 1049090.4, Avg: 1049090.4, Max: 1049090.4, Diff: 0.0]
   [Code Root Fixup: 0.0 ms]
   [Code Root Purge: 0.0 ms]
   [Clear CT: 0.3 ms]
   [Other: 0.9 ms]
      [Choose CSet: 0.0 ms]
      [Ref Proc: 0.7 ms]
      [Ref Enq: 0.0 ms]
      [Redirty Cards: 0.1 ms]
      [Humongous Register: 0.0 ms]
      [Humongous Reclaim: 0.0 ms]
      [Free CSet: 0.0 ms]
   [Eden: 66.0M(66.0M)->0.0B(66.0M) Survivors: 1024.0K->1024.0K Heap: 112.7M(128.0M)->46.6M(128.0M)]
 [Times: user=0.00 sys=0.00, real=0.00 secs] 
2020-11-10T16:42:23.662+0800: 1053.146: [GC pause (G1 Evacuation Pause) (young), 0.0031289 secs]
   [Parallel Time: 1.5 ms, GC Workers: 4]
      [GC Worker Start (ms): Min: 1053145.9, Avg: 1053145.9, Max: 1053146.0, Diff: 0.2]
      [Ext Root Scanning (ms): Min: 0.5, Avg: 0.9, Max: 1.3, Diff: 0.8, Sum: 3.7]
      [Update RS (ms): Min: 0.0, Avg: 0.2, Max: 0.4, Diff: 0.4, Sum: 0.8]
         [Processed Buffers: Min: 0, Avg: 7.8, Max: 28, Diff: 28, Sum: 31]
      [Scan RS (ms): Min: 0.0, Avg: 0.0, Max: 0.0, Diff: 0.0, Sum: 0.0]
      [Code Root Scanning (ms): Min: 0.0, Avg: 0.0, Max: 0.0, Diff: 0.0, Sum: 0.0]
      [Object Copy (ms): Min: 0.0, Avg: 0.2, Max: 0.3, Diff: 0.3, Sum: 0.9]
      [Termination (ms): Min: 0.0, Avg: 0.0, Max: 0.0, Diff: 0.0, Sum: 0.1]
         [Termination Attempts: Min: 1, Avg: 1.3, Max: 2, Diff: 1, Sum: 5]
      [GC Worker Other (ms): Min: 0.0, Avg: 0.0, Max: 0.0, Diff: 0.0, Sum: 0.0]
      [GC Worker Total (ms): Min: 1.3, Avg: 1.4, Max: 1.5, Diff: 0.2, Sum: 5.6]
      [GC Worker End (ms): Min: 1053147.3, Avg: 1053147.3, Max: 1053147.3, Diff: 0.0]
   [Code Root Fixup: 0.0 ms]
   [Code Root Purge: 0.0 ms]
   [Clear CT: 0.3 ms]
   [Other: 1.2 ms]
      [Choose CSet: 0.0 ms]
      [Ref Proc: 0.8 ms]
      [Ref Enq: 0.0 ms]
      [Redirty Cards: 0.3 ms]
      [Humongous Register: 0.0 ms]
      [Humongous Reclaim: 0.0 ms]
      [Free CSet: 0.0 ms]
   [Eden: 66.0M(66.0M)->0.0B(66.0M) Survivors: 1024.0K->1024.0K Heap: 112.6M(128.0M)->46.7M(128.0M)]
 [Times: user=0.00 sys=0.00, real=0.00 secs] 
2020-11-10T16:42:28.039+0800: 1057.522: [GC pause (G1 Evacuation Pause) (young), 0.0030323 secs]
   [Parallel Time: 1.5 ms, GC Workers: 4]
      [GC Worker Start (ms): Min: 1057522.2, Avg: 1057522.2, Max: 1057522.3, Diff: 0.1]
      [Ext Root Scanning (ms): Min: 0.6, Avg: 0.8, Max: 1.3, Diff: 0.7, Sum: 3.2]
      [Update RS (ms): Min: 0.0, Avg: 0.3, Max: 0.4, Diff: 0.4, Sum: 1.0]
         [Processed Buffers: Min: 0, Avg: 9.0, Max: 16, Diff: 16, Sum: 36]
      [Scan RS (ms): Min: 0.0, Avg: 0.0, Max: 0.0, Diff: 0.0, Sum: 0.0]
      [Code Root Scanning (ms): Min: 0.0, Avg: 0.0, Max: 0.0, Diff: 0.0, Sum: 0.0]
      [Object Copy (ms): Min: 0.1, Avg: 0.3, Max: 0.4, Diff: 0.2, Sum: 1.1]
      [Termination (ms): Min: 0.0, Avg: 0.0, Max: 0.0, Diff: 0.0, Sum: 0.0]
         [Termination Attempts: Min: 1, Avg: 1.0, Max: 1, Diff: 0, Sum: 4]
      [GC Worker Other (ms): Min: 0.0, Avg: 0.0, Max: 0.0, Diff: 0.0, Sum: 0.0]
      [GC Worker Total (ms): Min: 1.3, Avg: 1.4, Max: 1.4, Diff: 0.1, Sum: 5.4]
      [GC Worker End (ms): Min: 1057523.6, Avg: 1057523.6, Max: 1057523.6, Diff: 0.0]
   [Code Root Fixup: 0.0 ms]
   [Code Root Purge: 0.0 ms]
   [Clear CT: 0.3 ms]
   [Other: 1.2 ms]
      [Choose CSet: 0.0 ms]
      [Ref Proc: 0.8 ms]
      [Ref Enq: 0.0 ms]
      [Redirty Cards: 0.3 ms]
      [Humongous Register: 0.0 ms]
      [Humongous Reclaim: 0.0 ms]
      [Free CSet: 0.0 ms]
   [Eden: 66.0M(66.0M)->0.0B(66.0M) Survivors: 1024.0K->1024.0K Heap: 112.7M(128.0M)->46.7M(128.0M)]
 [Times: user=0.00 sys=0.00, real=0.00 secs] 
2020-11-10T16:42:32.924+0800: 1062.408: [GC pause (G1 Evacuation Pause) (young), 0.0045514 secs]
   [Parallel Time: 3.3 ms, GC Workers: 4]
      [GC Worker Start (ms): Min: 1062408.6, Avg: 1062409.1, Max: 1062409.5, Diff: 0.9]
      [Ext Root Scanning (ms): Min: 1.1, Avg: 1.7, Max: 2.8, Diff: 1.8, Sum: 6.6]
      [Update RS (ms): Min: 0.0, Avg: 0.5, Max: 0.7, Diff: 0.7, Sum: 1.9]
         [Processed Buffers: Min: 0, Avg: 8.3, Max: 23, Diff: 23, Sum: 33]
      [Scan RS (ms): Min: 0.0, Avg: 0.0, Max: 0.0, Diff: 0.0, Sum: 0.0]
      [Code Root Scanning (ms): Min: 0.0, Avg: 0.0, Max: 0.0, Diff: 0.0, Sum: 0.0]
      [Object Copy (ms): Min: 0.2, Avg: 0.3, Max: 0.5, Diff: 0.3, Sum: 1.4]
      [Termination (ms): Min: 0.0, Avg: 0.0, Max: 0.0, Diff: 0.0, Sum: 0.0]
         [Termination Attempts: Min: 1, Avg: 1.0, Max: 1, Diff: 0, Sum: 4]
      [GC Worker Other (ms): Min: 0.0, Avg: 0.0, Max: 0.0, Diff: 0.0, Sum: 0.0]
      [GC Worker Total (ms): Min: 2.1, Avg: 2.5, Max: 3.0, Diff: 0.9, Sum: 10.0]
      [GC Worker End (ms): Min: 1062411.6, Avg: 1062411.6, Max: 1062411.6, Diff: 0.0]
   [Code Root Fixup: 0.0 ms]
   [Code Root Purge: 0.0 ms]
   [Clear CT: 0.1 ms]
   [Other: 1.2 ms]
      [Choose CSet: 0.0 ms]
      [Ref Proc: 1.0 ms]
      [Ref Enq: 0.0 ms]
      [Redirty Cards: 0.1 ms]
      [Humongous Register: 0.0 ms]
      [Humongous Reclaim: 0.0 ms]
      [Free CSet: 0.0 ms]
   [Eden: 66.0M(66.0M)->0.0B(66.0M) Survivors: 1024.0K->1024.0K Heap: 112.7M(128.0M)->46.8M(128.0M)]
 [Times: user=0.00 sys=0.00, real=0.00 secs] 
2020-11-10T16:42:36.887+0800: 1066.371: [GC pause (G1 Evacuation Pause) (young), 0.0056807 secs]
   [Parallel Time: 3.5 ms, GC Workers: 4]
      [GC Worker Start (ms): Min: 1066370.7, Avg: 1066370.7, Max: 1066370.8, Diff: 0.1]
      [Ext Root Scanning (ms): Min: 0.9, Avg: 1.5, Max: 2.3, Diff: 1.5, Sum: 6.0]
      [Update RS (ms): Min: 0.0, Avg: 0.6, Max: 1.0, Diff: 1.0, Sum: 2.2]
         [Processed Buffers: Min: 0, Avg: 8.3, Max: 17, Diff: 17, Sum: 33]
      [Scan RS (ms): Min: 0.0, Avg: 0.1, Max: 0.1, Diff: 0.1, Sum: 0.3]
      [Code Root Scanning (ms): Min: 0.0, Avg: 0.3, Max: 1.2, Diff: 1.2, Sum: 1.3]
      [Object Copy (ms): Min: 0.1, Avg: 0.8, Max: 1.2, Diff: 1.1, Sum: 3.3]
      [Termination (ms): Min: 0.0, Avg: 0.1, Max: 0.1, Diff: 0.1, Sum: 0.3]
         [Termination Attempts: Min: 1, Avg: 1.0, Max: 1, Diff: 0, Sum: 4]
      [GC Worker Other (ms): Min: 0.0, Avg: 0.0, Max: 0.0, Diff: 0.0, Sum: 0.1]
      [GC Worker Total (ms): Min: 3.3, Avg: 3.4, Max: 3.4, Diff: 0.0, Sum: 13.4]
      [GC Worker End (ms): Min: 1066374.1, Avg: 1066374.1, Max: 1066374.1, Diff: 0.0]
   [Code Root Fixup: 0.1 ms]
   [Code Root Purge: 0.0 ms]
   [Clear CT: 0.1 ms]
   [Other: 2.0 ms]
      [Choose CSet: 0.0 ms]
      [Ref Proc: 1.8 ms]
      [Ref Enq: 0.0 ms]
      [Redirty Cards: 0.1 ms]
      [Humongous Register: 0.0 ms]
      [Humongous Reclaim: 0.0 ms]
      [Free CSet: 0.0 ms]
   [Eden: 66.0M(66.0M)->0.0B(66.0M) Survivors: 1024.0K->1024.0K Heap: 112.8M(128.0M)->46.9M(128.0M)]
 [Times: user=0.02 sys=0.00, real=0.01 secs] 
2020-11-10T16:42:40.817+0800: 1070.301: [GC pause (G1 Evacuation Pause) (young), 0.0034082 secs]
   [Parallel Time: 1.9 ms, GC Workers: 4]
      [GC Worker Start (ms): Min: 1070300.9, Avg: 1070301.0, Max: 1070301.0, Diff: 0.1]
      [Ext Root Scanning (ms): Min: 0.9, Avg: 1.0, Max: 1.3, Diff: 0.4, Sum: 4.1]
      [Update RS (ms): Min: 0.1, Avg: 0.3, Max: 0.4, Diff: 0.3, Sum: 1.1]
         [Processed Buffers: Min: 1, Avg: 8.3, Max: 18, Diff: 17, Sum: 33]
      [Scan RS (ms): Min: 0.0, Avg: 0.0, Max: 0.0, Diff: 0.0, Sum: 0.0]
      [Code Root Scanning (ms): Min: 0.0, Avg: 0.0, Max: 0.0, Diff: 0.0, Sum: 0.0]
      [Object Copy (ms): Min: 0.3, Avg: 0.4, Max: 0.4, Diff: 0.1, Sum: 1.5]
      [Termination (ms): Min: 0.0, Avg: 0.0, Max: 0.1, Diff: 0.1, Sum: 0.2]
         [Termination Attempts: Min: 1, Avg: 1.5, Max: 2, Diff: 1, Sum: 6]
      [GC Worker Other (ms): Min: 0.0, Avg: 0.0, Max: 0.0, Diff: 0.0, Sum: 0.0]
      [GC Worker Total (ms): Min: 1.7, Avg: 1.8, Max: 1.8, Diff: 0.1, Sum: 7.1]
      [GC Worker End (ms): Min: 1070302.8, Avg: 1070302.8, Max: 1070302.8, Diff: 0.0]
   [Code Root Fixup: 0.1 ms]
   [Code Root Purge: 0.0 ms]
   [Clear CT: 0.2 ms]
   [Other: 1.2 ms]
      [Choose CSet: 0.0 ms]
      [Ref Proc: 0.8 ms]
      [Ref Enq: 0.0 ms]
      [Redirty Cards: 0.3 ms]
      [Humongous Register: 0.0 ms]
      [Humongous Reclaim: 0.0 ms]
      [Free CSet: 0.0 ms]
   [Eden: 66.0M(66.0M)->0.0B(66.0M) Survivors: 1024.0K->1024.0K Heap: 112.9M(128.0M)->46.9M(128.0M)]
 [Times: user=0.00 sys=0.00, real=0.00 secs] 
2020-11-10T16:42:45.138+0800: 1074.622: [GC pause (G1 Evacuation Pause) (young), 0.0032719 secs]
   [Parallel Time: 1.5 ms, GC Workers: 4]
      [GC Worker Start (ms): Min: 1074621.7, Avg: 1074621.8, Max: 1074621.8, Diff: 0.1]
      [Ext Root Scanning (ms): Min: 0.6, Avg: 0.8, Max: 1.2, Diff: 0.6, Sum: 3.1]
      [Update RS (ms): Min: 0.0, Avg: 0.2, Max: 0.3, Diff: 0.3, Sum: 0.9]
         [Processed Buffers: Min: 0, Avg: 8.5, Max: 15, Diff: 15, Sum: 34]
      [Scan RS (ms): Min: 0.0, Avg: 0.0, Max: 0.0, Diff: 0.0, Sum: 0.0]
      [Code Root Scanning (ms): Min: 0.0, Avg: 0.0, Max: 0.0, Diff: 0.0, Sum: 0.0]
      [Object Copy (ms): Min: 0.2, Avg: 0.3, Max: 0.4, Diff: 0.2, Sum: 1.4]
      [Termination (ms): Min: 0.0, Avg: 0.0, Max: 0.0, Diff: 0.0, Sum: 0.1]
         [Termination Attempts: Min: 1, Avg: 1.0, Max: 1, Diff: 0, Sum: 4]
      [GC Worker Other (ms): Min: 0.0, Avg: 0.0, Max: 0.0, Diff: 0.0, Sum: 0.0]
      [GC Worker Total (ms): Min: 1.4, Avg: 1.4, Max: 1.5, Diff: 0.1, Sum: 5.6]
      [GC Worker End (ms): Min: 1074623.2, Avg: 1074623.2, Max: 1074623.2, Diff: 0.0]
   [Code Root Fixup: 0.0 ms]
   [Code Root Purge: 0.0 ms]
   [Clear CT: 0.4 ms]
   [Other: 1.3 ms]
      [Choose CSet: 0.0 ms]
      [Ref Proc: 0.8 ms]
      [Ref Enq: 0.0 ms]
      [Redirty Cards: 0.3 ms]
      [Humongous Register: 0.0 ms]
      [Humongous Reclaim: 0.0 ms]
      [Free CSet: 0.0 ms]
   [Eden: 66.0M(66.0M)->0.0B(66.0M) Survivors: 1024.0K->1024.0K Heap: 112.9M(128.0M)->47.0M(128.0M)]
 [Times: user=0.00 sys=0.00, real=0.00 secs] 
2020-11-10T16:42:50.176+0800: 1079.659: [GC pause (G1 Evacuation Pause) (young), 0.0045135 secs]
   [Parallel Time: 2.8 ms, GC Workers: 4]
      [GC Worker Start (ms): Min: 1079659.2, Avg: 1079659.3, Max: 1079659.3, Diff: 0.1]
      [Ext Root Scanning (ms): Min: 0.7, Avg: 1.4, Max: 2.7, Diff: 1.9, Sum: 5.5]
      [Update RS (ms): Min: 0.0, Avg: 0.4, Max: 1.1, Diff: 1.1, Sum: 1.7]
         [Processed Buffers: Min: 0, Avg: 8.8, Max: 24, Diff: 24, Sum: 35]
      [Scan RS (ms): Min: 0.0, Avg: 0.0, Max: 0.0, Diff: 0.0, Sum: 0.1]
      [Code Root Scanning (ms): Min: 0.0, Avg: 0.0, Max: 0.0, Diff: 0.0, Sum: 0.0]
      [Object Copy (ms): Min: 0.0, Avg: 0.5, Max: 0.9, Diff: 0.9, Sum: 2.1]
      [Termination (ms): Min: 0.0, Avg: 0.3, Max: 0.4, Diff: 0.4, Sum: 1.2]
         [Termination Attempts: Min: 1, Avg: 1.0, Max: 1, Diff: 0, Sum: 4]
      [GC Worker Other (ms): Min: 0.0, Avg: 0.0, Max: 0.0, Diff: 0.0, Sum: 0.1]
      [GC Worker Total (ms): Min: 2.6, Avg: 2.7, Max: 2.7, Diff: 0.1, Sum: 10.7]
      [GC Worker End (ms): Min: 1079661.9, Avg: 1079661.9, Max: 1079662.0, Diff: 0.0]
   [Code Root Fixup: 0.1 ms]
   [Code Root Purge: 0.0 ms]
   [Clear CT: 0.3 ms]
   [Other: 1.3 ms]
      [Choose CSet: 0.0 ms]
      [Ref Proc: 0.8 ms]
      [Ref Enq: 0.0 ms]
      [Redirty Cards: 0.3 ms]
      [Humongous Register: 0.0 ms]
      [Humongous Reclaim: 0.0 ms]
      [Free CSet: 0.0 ms]
   [Eden: 66.0M(66.0M)->0.0B(66.0M) Survivors: 1024.0K->1024.0K Heap: 113.0M(128.0M)->46.9M(128.0M)]
 [Times: user=0.00 sys=0.00, real=0.00 secs] 
2020-11-10T16:42:53.927+0800: 1083.410: [GC pause (G1 Evacuation Pause) (young), 0.0031477 secs]
   [Parallel Time: 1.7 ms, GC Workers: 4]
      [GC Worker Start (ms): Min: 1083409.7, Avg: 1083409.8, Max: 1083409.8, Diff: 0.1]
      [Ext Root Scanning (ms): Min: 0.7, Avg: 0.9, Max: 1.4, Diff: 0.6, Sum: 3.7]
      [Update RS (ms): Min: 0.0, Avg: 0.2, Max: 0.3, Diff: 0.3, Sum: 1.0]
         [Processed Buffers: Min: 0, Avg: 7.3, Max: 18, Diff: 18, Sum: 29]
      [Scan RS (ms): Min: 0.0, Avg: 0.0, Max: 0.0, Diff: 0.0, Sum: 0.0]
      [Code Root Scanning (ms): Min: 0.0, Avg: 0.0, Max: 0.0, Diff: 0.0, Sum: 0.0]
      [Object Copy (ms): Min: 0.2, Avg: 0.3, Max: 0.4, Diff: 0.2, Sum: 1.2]
      [Termination (ms): Min: 0.0, Avg: 0.0, Max: 0.0, Diff: 0.0, Sum: 0.0]
         [Termination Attempts: Min: 1, Avg: 1.0, Max: 1, Diff: 0, Sum: 4]
      [GC Worker Other (ms): Min: 0.0, Avg: 0.1, Max: 0.1, Diff: 0.1, Sum: 0.3]
      [GC Worker Total (ms): Min: 1.5, Avg: 1.6, Max: 1.6, Diff: 0.1, Sum: 6.2]
      [GC Worker End (ms): Min: 1083411.3, Avg: 1083411.4, Max: 1083411.4, Diff: 0.0]
   [Code Root Fixup: 0.0 ms]
   [Code Root Purge: 0.0 ms]
   [Clear CT: 0.3 ms]
   [Other: 1.1 ms]
      [Choose CSet: 0.0 ms]
      [Ref Proc: 0.8 ms]
      [Ref Enq: 0.0 ms]
      [Redirty Cards: 0.2 ms]
      [Humongous Register: 0.0 ms]
      [Humongous Reclaim: 0.0 ms]
      [Free CSet: 0.0 ms]
   [Eden: 66.0M(66.0M)->0.0B(66.0M) Survivors: 1024.0K->1024.0K Heap: 112.9M(128.0M)->47.0M(128.0M)]
 [Times: user=0.00 sys=0.00, real=0.00 secs] 
2020-11-10T16:42:57.949+0800: 1087.433: [GC pause (G1 Evacuation Pause) (young), 0.0029771 secs]
   [Parallel Time: 1.6 ms, GC Workers: 4]
      [GC Worker Start (ms): Min: 1087432.8, Avg: 1087432.8, Max: 1087432.9, Diff: 0.1]
      [Ext Root Scanning (ms): Min: 0.6, Avg: 0.8, Max: 1.2, Diff: 0.7, Sum: 3.1]
      [Update RS (ms): Min: 0.0, Avg: 0.3, Max: 0.4, Diff: 0.4, Sum: 1.2]
         [Processed Buffers: Min: 0, Avg: 8.0, Max: 16, Diff: 16, Sum: 32]
      [Scan RS (ms): Min: 0.0, Avg: 0.0, Max: 0.0, Diff: 0.0, Sum: 0.0]
      [Code Root Scanning (ms): Min: 0.0, Avg: 0.0, Max: 0.0, Diff: 0.0, Sum: 0.0]
      [Object Copy (ms): Min: 0.3, Avg: 0.4, Max: 0.4, Diff: 0.1, Sum: 1.5]
      [Termination (ms): Min: 0.0, Avg: 0.0, Max: 0.0, Diff: 0.0, Sum: 0.0]
         [Termination Attempts: Min: 1, Avg: 1.0, Max: 1, Diff: 0, Sum: 4]
      [GC Worker Other (ms): Min: 0.0, Avg: 0.0, Max: 0.0, Diff: 0.0, Sum: 0.0]
      [GC Worker Total (ms): Min: 1.4, Avg: 1.5, Max: 1.5, Diff: 0.1, Sum: 5.9]
      [GC Worker End (ms): Min: 1087434.3, Avg: 1087434.3, Max: 1087434.3, Diff: 0.0]
   [Code Root Fixup: 0.0 ms]
   [Code Root Purge: 0.0 ms]
   [Clear CT: 0.3 ms]
   [Other: 1.0 ms]
      [Choose CSet: 0.0 ms]
      [Ref Proc: 0.6 ms]
      [Ref Enq: 0.0 ms]
      [Redirty Cards: 0.3 ms]
      [Humongous Register: 0.0 ms]
      [Humongous Reclaim: 0.0 ms]
      [Free CSet: 0.0 ms]
   [Eden: 66.0M(66.0M)->0.0B(66.0M) Survivors: 1024.0K->1024.0K Heap: 113.0M(128.0M)->46.9M(128.0M)]
 [Times: user=0.00 sys=0.00, real=0.00 secs] 
2020-11-10T16:43:02.689+0800: 1092.172: [GC pause (G1 Evacuation Pause) (young), 0.0029467 secs]
   [Parallel Time: 1.5 ms, GC Workers: 4]
      [GC Worker Start (ms): Min: 1092172.6, Avg: 1092172.6, Max: 1092172.6, Diff: 0.1]
      [Ext Root Scanning (ms): Min: 0.6, Avg: 0.8, Max: 1.2, Diff: 0.7, Sum: 3.1]
      [Update RS (ms): Min: 0.0, Avg: 0.2, Max: 0.3, Diff: 0.3, Sum: 1.0]
         [Processed Buffers: Min: 0, Avg: 8.0, Max: 12, Diff: 12, Sum: 32]
      [Scan RS (ms): Min: 0.0, Avg: 0.0, Max: 0.0, Diff: 0.0, Sum: 0.0]
      [Code Root Scanning (ms): Min: 0.0, Avg: 0.0, Max: 0.0, Diff: 0.0, Sum: 0.0]
      [Object Copy (ms): Min: 0.2, Avg: 0.3, Max: 0.4, Diff: 0.2, Sum: 1.3]
      [Termination (ms): Min: 0.0, Avg: 0.0, Max: 0.0, Diff: 0.0, Sum: 0.0]
         [Termination Attempts: Min: 1, Avg: 1.0, Max: 1, Diff: 0, Sum: 4]
      [GC Worker Other (ms): Min: 0.0, Avg: 0.0, Max: 0.0, Diff: 0.0, Sum: 0.0]
      [GC Worker Total (ms): Min: 1.4, Avg: 1.4, Max: 1.4, Diff: 0.1, Sum: 5.5]
      [GC Worker End (ms): Min: 1092174.0, Avg: 1092174.0, Max: 1092174.0, Diff: 0.0]
   [Code Root Fixup: 0.0 ms]
   [Code Root Purge: 0.0 ms]
   [Clear CT: 0.3 ms]
   [Other: 1.1 ms]
      [Choose CSet: 0.0 ms]
      [Ref Proc: 0.6 ms]
      [Ref Enq: 0.0 ms]
      [Redirty Cards: 0.4 ms]
      [Humongous Register: 0.0 ms]
      [Humongous Reclaim: 0.0 ms]
      [Free CSet: 0.0 ms]
   [Eden: 66.0M(66.0M)->0.0B(66.0M) Survivors: 1024.0K->1024.0K Heap: 112.9M(128.0M)->47.0M(128.0M)]
 [Times: user=0.00 sys=0.00, real=0.00 secs] 
2020-11-10T16:43:07.493+0800: 1096.977: [GC pause (G1 Evacuation Pause) (young), 0.0037132 secs]
   [Parallel Time: 2.4 ms, GC Workers: 4]
      [GC Worker Start (ms): Min: 1096976.7, Avg: 1096977.4, Max: 1096978.6, Diff: 1.8]
      [Ext Root Scanning (ms): Min: 0.0, Avg: 1.0, Max: 1.8, Diff: 1.8, Sum: 4.2]
      [Update RS (ms): Min: 0.2, Avg: 0.3, Max: 0.4, Diff: 0.2, Sum: 1.2]
         [Processed Buffers: Min: 1, Avg: 10.3, Max: 27, Diff: 26, Sum: 41]
      [Scan RS (ms): Min: 0.0, Avg: 0.0, Max: 0.0, Diff: 0.0, Sum: 0.0]
      [Code Root Scanning (ms): Min: 0.0, Avg: 0.0, Max: 0.0, Diff: 0.0, Sum: 0.0]
      [Object Copy (ms): Min: 0.3, Avg: 0.3, Max: 0.5, Diff: 0.2, Sum: 1.4]
      [Termination (ms): Min: 0.0, Avg: 0.0, Max: 0.0, Diff: 0.0, Sum: 0.0]
         [Termination Attempts: Min: 1, Avg: 1.0, Max: 1, Diff: 0, Sum: 4]
      [GC Worker Other (ms): Min: 0.0, Avg: 0.0, Max: 0.0, Diff: 0.0, Sum: 0.0]
      [GC Worker Total (ms): Min: 0.5, Avg: 1.7, Max: 2.3, Diff: 1.8, Sum: 6.8]
      [GC Worker End (ms): Min: 1096979.1, Avg: 1096979.1, Max: 1096979.1, Diff: 0.0]
   [Code Root Fixup: 0.0 ms]
   [Code Root Purge: 0.0 ms]
   [Clear CT: 0.2 ms]
   [Other: 1.2 ms]
      [Choose CSet: 0.0 ms]
      [Ref Proc: 0.8 ms]
      [Ref Enq: 0.0 ms]
      [Redirty Cards: 0.1 ms]
      [Humongous Register: 0.0 ms]
      [Humongous Reclaim: 0.0 ms]
      [Free CSet: 0.1 ms]
   [Eden: 66.0M(66.0M)->0.0B(66.0M) Survivors: 1024.0K->1024.0K Heap: 113.0M(128.0M)->46.8M(128.0M)]
 [Times: user=0.00 sys=0.00, real=0.00 secs] 
2020-11-10T16:43:12.858+0800: 1102.341: [GC pause (G1 Evacuation Pause) (young), 0.0032357 secs]
   [Parallel Time: 1.6 ms, GC Workers: 4]
      [GC Worker Start (ms): Min: 1102341.6, Avg: 1102341.6, Max: 1102341.7, Diff: 0.1]
      [Ext Root Scanning (ms): Min: 0.6, Avg: 0.8, Max: 1.3, Diff: 0.7, Sum: 3.2]
      [Update RS (ms): Min: 0.0, Avg: 0.3, Max: 0.5, Diff: 0.5, Sum: 1.2]
         [Processed Buffers: Min: 0, Avg: 8.8, Max: 21, Diff: 21, Sum: 35]
      [Scan RS (ms): Min: 0.0, Avg: 0.0, Max: 0.0, Diff: 0.0, Sum: 0.0]
      [Code Root Scanning (ms): Min: 0.0, Avg: 0.0, Max: 0.0, Diff: 0.0, Sum: 0.0]
      [Object Copy (ms): Min: 0.2, Avg: 0.3, Max: 0.4, Diff: 0.2, Sum: 1.3]
      [Termination (ms): Min: 0.0, Avg: 0.0, Max: 0.0, Diff: 0.0, Sum: 0.0]
         [Termination Attempts: Min: 1, Avg: 1.0, Max: 1, Diff: 0, Sum: 4]
      [GC Worker Other (ms): Min: 0.0, Avg: 0.0, Max: 0.0, Diff: 0.0, Sum: 0.1]
      [GC Worker Total (ms): Min: 1.4, Avg: 1.4, Max: 1.5, Diff: 0.1, Sum: 5.7]
      [GC Worker End (ms): Min: 1102343.1, Avg: 1102343.1, Max: 1102343.1, Diff: 0.0]
   [Code Root Fixup: 0.0 ms]
   [Code Root Purge: 0.0 ms]
   [Clear CT: 0.4 ms]
   [Other: 1.3 ms]
      [Choose CSet: 0.0 ms]
      [Ref Proc: 0.7 ms]
      [Ref Enq: 0.0 ms]
      [Redirty Cards: 0.4 ms]
      [Humongous Register: 0.0 ms]
      [Humongous Reclaim: 0.0 ms]
      [Free CSet: 0.0 ms]
   [Eden: 66.0M(66.0M)->0.0B(66.0M) Survivors: 1024.0K->1024.0K Heap: 112.8M(128.0M)->47.0M(128.0M)]
 [Times: user=0.06 sys=0.00, real=0.00 secs] 
2020-11-10T16:43:18.219+0800: 1107.703: [GC pause (G1 Evacuation Pause) (young), 0.0123505 secs]
   [Parallel Time: 10.6 ms, GC Workers: 4]
      [GC Worker Start (ms): Min: 1107702.9, Avg: 1107703.0, Max: 1107703.2, Diff: 0.3]
      [Ext Root Scanning (ms): Min: 0.7, Avg: 1.0, Max: 1.3, Diff: 0.6, Sum: 3.8]
      [Update RS (ms): Min: 0.3, Avg: 0.6, Max: 1.0, Diff: 0.7, Sum: 2.4]
         [Processed Buffers: Min: 1, Avg: 9.5, Max: 21, Diff: 20, Sum: 38]
      [Scan RS (ms): Min: 0.0, Avg: 0.0, Max: 0.0, Diff: 0.0, Sum: 0.0]
      [Code Root Scanning (ms): Min: 0.0, Avg: 0.0, Max: 0.0, Diff: 0.0, Sum: 0.0]
      [Object Copy (ms): Min: 8.6, Avg: 8.8, Max: 9.0, Diff: 0.5, Sum: 35.4]
      [Termination (ms): Min: 0.0, Avg: 0.0, Max: 0.0, Diff: 0.0, Sum: 0.0]
         [Termination Attempts: Min: 1, Avg: 1.0, Max: 1, Diff: 0, Sum: 4]
      [GC Worker Other (ms): Min: 0.0, Avg: 0.0, Max: 0.0, Diff: 0.0, Sum: 0.1]
      [GC Worker Total (ms): Min: 10.2, Avg: 10.4, Max: 10.5, Diff: 0.3, Sum: 41.8]
      [GC Worker End (ms): Min: 1107713.4, Avg: 1107713.4, Max: 1107713.4, Diff: 0.0]
   [Code Root Fixup: 0.1 ms]
   [Code Root Purge: 0.0 ms]
   [Clear CT: 0.3 ms]
   [Other: 1.4 ms]
      [Choose CSet: 0.0 ms]
      [Ref Proc: 0.9 ms]
      [Ref Enq: 0.0 ms]
      [Redirty Cards: 0.3 ms]
      [Humongous Register: 0.0 ms]
      [Humongous Reclaim: 0.0 ms]
      [Free CSet: 0.0 ms]
   [Eden: 66.0M(66.0M)->0.0B(66.0M) Survivors: 1024.0K->1024.0K Heap: 113.0M(128.0M)->46.8M(128.0M)]
 [Times: user=0.05 sys=0.00, real=0.01 secs] 
2020-11-10T16:43:23.025+0800: 1112.508: [GC pause (G1 Evacuation Pause) (young), 0.0228772 secs]
   [Parallel Time: 21.2 ms, GC Workers: 4]
      [GC Worker Start (ms): Min: 1112508.2, Avg: 1112508.2, Max: 1112508.3, Diff: 0.0]
      [Ext Root Scanning (ms): Min: 0.6, Avg: 0.8, Max: 1.2, Diff: 0.6, Sum: 3.2]
      [Update RS (ms): Min: 0.0, Avg: 0.3, Max: 0.4, Diff: 0.4, Sum: 1.2]
         [Processed Buffers: Min: 0, Avg: 7.8, Max: 16, Diff: 16, Sum: 31]
      [Scan RS (ms): Min: 0.0, Avg: 0.0, Max: 0.0, Diff: 0.0, Sum: 0.0]
      [Code Root Scanning (ms): Min: 0.0, Avg: 0.0, Max: 0.0, Diff: 0.0, Sum: 0.0]
      [Object Copy (ms): Min: 19.9, Avg: 20.0, Max: 20.1, Diff: 0.2, Sum: 80.0]
      [Termination (ms): Min: 0.0, Avg: 0.0, Max: 0.0, Diff: 0.0, Sum: 0.0]
         [Termination Attempts: Min: 1, Avg: 1.0, Max: 1, Diff: 0, Sum: 4]
      [GC Worker Other (ms): Min: 0.0, Avg: 0.0, Max: 0.0, Diff: 0.0, Sum: 0.1]
      [GC Worker Total (ms): Min: 21.1, Avg: 21.1, Max: 21.1, Diff: 0.0, Sum: 84.5]
      [GC Worker End (ms): Min: 1112529.4, Avg: 1112529.4, Max: 1112529.4, Diff: 0.0]
   [Code Root Fixup: 0.0 ms]
   [Code Root Purge: 0.0 ms]
   [Clear CT: 0.3 ms]
   [Other: 1.3 ms]
      [Choose CSet: 0.0 ms]
      [Ref Proc: 0.9 ms]
      [Ref Enq: 0.0 ms]
      [Redirty Cards: 0.3 ms]
      [Humongous Register: 0.0 ms]
      [Humongous Reclaim: 0.0 ms]
      [Free CSet: 0.0 ms]
   [Eden: 66.0M(66.0M)->0.0B(66.0M) Survivors: 1024.0K->1024.0K Heap: 112.8M(128.0M)->47.0M(128.0M)]
 [Times: user=0.02 sys=0.00, real=0.02 secs] 
2020-11-10T16:43:28.490+0800: 1117.973: [GC pause (G1 Evacuation Pause) (young), 0.0269305 secs]
   [Parallel Time: 24.9 ms, GC Workers: 4]
      [GC Worker Start (ms): Min: 1117972.9, Avg: 1117972.9, Max: 1117972.9, Diff: 0.0]
      [Ext Root Scanning (ms): Min: 0.6, Avg: 0.8, Max: 1.3, Diff: 0.7, Sum: 3.1]
      [Update RS (ms): Min: 0.0, Avg: 0.3, Max: 0.4, Diff: 0.4, Sum: 1.3]
         [Processed Buffers: Min: 0, Avg: 9.5, Max: 24, Diff: 24, Sum: 38]
      [Scan RS (ms): Min: 0.0, Avg: 0.0, Max: 0.0, Diff: 0.0, Sum: 0.0]
      [Code Root Scanning (ms): Min: 0.0, Avg: 0.0, Max: 0.0, Diff: 0.0, Sum: 0.0]
      [Object Copy (ms): Min: 0.3, Avg: 11.9, Max: 23.6, Diff: 23.4, Sum: 47.6]
      [Termination (ms): Min: 0.0, Avg: 11.7, Max: 23.5, Diff: 23.5, Sum: 46.8]
         [Termination Attempts: Min: 1, Avg: 1.0, Max: 1, Diff: 0, Sum: 4]
      [GC Worker Other (ms): Min: 0.0, Avg: 0.0, Max: 0.0, Diff: 0.0, Sum: 0.1]
      [GC Worker Total (ms): Min: 24.7, Avg: 24.7, Max: 24.8, Diff: 0.1, Sum: 98.9]
      [GC Worker End (ms): Min: 1117997.6, Avg: 1117997.6, Max: 1117997.7, Diff: 0.1]
   [Code Root Fixup: 0.0 ms]
   [Code Root Purge: 0.0 ms]
   [Clear CT: 0.4 ms]
   [Other: 1.6 ms]
      [Choose CSet: 0.0 ms]
      [Ref Proc: 0.9 ms]
      [Ref Enq: 0.0 ms]
      [Redirty Cards: 0.4 ms]
      [Humongous Register: 0.0 ms]
      [Humongous Reclaim: 0.0 ms]
      [Free CSet: 0.0 ms]
   [Eden: 66.0M(66.0M)->0.0B(66.0M) Survivors: 1024.0K->1024.0K Heap: 113.0M(128.0M)->46.9M(128.0M)]
 [Times: user=0.05 sys=0.00, real=0.03 secs] 
2020-11-10T16:43:33.019+0800: 1122.502: [GC pause (G1 Evacuation Pause) (young), 0.0029955 secs]
   [Parallel Time: 1.6 ms, GC Workers: 4]
      [GC Worker Start (ms): Min: 1122502.2, Avg: 1122502.3, Max: 1122502.3, Diff: 0.1]
      [Ext Root Scanning (ms): Min: 0.7, Avg: 0.9, Max: 1.3, Diff: 0.7, Sum: 3.4]
      [Update RS (ms): Min: 0.0, Avg: 0.2, Max: 0.3, Diff: 0.3, Sum: 0.8]
         [Processed Buffers: Min: 0, Avg: 8.5, Max: 23, Diff: 23, Sum: 34]
      [Scan RS (ms): Min: 0.0, Avg: 0.0, Max: 0.0, Diff: 0.0, Sum: 0.0]
      [Code Root Scanning (ms): Min: 0.0, Avg: 0.0, Max: 0.0, Diff: 0.0, Sum: 0.0]
      [Object Copy (ms): Min: 0.0, Avg: 0.3, Max: 0.4, Diff: 0.3, Sum: 1.0]
      [Termination (ms): Min: 0.0, Avg: 0.1, Max: 0.1, Diff: 0.1, Sum: 0.3]
         [Termination Attempts: Min: 1, Avg: 1.0, Max: 1, Diff: 0, Sum: 4]
      [GC Worker Other (ms): Min: 0.0, Avg: 0.0, Max: 0.0, Diff: 0.0, Sum: 0.1]
      [GC Worker Total (ms): Min: 1.3, Avg: 1.4, Max: 1.5, Diff: 0.2, Sum: 5.6]
      [GC Worker End (ms): Min: 1122503.6, Avg: 1122503.6, Max: 1122503.7, Diff: 0.1]
   [Code Root Fixup: 0.0 ms]
   [Code Root Purge: 0.0 ms]
   [Clear CT: 0.2 ms]
   [Other: 1.2 ms]
      [Choose CSet: 0.0 ms]
      [Ref Proc: 0.7 ms]
      [Ref Enq: 0.0 ms]
      [Redirty Cards: 0.3 ms]
      [Humongous Register: 0.0 ms]
      [Humongous Reclaim: 0.0 ms]
      [Free CSet: 0.0 ms]
   [Eden: 66.0M(66.0M)->0.0B(66.0M) Survivors: 1024.0K->1024.0K Heap: 112.9M(128.0M)->47.0M(128.0M)]
 [Times: user=0.00 sys=0.00, real=0.00 secs] 
2020-11-10T16:43:38.328+0800: 1127.811: [GC pause (G1 Evacuation Pause) (young), 0.0031057 secs]
   [Parallel Time: 1.7 ms, GC Workers: 4]
      [GC Worker Start (ms): Min: 1127810.8, Avg: 1127810.9, Max: 1127811.0, Diff: 0.1]
      [Ext Root Scanning (ms): Min: 0.7, Avg: 0.9, Max: 1.4, Diff: 0.7, Sum: 3.6]
      [Update RS (ms): Min: 0.0, Avg: 0.3, Max: 0.4, Diff: 0.4, Sum: 1.2]
         [Processed Buffers: Min: 0, Avg: 9.3, Max: 22, Diff: 22, Sum: 37]
      [Scan RS (ms): Min: 0.0, Avg: 0.0, Max: 0.0, Diff: 0.0, Sum: 0.0]
      [Code Root Scanning (ms): Min: 0.0, Avg: 0.0, Max: 0.0, Diff: 0.0, Sum: 0.0]
      [Object Copy (ms): Min: 0.2, Avg: 0.3, Max: 0.4, Diff: 0.2, Sum: 1.3]
      [Termination (ms): Min: 0.0, Avg: 0.1, Max: 0.1, Diff: 0.1, Sum: 0.3]
         [Termination Attempts: Min: 1, Avg: 1.0, Max: 1, Diff: 0, Sum: 4]
      [GC Worker Other (ms): Min: 0.0, Avg: 0.0, Max: 0.0, Diff: 0.0, Sum: 0.0]
      [GC Worker Total (ms): Min: 1.6, Avg: 1.6, Max: 1.7, Diff: 0.1, Sum: 6.5]
      [GC Worker End (ms): Min: 1127812.5, Avg: 1127812.5, Max: 1127812.5, Diff: 0.1]
   [Code Root Fixup: 0.1 ms]
   [Code Root Purge: 0.0 ms]
   [Clear CT: 0.1 ms]
   [Other: 1.2 ms]
      [Choose CSet: 0.0 ms]
      [Ref Proc: 0.9 ms]
      [Ref Enq: 0.0 ms]
      [Redirty Cards: 0.2 ms]
      [Humongous Register: 0.0 ms]
      [Humongous Reclaim: 0.0 ms]
      [Free CSet: 0.0 ms]
   [Eden: 66.0M(66.0M)->0.0B(66.0M) Survivors: 1024.0K->1024.0K Heap: 113.0M(128.0M)->46.9M(128.0M)]
 [Times: user=0.00 sys=0.00, real=0.00 secs] 
2020-11-10T16:43:42.315+0800: 1131.799: [GC pause (G1 Evacuation Pause) (young), 0.0271952 secs]
   [Parallel Time: 25.9 ms, GC Workers: 4]
      [GC Worker Start (ms): Min: 1131798.7, Avg: 1131799.5, Max: 1131802.0, Diff: 3.2]
      [Ext Root Scanning (ms): Min: 0.0, Avg: 2.4, Max: 4.1, Diff: 4.0, Sum: 9.5]
      [Update RS (ms): Min: 0.0, Avg: 0.3, Max: 0.5, Diff: 0.5, Sum: 1.2]
         [Processed Buffers: Min: 0, Avg: 8.0, Max: 27, Diff: 27, Sum: 32]
      [Scan RS (ms): Min: 0.0, Avg: 0.0, Max: 0.0, Diff: 0.0, Sum: 0.0]
      [Code Root Scanning (ms): Min: 0.0, Avg: 0.0, Max: 0.0, Diff: 0.0, Sum: 0.0]
      [Object Copy (ms): Min: 21.8, Avg: 22.3, Max: 22.7, Diff: 0.9, Sum: 89.2]
      [Termination (ms): Min: 0.0, Avg: 0.0, Max: 0.0, Diff: 0.0, Sum: 0.0]
         [Termination Attempts: Min: 1, Avg: 1.0, Max: 1, Diff: 0, Sum: 4]
      [GC Worker Other (ms): Min: 0.0, Avg: 0.0, Max: 0.0, Diff: 0.0, Sum: 0.1]
      [GC Worker Total (ms): Min: 22.6, Avg: 25.0, Max: 25.8, Diff: 3.2, Sum: 100.1]
      [GC Worker End (ms): Min: 1131824.6, Avg: 1131824.6, Max: 1131824.6, Diff: 0.0]
   [Code Root Fixup: 0.0 ms]
   [Code Root Purge: 0.0 ms]
   [Clear CT: 0.1 ms]
   [Other: 1.2 ms]
      [Choose CSet: 0.0 ms]
      [Ref Proc: 0.7 ms]
      [Ref Enq: 0.0 ms]
      [Redirty Cards: 0.2 ms]
      [Humongous Register: 0.0 ms]
      [Humongous Reclaim: 0.0 ms]
      [Free CSet: 0.0 ms]
   [Eden: 66.0M(66.0M)->0.0B(66.0M) Survivors: 1024.0K->1024.0K Heap: 112.9M(128.0M)->47.0M(128.0M)]
 [Times: user=0.00 sys=0.00, real=0.03 secs] 
2020-11-10T16:43:45.763+0800: 1135.246: [GC pause (G1 Evacuation Pause) (young), 0.0032327 secs]
   [Parallel Time: 1.9 ms, GC Workers: 4]
      [GC Worker Start (ms): Min: 1135246.4, Avg: 1135246.8, Max: 1135247.7, Diff: 1.3]
      [Ext Root Scanning (ms): Min: 0.0, Avg: 0.9, Max: 1.6, Diff: 1.6, Sum: 3.4]
      [Update RS (ms): Min: 0.0, Avg: 0.2, Max: 0.4, Diff: 0.4, Sum: 0.9]
         [Processed Buffers: Min: 0, Avg: 8.0, Max: 16, Diff: 16, Sum: 32]
      [Scan RS (ms): Min: 0.0, Avg: 0.0, Max: 0.0, Diff: 0.0, Sum: 0.0]
      [Code Root Scanning (ms): Min: 0.0, Avg: 0.0, Max: 0.0, Diff: 0.0, Sum: 0.0]
      [Object Copy (ms): Min: 0.2, Avg: 0.3, Max: 0.4, Diff: 0.3, Sum: 1.3]
      [Termination (ms): Min: 0.0, Avg: 0.0, Max: 0.0, Diff: 0.0, Sum: 0.0]
         [Termination Attempts: Min: 1, Avg: 1.0, Max: 1, Diff: 0, Sum: 4]
      [GC Worker Other (ms): Min: 0.0, Avg: 0.0, Max: 0.0, Diff: 0.0, Sum: 0.0]
      [GC Worker Total (ms): Min: 0.5, Avg: 1.4, Max: 1.8, Diff: 1.3, Sum: 5.7]
      [GC Worker End (ms): Min: 1135248.2, Avg: 1135248.2, Max: 1135248.2, Diff: 0.0]
   [Code Root Fixup: 0.0 ms]
   [Code Root Purge: 0.0 ms]
   [Clear CT: 0.3 ms]
   [Other: 1.0 ms]
      [Choose CSet: 0.0 ms]
      [Ref Proc: 0.7 ms]
      [Ref Enq: 0.0 ms]
      [Redirty Cards: 0.2 ms]
      [Humongous Register: 0.0 ms]
      [Humongous Reclaim: 0.0 ms]
      [Free CSet: 0.0 ms]
   [Eden: 66.0M(66.0M)->0.0B(66.0M) Survivors: 1024.0K->1024.0K Heap: 113.0M(128.0M)->47.0M(128.0M)]
 [Times: user=0.02 sys=0.00, real=0.00 secs] 
2020-11-10T16:43:48.858+0800: 1138.341: [GC pause (G1 Evacuation Pause) (young), 0.0167228 secs]
   [Parallel Time: 15.4 ms, GC Workers: 4]
      [GC Worker Start (ms): Min: 1138341.1, Avg: 1138341.3, Max: 1138341.8, Diff: 0.7]
      [Ext Root Scanning (ms): Min: 0.7, Avg: 1.3, Max: 1.9, Diff: 1.2, Sum: 5.3]
      [Update RS (ms): Min: 0.0, Avg: 0.2, Max: 0.5, Diff: 0.5, Sum: 0.9]
         [Processed Buffers: Min: 0, Avg: 7.5, Max: 24, Diff: 24, Sum: 30]
      [Scan RS (ms): Min: 0.0, Avg: 0.0, Max: 0.0, Diff: 0.0, Sum: 0.1]
      [Code Root Scanning (ms): Min: 0.0, Avg: 0.0, Max: 0.0, Diff: 0.0, Sum: 0.0]
      [Object Copy (ms): Min: 0.3, Avg: 6.9, Max: 13.4, Diff: 13.1, Sum: 27.6]
      [Termination (ms): Min: 0.0, Avg: 6.5, Max: 13.1, Diff: 13.1, Sum: 26.2]
         [Termination Attempts: Min: 1, Avg: 1.3, Max: 2, Diff: 1, Sum: 5]
      [GC Worker Other (ms): Min: 0.0, Avg: 0.0, Max: 0.0, Diff: 0.0, Sum: 0.0]
      [GC Worker Total (ms): Min: 14.5, Avg: 15.0, Max: 15.2, Diff: 0.7, Sum: 60.0]
      [GC Worker End (ms): Min: 1138356.3, Avg: 1138356.3, Max: 1138356.3, Diff: 0.0]
   [Code Root Fixup: 0.0 ms]
   [Code Root Purge: 0.0 ms]
   [Clear CT: 0.2 ms]
   [Other: 1.1 ms]
      [Choose CSet: 0.0 ms]
      [Ref Proc: 0.9 ms]
      [Ref Enq: 0.0 ms]
      [Redirty Cards: 0.0 ms]
      [Humongous Register: 0.0 ms]
      [Humongous Reclaim: 0.0 ms]
      [Free CSet: 0.0 ms]
   [Eden: 66.0M(66.0M)->0.0B(66.0M) Survivors: 1024.0K->1024.0K Heap: 113.0M(128.0M)->47.0M(128.0M)]
 [Times: user=0.03 sys=0.00, real=0.02 secs] 
2020-11-10T16:43:53.203+0800: 1142.686: [GC pause (G1 Evacuation Pause) (young), 0.0030310 secs]
   [Parallel Time: 1.7 ms, GC Workers: 4]
      [GC Worker Start (ms): Min: 1142686.3, Avg: 1142686.4, Max: 1142686.4, Diff: 0.1]
      [Ext Root Scanning (ms): Min: 1.0, Avg: 1.2, Max: 1.5, Diff: 0.4, Sum: 4.9]
      [Update RS (ms): Min: 0.0, Avg: 0.2, Max: 0.4, Diff: 0.4, Sum: 0.7]
         [Processed Buffers: Min: 0, Avg: 8.0, Max: 25, Diff: 25, Sum: 32]
      [Scan RS (ms): Min: 0.0, Avg: 0.0, Max: 0.0, Diff: 0.0, Sum: 0.0]
      [Code Root Scanning (ms): Min: 0.0, Avg: 0.0, Max: 0.0, Diff: 0.0, Sum: 0.0]
      [Object Copy (ms): Min: 0.1, Avg: 0.1, Max: 0.2, Diff: 0.1, Sum: 0.6]
      [Termination (ms): Min: 0.0, Avg: 0.0, Max: 0.0, Diff: 0.0, Sum: 0.0]
         [Termination Attempts: Min: 1, Avg: 5.3, Max: 9, Diff: 8, Sum: 21]
      [GC Worker Other (ms): Min: 0.0, Avg: 0.0, Max: 0.0, Diff: 0.0, Sum: 0.0]
      [GC Worker Total (ms): Min: 1.5, Avg: 1.6, Max: 1.6, Diff: 0.1, Sum: 6.3]
      [GC Worker End (ms): Min: 1142688.0, Avg: 1142688.0, Max: 1142688.0, Diff: 0.0]
   [Code Root Fixup: 0.0 ms]
   [Code Root Purge: 0.0 ms]
   [Clear CT: 0.2 ms]
   [Other: 1.1 ms]
      [Choose CSet: 0.0 ms]
      [Ref Proc: 0.8 ms]
      [Ref Enq: 0.0 ms]
      [Redirty Cards: 0.2 ms]
      [Humongous Register: 0.0 ms]
      [Humongous Reclaim: 0.0 ms]
      [Free CSet: 0.0 ms]
   [Eden: 66.0M(66.0M)->0.0B(66.0M) Survivors: 1024.0K->1024.0K Heap: 113.0M(128.0M)->47.0M(128.0M)]
 [Times: user=0.03 sys=0.00, real=0.00 secs] 
2020-11-10T16:43:57.554+0800: 1147.037: [GC pause (G1 Evacuation Pause) (young), 0.0032057 secs]
   [Parallel Time: 1.5 ms, GC Workers: 4]
      [GC Worker Start (ms): Min: 1147036.8, Avg: 1147037.0, Max: 1147037.5, Diff: 0.6]
      [Ext Root Scanning (ms): Min: 0.4, Avg: 1.0, Max: 1.5, Diff: 1.0, Sum: 3.8]
      [Update RS (ms): Min: 0.0, Avg: 0.1, Max: 0.2, Diff: 0.2, Sum: 0.6]
         [Processed Buffers: Min: 0, Avg: 8.0, Max: 21, Diff: 21, Sum: 32]
      [Scan RS (ms): Min: 0.0, Avg: 0.0, Max: 0.0, Diff: 0.0, Sum: 0.0]
      [Code Root Scanning (ms): Min: 0.0, Avg: 0.0, Max: 0.0, Diff: 0.0, Sum: 0.0]
      [Object Copy (ms): Min: 0.0, Avg: 0.1, Max: 0.2, Diff: 0.2, Sum: 0.5]
      [Termination (ms): Min: 0.0, Avg: 0.0, Max: 0.1, Diff: 0.1, Sum: 0.2]
         [Termination Attempts: Min: 1, Avg: 1.0, Max: 1, Diff: 0, Sum: 4]
      [GC Worker Other (ms): Min: 0.0, Avg: 0.0, Max: 0.0, Diff: 0.0, Sum: 0.0]
      [GC Worker Total (ms): Min: 0.8, Avg: 1.3, Max: 1.5, Diff: 0.6, Sum: 5.2]
      [GC Worker End (ms): Min: 1147038.3, Avg: 1147038.3, Max: 1147038.3, Diff: 0.0]
   [Code Root Fixup: 0.0 ms]
   [Code Root Purge: 0.0 ms]
   [Clear CT: 0.4 ms]
   [Other: 1.3 ms]
      [Choose CSet: 0.0 ms]
      [Ref Proc: 0.9 ms]
      [Ref Enq: 0.0 ms]
      [Redirty Cards: 0.3 ms]
      [Humongous Register: 0.0 ms]
      [Humongous Reclaim: 0.0 ms]
      [Free CSet: 0.0 ms]
   [Eden: 66.0M(66.0M)->0.0B(66.0M) Survivors: 1024.0K->1024.0K Heap: 113.0M(128.0M)->47.0M(128.0M)]
 [Times: user=0.00 sys=0.00, real=0.00 secs] 
2020-11-10T16:44:00.826+0800: 1150.309: [GC pause (G1 Evacuation Pause) (young), 0.0028546 secs]
   [Parallel Time: 1.3 ms, GC Workers: 4]
      [GC Worker Start (ms): Min: 1150308.8, Avg: 1150308.9, Max: 1150308.9, Diff: 0.1]
      [Ext Root Scanning (ms): Min: 0.6, Avg: 0.8, Max: 1.3, Diff: 0.7, Sum: 3.1]
      [Update RS (ms): Min: 0.0, Avg: 0.2, Max: 0.2, Diff: 0.2, Sum: 0.6]
         [Processed Buffers: Min: 0, Avg: 7.3, Max: 18, Diff: 18, Sum: 29]
      [Scan RS (ms): Min: 0.0, Avg: 0.0, Max: 0.0, Diff: 0.0, Sum: 0.0]
      [Code Root Scanning (ms): Min: 0.0, Avg: 0.0, Max: 0.0, Diff: 0.0, Sum: 0.0]
      [Object Copy (ms): Min: 0.0, Avg: 0.1, Max: 0.2, Diff: 0.2, Sum: 0.4]
      [Termination (ms): Min: 0.0, Avg: 0.2, Max: 0.2, Diff: 0.2, Sum: 0.6]
         [Termination Attempts: Min: 1, Avg: 1.0, Max: 1, Diff: 0, Sum: 4]
      [GC Worker Other (ms): Min: 0.0, Avg: 0.0, Max: 0.0, Diff: 0.0, Sum: 0.0]
      [GC Worker Total (ms): Min: 1.1, Avg: 1.2, Max: 1.3, Diff: 0.1, Sum: 4.8]
      [GC Worker End (ms): Min: 1150310.1, Avg: 1150310.1, Max: 1150310.1, Diff: 0.0]
   [Code Root Fixup: 0.0 ms]
   [Code Root Purge: 0.0 ms]
   [Clear CT: 0.3 ms]
   [Other: 1.2 ms]
      [Choose CSet: 0.0 ms]
      [Ref Proc: 0.8 ms]
      [Ref Enq: 0.0 ms]
      [Redirty Cards: 0.3 ms]
      [Humongous Register: 0.0 ms]
      [Humongous Reclaim: 0.0 ms]
      [Free CSet: 0.0 ms]
   [Eden: 66.0M(66.0M)->0.0B(66.0M) Survivors: 1024.0K->1024.0K Heap: 113.0M(128.0M)->47.0M(128.0M)]
 [Times: user=0.00 sys=0.00, real=0.00 secs] 
2020-11-10T16:44:04.850+0800: 1154.333: [GC pause (G1 Evacuation Pause) (young), 0.0032065 secs]
   [Parallel Time: 1.7 ms, GC Workers: 4]
      [GC Worker Start (ms): Min: 1154333.2, Avg: 1154333.2, Max: 1154333.3, Diff: 0.0]
      [Ext Root Scanning (ms): Min: 0.9, Avg: 1.1, Max: 1.7, Diff: 0.8, Sum: 4.5]
      [Update RS (ms): Min: 0.0, Avg: 0.2, Max: 0.3, Diff: 0.3, Sum: 0.9]
         [Processed Buffers: Min: 0, Avg: 8.5, Max: 21, Diff: 21, Sum: 34]
      [Scan RS (ms): Min: 0.0, Avg: 0.0, Max: 0.0, Diff: 0.0, Sum: 0.0]
      [Code Root Scanning (ms): Min: 0.0, Avg: 0.0, Max: 0.0, Diff: 0.0, Sum: 0.0]
      [Object Copy (ms): Min: 0.0, Avg: 0.2, Max: 0.2, Diff: 0.2, Sum: 0.6]
      [Termination (ms): Min: 0.0, Avg: 0.1, Max: 0.2, Diff: 0.2, Sum: 0.5]
         [Termination Attempts: Min: 1, Avg: 1.0, Max: 1, Diff: 0, Sum: 4]
      [GC Worker Other (ms): Min: 0.0, Avg: 0.0, Max: 0.0, Diff: 0.0, Sum: 0.0]
      [GC Worker Total (ms): Min: 1.7, Avg: 1.7, Max: 1.7, Diff: 0.0, Sum: 6.7]
      [GC Worker End (ms): Min: 1154334.9, Avg: 1154334.9, Max: 1154334.9, Diff: 0.0]
   [Code Root Fixup: 0.0 ms]
   [Code Root Purge: 0.0 ms]
   [Clear CT: 0.2 ms]
   [Other: 1.2 ms]
      [Choose CSet: 0.0 ms]
      [Ref Proc: 0.8 ms]
      [Ref Enq: 0.0 ms]
      [Redirty Cards: 0.2 ms]
      [Humongous Register: 0.0 ms]
      [Humongous Reclaim: 0.0 ms]
      [Free CSet: 0.1 ms]
   [Eden: 66.0M(66.0M)->0.0B(66.0M) Survivors: 1024.0K->1024.0K Heap: 113.0M(128.0M)->47.0M(128.0M)]
 [Times: user=0.00 sys=0.00, real=0.00 secs] 
2020-11-10T16:44:08.055+0800: 1157.538: [GC pause (G1 Evacuation Pause) (young), 0.0028225 secs]
   [Parallel Time: 1.5 ms, GC Workers: 4]
      [GC Worker Start (ms): Min: 1157537.9, Avg: 1157538.2, Max: 1157538.7, Diff: 0.8]
      [Ext Root Scanning (ms): Min: 0.1, Avg: 0.8, Max: 1.3, Diff: 1.2, Sum: 3.2]
      [Update RS (ms): Min: 0.0, Avg: 0.2, Max: 0.2, Diff: 0.2, Sum: 0.6]
         [Processed Buffers: Min: 0, Avg: 8.3, Max: 24, Diff: 24, Sum: 33]
      [Scan RS (ms): Min: 0.0, Avg: 0.0, Max: 0.0, Diff: 0.0, Sum: 0.0]
      [Code Root Scanning (ms): Min: 0.0, Avg: 0.0, Max: 0.0, Diff: 0.0, Sum: 0.0]
      [Object Copy (ms): Min: 0.0, Avg: 0.2, Max: 0.3, Diff: 0.3, Sum: 0.7]
      [Termination (ms): Min: 0.0, Avg: 0.0, Max: 0.0, Diff: 0.0, Sum: 0.1]
         [Termination Attempts: Min: 1, Avg: 1.0, Max: 1, Diff: 0, Sum: 4]
      [GC Worker Other (ms): Min: 0.0, Avg: 0.0, Max: 0.0, Diff: 0.0, Sum: 0.0]
      [GC Worker Total (ms): Min: 0.6, Avg: 1.2, Max: 1.4, Diff: 0.8, Sum: 4.7]
      [GC Worker End (ms): Min: 1157539.3, Avg: 1157539.3, Max: 1157539.3, Diff: 0.0]
   [Code Root Fixup: 0.0 ms]
   [Code Root Purge: 0.0 ms]
   [Clear CT: 0.4 ms]
   [Other: 1.0 ms]
      [Choose CSet: 0.0 ms]
      [Ref Proc: 0.7 ms]
      [Ref Enq: 0.0 ms]
      [Redirty Cards: 0.1 ms]
      [Humongous Register: 0.0 ms]
      [Humongous Reclaim: 0.0 ms]
      [Free CSet: 0.0 ms]
   [Eden: 66.0M(66.0M)->0.0B(66.0M) Survivors: 1024.0K->1024.0K Heap: 113.0M(128.0M)->47.0M(128.0M)]
 [Times: user=0.00 sys=0.00, real=0.00 secs] 
2020-11-10T16:44:11.226+0800: 1160.709: [GC pause (G1 Evacuation Pause) (young), 0.0028484 secs]
   [Parallel Time: 1.8 ms, GC Workers: 4]
      [GC Worker Start (ms): Min: 1160709.1, Avg: 1160709.1, Max: 1160709.1, Diff: 0.0]
      [Ext Root Scanning (ms): Min: 0.7, Avg: 1.1, Max: 1.6, Diff: 0.9, Sum: 4.3]
      [Update RS (ms): Min: 0.0, Avg: 0.1, Max: 0.3, Diff: 0.3, Sum: 0.6]
         [Processed Buffers: Min: 0, Avg: 8.0, Max: 27, Diff: 27, Sum: 32]
      [Scan RS (ms): Min: 0.0, Avg: 0.0, Max: 0.0, Diff: 0.0, Sum: 0.0]
      [Code Root Scanning (ms): Min: 0.0, Avg: 0.0, Max: 0.0, Diff: 0.0, Sum: 0.0]
      [Object Copy (ms): Min: 0.0, Avg: 0.1, Max: 0.2, Diff: 0.2, Sum: 0.5]
      [Termination (ms): Min: 0.0, Avg: 0.3, Max: 0.5, Diff: 0.5, Sum: 1.3]
         [Termination Attempts: Min: 1, Avg: 1.0, Max: 1, Diff: 0, Sum: 4]
      [GC Worker Other (ms): Min: 0.0, Avg: 0.0, Max: 0.0, Diff: 0.0, Sum: 0.1]
      [GC Worker Total (ms): Min: 1.7, Avg: 1.7, Max: 1.7, Diff: 0.1, Sum: 6.9]
      [GC Worker End (ms): Min: 1160710.8, Avg: 1160710.8, Max: 1160710.8, Diff: 0.1]
   [Code Root Fixup: 0.0 ms]
   [Code Root Purge: 0.0 ms]
   [Clear CT: 0.1 ms]
   [Other: 1.0 ms]
      [Choose CSet: 0.0 ms]
      [Ref Proc: 0.8 ms]
      [Ref Enq: 0.0 ms]
      [Redirty Cards: 0.1 ms]
      [Humongous Register: 0.0 ms]
      [Humongous Reclaim: 0.0 ms]
      [Free CSet: 0.0 ms]
   [Eden: 66.0M(66.0M)->0.0B(66.0M) Survivors: 1024.0K->1024.0K Heap: 113.0M(128.0M)->47.0M(128.0M)]
 [Times: user=0.00 sys=0.00, real=0.00 secs] 
2020-11-10T16:44:13.966+0800: 1163.449: [GC pause (G1 Evacuation Pause) (young), 0.0032067 secs]
   [Parallel Time: 1.7 ms, GC Workers: 4]
      [GC Worker Start (ms): Min: 1163449.4, Avg: 1163449.5, Max: 1163449.5, Diff: 0.1]
      [Ext Root Scanning (ms): Min: 0.6, Avg: 0.8, Max: 1.3, Diff: 0.7, Sum: 3.3]
      [Update RS (ms): Min: 0.0, Avg: 0.1, Max: 0.2, Diff: 0.2, Sum: 0.5]
         [Processed Buffers: Min: 0, Avg: 6.3, Max: 23, Diff: 23, Sum: 25]
      [Scan RS (ms): Min: 0.0, Avg: 0.0, Max: 0.0, Diff: 0.0, Sum: 0.0]
      [Code Root Scanning (ms): Min: 0.0, Avg: 0.0, Max: 0.0, Diff: 0.0, Sum: 0.0]
      [Object Copy (ms): Min: 0.0, Avg: 0.1, Max: 0.2, Diff: 0.2, Sum: 0.5]
      [Termination (ms): Min: 0.0, Avg: 0.2, Max: 0.4, Diff: 0.4, Sum: 0.9]
         [Termination Attempts: Min: 1, Avg: 1.0, Max: 1, Diff: 0, Sum: 4]
      [GC Worker Other (ms): Min: 0.0, Avg: 0.0, Max: 0.0, Diff: 0.0, Sum: 0.1]
      [GC Worker Total (ms): Min: 1.2, Avg: 1.3, Max: 1.4, Diff: 0.2, Sum: 5.3]
      [GC Worker End (ms): Min: 1163450.7, Avg: 1163450.8, Max: 1163450.9, Diff: 0.2]
   [Code Root Fixup: 0.0 ms]
   [Code Root Purge: 0.0 ms]
   [Clear CT: 0.3 ms]
   [Other: 1.2 ms]
      [Choose CSet: 0.0 ms]
      [Ref Proc: 0.9 ms]
      [Ref Enq: 0.0 ms]
      [Redirty Cards: 0.2 ms]
      [Humongous Register: 0.0 ms]
      [Humongous Reclaim: 0.0 ms]
      [Free CSet: 0.0 ms]
   [Eden: 66.0M(66.0M)->0.0B(66.0M) Survivors: 1024.0K->1024.0K Heap: 113.0M(128.0M)->47.0M(128.0M)]
 [Times: user=0.02 sys=0.00, real=0.00 secs] 
2020-11-10T16:44:16.913+0800: 1166.396: [GC pause (G1 Evacuation Pause) (young), 0.0034347 secs]
   [Parallel Time: 1.8 ms, GC Workers: 4]
      [GC Worker Start (ms): Min: 1166396.0, Avg: 1166396.0, Max: 1166396.1, Diff: 0.1]
      [Ext Root Scanning (ms): Min: 0.8, Avg: 1.2, Max: 1.7, Diff: 0.8, Sum: 4.8]
      [Update RS (ms): Min: 0.0, Avg: 0.3, Max: 0.5, Diff: 0.5, Sum: 1.2]
         [Processed Buffers: Min: 0, Avg: 7.5, Max: 28, Diff: 28, Sum: 30]
      [Scan RS (ms): Min: 0.0, Avg: 0.0, Max: 0.0, Diff: 0.0, Sum: 0.0]
      [Code Root Scanning (ms): Min: 0.0, Avg: 0.0, Max: 0.0, Diff: 0.0, Sum: 0.0]
      [Object Copy (ms): Min: 0.0, Avg: 0.2, Max: 0.3, Diff: 0.3, Sum: 0.6]
      [Termination (ms): Min: 0.0, Avg: 0.0, Max: 0.0, Diff: 0.0, Sum: 0.1]
         [Termination Attempts: Min: 1, Avg: 1.3, Max: 2, Diff: 1, Sum: 5]
      [GC Worker Other (ms): Min: 0.0, Avg: 0.0, Max: 0.0, Diff: 0.0, Sum: 0.0]
      [GC Worker Total (ms): Min: 1.6, Avg: 1.7, Max: 1.7, Diff: 0.1, Sum: 6.8]
      [GC Worker End (ms): Min: 1166397.7, Avg: 1166397.7, Max: 1166397.8, Diff: 0.0]
   [Code Root Fixup: 0.0 ms]
   [Code Root Purge: 0.0 ms]
   [Clear CT: 0.3 ms]
   [Other: 1.3 ms]
      [Choose CSet: 0.0 ms]
      [Ref Proc: 0.8 ms]
      [Ref Enq: 0.0 ms]
      [Redirty Cards: 0.3 ms]
      [Humongous Register: 0.0 ms]
      [Humongous Reclaim: 0.0 ms]
      [Free CSet: 0.0 ms]
   [Eden: 66.0M(66.0M)->0.0B(66.0M) Survivors: 1024.0K->1024.0K Heap: 113.0M(128.0M)->47.1M(128.0M)]
 [Times: user=0.00 sys=0.00, real=0.00 secs] 
2020-11-10T16:44:19.936+0800: 1169.419: [GC pause (G1 Evacuation Pause) (young), 0.0024101 secs]
   [Parallel Time: 1.3 ms, GC Workers: 4]
      [GC Worker Start (ms): Min: 1169418.8, Avg: 1169418.8, Max: 1169418.8, Diff: 0.0]
      [Ext Root Scanning (ms): Min: 0.6, Avg: 0.8, Max: 1.2, Diff: 0.6, Sum: 3.2]
      [Update RS (ms): Min: 0.0, Avg: 0.2, Max: 0.2, Diff: 0.2, Sum: 0.6]
         [Processed Buffers: Min: 0, Avg: 7.3, Max: 19, Diff: 19, Sum: 29]
      [Scan RS (ms): Min: 0.0, Avg: 0.0, Max: 0.0, Diff: 0.0, Sum: 0.0]
      [Code Root Scanning (ms): Min: 0.0, Avg: 0.0, Max: 0.0, Diff: 0.0, Sum: 0.0]
      [Object Copy (ms): Min: 0.0, Avg: 0.1, Max: 0.2, Diff: 0.2, Sum: 0.4]
      [Termination (ms): Min: 0.0, Avg: 0.1, Max: 0.2, Diff: 0.2, Sum: 0.6]
         [Termination Attempts: Min: 1, Avg: 1.0, Max: 1, Diff: 0, Sum: 4]
      [GC Worker Other (ms): Min: 0.0, Avg: 0.0, Max: 0.0, Diff: 0.0, Sum: 0.0]
      [GC Worker Total (ms): Min: 1.2, Avg: 1.2, Max: 1.2, Diff: 0.0, Sum: 4.9]
      [GC Worker End (ms): Min: 1169420.1, Avg: 1169420.1, Max: 1169420.1, Diff: 0.0]
   [Code Root Fixup: 0.0 ms]
   [Code Root Purge: 0.0 ms]
   [Clear CT: 0.1 ms]
   [Other: 1.0 ms]
      [Choose CSet: 0.0 ms]
      [Ref Proc: 0.7 ms]
      [Ref Enq: 0.0 ms]
      [Redirty Cards: 0.2 ms]
      [Humongous Register: 0.0 ms]
      [Humongous Reclaim: 0.0 ms]
      [Free CSet: 0.0 ms]
   [Eden: 66.0M(66.0M)->0.0B(66.0M) Survivors: 1024.0K->1024.0K Heap: 113.1M(128.0M)->47.0M(128.0M)]
 [Times: user=0.00 sys=0.00, real=0.00 secs] 
2020-11-10T16:44:23.114+0800: 1172.597: [GC pause (G1 Evacuation Pause) (young), 0.0026172 secs]
   [Parallel Time: 1.6 ms, GC Workers: 4]
      [GC Worker Start (ms): Min: 1172597.2, Avg: 1172597.4, Max: 1172597.8, Diff: 0.6]
      [Ext Root Scanning (ms): Min: 0.4, Avg: 0.9, Max: 1.5, Diff: 1.1, Sum: 3.6]
      [Update RS (ms): Min: 0.0, Avg: 0.1, Max: 0.2, Diff: 0.2, Sum: 0.5]
         [Processed Buffers: Min: 0, Avg: 6.8, Max: 18, Diff: 18, Sum: 27]
      [Scan RS (ms): Min: 0.0, Avg: 0.0, Max: 0.0, Diff: 0.0, Sum: 0.0]
      [Code Root Scanning (ms): Min: 0.0, Avg: 0.0, Max: 0.0, Diff: 0.0, Sum: 0.0]
      [Object Copy (ms): Min: 0.0, Avg: 0.1, Max: 0.2, Diff: 0.2, Sum: 0.6]
      [Termination (ms): Min: 0.0, Avg: 0.1, Max: 0.2, Diff: 0.2, Sum: 0.5]
         [Termination Attempts: Min: 1, Avg: 1.0, Max: 1, Diff: 0, Sum: 4]
      [GC Worker Other (ms): Min: 0.0, Avg: 0.0, Max: 0.0, Diff: 0.0, Sum: 0.0]
      [GC Worker Total (ms): Min: 0.9, Avg: 1.3, Max: 1.5, Diff: 0.6, Sum: 5.2]
      [GC Worker End (ms): Min: 1172598.7, Avg: 1172598.7, Max: 1172598.7, Diff: 0.0]
   [Code Root Fixup: 0.0 ms]
   [Code Root Purge: 0.0 ms]
   [Clear CT: 0.1 ms]
   [Other: 0.9 ms]
      [Choose CSet: 0.0 ms]
      [Ref Proc: 0.7 ms]
      [Ref Enq: 0.0 ms]
      [Redirty Cards: 0.1 ms]
      [Humongous Register: 0.0 ms]
      [Humongous Reclaim: 0.0 ms]
      [Free CSet: 0.0 ms]
   [Eden: 66.0M(66.0M)->0.0B(66.0M) Survivors: 1024.0K->1024.0K Heap: 113.0M(128.0M)->47.0M(128.0M)]
 [Times: user=0.00 sys=0.00, real=0.00 secs] 
2020-11-10T16:44:26.356+0800: 1175.839: [GC pause (G1 Evacuation Pause) (young), 0.0031893 secs]
   [Parallel Time: 1.8 ms, GC Workers: 4]
      [GC Worker Start (ms): Min: 1175839.4, Avg: 1175839.6, Max: 1175840.0, Diff: 0.6]
      [Ext Root Scanning (ms): Min: 0.1, Avg: 0.9, Max: 1.6, Diff: 1.5, Sum: 3.5]
      [Update RS (ms): Min: 0.0, Avg: 0.2, Max: 0.3, Diff: 0.3, Sum: 0.7]
         [Processed Buffers: Min: 0, Avg: 8.0, Max: 22, Diff: 22, Sum: 32]
      [Scan RS (ms): Min: 0.0, Avg: 0.0, Max: 0.0, Diff: 0.0, Sum: 0.0]
      [Code Root Scanning (ms): Min: 0.0, Avg: 0.0, Max: 0.0, Diff: 0.0, Sum: 0.0]
      [Object Copy (ms): Min: 0.0, Avg: 0.4, Max: 0.9, Diff: 0.9, Sum: 1.6]
      [Termination (ms): Min: 0.0, Avg: 0.0, Max: 0.1, Diff: 0.1, Sum: 0.1]
         [Termination Attempts: Min: 1, Avg: 1.0, Max: 1, Diff: 0, Sum: 4]
      [GC Worker Other (ms): Min: 0.0, Avg: 0.0, Max: 0.0, Diff: 0.0, Sum: 0.0]
      [GC Worker Total (ms): Min: 1.1, Avg: 1.5, Max: 1.7, Diff: 0.6, Sum: 6.1]
      [GC Worker End (ms): Min: 1175841.1, Avg: 1175841.1, Max: 1175841.1, Diff: 0.0]
   [Code Root Fixup: 0.0 ms]
   [Code Root Purge: 0.0 ms]
   [Clear CT: 0.4 ms]
   [Other: 1.0 ms]
      [Choose CSet: 0.0 ms]
      [Ref Proc: 0.7 ms]
      [Ref Enq: 0.0 ms]
      [Redirty Cards: 0.0 ms]
      [Humongous Register: 0.0 ms]
      [Humongous Reclaim: 0.0 ms]
      [Free CSet: 0.1 ms]
   [Eden: 66.0M(66.0M)->0.0B(66.0M) Survivors: 1024.0K->1024.0K Heap: 113.0M(128.0M)->47.1M(128.0M)]
 [Times: user=0.00 sys=0.00, real=0.00 secs] 
2020-11-10T16:44:29.196+0800: 1178.679: [GC pause (G1 Evacuation Pause) (young), 0.0027132 secs]
   [Parallel Time: 1.3 ms, GC Workers: 4]
      [GC Worker Start (ms): Min: 1178679.1, Avg: 1178679.2, Max: 1178679.3, Diff: 0.1]
      [Ext Root Scanning (ms): Min: 0.7, Avg: 0.8, Max: 1.2, Diff: 0.6, Sum: 3.2]
      [Update RS (ms): Min: 0.0, Avg: 0.2, Max: 0.3, Diff: 0.3, Sum: 0.6]
         [Processed Buffers: Min: 0, Avg: 7.5, Max: 19, Diff: 19, Sum: 30]
      [Scan RS (ms): Min: 0.0, Avg: 0.0, Max: 0.0, Diff: 0.0, Sum: 0.0]
      [Code Root Scanning (ms): Min: 0.0, Avg: 0.0, Max: 0.0, Diff: 0.0, Sum: 0.0]
      [Object Copy (ms): Min: 0.0, Avg: 0.2, Max: 0.3, Diff: 0.3, Sum: 0.6]
      [Termination (ms): Min: 0.0, Avg: 0.0, Max: 0.0, Diff: 0.0, Sum: 0.1]
         [Termination Attempts: Min: 1, Avg: 1.0, Max: 1, Diff: 0, Sum: 4]
      [GC Worker Other (ms): Min: 0.0, Avg: 0.0, Max: 0.0, Diff: 0.0, Sum: 0.1]
      [GC Worker Total (ms): Min: 1.1, Avg: 1.2, Max: 1.2, Diff: 0.1, Sum: 4.7]
      [GC Worker End (ms): Min: 1178680.4, Avg: 1178680.4, Max: 1178680.4, Diff: 0.0]
   [Code Root Fixup: 0.0 ms]
   [Code Root Purge: 0.0 ms]
   [Clear CT: 0.3 ms]
   [Other: 1.1 ms]
      [Choose CSet: 0.0 ms]
      [Ref Proc: 0.8 ms]
      [Ref Enq: 0.0 ms]
      [Redirty Cards: 0.2 ms]
      [Humongous Register: 0.0 ms]
      [Humongous Reclaim: 0.0 ms]
      [Free CSet: 0.0 ms]
   [Eden: 66.0M(66.0M)->0.0B(66.0M) Survivors: 1024.0K->1024.0K Heap: 113.1M(128.0M)->47.0M(128.0M)]
 [Times: user=0.00 sys=0.00, real=0.00 secs] 
2020-11-10T16:44:32.697+0800: 1182.180: [GC pause (G1 Evacuation Pause) (young), 0.0028727 secs]
   [Parallel Time: 1.4 ms, GC Workers: 4]
      [GC Worker Start (ms): Min: 1182179.6, Avg: 1182179.6, Max: 1182179.6, Diff: 0.0]
      [Ext Root Scanning (ms): Min: 0.6, Avg: 0.8, Max: 1.3, Diff: 0.7, Sum: 3.2]
      [Update RS (ms): Min: 0.0, Avg: 0.1, Max: 0.2, Diff: 0.2, Sum: 0.6]
         [Processed Buffers: Min: 0, Avg: 8.0, Max: 13, Diff: 13, Sum: 32]
      [Scan RS (ms): Min: 0.0, Avg: 0.0, Max: 0.0, Diff: 0.0, Sum: 0.0]
      [Code Root Scanning (ms): Min: 0.0, Avg: 0.0, Max: 0.0, Diff: 0.0, Sum: 0.0]
      [Object Copy (ms): Min: 0.0, Avg: 0.1, Max: 0.2, Diff: 0.2, Sum: 0.5]
      [Termination (ms): Min: 0.0, Avg: 0.2, Max: 0.3, Diff: 0.3, Sum: 0.8]
         [Termination Attempts: Min: 1, Avg: 1.0, Max: 1, Diff: 0, Sum: 4]
      [GC Worker Other (ms): Min: 0.0, Avg: 0.0, Max: 0.0, Diff: 0.0, Sum: 0.1]
      [GC Worker Total (ms): Min: 1.3, Avg: 1.3, Max: 1.3, Diff: 0.0, Sum: 5.1]
      [GC Worker End (ms): Min: 1182180.9, Avg: 1182180.9, Max: 1182180.9, Diff: 0.0]
   [Code Root Fixup: 0.0 ms]
   [Code Root Purge: 0.0 ms]
   [Clear CT: 0.3 ms]
   [Other: 1.2 ms]
      [Choose CSet: 0.0 ms]
      [Ref Proc: 0.7 ms]
      [Ref Enq: 0.0 ms]
      [Redirty Cards: 0.3 ms]
      [Humongous Register: 0.0 ms]
      [Humongous Reclaim: 0.0 ms]
      [Free CSet: 0.0 ms]
   [Eden: 66.0M(66.0M)->0.0B(66.0M) Survivors: 1024.0K->1024.0K Heap: 113.0M(128.0M)->47.1M(128.0M)]
 [Times: user=0.00 sys=0.00, real=0.00 secs] 
2020-11-10T16:44:35.757+0800: 1185.240: [GC pause (G1 Evacuation Pause) (young), 0.0027656 secs]
   [Parallel Time: 1.4 ms, GC Workers: 4]
      [GC Worker Start (ms): Min: 1185240.0, Avg: 1185240.1, Max: 1185240.1, Diff: 0.1]
      [Ext Root Scanning (ms): Min: 0.6, Avg: 0.8, Max: 1.3, Diff: 0.7, Sum: 3.3]
      [Update RS (ms): Min: 0.0, Avg: 0.2, Max: 0.2, Diff: 0.2, Sum: 0.6]
         [Processed Buffers: Min: 0, Avg: 6.3, Max: 11, Diff: 11, Sum: 25]
      [Scan RS (ms): Min: 0.0, Avg: 0.0, Max: 0.0, Diff: 0.0, Sum: 0.0]
      [Code Root Scanning (ms): Min: 0.0, Avg: 0.0, Max: 0.0, Diff: 0.0, Sum: 0.0]
      [Object Copy (ms): Min: 0.0, Avg: 0.1, Max: 0.2, Diff: 0.2, Sum: 0.5]
      [Termination (ms): Min: 0.0, Avg: 0.2, Max: 0.2, Diff: 0.2, Sum: 0.6]
         [Termination Attempts: Min: 1, Avg: 1.0, Max: 1, Diff: 0, Sum: 4]
      [GC Worker Other (ms): Min: 0.0, Avg: 0.0, Max: 0.0, Diff: 0.0, Sum: 0.1]
      [GC Worker Total (ms): Min: 1.3, Avg: 1.3, Max: 1.3, Diff: 0.1, Sum: 5.1]
      [GC Worker End (ms): Min: 1185241.3, Avg: 1185241.3, Max: 1185241.4, Diff: 0.0]
   [Code Root Fixup: 0.0 ms]
   [Code Root Purge: 0.0 ms]
   [Clear CT: 0.2 ms]
   [Other: 1.1 ms]
      [Choose CSet: 0.0 ms]
      [Ref Proc: 0.9 ms]
      [Ref Enq: 0.0 ms]
      [Redirty Cards: 0.0 ms]
      [Humongous Register: 0.0 ms]
      [Humongous Reclaim: 0.0 ms]
      [Free CSet: 0.0 ms]
   [Eden: 66.0M(66.0M)->0.0B(66.0M) Survivors: 1024.0K->1024.0K Heap: 113.1M(128.0M)->47.1M(128.0M)]
 [Times: user=0.00 sys=0.00, real=0.00 secs] 
2020-11-10T16:44:38.627+0800: 1188.110: [GC pause (G1 Evacuation Pause) (young), 0.0029224 secs]
   [Parallel Time: 1.4 ms, GC Workers: 4]
      [GC Worker Start (ms): Min: 1188110.2, Avg: 1188110.2, Max: 1188110.3, Diff: 0.1]
      [Ext Root Scanning (ms): Min: 0.6, Avg: 0.8, Max: 1.2, Diff: 0.6, Sum: 3.1]
      [Update RS (ms): Min: 0.0, Avg: 0.2, Max: 0.2, Diff: 0.2, Sum: 0.6]
         [Processed Buffers: Min: 0, Avg: 7.8, Max: 17, Diff: 17, Sum: 31]
      [Scan RS (ms): Min: 0.0, Avg: 0.0, Max: 0.0, Diff: 0.0, Sum: 0.0]
      [Code Root Scanning (ms): Min: 0.0, Avg: 0.0, Max: 0.0, Diff: 0.0, Sum: 0.0]
      [Object Copy (ms): Min: 0.0, Avg: 0.1, Max: 0.2, Diff: 0.2, Sum: 0.5]
      [Termination (ms): Min: 0.0, Avg: 0.1, Max: 0.2, Diff: 0.2, Sum: 0.5]
         [Termination Attempts: Min: 1, Avg: 1.0, Max: 1, Diff: 0, Sum: 4]
      [GC Worker Other (ms): Min: 0.0, Avg: 0.0, Max: 0.0, Diff: 0.0, Sum: 0.0]
      [GC Worker Total (ms): Min: 1.2, Avg: 1.2, Max: 1.3, Diff: 0.1, Sum: 4.8]
      [GC Worker End (ms): Min: 1188111.4, Avg: 1188111.4, Max: 1188111.4, Diff: 0.0]
   [Code Root Fixup: 0.0 ms]
   [Code Root Purge: 0.0 ms]
   [Clear CT: 0.4 ms]
   [Other: 1.2 ms]
      [Choose CSet: 0.0 ms]
      [Ref Proc: 0.8 ms]
      [Ref Enq: 0.0 ms]
      [Redirty Cards: 0.1 ms]
      [Humongous Register: 0.0 ms]
      [Humongous Reclaim: 0.0 ms]
      [Free CSet: 0.0 ms]
   [Eden: 66.0M(66.0M)->0.0B(66.0M) Survivors: 1024.0K->1024.0K Heap: 113.1M(128.0M)->47.1M(128.0M)]
 [Times: user=0.00 sys=0.00, real=0.00 secs] 
2020-11-10T16:44:41.658+0800: 1191.141: [GC pause (G1 Evacuation Pause) (young), 0.0034712 secs]
   [Parallel Time: 2.0 ms, GC Workers: 4]
      [GC Worker Start (ms): Min: 1191141.3, Avg: 1191141.4, Max: 1191141.4, Diff: 0.1]
      [Ext Root Scanning (ms): Min: 0.7, Avg: 1.0, Max: 1.8, Diff: 1.2, Sum: 3.9]
      [Update RS (ms): Min: 0.0, Avg: 0.2, Max: 0.4, Diff: 0.4, Sum: 0.8]
         [Processed Buffers: Min: 0, Avg: 7.3, Max: 22, Diff: 22, Sum: 29]
      [Scan RS (ms): Min: 0.0, Avg: 0.0, Max: 0.1, Diff: 0.1, Sum: 0.1]
      [Code Root Scanning (ms): Min: 0.0, Avg: 0.0, Max: 0.0, Diff: 0.0, Sum: 0.0]
      [Object Copy (ms): Min: 0.0, Avg: 0.1, Max: 0.2, Diff: 0.2, Sum: 0.5]
      [Termination (ms): Min: 0.0, Avg: 0.4, Max: 0.6, Diff: 0.6, Sum: 1.8]
         [Termination Attempts: Min: 1, Avg: 1.0, Max: 1, Diff: 0, Sum: 4]
      [GC Worker Other (ms): Min: 0.0, Avg: 0.0, Max: 0.0, Diff: 0.0, Sum: 0.0]
      [GC Worker Total (ms): Min: 1.7, Avg: 1.8, Max: 1.8, Diff: 0.1, Sum: 7.2]
      [GC Worker End (ms): Min: 1191143.2, Avg: 1191143.2, Max: 1191143.2, Diff: 0.0]
   [Code Root Fixup: 0.1 ms]
   [Code Root Purge: 0.0 ms]
   [Clear CT: 0.4 ms]
   [Other: 1.0 ms]
      [Choose CSet: 0.0 ms]
      [Ref Proc: 0.8 ms]
      [Ref Enq: 0.0 ms]
      [Redirty Cards: 0.1 ms]
      [Humongous Register: 0.0 ms]
      [Humongous Reclaim: 0.0 ms]
      [Free CSet: 0.0 ms]
   [Eden: 66.0M(66.0M)->0.0B(66.0M) Survivors: 1024.0K->1024.0K Heap: 113.1M(128.0M)->47.1M(128.0M)]
 [Times: user=0.00 sys=0.00, real=0.00 secs] 
2020-11-10T16:44:45.375+0800: 1194.858: [GC pause (G1 Evacuation Pause) (young), 0.0030836 secs]
   [Parallel Time: 1.4 ms, GC Workers: 4]
      [GC Worker Start (ms): Min: 1194857.9, Avg: 1194858.0, Max: 1194858.1, Diff: 0.1]
      [Ext Root Scanning (ms): Min: 0.7, Avg: 0.9, Max: 1.3, Diff: 0.6, Sum: 3.4]
      [Update RS (ms): Min: 0.0, Avg: 0.2, Max: 0.2, Diff: 0.2, Sum: 0.7]
         [Processed Buffers: Min: 0, Avg: 8.0, Max: 24, Diff: 24, Sum: 32]
      [Scan RS (ms): Min: 0.0, Avg: 0.0, Max: 0.0, Diff: 0.0, Sum: 0.0]
      [Code Root Scanning (ms): Min: 0.0, Avg: 0.0, Max: 0.0, Diff: 0.0, Sum: 0.0]
      [Object Copy (ms): Min: 0.0, Avg: 0.1, Max: 0.2, Diff: 0.2, Sum: 0.6]
      [Termination (ms): Min: 0.0, Avg: 0.0, Max: 0.1, Diff: 0.1, Sum: 0.2]
         [Termination Attempts: Min: 1, Avg: 1.0, Max: 1, Diff: 0, Sum: 4]
      [GC Worker Other (ms): Min: 0.0, Avg: 0.0, Max: 0.0, Diff: 0.0, Sum: 0.1]
      [GC Worker Total (ms): Min: 1.2, Avg: 1.2, Max: 1.3, Diff: 0.1, Sum: 5.0]
      [GC Worker End (ms): Min: 1194859.2, Avg: 1194859.2, Max: 1194859.2, Diff: 0.0]
   [Code Root Fixup: 0.0 ms]
   [Code Root Purge: 0.0 ms]
   [Clear CT: 0.4 ms]
   [Other: 1.3 ms]
      [Choose CSet: 0.0 ms]
      [Ref Proc: 0.8 ms]
      [Ref Enq: 0.0 ms]
      [Redirty Cards: 0.4 ms]
      [Humongous Register: 0.0 ms]
      [Humongous Reclaim: 0.0 ms]
      [Free CSet: 0.0 ms]
   [Eden: 66.0M(66.0M)->0.0B(66.0M) Survivors: 1024.0K->1024.0K Heap: 113.1M(128.0M)->47.1M(128.0M)]
 [Times: user=0.02 sys=0.00, real=0.00 secs] 
2020-11-10T16:44:49.231+0800: 1198.714: [GC pause (G1 Evacuation Pause) (young), 0.0028516 secs]
   [Parallel Time: 1.3 ms, GC Workers: 4]
      [GC Worker Start (ms): Min: 1198714.2, Avg: 1198714.3, Max: 1198714.4, Diff: 0.1]
      [Ext Root Scanning (ms): Min: 0.6, Avg: 0.8, Max: 1.2, Diff: 0.6, Sum: 3.3]
      [Update RS (ms): Min: 0.0, Avg: 0.1, Max: 0.2, Diff: 0.2, Sum: 0.5]
         [Processed Buffers: Min: 0, Avg: 7.0, Max: 14, Diff: 14, Sum: 28]
      [Scan RS (ms): Min: 0.0, Avg: 0.0, Max: 0.0, Diff: 0.0, Sum: 0.0]
      [Code Root Scanning (ms): Min: 0.0, Avg: 0.0, Max: 0.0, Diff: 0.0, Sum: 0.0]
      [Object Copy (ms): Min: 0.0, Avg: 0.1, Max: 0.2, Diff: 0.2, Sum: 0.5]
      [Termination (ms): Min: 0.0, Avg: 0.1, Max: 0.1, Diff: 0.1, Sum: 0.2]
         [Termination Attempts: Min: 1, Avg: 1.0, Max: 1, Diff: 0, Sum: 4]
      [GC Worker Other (ms): Min: 0.0, Avg: 0.0, Max: 0.0, Diff: 0.0, Sum: 0.0]
      [GC Worker Total (ms): Min: 1.1, Avg: 1.2, Max: 1.2, Diff: 0.1, Sum: 4.6]
      [GC Worker End (ms): Min: 1198715.5, Avg: 1198715.5, Max: 1198715.5, Diff: 0.0]
   [Code Root Fixup: 0.0 ms]
   [Code Root Purge: 0.0 ms]
   [Clear CT: 0.3 ms]
   [Other: 1.2 ms]
      [Choose CSet: 0.0 ms]
      [Ref Proc: 0.8 ms]
      [Ref Enq: 0.0 ms]
      [Redirty Cards: 0.3 ms]
      [Humongous Register: 0.0 ms]
      [Humongous Reclaim: 0.0 ms]
      [Free CSet: 0.0 ms]
   [Eden: 66.0M(66.0M)->0.0B(66.0M) Survivors: 1024.0K->1024.0K Heap: 113.1M(128.0M)->47.1M(128.0M)]
 [Times: user=0.00 sys=0.00, real=0.00 secs] 
2020-11-10T16:44:54.646+0800: 1204.129: [GC pause (G1 Evacuation Pause) (young), 0.0024388 secs]
   [Parallel Time: 1.4 ms, GC Workers: 4]
      [GC Worker Start (ms): Min: 1204129.3, Avg: 1204129.3, Max: 1204129.4, Diff: 0.1]
      [Ext Root Scanning (ms): Min: 0.7, Avg: 0.9, Max: 1.3, Diff: 0.6, Sum: 3.7]
      [Update RS (ms): Min: 0.0, Avg: 0.2, Max: 0.2, Diff: 0.2, Sum: 0.7]
         [Processed Buffers: Min: 0, Avg: 8.0, Max: 17, Diff: 17, Sum: 32]
      [Scan RS (ms): Min: 0.0, Avg: 0.0, Max: 0.0, Diff: 0.0, Sum: 0.0]
      [Code Root Scanning (ms): Min: 0.0, Avg: 0.0, Max: 0.0, Diff: 0.0, Sum: 0.0]
      [Object Copy (ms): Min: 0.0, Avg: 0.1, Max: 0.2, Diff: 0.2, Sum: 0.5]
      [Termination (ms): Min: 0.0, Avg: 0.0, Max: 0.1, Diff: 0.1, Sum: 0.1]
         [Termination Attempts: Min: 1, Avg: 1.0, Max: 1, Diff: 0, Sum: 4]
      [GC Worker Other (ms): Min: 0.0, Avg: 0.0, Max: 0.0, Diff: 0.0, Sum: 0.0]
      [GC Worker Total (ms): Min: 1.2, Avg: 1.3, Max: 1.3, Diff: 0.1, Sum: 5.1]
      [GC Worker End (ms): Min: 1204130.6, Avg: 1204130.6, Max: 1204130.6, Diff: 0.0]
   [Code Root Fixup: 0.0 ms]
   [Code Root Purge: 0.0 ms]
   [Clear CT: 0.1 ms]
   [Other: 0.9 ms]
      [Choose CSet: 0.0 ms]
      [Ref Proc: 0.8 ms]
      [Ref Enq: 0.0 ms]
      [Redirty Cards: 0.0 ms]
      [Humongous Register: 0.0 ms]
      [Humongous Reclaim: 0.0 ms]
      [Free CSet: 0.0 ms]
   [Eden: 66.0M(66.0M)->0.0B(66.0M) Survivors: 1024.0K->1024.0K Heap: 113.1M(128.0M)->47.1M(128.0M)]
 [Times: user=0.00 sys=0.00, real=0.00 secs] 
2020-11-10T16:44:58.964+0800: 1208.447: [GC pause (G1 Evacuation Pause) (young), 0.0026487 secs]
   [Parallel Time: 1.3 ms, GC Workers: 4]
      [GC Worker Start (ms): Min: 1208447.3, Avg: 1208447.3, Max: 1208447.4, Diff: 0.1]
      [Ext Root Scanning (ms): Min: 0.7, Avg: 0.8, Max: 1.3, Diff: 0.6, Sum: 3.3]
      [Update RS (ms): Min: 0.0, Avg: 0.2, Max: 0.2, Diff: 0.2, Sum: 0.6]
         [Processed Buffers: Min: 0, Avg: 8.3, Max: 18, Diff: 18, Sum: 33]
      [Scan RS (ms): Min: 0.0, Avg: 0.0, Max: 0.0, Diff: 0.0, Sum: 0.0]
      [Code Root Scanning (ms): Min: 0.0, Avg: 0.0, Max: 0.0, Diff: 0.0, Sum: 0.0]
      [Object Copy (ms): Min: 0.0, Avg: 0.2, Max: 0.2, Diff: 0.2, Sum: 0.6]
      [Termination (ms): Min: 0.0, Avg: 0.1, Max: 0.1, Diff: 0.1, Sum: 0.3]
         [Termination Attempts: Min: 1, Avg: 1.0, Max: 1, Diff: 0, Sum: 4]
      [GC Worker Other (ms): Min: 0.0, Avg: 0.0, Max: 0.0, Diff: 0.0, Sum: 0.1]
      [GC Worker Total (ms): Min: 1.2, Avg: 1.2, Max: 1.3, Diff: 0.1, Sum: 4.9]
      [GC Worker End (ms): Min: 1208448.5, Avg: 1208448.6, Max: 1208448.6, Diff: 0.0]
   [Code Root Fixup: 0.0 ms]
   [Code Root Purge: 0.0 ms]
   [Clear CT: 0.3 ms]
   [Other: 1.0 ms]
      [Choose CSet: 0.0 ms]
      [Ref Proc: 0.8 ms]
      [Ref Enq: 0.0 ms]
      [Redirty Cards: 0.1 ms]
      [Humongous Register: 0.0 ms]
      [Humongous Reclaim: 0.0 ms]
      [Free CSet: 0.1 ms]
   [Eden: 66.0M(66.0M)->0.0B(66.0M) Survivors: 1024.0K->1024.0K Heap: 113.1M(128.0M)->47.1M(128.0M)]
 [Times: user=0.00 sys=0.00, real=0.00 secs] 
2020-11-10T16:45:03.645+0800: 1213.128: [GC pause (G1 Evacuation Pause) (young), 0.0025557 secs]
   [Parallel Time: 1.3 ms, GC Workers: 4]
      [GC Worker Start (ms): Min: 1213128.3, Avg: 1213128.3, Max: 1213128.4, Diff: 0.1]
      [Ext Root Scanning (ms): Min: 0.6, Avg: 0.8, Max: 1.3, Diff: 0.7, Sum: 3.1]
      [Update RS (ms): Min: 0.0, Avg: 0.2, Max: 0.2, Diff: 0.2, Sum: 0.7]
         [Processed Buffers: Min: 0, Avg: 7.8, Max: 14, Diff: 14, Sum: 31]
      [Scan RS (ms): Min: 0.0, Avg: 0.0, Max: 0.0, Diff: 0.0, Sum: 0.0]
      [Code Root Scanning (ms): Min: 0.0, Avg: 0.0, Max: 0.0, Diff: 0.0, Sum: 0.0]
      [Object Copy (ms): Min: 0.0, Avg: 0.1, Max: 0.2, Diff: 0.2, Sum: 0.4]
      [Termination (ms): Min: 0.0, Avg: 0.1, Max: 0.2, Diff: 0.2, Sum: 0.6]
         [Termination Attempts: Min: 1, Avg: 1.0, Max: 1, Diff: 0, Sum: 4]
      [GC Worker Other (ms): Min: 0.0, Avg: 0.0, Max: 0.0, Diff: 0.0, Sum: 0.0]
      [GC Worker Total (ms): Min: 1.2, Avg: 1.2, Max: 1.3, Diff: 0.1, Sum: 4.9]
      [GC Worker End (ms): Min: 1213129.6, Avg: 1213129.6, Max: 1213129.6, Diff: 0.0]
   [Code Root Fixup: 0.0 ms]
   [Code Root Purge: 0.0 ms]
   [Clear CT: 0.3 ms]
   [Other: 0.9 ms]
      [Choose CSet: 0.0 ms]
      [Ref Proc: 0.7 ms]
      [Ref Enq: 0.0 ms]
      [Redirty Cards: 0.1 ms]
      [Humongous Register: 0.0 ms]
      [Humongous Reclaim: 0.0 ms]
      [Free CSet: 0.0 ms]
   [Eden: 66.0M(66.0M)->0.0B(66.0M) Survivors: 1024.0K->1024.0K Heap: 113.1M(128.0M)->47.1M(128.0M)]
 [Times: user=0.00 sys=0.00, real=0.00 secs] 
2020-11-10T16:45:08.419+0800: 1217.903: [GC pause (G1 Evacuation Pause) (young), 0.0025141 secs]
   [Parallel Time: 1.5 ms, GC Workers: 4]
      [GC Worker Start (ms): Min: 1217902.9, Avg: 1217903.1, Max: 1217903.7, Diff: 0.8]
      [Ext Root Scanning (ms): Min: 0.2, Avg: 0.9, Max: 1.4, Diff: 1.2, Sum: 3.7]
      [Update RS (ms): Min: 0.0, Avg: 0.2, Max: 0.3, Diff: 0.3, Sum: 0.8]
         [Processed Buffers: Min: 0, Avg: 10.0, Max: 19, Diff: 19, Sum: 40]
      [Scan RS (ms): Min: 0.0, Avg: 0.0, Max: 0.0, Diff: 0.0, Sum: 0.0]
      [Code Root Scanning (ms): Min: 0.0, Avg: 0.0, Max: 0.0, Diff: 0.0, Sum: 0.0]
      [Object Copy (ms): Min: 0.0, Avg: 0.1, Max: 0.2, Diff: 0.2, Sum: 0.5]
      [Termination (ms): Min: 0.0, Avg: 0.0, Max: 0.0, Diff: 0.0, Sum: 0.0]
         [Termination Attempts: Min: 1, Avg: 1.0, Max: 1, Diff: 0, Sum: 4]
      [GC Worker Other (ms): Min: 0.0, Avg: 0.0, Max: 0.0, Diff: 0.0, Sum: 0.0]
      [GC Worker Total (ms): Min: 0.7, Avg: 1.3, Max: 1.5, Diff: 0.8, Sum: 5.1]
      [GC Worker End (ms): Min: 1217904.3, Avg: 1217904.3, Max: 1217904.3, Diff: 0.0]
   [Code Root Fixup: 0.0 ms]
   [Code Root Purge: 0.0 ms]
   [Clear CT: 0.1 ms]
   [Other: 0.9 ms]
      [Choose CSet: 0.0 ms]
      [Ref Proc: 0.7 ms]
      [Ref Enq: 0.0 ms]
      [Redirty Cards: 0.1 ms]
      [Humongous Register: 0.0 ms]
      [Humongous Reclaim: 0.0 ms]
      [Free CSet: 0.0 ms]
   [Eden: 66.0M(66.0M)->0.0B(66.0M) Survivors: 1024.0K->1024.0K Heap: 113.1M(128.0M)->47.2M(128.0M)]
 [Times: user=0.00 sys=0.00, real=0.00 secs] 
2020-11-10T16:45:12.949+0800: 1222.432: [GC pause (G1 Evacuation Pause) (young), 0.0028614 secs]
   [Parallel Time: 1.3 ms, GC Workers: 4]
      [GC Worker Start (ms): Min: 1222432.1, Avg: 1222432.1, Max: 1222432.2, Diff: 0.1]
      [Ext Root Scanning (ms): Min: 0.6, Avg: 0.8, Max: 1.2, Diff: 0.6, Sum: 3.2]
      [Update RS (ms): Min: 0.0, Avg: 0.1, Max: 0.2, Diff: 0.2, Sum: 0.6]
         [Processed Buffers: Min: 0, Avg: 8.5, Max: 15, Diff: 15, Sum: 34]
      [Scan RS (ms): Min: 0.0, Avg: 0.0, Max: 0.0, Diff: 0.0, Sum: 0.0]
      [Code Root Scanning (ms): Min: 0.0, Avg: 0.0, Max: 0.0, Diff: 0.0, Sum: 0.0]
      [Object Copy (ms): Min: 0.0, Avg: 0.2, Max: 0.2, Diff: 0.2, Sum: 0.7]
      [Termination (ms): Min: 0.0, Avg: 0.0, Max: 0.1, Diff: 0.1, Sum: 0.2]
         [Termination Attempts: Min: 1, Avg: 1.0, Max: 1, Diff: 0, Sum: 4]
      [GC Worker Other (ms): Min: 0.0, Avg: 0.0, Max: 0.0, Diff: 0.0, Sum: 0.0]
      [GC Worker Total (ms): Min: 1.1, Avg: 1.2, Max: 1.2, Diff: 0.1, Sum: 4.7]
      [GC Worker End (ms): Min: 1222433.3, Avg: 1222433.3, Max: 1222433.3, Diff: 0.0]
   [Code Root Fixup: 0.0 ms]
   [Code Root Purge: 0.0 ms]
   [Clear CT: 0.3 ms]
   [Other: 1.2 ms]
      [Choose CSet: 0.0 ms]
      [Ref Proc: 0.8 ms]
      [Ref Enq: 0.0 ms]
      [Redirty Cards: 0.3 ms]
      [Humongous Register: 0.0 ms]
      [Humongous Reclaim: 0.0 ms]
      [Free CSet: 0.0 ms]
   [Eden: 66.0M(66.0M)->0.0B(66.0M) Survivors: 1024.0K->1024.0K Heap: 113.2M(128.0M)->47.1M(128.0M)]
 [Times: user=0.00 sys=0.00, real=0.00 secs] 
2020-11-10T16:45:17.059+0800: 1226.543: [GC pause (G1 Evacuation Pause) (young), 0.0029024 secs]
   [Parallel Time: 1.5 ms, GC Workers: 4]
      [GC Worker Start (ms): Min: 1226542.7, Avg: 1226543.0, Max: 1226543.8, Diff: 1.1]
      [Ext Root Scanning (ms): Min: 0.0, Avg: 0.8, Max: 1.4, Diff: 1.4, Sum: 3.3]
      [Update RS (ms): Min: 0.0, Avg: 0.1, Max: 0.2, Diff: 0.2, Sum: 0.6]
         [Processed Buffers: Min: 0, Avg: 8.0, Max: 29, Diff: 29, Sum: 32]
      [Scan RS (ms): Min: 0.0, Avg: 0.0, Max: 0.0, Diff: 0.0, Sum: 0.0]
      [Code Root Scanning (ms): Min: 0.0, Avg: 0.0, Max: 0.0, Diff: 0.0, Sum: 0.0]
      [Object Copy (ms): Min: 0.0, Avg: 0.1, Max: 0.2, Diff: 0.2, Sum: 0.5]
      [Termination (ms): Min: 0.0, Avg: 0.0, Max: 0.0, Diff: 0.0, Sum: 0.0]
         [Termination Attempts: Min: 1, Avg: 1.0, Max: 1, Diff: 0, Sum: 4]
      [GC Worker Other (ms): Min: 0.0, Avg: 0.0, Max: 0.0, Diff: 0.0, Sum: 0.1]
      [GC Worker Total (ms): Min: 0.3, Avg: 1.1, Max: 1.4, Diff: 1.1, Sum: 4.5]
      [GC Worker End (ms): Min: 1226544.2, Avg: 1226544.2, Max: 1226544.2, Diff: 0.0]
   [Code Root Fixup: 0.0 ms]
   [Code Root Purge: 0.0 ms]
   [Clear CT: 0.3 ms]
   [Other: 1.0 ms]
      [Choose CSet: 0.0 ms]
      [Ref Proc: 0.6 ms]
      [Ref Enq: 0.0 ms]
      [Redirty Cards: 0.3 ms]
      [Humongous Register: 0.0 ms]
      [Humongous Reclaim: 0.0 ms]
      [Free CSet: 0.0 ms]
   [Eden: 66.0M(66.0M)->0.0B(66.0M) Survivors: 1024.0K->1024.0K Heap: 113.1M(128.0M)->47.1M(128.0M)]
 [Times: user=0.00 sys=0.00, real=0.00 secs] 
2020-11-10T16:45:21.408+0800: 1230.892: [GC pause (G1 Evacuation Pause) (young), 0.0028555 secs]
   [Parallel Time: 1.3 ms, GC Workers: 4]
      [GC Worker Start (ms): Min: 1230891.8, Avg: 1230891.9, Max: 1230891.9, Diff: 0.1]
      [Ext Root Scanning (ms): Min: 0.8, Avg: 0.9, Max: 1.3, Diff: 0.5, Sum: 3.6]
      [Update RS (ms): Min: 0.0, Avg: 0.2, Max: 0.2, Diff: 0.2, Sum: 0.7]
         [Processed Buffers: Min: 0, Avg: 8.0, Max: 16, Diff: 16, Sum: 32]
      [Scan RS (ms): Min: 0.0, Avg: 0.0, Max: 0.0, Diff: 0.0, Sum: 0.0]
      [Code Root Scanning (ms): Min: 0.0, Avg: 0.0, Max: 0.0, Diff: 0.0, Sum: 0.0]
      [Object Copy (ms): Min: 0.0, Avg: 0.1, Max: 0.2, Diff: 0.2, Sum: 0.5]
      [Termination (ms): Min: 0.0, Avg: 0.0, Max: 0.0, Diff: 0.0, Sum: 0.0]
         [Termination Attempts: Min: 1, Avg: 1.0, Max: 1, Diff: 0, Sum: 4]
      [GC Worker Other (ms): Min: 0.0, Avg: 0.0, Max: 0.0, Diff: 0.0, Sum: 0.0]
      [GC Worker Total (ms): Min: 1.2, Avg: 1.2, Max: 1.3, Diff: 0.1, Sum: 4.9]
      [GC Worker End (ms): Min: 1230893.1, Avg: 1230893.1, Max: 1230893.1, Diff: 0.0]
   [Code Root Fixup: 0.0 ms]
   [Code Root Purge: 0.0 ms]
   [Clear CT: 0.3 ms]
   [Other: 1.2 ms]
      [Choose CSet: 0.0 ms]
      [Ref Proc: 0.8 ms]
      [Ref Enq: 0.0 ms]
      [Redirty Cards: 0.3 ms]
      [Humongous Register: 0.0 ms]
      [Humongous Reclaim: 0.0 ms]
      [Free CSet: 0.0 ms]
   [Eden: 66.0M(66.0M)->0.0B(66.0M) Survivors: 1024.0K->1024.0K Heap: 113.1M(128.0M)->47.2M(128.0M)]
 [Times: user=0.00 sys=0.00, real=0.00 secs] 
2020-11-10T16:45:25.391+0800: 1234.874: [GC pause (G1 Evacuation Pause) (young), 0.0027463 secs]
   [Parallel Time: 1.7 ms, GC Workers: 4]
      [GC Worker Start (ms): Min: 1234874.4, Avg: 1234874.8, Max: 1234876.0, Diff: 1.6]
      [Ext Root Scanning (ms): Min: 0.0, Avg: 0.8, Max: 1.4, Diff: 1.4, Sum: 3.3]
      [Update RS (ms): Min: 0.0, Avg: 0.2, Max: 0.3, Diff: 0.3, Sum: 0.6]
         [Processed Buffers: Min: 0, Avg: 8.0, Max: 18, Diff: 18, Sum: 32]
      [Scan RS (ms): Min: 0.0, Avg: 0.0, Max: 0.0, Diff: 0.0, Sum: 0.0]
      [Code Root Scanning (ms): Min: 0.0, Avg: 0.0, Max: 0.0, Diff: 0.0, Sum: 0.0]
      [Object Copy (ms): Min: 0.0, Avg: 0.2, Max: 0.3, Diff: 0.3, Sum: 0.6]
      [Termination (ms): Min: 0.0, Avg: 0.0, Max: 0.1, Diff: 0.1, Sum: 0.2]
         [Termination Attempts: Min: 1, Avg: 1.0, Max: 1, Diff: 0, Sum: 4]
      [GC Worker Other (ms): Min: 0.0, Avg: 0.0, Max: 0.0, Diff: 0.0, Sum: 0.1]
      [GC Worker Total (ms): Min: 0.0, Avg: 1.2, Max: 1.6, Diff: 1.6, Sum: 4.8]
      [GC Worker End (ms): Min: 1234876.0, Avg: 1234876.0, Max: 1234876.0, Diff: 0.0]
   [Code Root Fixup: 0.0 ms]
   [Code Root Purge: 0.0 ms]
   [Clear CT: 0.1 ms]
   [Other: 0.9 ms]
      [Choose CSet: 0.0 ms]
      [Ref Proc: 0.6 ms]
      [Ref Enq: 0.0 ms]
      [Redirty Cards: 0.0 ms]
      [Humongous Register: 0.0 ms]
      [Humongous Reclaim: 0.0 ms]
      [Free CSet: 0.0 ms]
   [Eden: 66.0M(66.0M)->0.0B(66.0M) Survivors: 1024.0K->1024.0K Heap: 113.2M(128.0M)->47.2M(128.0M)]
 [Times: user=0.05 sys=0.00, real=0.00 secs] 
2020-11-10T16:45:29.926+0800: 1239.410: [GC pause (G1 Evacuation Pause) (young), 0.0026954 secs]
   [Parallel Time: 1.6 ms, GC Workers: 4]
      [GC Worker Start (ms): Min: 1239409.7, Avg: 1239409.8, Max: 1239409.8, Diff: 0.1]
      [Ext Root Scanning (ms): Min: 0.8, Avg: 1.1, Max: 1.4, Diff: 0.6, Sum: 4.5]
      [Update RS (ms): Min: 0.0, Avg: 0.2, Max: 0.4, Diff: 0.4, Sum: 0.7]
         [Processed Buffers: Min: 0, Avg: 8.3, Max: 19, Diff: 19, Sum: 33]
      [Scan RS (ms): Min: 0.0, Avg: 0.0, Max: 0.0, Diff: 0.0, Sum: 0.0]
      [Code Root Scanning (ms): Min: 0.0, Avg: 0.0, Max: 0.0, Diff: 0.0, Sum: 0.0]
      [Object Copy (ms): Min: 0.0, Avg: 0.1, Max: 0.2, Diff: 0.2, Sum: 0.6]
      [Termination (ms): Min: 0.0, Avg: 0.0, Max: 0.1, Diff: 0.1, Sum: 0.2]
         [Termination Attempts: Min: 1, Avg: 1.0, Max: 1, Diff: 0, Sum: 4]
      [GC Worker Other (ms): Min: 0.0, Avg: 0.0, Max: 0.0, Diff: 0.0, Sum: 0.0]
      [GC Worker Total (ms): Min: 1.5, Avg: 1.5, Max: 1.6, Diff: 0.1, Sum: 6.0]
      [GC Worker End (ms): Min: 1239411.3, Avg: 1239411.3, Max: 1239411.3, Diff: 0.0]
   [Code Root Fixup: 0.0 ms]
   [Code Root Purge: 0.0 ms]
   [Clear CT: 0.1 ms]
   [Other: 1.0 ms]
      [Choose CSet: 0.0 ms]
      [Ref Proc: 0.8 ms]
      [Ref Enq: 0.0 ms]
      [Redirty Cards: 0.0 ms]
      [Humongous Register: 0.0 ms]
      [Humongous Reclaim: 0.0 ms]
      [Free CSet: 0.0 ms]
   [Eden: 66.0M(66.0M)->0.0B(66.0M) Survivors: 1024.0K->1024.0K Heap: 113.2M(128.0M)->47.2M(128.0M)]
 [Times: user=0.00 sys=0.00, real=0.00 secs] 
2020-11-10T16:45:34.073+0800: 1243.556: [GC pause (G1 Evacuation Pause) (young), 0.0025940 secs]
   [Parallel Time: 1.3 ms, GC Workers: 4]
      [GC Worker Start (ms): Min: 1243556.3, Avg: 1243556.4, Max: 1243556.5, Diff: 0.1]
      [Ext Root Scanning (ms): Min: 0.7, Avg: 0.8, Max: 1.2, Diff: 0.5, Sum: 3.3]
      [Update RS (ms): Min: 0.0, Avg: 0.1, Max: 0.2, Diff: 0.2, Sum: 0.6]
         [Processed Buffers: Min: 0, Avg: 8.3, Max: 22, Diff: 22, Sum: 33]
      [Scan RS (ms): Min: 0.0, Avg: 0.0, Max: 0.0, Diff: 0.0, Sum: 0.0]
      [Code Root Scanning (ms): Min: 0.0, Avg: 0.0, Max: 0.0, Diff: 0.0, Sum: 0.0]
      [Object Copy (ms): Min: 0.0, Avg: 0.1, Max: 0.2, Diff: 0.2, Sum: 0.5]
      [Termination (ms): Min: 0.0, Avg: 0.0, Max: 0.1, Diff: 0.1, Sum: 0.2]
         [Termination Attempts: Min: 1, Avg: 1.0, Max: 1, Diff: 0, Sum: 4]
      [GC Worker Other (ms): Min: 0.0, Avg: 0.0, Max: 0.0, Diff: 0.0, Sum: 0.0]
      [GC Worker Total (ms): Min: 1.1, Avg: 1.2, Max: 1.2, Diff: 0.1, Sum: 4.6]
      [GC Worker End (ms): Min: 1243557.6, Avg: 1243557.6, Max: 1243557.6, Diff: 0.0]
   [Code Root Fixup: 0.0 ms]
   [Code Root Purge: 0.0 ms]
   [Clear CT: 0.3 ms]
   [Other: 1.0 ms]
      [Choose CSet: 0.0 ms]
      [Ref Proc: 0.7 ms]
      [Ref Enq: 0.0 ms]
      [Redirty Cards: 0.1 ms]
      [Humongous Register: 0.0 ms]
      [Humongous Reclaim: 0.0 ms]
      [Free CSet: 0.0 ms]
   [Eden: 66.0M(66.0M)->0.0B(66.0M) Survivors: 1024.0K->1024.0K Heap: 113.2M(128.0M)->47.2M(128.0M)]
 [Times: user=0.00 sys=0.00, real=0.00 secs] 
2020-11-10T16:45:38.400+0800: 1247.883: [GC pause (G1 Evacuation Pause) (young), 0.0032800 secs]
   [Parallel Time: 1.6 ms, GC Workers: 4]
      [GC Worker Start (ms): Min: 1247883.4, Avg: 1247883.4, Max: 1247883.5, Diff: 0.1]
      [Ext Root Scanning (ms): Min: 0.7, Avg: 0.8, Max: 1.2, Diff: 0.6, Sum: 3.3]
      [Update RS (ms): Min: 0.0, Avg: 0.2, Max: 0.2, Diff: 0.2, Sum: 0.6]
         [Processed Buffers: Min: 0, Avg: 8.8, Max: 17, Diff: 17, Sum: 35]
      [Scan RS (ms): Min: 0.0, Avg: 0.0, Max: 0.0, Diff: 0.0, Sum: 0.0]
      [Code Root Scanning (ms): Min: 0.0, Avg: 0.0, Max: 0.0, Diff: 0.0, Sum: 0.0]
      [Object Copy (ms): Min: 0.0, Avg: 0.1, Max: 0.2, Diff: 0.2, Sum: 0.5]
      [Termination (ms): Min: 0.0, Avg: 0.1, Max: 0.1, Diff: 0.1, Sum: 0.4]
         [Termination Attempts: Min: 1, Avg: 1.0, Max: 1, Diff: 0, Sum: 4]
      [GC Worker Other (ms): Min: 0.0, Avg: 0.0, Max: 0.0, Diff: 0.0, Sum: 0.1]
      [GC Worker Total (ms): Min: 1.2, Avg: 1.2, Max: 1.3, Diff: 0.1, Sum: 4.8]
      [GC Worker End (ms): Min: 1247884.6, Avg: 1247884.6, Max: 1247884.6, Diff: 0.0]
   [Code Root Fixup: 0.0 ms]
   [Code Root Purge: 0.0 ms]
   [Clear CT: 0.4 ms]
   [Other: 1.2 ms]
      [Choose CSet: 0.0 ms]
      [Ref Proc: 0.7 ms]
      [Ref Enq: 0.0 ms]
      [Redirty Cards: 0.4 ms]
      [Humongous Register: 0.0 ms]
      [Humongous Reclaim: 0.0 ms]
      [Free CSet: 0.0 ms]
   [Eden: 66.0M(66.0M)->0.0B(66.0M) Survivors: 1024.0K->1024.0K Heap: 113.2M(128.0M)->47.2M(128.0M)]
 [Times: user=0.00 sys=0.00, real=0.00 secs] 
2020-11-10T16:45:42.856+0800: 1252.340: [GC pause (G1 Evacuation Pause) (young), 0.0026955 secs]
   [Parallel Time: 1.4 ms, GC Workers: 4]
      [GC Worker Start (ms): Min: 1252339.9, Avg: 1252339.9, Max: 1252339.9, Diff: 0.1]
      [Ext Root Scanning (ms): Min: 0.6, Avg: 0.8, Max: 1.3, Diff: 0.7, Sum: 3.2]
      [Update RS (ms): Min: 0.0, Avg: 0.2, Max: 0.2, Diff: 0.2, Sum: 0.6]
         [Processed Buffers: Min: 0, Avg: 7.5, Max: 15, Diff: 15, Sum: 30]
      [Scan RS (ms): Min: 0.0, Avg: 0.0, Max: 0.0, Diff: 0.0, Sum: 0.0]
      [Code Root Scanning (ms): Min: 0.0, Avg: 0.0, Max: 0.0, Diff: 0.0, Sum: 0.0]
      [Object Copy (ms): Min: 0.0, Avg: 0.1, Max: 0.2, Diff: 0.2, Sum: 0.5]
      [Termination (ms): Min: 0.0, Avg: 0.2, Max: 0.2, Diff: 0.2, Sum: 0.7]
         [Termination Attempts: Min: 1, Avg: 1.0, Max: 1, Diff: 0, Sum: 4]
      [GC Worker Other (ms): Min: 0.0, Avg: 0.0, Max: 0.0, Diff: 0.0, Sum: 0.0]
      [GC Worker Total (ms): Min: 1.3, Avg: 1.3, Max: 1.3, Diff: 0.1, Sum: 5.1]
      [GC Worker End (ms): Min: 1252341.2, Avg: 1252341.2, Max: 1252341.2, Diff: 0.0]
   [Code Root Fixup: 0.0 ms]
   [Code Root Purge: 0.0 ms]
   [Clear CT: 0.2 ms]
   [Other: 1.1 ms]
      [Choose CSet: 0.0 ms]
      [Ref Proc: 0.7 ms]
      [Ref Enq: 0.0 ms]
      [Redirty Cards: 0.3 ms]
      [Humongous Register: 0.0 ms]
      [Humongous Reclaim: 0.0 ms]
      [Free CSet: 0.0 ms]
   [Eden: 66.0M(66.0M)->0.0B(66.0M) Survivors: 1024.0K->1024.0K Heap: 113.2M(128.0M)->47.2M(128.0M)]
 [Times: user=0.00 sys=0.00, real=0.00 secs] 
2020-11-10T16:45:47.397+0800: 1256.881: [GC pause (G1 Evacuation Pause) (young), 0.0031010 secs]
   [Parallel Time: 1.7 ms, GC Workers: 4]
      [GC Worker Start (ms): Min: 1256880.7, Avg: 1256880.8, Max: 1256880.9, Diff: 0.1]
      [Ext Root Scanning (ms): Min: 1.1, Avg: 1.2, Max: 1.4, Diff: 0.3, Sum: 4.9]
      [Update RS (ms): Min: 0.0, Avg: 0.2, Max: 0.2, Diff: 0.2, Sum: 0.7]
         [Processed Buffers: Min: 0, Avg: 8.3, Max: 17, Diff: 17, Sum: 33]
      [Scan RS (ms): Min: 0.0, Avg: 0.0, Max: 0.0, Diff: 0.0, Sum: 0.0]
      [Code Root Scanning (ms): Min: 0.0, Avg: 0.0, Max: 0.0, Diff: 0.0, Sum: 0.0]
      [Object Copy (ms): Min: 0.1, Avg: 0.2, Max: 0.2, Diff: 0.2, Sum: 0.7]
      [Termination (ms): Min: 0.0, Avg: 0.0, Max: 0.0, Diff: 0.0, Sum: 0.0]
         [Termination Attempts: Min: 1, Avg: 1.0, Max: 1, Diff: 0, Sum: 4]
      [GC Worker Other (ms): Min: 0.0, Avg: 0.0, Max: 0.0, Diff: 0.0, Sum: 0.0]
      [GC Worker Total (ms): Min: 1.5, Avg: 1.6, Max: 1.6, Diff: 0.1, Sum: 6.3]
      [GC Worker End (ms): Min: 1256882.4, Avg: 1256882.4, Max: 1256882.4, Diff: 0.0]
   [Code Root Fixup: 0.0 ms]
   [Code Root Purge: 0.0 ms]
   [Clear CT: 0.3 ms]
   [Other: 1.0 ms]
      [Choose CSet: 0.0 ms]
      [Ref Proc: 0.6 ms]
      [Ref Enq: 0.0 ms]
      [Redirty Cards: 0.3 ms]
      [Humongous Register: 0.0 ms]
      [Humongous Reclaim: 0.0 ms]
      [Free CSet: 0.0 ms]
   [Eden: 66.0M(66.0M)->0.0B(66.0M) Survivors: 1024.0K->1024.0K Heap: 113.2M(128.0M)->47.2M(128.0M)]
 [Times: user=0.00 sys=0.00, real=0.00 secs] 
2020-11-10T16:45:51.265+0800: 1260.747: [GC pause (G1 Evacuation Pause) (young), 0.0027607 secs]
   [Parallel Time: 1.4 ms, GC Workers: 4]
      [GC Worker Start (ms): Min: 1260747.6, Avg: 1260747.7, Max: 1260747.7, Diff: 0.1]
      [Ext Root Scanning (ms): Min: 0.8, Avg: 0.9, Max: 1.3, Diff: 0.5, Sum: 3.7]
      [Update RS (ms): Min: 0.0, Avg: 0.1, Max: 0.2, Diff: 0.2, Sum: 0.5]
         [Processed Buffers: Min: 0, Avg: 7.8, Max: 17, Diff: 17, Sum: 31]
      [Scan RS (ms): Min: 0.0, Avg: 0.0, Max: 0.0, Diff: 0.0, Sum: 0.0]
      [Code Root Scanning (ms): Min: 0.0, Avg: 0.0, Max: 0.0, Diff: 0.0, Sum: 0.0]
      [Object Copy (ms): Min: 0.0, Avg: 0.1, Max: 0.2, Diff: 0.2, Sum: 0.6]
      [Termination (ms): Min: 0.0, Avg: 0.0, Max: 0.0, Diff: 0.0, Sum: 0.1]
         [Termination Attempts: Min: 1, Avg: 1.0, Max: 1, Diff: 0, Sum: 4]
      [GC Worker Other (ms): Min: 0.0, Avg: 0.0, Max: 0.0, Diff: 0.0, Sum: 0.1]
      [GC Worker Total (ms): Min: 1.2, Avg: 1.3, Max: 1.3, Diff: 0.1, Sum: 5.0]
      [GC Worker End (ms): Min: 1260748.9, Avg: 1260748.9, Max: 1260748.9, Diff: 0.0]
   [Code Root Fixup: 0.0 ms]
   [Code Root Purge: 0.0 ms]
   [Clear CT: 0.3 ms]
   [Other: 1.0 ms]
      [Choose CSet: 0.0 ms]
      [Ref Proc: 0.8 ms]
      [Ref Enq: 0.0 ms]
      [Redirty Cards: 0.0 ms]
      [Humongous Register: 0.0 ms]
      [Humongous Reclaim: 0.0 ms]
      [Free CSet: 0.0 ms]
   [Eden: 66.0M(66.0M)->0.0B(66.0M) Survivors: 1024.0K->1024.0K Heap: 113.2M(128.0M)->47.2M(128.0M)]
 [Times: user=0.02 sys=0.00, real=0.00 secs] 
2020-11-10T16:45:54.653+0800: 1264.136: [GC pause (G1 Evacuation Pause) (young), 0.0027349 secs]
   [Parallel Time: 1.3 ms, GC Workers: 4]
      [GC Worker Start (ms): Min: 1264135.8, Avg: 1264135.9, Max: 1264136.0, Diff: 0.1]
      [Ext Root Scanning (ms): Min: 0.6, Avg: 0.8, Max: 1.2, Diff: 0.6, Sum: 3.1]
      [Update RS (ms): Min: 0.0, Avg: 0.1, Max: 0.2, Diff: 0.2, Sum: 0.5]
         [Processed Buffers: Min: 0, Avg: 6.5, Max: 15, Diff: 15, Sum: 26]
      [Scan RS (ms): Min: 0.0, Avg: 0.0, Max: 0.0, Diff: 0.0, Sum: 0.0]
      [Code Root Scanning (ms): Min: 0.0, Avg: 0.0, Max: 0.0, Diff: 0.0, Sum: 0.0]
      [Object Copy (ms): Min: 0.0, Avg: 0.1, Max: 0.2, Diff: 0.2, Sum: 0.4]
      [Termination (ms): Min: 0.0, Avg: 0.1, Max: 0.1, Diff: 0.1, Sum: 0.4]
         [Termination Attempts: Min: 1, Avg: 1.0, Max: 1, Diff: 0, Sum: 4]
      [GC Worker Other (ms): Min: 0.0, Avg: 0.0, Max: 0.0, Diff: 0.0, Sum: 0.0]
      [GC Worker Total (ms): Min: 1.1, Avg: 1.1, Max: 1.2, Diff: 0.1, Sum: 4.6]
      [GC Worker End (ms): Min: 1264137.0, Avg: 1264137.0, Max: 1264137.0, Diff: 0.0]
   [Code Root Fixup: 0.0 ms]
   [Code Root Purge: 0.0 ms]
   [Clear CT: 0.3 ms]
   [Other: 1.1 ms]
      [Choose CSet: 0.0 ms]
      [Ref Proc: 0.7 ms]
      [Ref Enq: 0.0 ms]
      [Redirty Cards: 0.3 ms]
      [Humongous Register: 0.0 ms]
      [Humongous Reclaim: 0.0 ms]
      [Free CSet: 0.0 ms]
   [Eden: 66.0M(66.0M)->0.0B(66.0M) Survivors: 1024.0K->1024.0K Heap: 113.2M(128.0M)->47.2M(128.0M)]
 [Times: user=0.00 sys=0.00, real=0.00 secs] 
2020-11-10T16:45:58.083+0800: 1267.566: [GC pause (G1 Evacuation Pause) (young), 0.0026669 secs]
   [Parallel Time: 1.3 ms, GC Workers: 4]
      [GC Worker Start (ms): Min: 1267565.9, Avg: 1267565.9, Max: 1267566.0, Diff: 0.1]
      [Ext Root Scanning (ms): Min: 0.6, Avg: 0.8, Max: 1.2, Diff: 0.6, Sum: 3.1]
      [Update RS (ms): Min: 0.0, Avg: 0.2, Max: 0.2, Diff: 0.2, Sum: 0.7]
         [Processed Buffers: Min: 0, Avg: 8.0, Max: 14, Diff: 14, Sum: 32]
      [Scan RS (ms): Min: 0.0, Avg: 0.0, Max: 0.0, Diff: 0.0, Sum: 0.0]
      [Code Root Scanning (ms): Min: 0.0, Avg: 0.0, Max: 0.0, Diff: 0.0, Sum: 0.0]
      [Object Copy (ms): Min: 0.0, Avg: 0.1, Max: 0.2, Diff: 0.2, Sum: 0.5]
      [Termination (ms): Min: 0.0, Avg: 0.1, Max: 0.1, Diff: 0.1, Sum: 0.3]
         [Termination Attempts: Min: 1, Avg: 1.0, Max: 1, Diff: 0, Sum: 4]
      [GC Worker Other (ms): Min: 0.0, Avg: 0.0, Max: 0.0, Diff: 0.0, Sum: 0.0]
      [GC Worker Total (ms): Min: 1.1, Avg: 1.1, Max: 1.2, Diff: 0.1, Sum: 4.6]
      [GC Worker End (ms): Min: 1267567.1, Avg: 1267567.1, Max: 1267567.1, Diff: 0.0]
   [Code Root Fixup: 0.0 ms]
   [Code Root Purge: 0.0 ms]
   [Clear CT: 0.3 ms]
   [Other: 1.1 ms]
      [Choose CSet: 0.0 ms]
      [Ref Proc: 0.7 ms]
      [Ref Enq: 0.0 ms]
      [Redirty Cards: 0.3 ms]
      [Humongous Register: 0.0 ms]
      [Humongous Reclaim: 0.0 ms]
      [Free CSet: 0.0 ms]
   [Eden: 66.0M(66.0M)->0.0B(66.0M) Survivors: 1024.0K->1024.0K Heap: 113.2M(128.0M)->47.2M(128.0M)]
 [Times: user=0.00 sys=0.00, real=0.00 secs] 
2020-11-10T16:46:01.772+0800: 1271.255: [GC pause (G1 Evacuation Pause) (young), 0.0027629 secs]
   [Parallel Time: 1.3 ms, GC Workers: 4]
      [GC Worker Start (ms): Min: 1271254.8, Avg: 1271254.8, Max: 1271254.9, Diff: 0.1]
      [Ext Root Scanning (ms): Min: 0.6, Avg: 0.8, Max: 1.3, Diff: 0.6, Sum: 3.2]
      [Update RS (ms): Min: 0.0, Avg: 0.1, Max: 0.2, Diff: 0.2, Sum: 0.5]
         [Processed Buffers: Min: 0, Avg: 7.8, Max: 13, Diff: 13, Sum: 31]
      [Scan RS (ms): Min: 0.0, Avg: 0.0, Max: 0.0, Diff: 0.0, Sum: 0.0]
      [Code Root Scanning (ms): Min: 0.0, Avg: 0.0, Max: 0.0, Diff: 0.0, Sum: 0.0]
      [Object Copy (ms): Min: 0.0, Avg: 0.1, Max: 0.2, Diff: 0.2, Sum: 0.4]
      [Termination (ms): Min: 0.0, Avg: 0.2, Max: 0.2, Diff: 0.2, Sum: 0.7]
         [Termination Attempts: Min: 1, Avg: 1.0, Max: 1, Diff: 0, Sum: 4]
      [GC Worker Other (ms): Min: 0.0, Avg: 0.0, Max: 0.0, Diff: 0.0, Sum: 0.0]
      [GC Worker Total (ms): Min: 1.2, Avg: 1.3, Max: 1.3, Diff: 0.1, Sum: 5.0]
      [GC Worker End (ms): Min: 1271256.1, Avg: 1271256.1, Max: 1271256.1, Diff: 0.0]
   [Code Root Fixup: 0.0 ms]
   [Code Root Purge: 0.0 ms]
   [Clear CT: 0.3 ms]
   [Other: 1.1 ms]
      [Choose CSet: 0.0 ms]
      [Ref Proc: 0.7 ms]
      [Ref Enq: 0.0 ms]
      [Redirty Cards: 0.2 ms]
      [Humongous Register: 0.0 ms]
      [Humongous Reclaim: 0.0 ms]
      [Free CSet: 0.1 ms]
   [Eden: 66.0M(66.0M)->0.0B(66.0M) Survivors: 1024.0K->1024.0K Heap: 113.2M(128.0M)->47.2M(128.0M)]
 [Times: user=0.00 sys=0.00, real=0.00 secs] 
2020-11-10T16:46:05.835+0800: 1275.318: [GC pause (G1 Evacuation Pause) (young), 0.0028342 secs]
   [Parallel Time: 1.5 ms, GC Workers: 4]
      [GC Worker Start (ms): Min: 1275317.8, Avg: 1275317.8, Max: 1275317.9, Diff: 0.1]
      [Ext Root Scanning (ms): Min: 0.8, Avg: 0.9, Max: 1.3, Diff: 0.6, Sum: 3.8]
      [Update RS (ms): Min: 0.0, Avg: 0.2, Max: 0.2, Diff: 0.2, Sum: 0.6]
         [Processed Buffers: Min: 0, Avg: 7.3, Max: 13, Diff: 13, Sum: 29]
      [Scan RS (ms): Min: 0.0, Avg: 0.0, Max: 0.0, Diff: 0.0, Sum: 0.0]
      [Code Root Scanning (ms): Min: 0.0, Avg: 0.0, Max: 0.0, Diff: 0.0, Sum: 0.0]
      [Object Copy (ms): Min: 0.0, Avg: 0.1, Max: 0.2, Diff: 0.2, Sum: 0.6]
      [Termination (ms): Min: 0.0, Avg: 0.0, Max: 0.1, Diff: 0.1, Sum: 0.2]
         [Termination Attempts: Min: 1, Avg: 1.0, Max: 1, Diff: 0, Sum: 4]
      [GC Worker Other (ms): Min: 0.0, Avg: 0.0, Max: 0.0, Diff: 0.0, Sum: 0.0]
      [GC Worker Total (ms): Min: 1.3, Avg: 1.3, Max: 1.4, Diff: 0.1, Sum: 5.3]
      [GC Worker End (ms): Min: 1275319.1, Avg: 1275319.1, Max: 1275319.1, Diff: 0.0]
   [Code Root Fixup: 0.0 ms]
   [Code Root Purge: 0.0 ms]
   [Clear CT: 0.2 ms]
   [Other: 1.1 ms]
      [Choose CSet: 0.0 ms]
      [Ref Proc: 0.9 ms]
      [Ref Enq: 0.0 ms]
      [Redirty Cards: 0.1 ms]
      [Humongous Register: 0.0 ms]
      [Humongous Reclaim: 0.0 ms]
      [Free CSet: 0.0 ms]
   [Eden: 66.0M(66.0M)->0.0B(66.0M) Survivors: 1024.0K->1024.0K Heap: 113.2M(128.0M)->47.2M(128.0M)]
 [Times: user=0.00 sys=0.00, real=0.00 secs] 
2020-11-10T16:46:10.006+0800: 1279.489: [GC pause (G1 Evacuation Pause) (young), 0.0025377 secs]
   [Parallel Time: 1.5 ms, GC Workers: 4]
      [GC Worker Start (ms): Min: 1279489.3, Avg: 1279489.3, Max: 1279489.3, Diff: 0.0]
      [Ext Root Scanning (ms): Min: 0.7, Avg: 0.8, Max: 1.3, Diff: 0.7, Sum: 3.3]
      [Update RS (ms): Min: 0.0, Avg: 0.2, Max: 0.2, Diff: 0.2, Sum: 0.7]
         [Processed Buffers: Min: 0, Avg: 9.5, Max: 19, Diff: 19, Sum: 38]
      [Scan RS (ms): Min: 0.0, Avg: 0.0, Max: 0.0, Diff: 0.0, Sum: 0.0]
      [Code Root Scanning (ms): Min: 0.0, Avg: 0.0, Max: 0.0, Diff: 0.0, Sum: 0.0]
      [Object Copy (ms): Min: 0.0, Avg: 0.1, Max: 0.2, Diff: 0.2, Sum: 0.5]
      [Termination (ms): Min: 0.0, Avg: 0.2, Max: 0.3, Diff: 0.3, Sum: 0.8]
         [Termination Attempts: Min: 1, Avg: 1.0, Max: 1, Diff: 0, Sum: 4]
      [GC Worker Other (ms): Min: 0.0, Avg: 0.0, Max: 0.0, Diff: 0.0, Sum: 0.0]
      [GC Worker Total (ms): Min: 1.3, Avg: 1.3, Max: 1.4, Diff: 0.1, Sum: 5.4]
      [GC Worker End (ms): Min: 1279490.6, Avg: 1279490.6, Max: 1279490.7, Diff: 0.1]
   [Code Root Fixup: 0.0 ms]
   [Code Root Purge: 0.0 ms]
   [Clear CT: 0.1 ms]
   [Other: 1.0 ms]
      [Choose CSet: 0.0 ms]
      [Ref Proc: 0.8 ms]
      [Ref Enq: 0.0 ms]
      [Redirty Cards: 0.1 ms]
      [Humongous Register: 0.0 ms]
      [Humongous Reclaim: 0.0 ms]
      [Free CSet: 0.0 ms]
   [Eden: 66.0M(66.0M)->0.0B(66.0M) Survivors: 1024.0K->1024.0K Heap: 113.2M(128.0M)->47.2M(128.0M)]
 [Times: user=0.00 sys=0.00, real=0.00 secs] 
2020-11-10T16:46:13.760+0800: 1283.243: [GC pause (G1 Evacuation Pause) (young), 0.0145133 secs]
   [Parallel Time: 13.0 ms, GC Workers: 4]
      [GC Worker Start (ms): Min: 1283242.7, Avg: 1283242.9, Max: 1283243.2, Diff: 0.5]
      [Ext Root Scanning (ms): Min: 0.4, Avg: 0.8, Max: 1.3, Diff: 0.9, Sum: 3.3]
      [Update RS (ms): Min: 11.5, Avg: 11.8, Max: 12.0, Diff: 0.5, Sum: 47.3]
         [Processed Buffers: Min: 1, Avg: 8.0, Max: 20, Diff: 19, Sum: 32]
      [Scan RS (ms): Min: 0.0, Avg: 0.0, Max: 0.0, Diff: 0.0, Sum: 0.0]
      [Code Root Scanning (ms): Min: 0.0, Avg: 0.0, Max: 0.0, Diff: 0.0, Sum: 0.0]
      [Object Copy (ms): Min: 0.1, Avg: 0.1, Max: 0.2, Diff: 0.2, Sum: 0.6]
      [Termination (ms): Min: 0.0, Avg: 0.0, Max: 0.0, Diff: 0.0, Sum: 0.0]
         [Termination Attempts: Min: 1, Avg: 1.0, Max: 1, Diff: 0, Sum: 4]
      [GC Worker Other (ms): Min: 0.0, Avg: 0.0, Max: 0.0, Diff: 0.0, Sum: 0.0]
      [GC Worker Total (ms): Min: 12.5, Avg: 12.8, Max: 13.0, Diff: 0.5, Sum: 51.3]
      [GC Worker End (ms): Min: 1283255.7, Avg: 1283255.7, Max: 1283255.7, Diff: 0.0]
   [Code Root Fixup: 0.0 ms]
   [Code Root Purge: 0.0 ms]
   [Clear CT: 0.2 ms]
   [Other: 1.2 ms]
      [Choose CSet: 0.0 ms]
      [Ref Proc: 0.8 ms]
      [Ref Enq: 0.0 ms]
      [Redirty Cards: 0.3 ms]
      [Humongous Register: 0.0 ms]
      [Humongous Reclaim: 0.0 ms]
      [Free CSet: 0.0 ms]
   [Eden: 66.0M(66.0M)->0.0B(66.0M) Survivors: 1024.0K->1024.0K Heap: 113.2M(128.0M)->47.3M(128.0M)]
 [Times: user=0.00 sys=0.00, real=0.01 secs] 
2020-11-10T16:46:17.206+0800: 1286.689: [GC pause (G1 Evacuation Pause) (young), 0.0028718 secs]
   [Parallel Time: 1.3 ms, GC Workers: 4]
      [GC Worker Start (ms): Min: 1286688.7, Avg: 1286688.7, Max: 1286688.8, Diff: 0.1]
      [Ext Root Scanning (ms): Min: 0.6, Avg: 0.8, Max: 1.3, Diff: 0.7, Sum: 3.2]
      [Update RS (ms): Min: 0.0, Avg: 0.1, Max: 0.2, Diff: 0.2, Sum: 0.5]
         [Processed Buffers: Min: 0, Avg: 7.5, Max: 18, Diff: 18, Sum: 30]
      [Scan RS (ms): Min: 0.0, Avg: 0.0, Max: 0.0, Diff: 0.0, Sum: 0.0]
      [Code Root Scanning (ms): Min: 0.0, Avg: 0.0, Max: 0.0, Diff: 0.0, Sum: 0.0]
      [Object Copy (ms): Min: 0.0, Avg: 0.1, Max: 0.2, Diff: 0.2, Sum: 0.4]
      [Termination (ms): Min: 0.0, Avg: 0.2, Max: 0.2, Diff: 0.2, Sum: 0.6]
         [Termination Attempts: Min: 1, Avg: 1.0, Max: 1, Diff: 0, Sum: 4]
      [GC Worker Other (ms): Min: 0.0, Avg: 0.0, Max: 0.0, Diff: 0.0, Sum: 0.0]
      [GC Worker Total (ms): Min: 1.1, Avg: 1.2, Max: 1.3, Diff: 0.1, Sum: 4.9]
      [GC Worker End (ms): Min: 1286689.9, Avg: 1286689.9, Max: 1286689.9, Diff: 0.0]
   [Code Root Fixup: 0.0 ms]
   [Code Root Purge: 0.0 ms]
   [Clear CT: 0.3 ms]
   [Other: 1.2 ms]
      [Choose CSet: 0.0 ms]
      [Ref Proc: 0.8 ms]
      [Ref Enq: 0.0 ms]
      [Redirty Cards: 0.3 ms]
      [Humongous Register: 0.0 ms]
      [Humongous Reclaim: 0.0 ms]
      [Free CSet: 0.0 ms]
   [Eden: 66.0M(66.0M)->0.0B(66.0M) Survivors: 1024.0K->1024.0K Heap: 113.3M(128.0M)->47.2M(128.0M)]
 [Times: user=0.00 sys=0.00, real=0.00 secs] 
2020-11-10T16:46:20.596+0800: 1290.079: [GC pause (G1 Evacuation Pause) (young), 0.0025812 secs]
   [Parallel Time: 1.4 ms, GC Workers: 4]
      [GC Worker Start (ms): Min: 1290078.9, Avg: 1290079.0, Max: 1290079.0, Diff: 0.1]
      [Ext Root Scanning (ms): Min: 0.6, Avg: 0.8, Max: 1.2, Diff: 0.6, Sum: 3.1]
      [Update RS (ms): Min: 0.0, Avg: 0.1, Max: 0.2, Diff: 0.2, Sum: 0.5]
         [Processed Buffers: Min: 0, Avg: 6.5, Max: 16, Diff: 16, Sum: 26]
      [Scan RS (ms): Min: 0.0, Avg: 0.0, Max: 0.0, Diff: 0.0, Sum: 0.0]
      [Code Root Scanning (ms): Min: 0.0, Avg: 0.0, Max: 0.0, Diff: 0.0, Sum: 0.0]
      [Object Copy (ms): Min: 0.0, Avg: 0.1, Max: 0.2, Diff: 0.2, Sum: 0.4]
      [Termination (ms): Min: 0.0, Avg: 0.1, Max: 0.2, Diff: 0.2, Sum: 0.5]
         [Termination Attempts: Min: 1, Avg: 1.0, Max: 1, Diff: 0, Sum: 4]
      [GC Worker Other (ms): Min: 0.0, Avg: 0.0, Max: 0.0, Diff: 0.0, Sum: 0.0]
      [GC Worker Total (ms): Min: 1.1, Avg: 1.2, Max: 1.2, Diff: 0.1, Sum: 4.6]
      [GC Worker End (ms): Min: 1290080.1, Avg: 1290080.1, Max: 1290080.1, Diff: 0.0]
   [Code Root Fixup: 0.0 ms]
   [Code Root Purge: 0.0 ms]
   [Clear CT: 0.3 ms]
   [Other: 0.9 ms]
      [Choose CSet: 0.0 ms]
      [Ref Proc: 0.8 ms]
      [Ref Enq: 0.0 ms]
      [Redirty Cards: 0.0 ms]
      [Humongous Register: 0.0 ms]
      [Humongous Reclaim: 0.0 ms]
      [Free CSet: 0.0 ms]
   [Eden: 66.0M(66.0M)->0.0B(66.0M) Survivors: 1024.0K->1024.0K Heap: 113.2M(128.0M)->47.3M(128.0M)]
 [Times: user=0.00 sys=0.00, real=0.00 secs] 
2020-11-10T16:46:23.881+0800: 1293.364: [GC pause (G1 Evacuation Pause) (young), 0.0342704 secs]
   [Parallel Time: 32.7 ms, GC Workers: 4]
      [GC Worker Start (ms): Min: 1293363.8, Avg: 1293363.9, Max: 1293364.0, Diff: 0.1]
      [Ext Root Scanning (ms): Min: 0.6, Avg: 0.8, Max: 1.2, Diff: 0.6, Sum: 3.1]
      [Update RS (ms): Min: 0.0, Avg: 0.1, Max: 0.2, Diff: 0.2, Sum: 0.5]
         [Processed Buffers: Min: 0, Avg: 7.3, Max: 13, Diff: 13, Sum: 29]
      [Scan RS (ms): Min: 0.0, Avg: 0.0, Max: 0.0, Diff: 0.0, Sum: 0.0]
      [Code Root Scanning (ms): Min: 0.0, Avg: 0.0, Max: 0.0, Diff: 0.0, Sum: 0.0]
      [Object Copy (ms): Min: 31.4, Avg: 31.6, Max: 31.7, Diff: 0.3, Sum: 126.5]
      [Termination (ms): Min: 0.0, Avg: 0.0, Max: 0.0, Diff: 0.0, Sum: 0.0]
         [Termination Attempts: Min: 1, Avg: 1.0, Max: 1, Diff: 0, Sum: 4]
      [GC Worker Other (ms): Min: 0.0, Avg: 0.0, Max: 0.0, Diff: 0.0, Sum: 0.1]
      [GC Worker Total (ms): Min: 32.5, Avg: 32.5, Max: 32.6, Diff: 0.1, Sum: 130.2]
      [GC Worker End (ms): Min: 1293396.4, Avg: 1293396.4, Max: 1293396.4, Diff: 0.0]
   [Code Root Fixup: 0.0 ms]
   [Code Root Purge: 0.0 ms]
   [Clear CT: 0.1 ms]
   [Other: 1.4 ms]
      [Choose CSet: 0.0 ms]
      [Ref Proc: 1.0 ms]
      [Ref Enq: 0.0 ms]
      [Redirty Cards: 0.3 ms]
      [Humongous Register: 0.0 ms]
      [Humongous Reclaim: 0.0 ms]
      [Free CSet: 0.1 ms]
   [Eden: 66.0M(66.0M)->0.0B(65.0M) Survivors: 1024.0K->1024.0K Heap: 113.3M(128.0M)->47.3M(128.0M)]
 [Times: user=0.00 sys=0.00, real=0.03 secs] 
2020-11-10T16:46:28.039+0800: 1297.522: [GC pause (G1 Evacuation Pause) (young), 0.0253829 secs]
   [Parallel Time: 24.0 ms, GC Workers: 4]
      [GC Worker Start (ms): Min: 1297522.2, Avg: 1297522.2, Max: 1297522.3, Diff: 0.1]
      [Ext Root Scanning (ms): Min: 0.0, Avg: 0.9, Max: 1.6, Diff: 1.6, Sum: 3.7]
      [Update RS (ms): Min: 0.0, Avg: 0.2, Max: 0.4, Diff: 0.4, Sum: 0.7]
         [Processed Buffers: Min: 0, Avg: 8.5, Max: 32, Diff: 32, Sum: 34]
      [Scan RS (ms): Min: 0.0, Avg: 0.0, Max: 0.0, Diff: 0.0, Sum: 0.0]
      [Code Root Scanning (ms): Min: 0.0, Avg: 0.0, Max: 0.0, Diff: 0.0, Sum: 0.0]
      [Object Copy (ms): Min: 0.0, Avg: 0.1, Max: 0.3, Diff: 0.3, Sum: 0.5]
      [Termination (ms): Min: 0.0, Avg: 16.6, Max: 22.2, Diff: 22.2, Sum: 66.6]
         [Termination Attempts: Min: 1, Avg: 1.0, Max: 1, Diff: 0, Sum: 4]
      [GC Worker Other (ms): Min: 0.0, Avg: 6.0, Max: 23.9, Diff: 23.9, Sum: 23.9]
      [GC Worker Total (ms): Min: 23.8, Avg: 23.9, Max: 23.9, Diff: 0.1, Sum: 95.5]
      [GC Worker End (ms): Min: 1297546.1, Avg: 1297546.1, Max: 1297546.1, Diff: 0.0]
   [Code Root Fixup: 0.0 ms]
   [Code Root Purge: 0.0 ms]
   [Clear CT: 0.2 ms]
   [Other: 1.2 ms]
      [Choose CSet: 0.0 ms]
      [Ref Proc: 1.0 ms]
      [Ref Enq: 0.0 ms]
      [Redirty Cards: 0.1 ms]
      [Humongous Register: 0.0 ms]
      [Humongous Reclaim: 0.0 ms]
      [Free CSet: 0.0 ms]
   [Eden: 65.0M(65.0M)->0.0B(65.0M) Survivors: 1024.0K->1024.0K Heap: 112.3M(128.0M)->47.2M(128.0M)]
 [Times: user=0.03 sys=0.00, real=0.03 secs] 
2020-11-10T16:46:31.846+0800: 1301.330: [GC pause (G1 Evacuation Pause) (young), 0.0029987 secs]
   [Parallel Time: 1.5 ms, GC Workers: 4]
      [GC Worker Start (ms): Min: 1301329.6, Avg: 1301329.7, Max: 1301329.8, Diff: 0.2]
      [Ext Root Scanning (ms): Min: 0.6, Avg: 1.0, Max: 1.3, Diff: 0.7, Sum: 4.0]
      [Update RS (ms): Min: 0.0, Avg: 0.2, Max: 0.3, Diff: 0.3, Sum: 0.7]
         [Processed Buffers: Min: 0, Avg: 8.0, Max: 19, Diff: 19, Sum: 32]
      [Scan RS (ms): Min: 0.0, Avg: 0.0, Max: 0.0, Diff: 0.0, Sum: 0.0]
      [Code Root Scanning (ms): Min: 0.0, Avg: 0.0, Max: 0.0, Diff: 0.0, Sum: 0.0]
      [Object Copy (ms): Min: 0.1, Avg: 0.1, Max: 0.2, Diff: 0.2, Sum: 0.5]
      [Termination (ms): Min: 0.0, Avg: 0.0, Max: 0.1, Diff: 0.1, Sum: 0.1]
         [Termination Attempts: Min: 1, Avg: 1.0, Max: 1, Diff: 0, Sum: 4]
      [GC Worker Other (ms): Min: 0.0, Avg: 0.0, Max: 0.0, Diff: 0.0, Sum: 0.0]
      [GC Worker Total (ms): Min: 1.2, Avg: 1.3, Max: 1.4, Diff: 0.2, Sum: 5.4]
      [GC Worker End (ms): Min: 1301331.0, Avg: 1301331.0, Max: 1301331.1, Diff: 0.0]
   [Code Root Fixup: 0.0 ms]
   [Code Root Purge: 0.0 ms]
   [Clear CT: 0.3 ms]
   [Other: 1.2 ms]
      [Choose CSet: 0.0 ms]
      [Ref Proc: 0.7 ms]
      [Ref Enq: 0.0 ms]
      [Redirty Cards: 0.3 ms]
      [Humongous Register: 0.0 ms]
      [Humongous Reclaim: 0.0 ms]
      [Free CSet: 0.0 ms]
   [Eden: 65.0M(65.0M)->0.0B(65.0M) Survivors: 1024.0K->1024.0K Heap: 112.2M(128.0M)->47.3M(128.0M)]
 [Times: user=0.00 sys=0.00, real=0.00 secs] 
2020-11-10T16:46:36.531+0800: 1306.015: [GC pause (G1 Evacuation Pause) (young), 0.0029776 secs]
   [Parallel Time: 1.3 ms, GC Workers: 4]
      [GC Worker Start (ms): Min: 1306015.1, Avg: 1306015.1, Max: 1306015.3, Diff: 0.2]
      [Ext Root Scanning (ms): Min: 0.5, Avg: 0.8, Max: 1.2, Diff: 0.7, Sum: 3.1]
      [Update RS (ms): Min: 0.0, Avg: 0.1, Max: 0.2, Diff: 0.2, Sum: 0.6]
         [Processed Buffers: Min: 0, Avg: 7.5, Max: 18, Diff: 18, Sum: 30]
      [Scan RS (ms): Min: 0.0, Avg: 0.0, Max: 0.0, Diff: 0.0, Sum: 0.0]
      [Code Root Scanning (ms): Min: 0.0, Avg: 0.0, Max: 0.0, Diff: 0.0, Sum: 0.0]
      [Object Copy (ms): Min: 0.0, Avg: 0.1, Max: 0.2, Diff: 0.2, Sum: 0.5]
      [Termination (ms): Min: 0.0, Avg: 0.1, Max: 0.2, Diff: 0.2, Sum: 0.5]
         [Termination Attempts: Min: 1, Avg: 1.0, Max: 1, Diff: 0, Sum: 4]
      [GC Worker Other (ms): Min: 0.0, Avg: 0.0, Max: 0.0, Diff: 0.0, Sum: 0.0]
      [GC Worker Total (ms): Min: 1.1, Avg: 1.2, Max: 1.3, Diff: 0.2, Sum: 4.8]
      [GC Worker End (ms): Min: 1306016.3, Avg: 1306016.3, Max: 1306016.3, Diff: 0.0]
   [Code Root Fixup: 0.0 ms]
   [Code Root Purge: 0.0 ms]
   [Clear CT: 0.3 ms]
   [Other: 1.4 ms]
      [Choose CSet: 0.0 ms]
      [Ref Proc: 0.9 ms]
      [Ref Enq: 0.0 ms]
      [Redirty Cards: 0.3 ms]
      [Humongous Register: 0.0 ms]
      [Humongous Reclaim: 0.0 ms]
      [Free CSet: 0.0 ms]
   [Eden: 65.0M(65.0M)->0.0B(65.0M) Survivors: 1024.0K->1024.0K Heap: 112.3M(128.0M)->47.3M(128.0M)]
 [Times: user=0.05 sys=0.00, real=0.00 secs] 
2020-11-10T16:46:41.342+0800: 1310.825: [GC pause (G1 Evacuation Pause) (young), 0.0027978 secs]
   [Parallel Time: 1.3 ms, GC Workers: 4]
      [GC Worker Start (ms): Min: 1310825.6, Avg: 1310825.6, Max: 1310825.7, Diff: 0.1]
      [Ext Root Scanning (ms): Min: 0.6, Avg: 0.7, Max: 1.2, Diff: 0.6, Sum: 3.0]
      [Update RS (ms): Min: 0.0, Avg: 0.2, Max: 0.3, Diff: 0.3, Sum: 0.7]
         [Processed Buffers: Min: 0, Avg: 9.3, Max: 19, Diff: 19, Sum: 37]
      [Scan RS (ms): Min: 0.0, Avg: 0.0, Max: 0.0, Diff: 0.0, Sum: 0.0]
      [Code Root Scanning (ms): Min: 0.0, Avg: 0.0, Max: 0.0, Diff: 0.0, Sum: 0.0]
      [Object Copy (ms): Min: 0.0, Avg: 0.1, Max: 0.2, Diff: 0.2, Sum: 0.4]
      [Termination (ms): Min: 0.0, Avg: 0.1, Max: 0.1, Diff: 0.1, Sum: 0.3]
         [Termination Attempts: Min: 1, Avg: 1.0, Max: 1, Diff: 0, Sum: 4]
      [GC Worker Other (ms): Min: 0.0, Avg: 0.0, Max: 0.0, Diff: 0.0, Sum: 0.0]
      [GC Worker Total (ms): Min: 1.1, Avg: 1.2, Max: 1.2, Diff: 0.1, Sum: 4.6]
      [GC Worker End (ms): Min: 1310826.8, Avg: 1310826.8, Max: 1310826.8, Diff: 0.0]
   [Code Root Fixup: 0.0 ms]
   [Code Root Purge: 0.0 ms]
   [Clear CT: 0.3 ms]
   [Other: 1.1 ms]
      [Choose CSet: 0.0 ms]
      [Ref Proc: 0.7 ms]
      [Ref Enq: 0.0 ms]
      [Redirty Cards: 0.3 ms]
      [Humongous Register: 0.0 ms]
      [Humongous Reclaim: 0.0 ms]
      [Free CSet: 0.0 ms]
   [Eden: 65.0M(65.0M)->0.0B(65.0M) Survivors: 1024.0K->1024.0K Heap: 112.3M(128.0M)->47.3M(128.0M)]
 [Times: user=0.00 sys=0.02, real=0.00 secs] 
2020-11-10T16:46:45.676+0800: 1315.160: [GC pause (G1 Evacuation Pause) (young), 0.0026440 secs]
   [Parallel Time: 1.5 ms, GC Workers: 4]
      [GC Worker Start (ms): Min: 1315159.8, Avg: 1315159.9, Max: 1315160.0, Diff: 0.1]
      [Ext Root Scanning (ms): Min: 0.6, Avg: 1.0, Max: 1.3, Diff: 0.6, Sum: 3.8]
      [Update RS (ms): Min: 0.0, Avg: 0.1, Max: 0.3, Diff: 0.3, Sum: 0.6]
         [Processed Buffers: Min: 0, Avg: 8.8, Max: 21, Diff: 21, Sum: 35]
      [Scan RS (ms): Min: 0.0, Avg: 0.0, Max: 0.0, Diff: 0.0, Sum: 0.0]
      [Code Root Scanning (ms): Min: 0.0, Avg: 0.0, Max: 0.0, Diff: 0.0, Sum: 0.0]
      [Object Copy (ms): Min: 0.0, Avg: 0.1, Max: 0.2, Diff: 0.2, Sum: 0.6]
      [Termination (ms): Min: 0.0, Avg: 0.1, Max: 0.2, Diff: 0.2, Sum: 0.5]
         [Termination Attempts: Min: 1, Avg: 1.0, Max: 1, Diff: 0, Sum: 4]
      [GC Worker Other (ms): Min: 0.0, Avg: 0.0, Max: 0.0, Diff: 0.0, Sum: 0.0]
      [GC Worker Total (ms): Min: 1.3, Avg: 1.4, Max: 1.4, Diff: 0.1, Sum: 5.5]
      [GC Worker End (ms): Min: 1315161.3, Avg: 1315161.3, Max: 1315161.3, Diff: 0.0]
   [Code Root Fixup: 0.0 ms]
   [Code Root Purge: 0.0 ms]
   [Clear CT: 0.2 ms]
   [Other: 0.9 ms]
      [Choose CSet: 0.0 ms]
      [Ref Proc: 0.7 ms]
      [Ref Enq: 0.0 ms]
      [Redirty Cards: 0.0 ms]
      [Humongous Register: 0.0 ms]
      [Humongous Reclaim: 0.0 ms]
      [Free CSet: 0.0 ms]
   [Eden: 65.0M(65.0M)->0.0B(65.0M) Survivors: 1024.0K->1024.0K Heap: 112.3M(128.0M)->47.3M(128.0M)]
 [Times: user=0.00 sys=0.00, real=0.00 secs] 
2020-11-10T16:46:50.926+0800: 1320.409: [GC pause (G1 Evacuation Pause) (young), 0.0029855 secs]
   [Parallel Time: 1.4 ms, GC Workers: 4]
      [GC Worker Start (ms): Min: 1320409.5, Avg: 1320409.6, Max: 1320409.6, Diff: 0.1]
      [Ext Root Scanning (ms): Min: 0.6, Avg: 0.8, Max: 1.3, Diff: 0.7, Sum: 3.3]
      [Update RS (ms): Min: 0.0, Avg: 0.2, Max: 0.5, Diff: 0.5, Sum: 0.9]
         [Processed Buffers: Min: 0, Avg: 8.3, Max: 29, Diff: 29, Sum: 33]
      [Scan RS (ms): Min: 0.0, Avg: 0.0, Max: 0.0, Diff: 0.0, Sum: 0.0]
      [Code Root Scanning (ms): Min: 0.0, Avg: 0.0, Max: 0.0, Diff: 0.0, Sum: 0.0]
      [Object Copy (ms): Min: 0.0, Avg: 0.1, Max: 0.2, Diff: 0.2, Sum: 0.5]
      [Termination (ms): Min: 0.0, Avg: 0.1, Max: 0.2, Diff: 0.2, Sum: 0.4]
         [Termination Attempts: Min: 1, Avg: 1.0, Max: 1, Diff: 0, Sum: 4]
      [GC Worker Other (ms): Min: 0.0, Avg: 0.0, Max: 0.0, Diff: 0.0, Sum: 0.0]
      [GC Worker Total (ms): Min: 1.3, Avg: 1.3, Max: 1.3, Diff: 0.1, Sum: 5.2]
      [GC Worker End (ms): Min: 1320410.9, Avg: 1320410.9, Max: 1320410.9, Diff: 0.0]
   [Code Root Fixup: 0.0 ms]
   [Code Root Purge: 0.0 ms]
   [Clear CT: 0.2 ms]
   [Other: 1.3 ms]
      [Choose CSet: 0.0 ms]
      [Ref Proc: 1.0 ms]
      [Ref Enq: 0.0 ms]
      [Redirty Cards: 0.3 ms]
      [Humongous Register: 0.0 ms]
      [Humongous Reclaim: 0.0 ms]
      [Free CSet: 0.0 ms]
   [Eden: 65.0M(65.0M)->0.0B(65.0M) Survivors: 1024.0K->1024.0K Heap: 112.3M(128.0M)->47.3M(128.0M)]
 [Times: user=0.00 sys=0.00, real=0.00 secs] 
2020-11-10T16:46:55.544+0800: 1325.028: [GC pause (G1 Evacuation Pause) (young), 0.0029375 secs]
   [Parallel Time: 1.4 ms, GC Workers: 4]
      [GC Worker Start (ms): Min: 1325028.2, Avg: 1325028.2, Max: 1325028.3, Diff: 0.1]
      [Ext Root Scanning (ms): Min: 0.6, Avg: 0.8, Max: 1.3, Diff: 0.7, Sum: 3.1]
      [Update RS (ms): Min: 0.0, Avg: 0.2, Max: 0.2, Diff: 0.2, Sum: 0.7]
         [Processed Buffers: Min: 0, Avg: 8.0, Max: 27, Diff: 27, Sum: 32]
      [Scan RS (ms): Min: 0.0, Avg: 0.0, Max: 0.0, Diff: 0.0, Sum: 0.0]
      [Code Root Scanning (ms): Min: 0.0, Avg: 0.0, Max: 0.0, Diff: 0.0, Sum: 0.0]
      [Object Copy (ms): Min: 0.0, Avg: 0.1, Max: 0.2, Diff: 0.2, Sum: 0.5]
      [Termination (ms): Min: 0.0, Avg: 0.1, Max: 0.2, Diff: 0.2, Sum: 0.6]
         [Termination Attempts: Min: 1, Avg: 1.0, Max: 1, Diff: 0, Sum: 4]
      [GC Worker Other (ms): Min: 0.0, Avg: 0.0, Max: 0.0, Diff: 0.0, Sum: 0.1]
      [GC Worker Total (ms): Min: 1.2, Avg: 1.2, Max: 1.3, Diff: 0.1, Sum: 4.9]
      [GC Worker End (ms): Min: 1325029.5, Avg: 1325029.5, Max: 1325029.5, Diff: 0.0]
   [Code Root Fixup: 0.0 ms]
   [Code Root Purge: 0.0 ms]
   [Clear CT: 0.4 ms]
   [Other: 1.1 ms]
      [Choose CSet: 0.0 ms]
      [Ref Proc: 0.7 ms]
      [Ref Enq: 0.0 ms]
      [Redirty Cards: 0.2 ms]
      [Humongous Register: 0.0 ms]
      [Humongous Reclaim: 0.0 ms]
      [Free CSet: 0.0 ms]
   [Eden: 65.0M(65.0M)->0.0B(65.0M) Survivors: 1024.0K->1024.0K Heap: 112.3M(128.0M)->47.3M(128.0M)]
 [Times: user=0.00 sys=0.00, real=0.00 secs] 
2020-11-10T16:47:00.125+0800: 1329.609: [GC pause (G1 Evacuation Pause) (young), 0.1199327 secs]
   [Parallel Time: 119.1 ms, GC Workers: 4]
      [GC Worker Start (ms): Min: 1329608.7, Avg: 1329608.8, Max: 1329609.1, Diff: 0.4]
      [Ext Root Scanning (ms): Min: 0.4, Avg: 0.8, Max: 1.3, Diff: 0.9, Sum: 3.1]
      [Update RS (ms): Min: 0.0, Avg: 0.1, Max: 0.2, Diff: 0.2, Sum: 0.6]
         [Processed Buffers: Min: 0, Avg: 7.5, Max: 22, Diff: 22, Sum: 30]
      [Scan RS (ms): Min: 0.0, Avg: 0.0, Max: 0.0, Diff: 0.0, Sum: 0.0]
      [Code Root Scanning (ms): Min: 0.0, Avg: 0.0, Max: 0.0, Diff: 0.0, Sum: 0.0]
      [Object Copy (ms): Min: 0.0, Avg: 29.6, Max: 118.1, Diff: 118.1, Sum: 118.4]
      [Termination (ms): Min: 0.0, Avg: 88.4, Max: 117.9, Diff: 117.9, Sum: 353.4]
         [Termination Attempts: Min: 1, Avg: 1.0, Max: 1, Diff: 0, Sum: 4]
      [GC Worker Other (ms): Min: 0.0, Avg: 0.0, Max: 0.0, Diff: 0.0, Sum: 0.1]
      [GC Worker Total (ms): Min: 118.7, Avg: 118.9, Max: 119.0, Diff: 0.4, Sum: 475.6]
      [GC Worker End (ms): Min: 1329727.7, Avg: 1329727.7, Max: 1329727.7, Diff: 0.0]
   [Code Root Fixup: 0.0 ms]
   [Code Root Purge: 0.0 ms]
   [Clear CT: 0.0 ms]
   [Other: 0.8 ms]
      [Choose CSet: 0.0 ms]
      [Ref Proc: 0.6 ms]
      [Ref Enq: 0.0 ms]
      [Redirty Cards: 0.1 ms]
      [Humongous Register: 0.0 ms]
      [Humongous Reclaim: 0.0 ms]
      [Free CSet: 0.0 ms]
   [Eden: 65.0M(65.0M)->0.0B(65.0M) Survivors: 1024.0K->1024.0K Heap: 112.3M(128.0M)->47.3M(128.0M)]
 [Times: user=0.33 sys=0.00, real=0.12 secs] 
2020-11-10T16:47:04.955+0800: 1334.439: [GC pause (G1 Evacuation Pause) (young), 0.0042630 secs]
   [Parallel Time: 2.6 ms, GC Workers: 4]
      [GC Worker Start (ms): Min: 1334438.7, Avg: 1334438.8, Max: 1334438.9, Diff: 0.2]
      [Ext Root Scanning (ms): Min: 1.3, Avg: 1.6, Max: 2.5, Diff: 1.2, Sum: 6.5]
      [Update RS (ms): Min: 0.0, Avg: 0.2, Max: 0.3, Diff: 0.3, Sum: 0.7]
         [Processed Buffers: Min: 0, Avg: 8.5, Max: 22, Diff: 22, Sum: 34]
      [Scan RS (ms): Min: 0.0, Avg: 0.0, Max: 0.0, Diff: 0.0, Sum: 0.0]
      [Code Root Scanning (ms): Min: 0.0, Avg: 0.0, Max: 0.0, Diff: 0.0, Sum: 0.0]
      [Object Copy (ms): Min: 0.0, Avg: 0.2, Max: 0.3, Diff: 0.3, Sum: 0.7]
      [Termination (ms): Min: 0.0, Avg: 0.4, Max: 0.5, Diff: 0.5, Sum: 1.6]
         [Termination Attempts: Min: 1, Avg: 1.0, Max: 1, Diff: 0, Sum: 4]
      [GC Worker Other (ms): Min: 0.0, Avg: 0.0, Max: 0.0, Diff: 0.0, Sum: 0.1]
      [GC Worker Total (ms): Min: 2.3, Avg: 2.4, Max: 2.5, Diff: 0.2, Sum: 9.7]
      [GC Worker End (ms): Min: 1334441.2, Avg: 1334441.3, Max: 1334441.3, Diff: 0.0]
   [Code Root Fixup: 0.0 ms]
   [Code Root Purge: 0.0 ms]
   [Clear CT: 0.3 ms]
   [Other: 1.4 ms]
      [Choose CSet: 0.0 ms]
      [Ref Proc: 0.8 ms]
      [Ref Enq: 0.0 ms]
      [Redirty Cards: 0.5 ms]
      [Humongous Register: 0.0 ms]
      [Humongous Reclaim: 0.0 ms]
      [Free CSet: 0.0 ms]
   [Eden: 65.0M(65.0M)->0.0B(65.0M) Survivors: 1024.0K->1024.0K Heap: 112.3M(128.0M)->47.4M(128.0M)]
 [Times: user=0.00 sys=0.00, real=0.00 secs] 
2020-11-10T16:47:09.527+0800: 1339.010: [GC pause (G1 Evacuation Pause) (young), 0.0029248 secs]
   [Parallel Time: 1.7 ms, GC Workers: 4]
      [GC Worker Start (ms): Min: 1339010.5, Avg: 1339010.6, Max: 1339010.6, Diff: 0.1]
      [Ext Root Scanning (ms): Min: 0.8, Avg: 1.1, Max: 1.6, Diff: 0.8, Sum: 4.6]
      [Update RS (ms): Min: 0.0, Avg: 0.2, Max: 0.6, Diff: 0.6, Sum: 1.0]
         [Processed Buffers: Min: 0, Avg: 8.8, Max: 33, Diff: 33, Sum: 35]
      [Scan RS (ms): Min: 0.0, Avg: 0.0, Max: 0.0, Diff: 0.0, Sum: 0.1]
      [Code Root Scanning (ms): Min: 0.0, Avg: 0.0, Max: 0.0, Diff: 0.0, Sum: 0.0]
      [Object Copy (ms): Min: 0.0, Avg: 0.1, Max: 0.3, Diff: 0.2, Sum: 0.6]
      [Termination (ms): Min: 0.0, Avg: 0.0, Max: 0.1, Diff: 0.1, Sum: 0.2]
         [Termination Attempts: Min: 1, Avg: 1.3, Max: 2, Diff: 1, Sum: 5]
      [GC Worker Other (ms): Min: 0.0, Avg: 0.0, Max: 0.0, Diff: 0.0, Sum: 0.0]
      [GC Worker Total (ms): Min: 1.6, Avg: 1.6, Max: 1.7, Diff: 0.1, Sum: 6.4]
      [GC Worker End (ms): Min: 1339012.2, Avg: 1339012.2, Max: 1339012.2, Diff: 0.0]
   [Code Root Fixup: 0.0 ms]
   [Code Root Purge: 0.0 ms]
   [Clear CT: 0.3 ms]
   [Other: 0.8 ms]
      [Choose CSet: 0.0 ms]
      [Ref Proc: 0.6 ms]
      [Ref Enq: 0.0 ms]
      [Redirty Cards: 0.0 ms]
      [Humongous Register: 0.0 ms]
      [Humongous Reclaim: 0.0 ms]
      [Free CSet: 0.0 ms]
   [Eden: 65.0M(65.0M)->0.0B(65.0M) Survivors: 1024.0K->1024.0K Heap: 112.4M(128.0M)->47.3M(128.0M)]
 [Times: user=0.00 sys=0.00, real=0.00 secs] 
2020-11-10T16:47:13.786+0800: 1343.270: [GC pause (G1 Evacuation Pause) (young), 0.0023092 secs]
   [Parallel Time: 1.4 ms, GC Workers: 4]
      [GC Worker Start (ms): Min: 1343269.7, Avg: 1343269.9, Max: 1343270.1, Diff: 0.3]
      [Ext Root Scanning (ms): Min: 0.6, Avg: 0.8, Max: 1.3, Diff: 0.7, Sum: 3.3]
      [Update RS (ms): Min: 0.0, Avg: 0.2, Max: 0.2, Diff: 0.2, Sum: 0.7]
         [Processed Buffers: Min: 0, Avg: 8.0, Max: 15, Diff: 15, Sum: 32]
      [Scan RS (ms): Min: 0.0, Avg: 0.0, Max: 0.0, Diff: 0.0, Sum: 0.0]
      [Code Root Scanning (ms): Min: 0.0, Avg: 0.0, Max: 0.0, Diff: 0.0, Sum: 0.0]
      [Object Copy (ms): Min: 0.0, Avg: 0.1, Max: 0.2, Diff: 0.2, Sum: 0.6]
      [Termination (ms): Min: 0.0, Avg: 0.0, Max: 0.0, Diff: 0.0, Sum: 0.1]
         [Termination Attempts: Min: 1, Avg: 1.0, Max: 1, Diff: 0, Sum: 4]
      [GC Worker Other (ms): Min: 0.0, Avg: 0.0, Max: 0.0, Diff: 0.0, Sum: 0.0]
      [GC Worker Total (ms): Min: 1.0, Avg: 1.2, Max: 1.3, Diff: 0.3, Sum: 4.8]
      [GC Worker End (ms): Min: 1343271.1, Avg: 1343271.1, Max: 1343271.1, Diff: 0.0]
   [Code Root Fixup: 0.0 ms]
   [Code Root Purge: 0.0 ms]
   [Clear CT: 0.1 ms]
   [Other: 0.8 ms]
      [Choose CSet: 0.0 ms]
      [Ref Proc: 0.7 ms]
      [Ref Enq: 0.0 ms]
      [Redirty Cards: 0.0 ms]
      [Humongous Register: 0.0 ms]
      [Humongous Reclaim: 0.0 ms]
      [Free CSet: 0.0 ms]
   [Eden: 65.0M(65.0M)->0.0B(65.0M) Survivors: 1024.0K->1024.0K Heap: 112.3M(128.0M)->47.4M(128.0M)]
 [Times: user=0.00 sys=0.00, real=0.00 secs] 
2020-11-10T16:47:18.375+0800: 1347.859: [GC pause (G1 Evacuation Pause) (young), 0.3905105 secs]
   [Parallel Time: 388.8 ms, GC Workers: 4]
      [GC Worker Start (ms): Min: 1347858.9, Avg: 1347858.9, Max: 1347859.0, Diff: 0.1]
      [Ext Root Scanning (ms): Min: 0.8, Avg: 1.0, Max: 1.3, Diff: 0.5, Sum: 3.9]
      [Update RS (ms): Min: 0.0, Avg: 0.2, Max: 0.3, Diff: 0.3, Sum: 0.7]
         [Processed Buffers: Min: 0, Avg: 8.3, Max: 20, Diff: 20, Sum: 33]
      [Scan RS (ms): Min: 0.0, Avg: 0.0, Max: 0.0, Diff: 0.0, Sum: 0.0]
      [Code Root Scanning (ms): Min: 0.0, Avg: 0.0, Max: 0.0, Diff: 0.0, Sum: 0.0]
      [Object Copy (ms): Min: 0.3, Avg: 290.7, Max: 387.6, Diff: 387.2, Sum: 1162.7]
      [Termination (ms): Min: 0.0, Avg: 96.8, Max: 387.2, Diff: 387.2, Sum: 387.2]
         [Termination Attempts: Min: 1, Avg: 1.3, Max: 2, Diff: 1, Sum: 5]
      [GC Worker Other (ms): Min: 0.0, Avg: 0.0, Max: 0.0, Diff: 0.0, Sum: 0.0]
      [GC Worker Total (ms): Min: 388.6, Avg: 388.6, Max: 388.7, Diff: 0.1, Sum: 1554.5]
      [GC Worker End (ms): Min: 1348247.5, Avg: 1348247.6, Max: 1348247.6, Diff: 0.0]
   [Code Root Fixup: 0.1 ms]
   [Code Root Purge: 0.0 ms]
   [Clear CT: 0.3 ms]
   [Other: 1.4 ms]
      [Choose CSet: 0.0 ms]
      [Ref Proc: 1.0 ms]
      [Ref Enq: 0.0 ms]
      [Redirty Cards: 0.3 ms]
      [Humongous Register: 0.0 ms]
      [Humongous Reclaim: 0.0 ms]
      [Free CSet: 0.0 ms]
   [Eden: 65.0M(65.0M)->0.0B(65.0M) Survivors: 1024.0K->1024.0K Heap: 112.4M(128.0M)->47.4M(128.0M)]
 [Times: user=0.31 sys=0.00, real=0.39 secs] 
2020-11-10T16:47:23.805+0800: 1353.288: [GC pause (G1 Evacuation Pause) (young), 0.0026828 secs]
   [Parallel Time: 1.3 ms, GC Workers: 4]
      [GC Worker Start (ms): Min: 1353288.4, Avg: 1353288.5, Max: 1353288.6, Diff: 0.1]
      [Ext Root Scanning (ms): Min: 0.6, Avg: 0.8, Max: 1.3, Diff: 0.7, Sum: 3.2]
      [Update RS (ms): Min: 0.0, Avg: 0.2, Max: 0.3, Diff: 0.3, Sum: 0.6]
         [Processed Buffers: Min: 0, Avg: 8.3, Max: 17, Diff: 17, Sum: 33]
      [Scan RS (ms): Min: 0.0, Avg: 0.0, Max: 0.0, Diff: 0.0, Sum: 0.0]
      [Code Root Scanning (ms): Min: 0.0, Avg: 0.0, Max: 0.0, Diff: 0.0, Sum: 0.0]
      [Object Copy (ms): Min: 0.0, Avg: 0.2, Max: 0.3, Diff: 0.3, Sum: 0.6]
      [Termination (ms): Min: 0.0, Avg: 0.1, Max: 0.1, Diff: 0.1, Sum: 0.3]
         [Termination Attempts: Min: 1, Avg: 1.0, Max: 1, Diff: 0, Sum: 4]
      [GC Worker Other (ms): Min: 0.0, Avg: 0.0, Max: 0.0, Diff: 0.0, Sum: 0.0]
      [GC Worker Total (ms): Min: 1.2, Avg: 1.2, Max: 1.3, Diff: 0.1, Sum: 4.9]
      [GC Worker End (ms): Min: 1353289.7, Avg: 1353289.7, Max: 1353289.7, Diff: 0.0]
   [Code Root Fixup: 0.0 ms]
   [Code Root Purge: 0.0 ms]
   [Clear CT: 0.2 ms]
   [Other: 1.1 ms]
      [Choose CSet: 0.0 ms]
      [Ref Proc: 0.9 ms]
      [Ref Enq: 0.0 ms]
      [Redirty Cards: 0.0 ms]
      [Humongous Register: 0.0 ms]
      [Humongous Reclaim: 0.0 ms]
      [Free CSet: 0.0 ms]
   [Eden: 65.0M(65.0M)->0.0B(65.0M) Survivors: 1024.0K->1024.0K Heap: 112.4M(128.0M)->47.3M(128.0M)]
 [Times: user=0.00 sys=0.00, real=0.00 secs] 
2020-11-10T16:47:28.705+0800: 1358.189: [GC pause (G1 Evacuation Pause) (young), 0.0026574 secs]
   [Parallel Time: 1.4 ms, GC Workers: 4]
      [GC Worker Start (ms): Min: 1358188.8, Avg: 1358189.1, Max: 1358189.9, Diff: 1.1]
      [Ext Root Scanning (ms): Min: 0.0, Avg: 0.8, Max: 1.2, Diff: 1.2, Sum: 3.0]
      [Update RS (ms): Min: 0.0, Avg: 0.2, Max: 0.2, Diff: 0.2, Sum: 0.6]
         [Processed Buffers: Min: 0, Avg: 8.5, Max: 17, Diff: 17, Sum: 34]
      [Scan RS (ms): Min: 0.0, Avg: 0.0, Max: 0.0, Diff: 0.0, Sum: 0.0]
      [Code Root Scanning (ms): Min: 0.0, Avg: 0.0, Max: 0.0, Diff: 0.0, Sum: 0.0]
      [Object Copy (ms): Min: 0.1, Avg: 0.2, Max: 0.2, Diff: 0.1, Sum: 0.7]
      [Termination (ms): Min: 0.0, Avg: 0.0, Max: 0.0, Diff: 0.0, Sum: 0.0]
         [Termination Attempts: Min: 1, Avg: 1.0, Max: 1, Diff: 0, Sum: 4]
      [GC Worker Other (ms): Min: 0.0, Avg: 0.0, Max: 0.0, Diff: 0.0, Sum: 0.0]
      [GC Worker Total (ms): Min: 0.3, Avg: 1.1, Max: 1.4, Diff: 1.1, Sum: 4.4]
      [GC Worker End (ms): Min: 1358190.2, Avg: 1358190.2, Max: 1358190.2, Diff: 0.0]
   [Code Root Fixup: 0.0 ms]
   [Code Root Purge: 0.0 ms]
   [Clear CT: 0.3 ms]
   [Other: 0.9 ms]
      [Choose CSet: 0.0 ms]
      [Ref Proc: 0.7 ms]
      [Ref Enq: 0.0 ms]
      [Redirty Cards: 0.0 ms]
      [Humongous Register: 0.0 ms]
      [Humongous Reclaim: 0.0 ms]
      [Free CSet: 0.0 ms]
   [Eden: 65.0M(65.0M)->0.0B(65.0M) Survivors: 1024.0K->1024.0K Heap: 112.3M(128.0M)->47.4M(128.0M)]
 [Times: user=0.00 sys=0.00, real=0.00 secs] 
2020-11-10T16:47:33.242+0800: 1362.726: [GC pause (G1 Evacuation Pause) (young), 0.0027589 secs]
   [Parallel Time: 1.5 ms, GC Workers: 4]
      [GC Worker Start (ms): Min: 1362725.8, Avg: 1362725.8, Max: 1362725.9, Diff: 0.1]
      [Ext Root Scanning (ms): Min: 0.7, Avg: 0.9, Max: 1.2, Diff: 0.5, Sum: 3.5]
      [Update RS (ms): Min: 0.0, Avg: 0.1, Max: 0.2, Diff: 0.2, Sum: 0.6]
         [Processed Buffers: Min: 0, Avg: 8.8, Max: 29, Diff: 29, Sum: 35]
      [Scan RS (ms): Min: 0.0, Avg: 0.0, Max: 0.0, Diff: 0.0, Sum: 0.0]
      [Code Root Scanning (ms): Min: 0.0, Avg: 0.0, Max: 0.0, Diff: 0.0, Sum: 0.0]
      [Object Copy (ms): Min: 0.0, Avg: 0.1, Max: 0.2, Diff: 0.2, Sum: 0.5]
      [Termination (ms): Min: 0.0, Avg: 0.0, Max: 0.0, Diff: 0.0, Sum: 0.0]
         [Termination Attempts: Min: 1, Avg: 1.0, Max: 1, Diff: 0, Sum: 4]
      [GC Worker Other (ms): Min: 0.0, Avg: 0.0, Max: 0.0, Diff: 0.0, Sum: 0.0]
      [GC Worker Total (ms): Min: 1.1, Avg: 1.2, Max: 1.2, Diff: 0.1, Sum: 4.7]
      [GC Worker End (ms): Min: 1362727.0, Avg: 1362727.0, Max: 1362727.0, Diff: 0.0]
   [Code Root Fixup: 0.0 ms]
   [Code Root Purge: 0.0 ms]
   [Clear CT: 0.3 ms]
   [Other: 1.0 ms]
      [Choose CSet: 0.0 ms]
      [Ref Proc: 0.7 ms]
      [Ref Enq: 0.0 ms]
      [Redirty Cards: 0.1 ms]
      [Humongous Register: 0.0 ms]
      [Humongous Reclaim: 0.0 ms]
      [Free CSet: 0.0 ms]
   [Eden: 65.0M(65.0M)->0.0B(65.0M) Survivors: 1024.0K->1024.0K Heap: 112.4M(128.0M)->47.5M(128.0M)]
 [Times: user=0.00 sys=0.00, real=0.00 secs] 
2020-11-10T16:47:38.054+0800: 1367.538: [GC pause (G1 Evacuation Pause) (young), 0.0027600 secs]
   [Parallel Time: 1.4 ms, GC Workers: 4]
      [GC Worker Start (ms): Min: 1367537.7, Avg: 1367537.7, Max: 1367537.8, Diff: 0.1]
      [Ext Root Scanning (ms): Min: 0.6, Avg: 0.8, Max: 1.2, Diff: 0.7, Sum: 3.1]
      [Update RS (ms): Min: 0.0, Avg: 0.2, Max: 0.2, Diff: 0.2, Sum: 0.6]
         [Processed Buffers: Min: 0, Avg: 8.8, Max: 23, Diff: 23, Sum: 35]
      [Scan RS (ms): Min: 0.0, Avg: 0.0, Max: 0.0, Diff: 0.0, Sum: 0.0]
      [Code Root Scanning (ms): Min: 0.0, Avg: 0.0, Max: 0.0, Diff: 0.0, Sum: 0.0]
      [Object Copy (ms): Min: 0.0, Avg: 0.2, Max: 0.3, Diff: 0.3, Sum: 0.8]
      [Termination (ms): Min: 0.0, Avg: 0.0, Max: 0.1, Diff: 0.1, Sum: 0.2]
         [Termination Attempts: Min: 1, Avg: 1.0, Max: 1, Diff: 0, Sum: 4]
      [GC Worker Other (ms): Min: 0.0, Avg: 0.0, Max: 0.0, Diff: 0.0, Sum: 0.0]
      [GC Worker Total (ms): Min: 1.1, Avg: 1.2, Max: 1.2, Diff: 0.1, Sum: 4.7]
      [GC Worker End (ms): Min: 1367538.9, Avg: 1367538.9, Max: 1367538.9, Diff: 0.0]
   [Code Root Fixup: 0.0 ms]
   [Code Root Purge: 0.0 ms]
   [Clear CT: 0.3 ms]
   [Other: 1.0 ms]
      [Choose CSet: 0.0 ms]
      [Ref Proc: 0.7 ms]
      [Ref Enq: 0.0 ms]
      [Redirty Cards: 0.2 ms]
      [Humongous Register: 0.0 ms]
      [Humongous Reclaim: 0.0 ms]
      [Free CSet: 0.0 ms]
   [Eden: 65.0M(65.0M)->0.0B(65.0M) Survivors: 1024.0K->1024.0K Heap: 112.5M(128.0M)->47.4M(128.0M)]
 [Times: user=0.00 sys=0.00, real=0.00 secs] 
2020-11-10T16:47:42.351+0800: 1371.835: [GC pause (G1 Evacuation Pause) (young), 0.0032632 secs]
   [Parallel Time: 1.5 ms, GC Workers: 4]
      [GC Worker Start (ms): Min: 1371834.9, Avg: 1371834.9, Max: 1371835.0, Diff: 0.2]
      [Ext Root Scanning (ms): Min: 0.6, Avg: 0.9, Max: 1.4, Diff: 0.8, Sum: 3.4]
      [Update RS (ms): Min: 0.0, Avg: 0.2, Max: 0.2, Diff: 0.2, Sum: 0.7]
         [Processed Buffers: Min: 0, Avg: 8.8, Max: 22, Diff: 22, Sum: 35]
      [Scan RS (ms): Min: 0.0, Avg: 0.0, Max: 0.0, Diff: 0.0, Sum: 0.0]
      [Code Root Scanning (ms): Min: 0.0, Avg: 0.0, Max: 0.0, Diff: 0.0, Sum: 0.0]
      [Object Copy (ms): Min: 0.0, Avg: 0.1, Max: 0.2, Diff: 0.2, Sum: 0.5]
      [Termination (ms): Min: 0.0, Avg: 0.2, Max: 0.2, Diff: 0.2, Sum: 0.6]
         [Termination Attempts: Min: 1, Avg: 1.0, Max: 1, Diff: 0, Sum: 4]
      [GC Worker Other (ms): Min: 0.0, Avg: 0.0, Max: 0.0, Diff: 0.0, Sum: 0.1]
      [GC Worker Total (ms): Min: 1.3, Avg: 1.3, Max: 1.4, Diff: 0.2, Sum: 5.4]
      [GC Worker End (ms): Min: 1371836.3, Avg: 1371836.3, Max: 1371836.3, Diff: 0.0]
   [Code Root Fixup: 0.0 ms]
   [Code Root Purge: 0.0 ms]
   [Clear CT: 0.2 ms]
   [Other: 1.6 ms]
      [Choose CSet: 0.0 ms]
      [Ref Proc: 1.1 ms]
      [Ref Enq: 0.0 ms]
      [Redirty Cards: 0.4 ms]
      [Humongous Register: 0.0 ms]
      [Humongous Reclaim: 0.0 ms]
      [Free CSet: 0.0 ms]
   [Eden: 65.0M(65.0M)->0.0B(65.0M) Survivors: 1024.0K->1024.0K Heap: 112.4M(128.0M)->47.4M(128.0M)]
 [Times: user=0.00 sys=0.00, real=0.00 secs] 
2020-11-10T16:47:46.963+0800: 1376.447: [GC pause (G1 Evacuation Pause) (young), 0.0027040 secs]
   [Parallel Time: 1.3 ms, GC Workers: 4]
      [GC Worker Start (ms): Min: 1376446.7, Avg: 1376446.8, Max: 1376446.8, Diff: 0.1]
      [Ext Root Scanning (ms): Min: 0.6, Avg: 0.8, Max: 1.2, Diff: 0.6, Sum: 3.1]
      [Update RS (ms): Min: 0.0, Avg: 0.2, Max: 0.2, Diff: 0.2, Sum: 0.7]
         [Processed Buffers: Min: 0, Avg: 7.8, Max: 17, Diff: 17, Sum: 31]
      [Scan RS (ms): Min: 0.0, Avg: 0.0, Max: 0.0, Diff: 0.0, Sum: 0.0]
      [Code Root Scanning (ms): Min: 0.0, Avg: 0.0, Max: 0.0, Diff: 0.0, Sum: 0.0]
      [Object Copy (ms): Min: 0.0, Avg: 0.1, Max: 0.2, Diff: 0.2, Sum: 0.4]
      [Termination (ms): Min: 0.0, Avg: 0.1, Max: 0.1, Diff: 0.1, Sum: 0.4]
         [Termination Attempts: Min: 1, Avg: 1.0, Max: 1, Diff: 0, Sum: 4]
      [GC Worker Other (ms): Min: 0.0, Avg: 0.0, Max: 0.0, Diff: 0.0, Sum: 0.0]
      [GC Worker Total (ms): Min: 1.1, Avg: 1.2, Max: 1.2, Diff: 0.1, Sum: 4.7]
      [GC Worker End (ms): Min: 1376447.9, Avg: 1376447.9, Max: 1376447.9, Diff: 0.0]
   [Code Root Fixup: 0.0 ms]
   [Code Root Purge: 0.0 ms]
   [Clear CT: 0.3 ms]
   [Other: 1.1 ms]
      [Choose CSet: 0.0 ms]
      [Ref Proc: 0.8 ms]
      [Ref Enq: 0.0 ms]
      [Redirty Cards: 0.2 ms]
      [Humongous Register: 0.0 ms]
      [Humongous Reclaim: 0.0 ms]
      [Free CSet: 0.0 ms]
   [Eden: 65.0M(65.0M)->0.0B(65.0M) Survivors: 1024.0K->1024.0K Heap: 112.4M(128.0M)->47.4M(128.0M)]
 [Times: user=0.00 sys=0.00, real=0.00 secs] 
2020-11-10T16:47:51.703+0800: 1381.187: [GC pause (G1 Evacuation Pause) (young), 0.0027672 secs]
   [Parallel Time: 1.3 ms, GC Workers: 4]
      [GC Worker Start (ms): Min: 1381186.9, Avg: 1381186.9, Max: 1381187.0, Diff: 0.1]
      [Ext Root Scanning (ms): Min: 0.6, Avg: 0.8, Max: 1.2, Diff: 0.7, Sum: 3.1]
      [Update RS (ms): Min: 0.0, Avg: 0.2, Max: 0.2, Diff: 0.2, Sum: 0.6]
         [Processed Buffers: Min: 0, Avg: 8.3, Max: 16, Diff: 16, Sum: 33]
      [Scan RS (ms): Min: 0.0, Avg: 0.0, Max: 0.0, Diff: 0.0, Sum: 0.0]
      [Code Root Scanning (ms): Min: 0.0, Avg: 0.0, Max: 0.0, Diff: 0.0, Sum: 0.0]
      [Object Copy (ms): Min: 0.0, Avg: 0.2, Max: 0.3, Diff: 0.3, Sum: 0.7]
      [Termination (ms): Min: 0.0, Avg: 0.1, Max: 0.1, Diff: 0.1, Sum: 0.3]
         [Termination Attempts: Min: 1, Avg: 1.0, Max: 1, Diff: 0, Sum: 4]
      [GC Worker Other (ms): Min: 0.0, Avg: 0.0, Max: 0.0, Diff: 0.0, Sum: 0.0]
      [GC Worker Total (ms): Min: 1.2, Avg: 1.2, Max: 1.3, Diff: 0.1, Sum: 4.8]
      [GC Worker End (ms): Min: 1381188.1, Avg: 1381188.1, Max: 1381188.1, Diff: 0.0]
   [Code Root Fixup: 0.0 ms]
   [Code Root Purge: 0.0 ms]
   [Clear CT: 0.3 ms]
   [Other: 1.1 ms]
      [Choose CSet: 0.0 ms]
      [Ref Proc: 0.7 ms]
      [Ref Enq: 0.0 ms]
      [Redirty Cards: 0.3 ms]
      [Humongous Register: 0.0 ms]
      [Humongous Reclaim: 0.0 ms]
      [Free CSet: 0.0 ms]
   [Eden: 65.0M(65.0M)->0.0B(65.0M) Survivors: 1024.0K->1024.0K Heap: 112.4M(128.0M)->47.4M(128.0M)]
 [Times: user=0.06 sys=0.00, real=0.00 secs] 
2020-11-10T16:47:56.538+0800: 1386.022: [GC pause (G1 Evacuation Pause) (young), 0.0030534 secs]
   [Parallel Time: 1.4 ms, GC Workers: 4]
      [GC Worker Start (ms): Min: 1386022.1, Avg: 1386022.1, Max: 1386022.2, Diff: 0.1]
      [Ext Root Scanning (ms): Min: 0.6, Avg: 0.8, Max: 1.3, Diff: 0.6, Sum: 3.3]
      [Update RS (ms): Min: 0.0, Avg: 0.1, Max: 0.2, Diff: 0.2, Sum: 0.6]
         [Processed Buffers: Min: 0, Avg: 8.0, Max: 14, Diff: 14, Sum: 32]
      [Scan RS (ms): Min: 0.0, Avg: 0.0, Max: 0.0, Diff: 0.0, Sum: 0.0]
      [Code Root Scanning (ms): Min: 0.0, Avg: 0.0, Max: 0.0, Diff: 0.0, Sum: 0.0]
      [Object Copy (ms): Min: 0.0, Avg: 0.1, Max: 0.2, Diff: 0.2, Sum: 0.5]
      [Termination (ms): Min: 0.0, Avg: 0.2, Max: 0.2, Diff: 0.2, Sum: 0.6]
         [Termination Attempts: Min: 1, Avg: 1.0, Max: 1, Diff: 0, Sum: 4]
      [GC Worker Other (ms): Min: 0.0, Avg: 0.0, Max: 0.0, Diff: 0.0, Sum: 0.0]
      [GC Worker Total (ms): Min: 1.2, Avg: 1.3, Max: 1.3, Diff: 0.1, Sum: 5.1]
      [GC Worker End (ms): Min: 1386023.4, Avg: 1386023.4, Max: 1386023.4, Diff: 0.0]
   [Code Root Fixup: 0.1 ms]
   [Code Root Purge: 0.0 ms]
   [Clear CT: 0.3 ms]
   [Other: 1.3 ms]
      [Choose CSet: 0.0 ms]
      [Ref Proc: 0.9 ms]
      [Ref Enq: 0.0 ms]
      [Redirty Cards: 0.3 ms]
      [Humongous Register: 0.0 ms]
      [Humongous Reclaim: 0.0 ms]
      [Free CSet: 0.0 ms]
   [Eden: 65.0M(65.0M)->0.0B(65.0M) Survivors: 1024.0K->1024.0K Heap: 112.4M(128.0M)->47.4M(128.0M)]
 [Times: user=0.00 sys=0.00, real=0.00 secs] 
2020-11-10T16:48:00.990+0800: 1390.474: [GC pause (G1 Evacuation Pause) (young), 0.0038135 secs]
   [Parallel Time: 2.1 ms, GC Workers: 4]
      [GC Worker Start (ms): Min: 1390474.2, Avg: 1390474.3, Max: 1390474.3, Diff: 0.1]
      [Ext Root Scanning (ms): Min: 1.1, Avg: 1.4, Max: 1.9, Diff: 0.8, Sum: 5.6]
      [Update RS (ms): Min: 0.0, Avg: 0.1, Max: 0.2, Diff: 0.2, Sum: 0.5]
         [Processed Buffers: Min: 0, Avg: 7.8, Max: 14, Diff: 14, Sum: 31]
      [Scan RS (ms): Min: 0.0, Avg: 0.0, Max: 0.0, Diff: 0.0, Sum: 0.0]
      [Code Root Scanning (ms): Min: 0.0, Avg: 0.0, Max: 0.0, Diff: 0.0, Sum: 0.0]
      [Object Copy (ms): Min: 0.0, Avg: 0.2, Max: 0.3, Diff: 0.3, Sum: 0.7]
      [Termination (ms): Min: 0.0, Avg: 0.2, Max: 0.2, Diff: 0.2, Sum: 0.7]
         [Termination Attempts: Min: 1, Avg: 1.0, Max: 1, Diff: 0, Sum: 4]
      [GC Worker Other (ms): Min: 0.0, Avg: 0.0, Max: 0.0, Diff: 0.0, Sum: 0.1]
      [GC Worker Total (ms): Min: 1.9, Avg: 1.9, Max: 2.0, Diff: 0.1, Sum: 7.7]
      [GC Worker End (ms): Min: 1390476.2, Avg: 1390476.2, Max: 1390476.2, Diff: 0.0]
   [Code Root Fixup: 0.0 ms]
   [Code Root Purge: 0.0 ms]
   [Clear CT: 0.4 ms]
   [Other: 1.3 ms]
      [Choose CSet: 0.0 ms]
      [Ref Proc: 0.8 ms]
      [Ref Enq: 0.0 ms]
      [Redirty Cards: 0.4 ms]
      [Humongous Register: 0.0 ms]
      [Humongous Reclaim: 0.0 ms]
      [Free CSet: 0.0 ms]
   [Eden: 65.0M(65.0M)->0.0B(65.0M) Survivors: 1024.0K->1024.0K Heap: 112.4M(128.0M)->47.4M(128.0M)]
 [Times: user=0.00 sys=0.00, real=0.00 secs] 
2020-11-10T16:48:04.849+0800: 1394.333: [GC pause (G1 Evacuation Pause) (young), 0.0028634 secs]
   [Parallel Time: 1.6 ms, GC Workers: 4]
      [GC Worker Start (ms): Min: 1394332.9, Avg: 1394332.9, Max: 1394332.9, Diff: 0.1]
      [Ext Root Scanning (ms): Min: 0.7, Avg: 0.9, Max: 1.4, Diff: 0.8, Sum: 3.4]
      [Update RS (ms): Min: 0.0, Avg: 0.2, Max: 0.2, Diff: 0.2, Sum: 0.7]
         [Processed Buffers: Min: 0, Avg: 8.5, Max: 15, Diff: 15, Sum: 34]
      [Scan RS (ms): Min: 0.0, Avg: 0.0, Max: 0.0, Diff: 0.0, Sum: 0.0]
      [Code Root Scanning (ms): Min: 0.0, Avg: 0.0, Max: 0.0, Diff: 0.0, Sum: 0.0]
      [Object Copy (ms): Min: 0.0, Avg: 0.1, Max: 0.2, Diff: 0.2, Sum: 0.5]
      [Termination (ms): Min: 0.0, Avg: 0.2, Max: 0.3, Diff: 0.3, Sum: 0.9]
         [Termination Attempts: Min: 1, Avg: 1.0, Max: 1, Diff: 0, Sum: 4]
      [GC Worker Other (ms): Min: 0.0, Avg: 0.0, Max: 0.0, Diff: 0.0, Sum: 0.1]
      [GC Worker Total (ms): Min: 1.4, Avg: 1.4, Max: 1.4, Diff: 0.0, Sum: 5.7]
      [GC Worker End (ms): Min: 1394334.3, Avg: 1394334.3, Max: 1394334.4, Diff: 0.0]
   [Code Root Fixup: 0.0 ms]
   [Code Root Purge: 0.0 ms]
   [Clear CT: 0.1 ms]
   [Other: 1.2 ms]
      [Choose CSet: 0.0 ms]
      [Ref Proc: 0.8 ms]
      [Ref Enq: 0.0 ms]
      [Redirty Cards: 0.3 ms]
      [Humongous Register: 0.0 ms]
      [Humongous Reclaim: 0.0 ms]
      [Free CSet: 0.0 ms]
   [Eden: 65.0M(65.0M)->0.0B(65.0M) Survivors: 1024.0K->1024.0K Heap: 112.4M(128.0M)->47.4M(128.0M)]
 [Times: user=0.00 sys=0.00, real=0.00 secs] 
2020-11-10T16:48:09.435+0800: 1398.919: [GC pause (G1 Evacuation Pause) (young), 0.0024411 secs]
   [Parallel Time: 1.3 ms, GC Workers: 4]
      [GC Worker Start (ms): Min: 1398919.4, Avg: 1398919.4, Max: 1398919.4, Diff: 0.0]
      [Ext Root Scanning (ms): Min: 0.6, Avg: 0.8, Max: 1.3, Diff: 0.6, Sum: 3.3]
      [Update RS (ms): Min: 0.0, Avg: 0.2, Max: 0.3, Diff: 0.2, Sum: 0.7]
         [Processed Buffers: Min: 0, Avg: 9.3, Max: 17, Diff: 17, Sum: 37]
      [Scan RS (ms): Min: 0.0, Avg: 0.0, Max: 0.0, Diff: 0.0, Sum: 0.0]
      [Code Root Scanning (ms): Min: 0.0, Avg: 0.0, Max: 0.0, Diff: 0.0, Sum: 0.0]
      [Object Copy (ms): Min: 0.0, Avg: 0.1, Max: 0.2, Diff: 0.2, Sum: 0.5]
      [Termination (ms): Min: 0.0, Avg: 0.1, Max: 0.1, Diff: 0.1, Sum: 0.4]
         [Termination Attempts: Min: 1, Avg: 1.0, Max: 1, Diff: 0, Sum: 4]
      [GC Worker Other (ms): Min: 0.0, Avg: 0.0, Max: 0.1, Diff: 0.1, Sum: 0.2]
      [GC Worker Total (ms): Min: 1.3, Avg: 1.3, Max: 1.3, Diff: 0.0, Sum: 5.1]
      [GC Worker End (ms): Min: 1398920.7, Avg: 1398920.7, Max: 1398920.7, Diff: 0.0]
   [Code Root Fixup: 0.0 ms]
   [Code Root Purge: 0.0 ms]
   [Clear CT: 0.1 ms]
   [Other: 1.0 ms]
      [Choose CSet: 0.0 ms]
      [Ref Proc: 0.7 ms]
      [Ref Enq: 0.0 ms]
      [Redirty Cards: 0.0 ms]
      [Humongous Register: 0.0 ms]
      [Humongous Reclaim: 0.0 ms]
      [Free CSet: 0.0 ms]
   [Eden: 65.0M(65.0M)->0.0B(65.0M) Survivors: 1024.0K->1024.0K Heap: 112.4M(128.0M)->47.5M(128.0M)]
 [Times: user=0.01 sys=0.00, real=0.00 secs] 
2020-11-10T16:48:13.787+0800: 1403.271: [GC pause (G1 Evacuation Pause) (young), 0.0029701 secs]
   [Parallel Time: 1.5 ms, GC Workers: 4]
      [GC Worker Start (ms): Min: 1403271.3, Avg: 1403271.6, Max: 1403272.4, Diff: 1.2]
      [Ext Root Scanning (ms): Min: 0.0, Avg: 0.9, Max: 1.5, Diff: 1.5, Sum: 3.4]
      [Update RS (ms): Min: 0.0, Avg: 0.2, Max: 0.3, Diff: 0.3, Sum: 0.7]
         [Processed Buffers: Min: 0, Avg: 8.5, Max: 15, Diff: 15, Sum: 34]
      [Scan RS (ms): Min: 0.0, Avg: 0.0, Max: 0.0, Diff: 0.0, Sum: 0.0]
      [Code Root Scanning (ms): Min: 0.0, Avg: 0.0, Max: 0.0, Diff: 0.0, Sum: 0.0]
      [Object Copy (ms): Min: 0.0, Avg: 0.2, Max: 0.3, Diff: 0.3, Sum: 0.6]
      [Termination (ms): Min: 0.0, Avg: 0.0, Max: 0.0, Diff: 0.0, Sum: 0.0]
         [Termination Attempts: Min: 1, Avg: 1.0, Max: 1, Diff: 0, Sum: 4]
      [GC Worker Other (ms): Min: 0.0, Avg: 0.0, Max: 0.0, Diff: 0.0, Sum: 0.0]
      [GC Worker Total (ms): Min: 0.3, Avg: 1.2, Max: 1.5, Diff: 1.2, Sum: 4.8]
      [GC Worker End (ms): Min: 1403272.8, Avg: 1403272.8, Max: 1403272.8, Diff: 0.0]
   [Code Root Fixup: 0.0 ms]
   [Code Root Purge: 0.0 ms]
   [Clear CT: 0.3 ms]
   [Other: 1.1 ms]
      [Choose CSet: 0.0 ms]
      [Ref Proc: 0.7 ms]
      [Ref Enq: 0.0 ms]
      [Redirty Cards: 0.3 ms]
      [Humongous Register: 0.0 ms]
      [Humongous Reclaim: 0.0 ms]
      [Free CSet: 0.0 ms]
   [Eden: 65.0M(65.0M)->0.0B(65.0M) Survivors: 1024.0K->1024.0K Heap: 112.5M(128.0M)->47.4M(128.0M)]
 [Times: user=0.00 sys=0.00, real=0.00 secs] 
2020-11-10T16:48:18.169+0800: 1407.652: [GC pause (G1 Evacuation Pause) (young), 0.0028480 secs]
   [Parallel Time: 1.3 ms, GC Workers: 4]
      [GC Worker Start (ms): Min: 1407652.5, Avg: 1407652.6, Max: 1407652.6, Diff: 0.1]
      [Ext Root Scanning (ms): Min: 0.6, Avg: 0.8, Max: 1.2, Diff: 0.6, Sum: 3.2]
      [Update RS (ms): Min: 0.0, Avg: 0.1, Max: 0.2, Diff: 0.2, Sum: 0.5]
         [Processed Buffers: Min: 0, Avg: 7.5, Max: 15, Diff: 15, Sum: 30]
      [Scan RS (ms): Min: 0.0, Avg: 0.0, Max: 0.0, Diff: 0.0, Sum: 0.0]
      [Code Root Scanning (ms): Min: 0.0, Avg: 0.0, Max: 0.0, Diff: 0.0, Sum: 0.0]
      [Object Copy (ms): Min: 0.0, Avg: 0.1, Max: 0.2, Diff: 0.2, Sum: 0.5]
      [Termination (ms): Min: 0.0, Avg: 0.1, Max: 0.2, Diff: 0.2, Sum: 0.5]
         [Termination Attempts: Min: 1, Avg: 1.0, Max: 1, Diff: 0, Sum: 4]
      [GC Worker Other (ms): Min: 0.0, Avg: 0.0, Max: 0.0, Diff: 0.0, Sum: 0.0]
      [GC Worker Total (ms): Min: 1.2, Avg: 1.2, Max: 1.2, Diff: 0.1, Sum: 4.8]
      [GC Worker End (ms): Min: 1407653.7, Avg: 1407653.7, Max: 1407653.7, Diff: 0.0]
   [Code Root Fixup: 0.1 ms]
   [Code Root Purge: 0.0 ms]
   [Clear CT: 0.3 ms]
   [Other: 1.2 ms]
      [Choose CSet: 0.0 ms]
      [Ref Proc: 0.6 ms]
      [Ref Enq: 0.0 ms]
      [Redirty Cards: 0.4 ms]
      [Humongous Register: 0.0 ms]
      [Humongous Reclaim: 0.0 ms]
      [Free CSet: 0.0 ms]
   [Eden: 65.0M(65.0M)->0.0B(65.0M) Survivors: 1024.0K->1024.0K Heap: 112.4M(128.0M)->47.5M(128.0M)]
 [Times: user=0.00 sys=0.00, real=0.00 secs] 
2020-11-10T16:48:22.427+0800: 1411.911: [GC pause (G1 Evacuation Pause) (young), 0.0028895 secs]
   [Parallel Time: 1.9 ms, GC Workers: 4]
      [GC Worker Start (ms): Min: 1411910.8, Avg: 1411911.2, Max: 1411912.4, Diff: 1.6]
      [Ext Root Scanning (ms): Min: 0.0, Avg: 1.0, Max: 1.5, Diff: 1.5, Sum: 3.9]
      [Update RS (ms): Min: 0.0, Avg: 0.1, Max: 0.2, Diff: 0.2, Sum: 0.5]
         [Processed Buffers: Min: 0, Avg: 7.8, Max: 18, Diff: 18, Sum: 31]
      [Scan RS (ms): Min: 0.0, Avg: 0.0, Max: 0.0, Diff: 0.0, Sum: 0.0]
      [Code Root Scanning (ms): Min: 0.0, Avg: 0.0, Max: 0.0, Diff: 0.0, Sum: 0.0]
      [Object Copy (ms): Min: 0.1, Avg: 0.2, Max: 0.4, Diff: 0.2, Sum: 0.9]
      [Termination (ms): Min: 0.0, Avg: 0.1, Max: 0.1, Diff: 0.1, Sum: 0.3]
         [Termination Attempts: Min: 1, Avg: 1.0, Max: 1, Diff: 0, Sum: 4]
      [GC Worker Other (ms): Min: 0.0, Avg: 0.0, Max: 0.0, Diff: 0.0, Sum: 0.1]
      [GC Worker Total (ms): Min: 0.2, Avg: 1.4, Max: 1.9, Diff: 1.6, Sum: 5.7]
      [GC Worker End (ms): Min: 1411912.6, Avg: 1411912.7, Max: 1411912.7, Diff: 0.1]
   [Code Root Fixup: 0.0 ms]
   [Code Root Purge: 0.0 ms]
   [Clear CT: 0.1 ms]
   [Other: 0.9 ms]
      [Choose CSet: 0.0 ms]
      [Ref Proc: 0.7 ms]
      [Ref Enq: 0.0 ms]
      [Redirty Cards: 0.0 ms]
      [Humongous Register: 0.0 ms]
      [Humongous Reclaim: 0.0 ms]
      [Free CSet: 0.0 ms]
   [Eden: 65.0M(65.0M)->0.0B(65.0M) Survivors: 1024.0K->1024.0K Heap: 112.5M(128.0M)->47.5M(128.0M)]
 [Times: user=0.00 sys=0.00, real=0.00 secs] 
2020-11-10T16:48:27.045+0800: 1416.529: [GC pause (G1 Evacuation Pause) (young), 0.0024935 secs]
   [Parallel Time: 1.5 ms, GC Workers: 4]
      [GC Worker Start (ms): Min: 1416529.0, Avg: 1416529.0, Max: 1416529.0, Diff: 0.1]
      [Ext Root Scanning (ms): Min: 0.6, Avg: 0.8, Max: 1.4, Diff: 0.7, Sum: 3.3]
      [Update RS (ms): Min: 0.0, Avg: 0.2, Max: 0.2, Diff: 0.2, Sum: 0.6]
         [Processed Buffers: Min: 0, Avg: 8.8, Max: 17, Diff: 17, Sum: 35]
      [Scan RS (ms): Min: 0.0, Avg: 0.0, Max: 0.0, Diff: 0.0, Sum: 0.0]
      [Code Root Scanning (ms): Min: 0.0, Avg: 0.0, Max: 0.0, Diff: 0.0, Sum: 0.0]
      [Object Copy (ms): Min: 0.0, Avg: 0.1, Max: 0.2, Diff: 0.2, Sum: 0.6]
      [Termination (ms): Min: 0.0, Avg: 0.2, Max: 0.3, Diff: 0.3, Sum: 0.8]
         [Termination Attempts: Min: 1, Avg: 1.0, Max: 1, Diff: 0, Sum: 4]
      [GC Worker Other (ms): Min: 0.0, Avg: 0.0, Max: 0.0, Diff: 0.0, Sum: 0.0]
      [GC Worker Total (ms): Min: 1.3, Avg: 1.3, Max: 1.4, Diff: 0.1, Sum: 5.4]
      [GC Worker End (ms): Min: 1416530.4, Avg: 1416530.4, Max: 1416530.4, Diff: 0.0]
   [Code Root Fixup: 0.0 ms]
   [Code Root Purge: 0.0 ms]
   [Clear CT: 0.1 ms]
   [Other: 1.0 ms]
      [Choose CSet: 0.0 ms]
      [Ref Proc: 0.7 ms]
      [Ref Enq: 0.0 ms]
      [Redirty Cards: 0.1 ms]
      [Humongous Register: 0.0 ms]
      [Humongous Reclaim: 0.0 ms]
      [Free CSet: 0.0 ms]
   [Eden: 65.0M(65.0M)->0.0B(65.0M) Survivors: 1024.0K->1024.0K Heap: 112.5M(128.0M)->47.5M(128.0M)]
 [Times: user=0.02 sys=0.00, real=0.00 secs] 
2020-11-10T16:48:31.864+0800: 1421.347: [GC pause (G1 Evacuation Pause) (young), 0.0029233 secs]
   [Parallel Time: 1.6 ms, GC Workers: 4]
      [GC Worker Start (ms): Min: 1421347.3, Avg: 1421347.6, Max: 1421348.6, Diff: 1.4]
      [Ext Root Scanning (ms): Min: 0.0, Avg: 0.8, Max: 1.3, Diff: 1.3, Sum: 3.1]
      [Update RS (ms): Min: 0.0, Avg: 0.2, Max: 0.3, Diff: 0.3, Sum: 0.6]
         [Processed Buffers: Min: 0, Avg: 8.8, Max: 19, Diff: 19, Sum: 35]
      [Scan RS (ms): Min: 0.0, Avg: 0.0, Max: 0.0, Diff: 0.0, Sum: 0.0]
      [Code Root Scanning (ms): Min: 0.0, Avg: 0.0, Max: 0.0, Diff: 0.0, Sum: 0.0]
      [Object Copy (ms): Min: 0.1, Avg: 0.2, Max: 0.3, Diff: 0.2, Sum: 0.9]
      [Termination (ms): Min: 0.0, Avg: 0.0, Max: 0.0, Diff: 0.0, Sum: 0.1]
         [Termination Attempts: Min: 1, Avg: 1.0, Max: 1, Diff: 0, Sum: 4]
      [GC Worker Other (ms): Min: 0.0, Avg: 0.0, Max: 0.0, Diff: 0.0, Sum: 0.0]
      [GC Worker Total (ms): Min: 0.2, Avg: 1.2, Max: 1.5, Diff: 1.3, Sum: 4.8]
      [GC Worker End (ms): Min: 1421348.8, Avg: 1421348.8, Max: 1421348.8, Diff: 0.0]
   [Code Root Fixup: 0.0 ms]
   [Code Root Purge: 0.0 ms]
   [Clear CT: 0.1 ms]
   [Other: 1.2 ms]
      [Choose CSet: 0.0 ms]
      [Ref Proc: 0.8 ms]
      [Ref Enq: 0.0 ms]
      [Redirty Cards: 0.3 ms]
      [Humongous Register: 0.0 ms]
      [Humongous Reclaim: 0.0 ms]
      [Free CSet: 0.0 ms]
   [Eden: 65.0M(65.0M)->0.0B(65.0M) Survivors: 1024.0K->1024.0K Heap: 112.5M(128.0M)->47.5M(128.0M)]
 [Times: user=0.00 sys=0.00, real=0.00 secs] 
2020-11-10T16:48:37.283+0800: 1426.766: [GC pause (G1 Evacuation Pause) (young), 0.0476357 secs]
   [Parallel Time: 45.7 ms, GC Workers: 4]
      [GC Worker Start (ms): Min: 1426766.0, Avg: 1426766.1, Max: 1426766.1, Diff: 0.1]
      [Ext Root Scanning (ms): Min: 0.8, Avg: 12.1, Max: 45.6, Diff: 44.8, Sum: 48.5]
      [Update RS (ms): Min: 0.0, Avg: 0.2, Max: 0.3, Diff: 0.3, Sum: 0.6]
         [Processed Buffers: Min: 0, Avg: 8.0, Max: 19, Diff: 19, Sum: 32]
      [Scan RS (ms): Min: 0.0, Avg: 0.0, Max: 0.0, Diff: 0.0, Sum: 0.0]
      [Code Root Scanning (ms): Min: 0.0, Avg: 0.0, Max: 0.0, Diff: 0.0, Sum: 0.0]
      [Object Copy (ms): Min: 0.0, Avg: 0.1, Max: 0.2, Diff: 0.2, Sum: 0.6]
      [Termination (ms): Min: 0.0, Avg: 33.2, Max: 44.2, Diff: 44.2, Sum: 132.7]
         [Termination Attempts: Min: 1, Avg: 2.0, Max: 3, Diff: 2, Sum: 8]
      [GC Worker Other (ms): Min: 0.0, Avg: 0.0, Max: 0.0, Diff: 0.0, Sum: 0.0]
      [GC Worker Total (ms): Min: 45.6, Avg: 45.6, Max: 45.7, Diff: 0.1, Sum: 182.5]
      [GC Worker End (ms): Min: 1426811.7, Avg: 1426811.7, Max: 1426811.7, Diff: 0.0]
   [Code Root Fixup: 0.0 ms]
   [Code Root Purge: 0.0 ms]
   [Clear CT: 0.3 ms]
   [Other: 1.5 ms]
      [Choose CSet: 0.0 ms]
      [Ref Proc: 1.1 ms]
      [Ref Enq: 0.0 ms]
      [Redirty Cards: 0.3 ms]
      [Humongous Register: 0.0 ms]
      [Humongous Reclaim: 0.0 ms]
      [Free CSet: 0.1 ms]
   [Eden: 65.0M(65.0M)->0.0B(65.0M) Survivors: 1024.0K->1024.0K Heap: 112.5M(128.0M)->47.5M(128.0M)]
 [Times: user=0.06 sys=0.00, real=0.05 secs] 
2020-11-10T16:48:40.637+0800: 1430.120: [GC pause (G1 Evacuation Pause) (young), 0.0023615 secs]
   [Parallel Time: 1.4 ms, GC Workers: 4]
      [GC Worker Start (ms): Min: 1430119.7, Avg: 1430119.7, Max: 1430119.8, Diff: 0.1]
      [Ext Root Scanning (ms): Min: 0.6, Avg: 0.8, Max: 1.3, Diff: 0.7, Sum: 3.4]
      [Update RS (ms): Min: 0.0, Avg: 0.2, Max: 0.3, Diff: 0.3, Sum: 0.7]
         [Processed Buffers: Min: 0, Avg: 8.8, Max: 14, Diff: 14, Sum: 35]
      [Scan RS (ms): Min: 0.0, Avg: 0.0, Max: 0.0, Diff: 0.0, Sum: 0.0]
      [Code Root Scanning (ms): Min: 0.0, Avg: 0.0, Max: 0.0, Diff: 0.0, Sum: 0.0]
      [Object Copy (ms): Min: 0.0, Avg: 0.1, Max: 0.2, Diff: 0.2, Sum: 0.5]
      [Termination (ms): Min: 0.0, Avg: 0.1, Max: 0.2, Diff: 0.2, Sum: 0.4]
         [Termination Attempts: Min: 1, Avg: 1.0, Max: 1, Diff: 0, Sum: 4]
      [GC Worker Other (ms): Min: 0.0, Avg: 0.0, Max: 0.0, Diff: 0.0, Sum: 0.0]
      [GC Worker Total (ms): Min: 1.2, Avg: 1.3, Max: 1.3, Diff: 0.1, Sum: 5.1]
      [GC Worker End (ms): Min: 1430121.0, Avg: 1430121.0, Max: 1430121.0, Diff: 0.0]
   [Code Root Fixup: 0.0 ms]
   [Code Root Purge: 0.0 ms]
   [Clear CT: 0.0 ms]
   [Other: 0.9 ms]
      [Choose CSet: 0.0 ms]
      [Ref Proc: 0.7 ms]
      [Ref Enq: 0.0 ms]
      [Redirty Cards: 0.0 ms]
      [Humongous Register: 0.0 ms]
      [Humongous Reclaim: 0.0 ms]
      [Free CSet: 0.0 ms]
   [Eden: 65.0M(65.0M)->0.0B(65.0M) Survivors: 1024.0K->1024.0K Heap: 112.5M(128.0M)->47.5M(128.0M)]
 [Times: user=0.00 sys=0.00, real=0.00 secs] 
2020-11-10T16:48:44.264+0800: 1433.747: [GC pause (G1 Evacuation Pause) (young), 0.0382785 secs]
   [Parallel Time: 37.1 ms, GC Workers: 4]
      [GC Worker Start (ms): Min: 1433747.5, Avg: 1433747.6, Max: 1433747.6, Diff: 0.1]
      [Ext Root Scanning (ms): Min: 0.6, Avg: 0.8, Max: 1.3, Diff: 0.7, Sum: 3.3]
      [Update RS (ms): Min: 0.0, Avg: 0.1, Max: 0.2, Diff: 0.2, Sum: 0.6]
         [Processed Buffers: Min: 0, Avg: 7.3, Max: 14, Diff: 14, Sum: 29]
      [Scan RS (ms): Min: 0.0, Avg: 0.0, Max: 0.0, Diff: 0.0, Sum: 0.0]
      [Code Root Scanning (ms): Min: 0.0, Avg: 0.0, Max: 0.0, Diff: 0.0, Sum: 0.0]
      [Object Copy (ms): Min: 0.0, Avg: 17.5, Max: 35.0, Diff: 35.0, Sum: 70.1]
      [Termination (ms): Min: 0.0, Avg: 17.9, Max: 35.8, Diff: 35.8, Sum: 71.5]
         [Termination Attempts: Min: 1, Avg: 1.0, Max: 1, Diff: 0, Sum: 4]
      [GC Worker Other (ms): Min: 0.0, Avg: 0.0, Max: 0.0, Diff: 0.0, Sum: 0.1]
      [GC Worker Total (ms): Min: 35.8, Avg: 36.4, Max: 37.0, Diff: 1.2, Sum: 145.7]
      [GC Worker End (ms): Min: 1433783.5, Avg: 1433784.0, Max: 1433784.5, Diff: 1.0]
   [Code Root Fixup: 0.0 ms]
   [Code Root Purge: 0.0 ms]
   [Clear CT: 0.1 ms]
   [Other: 1.0 ms]
      [Choose CSet: 0.0 ms]
      [Ref Proc: 0.8 ms]
      [Ref Enq: 0.0 ms]
      [Redirty Cards: 0.0 ms]
      [Humongous Register: 0.0 ms]
      [Humongous Reclaim: 0.0 ms]
      [Free CSet: 0.0 ms]
   [Eden: 65.0M(65.0M)->0.0B(65.0M) Survivors: 1024.0K->1024.0K Heap: 112.5M(128.0M)->47.5M(128.0M)]
 [Times: user=0.06 sys=0.00, real=0.04 secs] 
2020-11-10T16:48:47.928+0800: 1437.411: [GC pause (G1 Evacuation Pause) (young), 0.0025786 secs]
   [Parallel Time: 1.5 ms, GC Workers: 4]
      [GC Worker Start (ms): Min: 1437411.3, Avg: 1437411.6, Max: 1437412.3, Diff: 0.9]
      [Ext Root Scanning (ms): Min: 0.2, Avg: 0.9, Max: 1.2, Diff: 1.0, Sum: 3.6]
      [Update RS (ms): Min: 0.1, Avg: 0.2, Max: 0.2, Diff: 0.1, Sum: 0.6]
         [Processed Buffers: Min: 1, Avg: 8.0, Max: 18, Diff: 17, Sum: 32]
      [Scan RS (ms): Min: 0.0, Avg: 0.0, Max: 0.0, Diff: 0.0, Sum: 0.0]
      [Code Root Scanning (ms): Min: 0.0, Avg: 0.0, Max: 0.0, Diff: 0.0, Sum: 0.0]
      [Object Copy (ms): Min: 0.1, Avg: 0.1, Max: 0.2, Diff: 0.1, Sum: 0.6]
      [Termination (ms): Min: 0.0, Avg: 0.0, Max: 0.0, Diff: 0.0, Sum: 0.0]
         [Termination Attempts: Min: 1, Avg: 1.0, Max: 1, Diff: 0, Sum: 4]
      [GC Worker Other (ms): Min: 0.0, Avg: 0.0, Max: 0.0, Diff: 0.0, Sum: 0.0]
      [GC Worker Total (ms): Min: 0.6, Avg: 1.2, Max: 1.5, Diff: 0.9, Sum: 4.9]
      [GC Worker End (ms): Min: 1437412.8, Avg: 1437412.8, Max: 1437412.8, Diff: 0.0]
   [Code Root Fixup: 0.1 ms]
   [Code Root Purge: 0.0 ms]
   [Clear CT: 0.1 ms]
   [Other: 0.9 ms]
      [Choose CSet: 0.0 ms]
      [Ref Proc: 0.6 ms]
      [Ref Enq: 0.0 ms]
      [Redirty Cards: 0.1 ms]
      [Humongous Register: 0.0 ms]
      [Humongous Reclaim: 0.0 ms]
      [Free CSet: 0.0 ms]
   [Eden: 65.0M(65.0M)->0.0B(65.0M) Survivors: 1024.0K->1024.0K Heap: 112.5M(128.0M)->47.5M(128.0M)]
 [Times: user=0.00 sys=0.00, real=0.00 secs] 
2020-11-10T16:48:51.974+0800: 1441.457: [GC pause (G1 Evacuation Pause) (young), 0.0028273 secs]
   [Parallel Time: 1.3 ms, GC Workers: 4]
      [GC Worker Start (ms): Min: 1441457.0, Avg: 1441457.1, Max: 1441457.1, Diff: 0.1]
      [Ext Root Scanning (ms): Min: 0.6, Avg: 0.8, Max: 1.2, Diff: 0.6, Sum: 3.1]
      [Update RS (ms): Min: 0.0, Avg: 0.1, Max: 0.2, Diff: 0.2, Sum: 0.5]
         [Processed Buffers: Min: 0, Avg: 8.3, Max: 14, Diff: 14, Sum: 33]
      [Scan RS (ms): Min: 0.0, Avg: 0.0, Max: 0.0, Diff: 0.0, Sum: 0.0]
      [Code Root Scanning (ms): Min: 0.0, Avg: 0.0, Max: 0.0, Diff: 0.0, Sum: 0.0]
      [Object Copy (ms): Min: 0.0, Avg: 0.1, Max: 0.2, Diff: 0.2, Sum: 0.5]
      [Termination (ms): Min: 0.0, Avg: 0.1, Max: 0.2, Diff: 0.2, Sum: 0.5]
         [Termination Attempts: Min: 1, Avg: 1.0, Max: 1, Diff: 0, Sum: 4]
      [GC Worker Other (ms): Min: 0.0, Avg: 0.0, Max: 0.0, Diff: 0.0, Sum: 0.0]
      [GC Worker Total (ms): Min: 1.1, Avg: 1.2, Max: 1.2, Diff: 0.1, Sum: 4.7]
      [GC Worker End (ms): Min: 1441458.2, Avg: 1441458.2, Max: 1441458.2, Diff: 0.0]
   [Code Root Fixup: 0.0 ms]
   [Code Root Purge: 0.0 ms]
   [Clear CT: 0.3 ms]
   [Other: 1.2 ms]
      [Choose CSet: 0.0 ms]
      [Ref Proc: 0.8 ms]
      [Ref Enq: 0.0 ms]
      [Redirty Cards: 0.3 ms]
      [Humongous Register: 0.0 ms]
      [Humongous Reclaim: 0.0 ms]
      [Free CSet: 0.0 ms]
   [Eden: 65.0M(65.0M)->0.0B(65.0M) Survivors: 1024.0K->1024.0K Heap: 112.5M(128.0M)->47.5M(128.0M)]
 [Times: user=0.00 sys=0.00, real=0.00 secs] 
2020-11-10T16:48:56.777+0800: 1446.260: [GC pause (G1 Evacuation Pause) (young), 0.0031252 secs]
   [Parallel Time: 1.8 ms, GC Workers: 4]
      [GC Worker Start (ms): Min: 1446259.8, Avg: 1446259.9, Max: 1446260.0, Diff: 0.2]
      [Ext Root Scanning (ms): Min: 0.6, Avg: 0.9, Max: 1.7, Diff: 1.1, Sum: 3.7]
      [Update RS (ms): Min: 0.0, Avg: 0.2, Max: 0.2, Diff: 0.2, Sum: 0.6]
         [Processed Buffers: Min: 0, Avg: 7.8, Max: 18, Diff: 18, Sum: 31]
      [Scan RS (ms): Min: 0.0, Avg: 0.0, Max: 0.0, Diff: 0.0, Sum: 0.0]
      [Code Root Scanning (ms): Min: 0.0, Avg: 0.0, Max: 0.0, Diff: 0.0, Sum: 0.0]
      [Object Copy (ms): Min: 0.0, Avg: 0.1, Max: 0.2, Diff: 0.2, Sum: 0.5]
      [Termination (ms): Min: 0.0, Avg: 0.4, Max: 0.6, Diff: 0.6, Sum: 1.8]
         [Termination Attempts: Min: 1, Avg: 1.0, Max: 1, Diff: 0, Sum: 4]
      [GC Worker Other (ms): Min: 0.0, Avg: 0.0, Max: 0.0, Diff: 0.0, Sum: 0.0]
      [GC Worker Total (ms): Min: 1.6, Avg: 1.7, Max: 1.7, Diff: 0.1, Sum: 6.6]
      [GC Worker End (ms): Min: 1446261.6, Avg: 1446261.6, Max: 1446261.6, Diff: 0.0]
   [Code Root Fixup: 0.0 ms]
   [Code Root Purge: 0.0 ms]
   [Clear CT: 0.3 ms]
   [Other: 1.0 ms]
      [Choose CSet: 0.0 ms]
      [Ref Proc: 0.7 ms]
      [Ref Enq: 0.0 ms]
      [Redirty Cards: 0.2 ms]
      [Humongous Register: 0.0 ms]
      [Humongous Reclaim: 0.0 ms]
      [Free CSet: 0.0 ms]
   [Eden: 65.0M(65.0M)->0.0B(65.0M) Survivors: 1024.0K->1024.0K Heap: 112.5M(128.0M)->47.5M(128.0M)]
 [Times: user=0.00 sys=0.00, real=0.00 secs] 
2020-11-10T16:49:00.858+0800: 1450.341: [GC pause (G1 Evacuation Pause) (young), 0.0029690 secs]
   [Parallel Time: 1.7 ms, GC Workers: 4]
      [GC Worker Start (ms): Min: 1450341.4, Avg: 1450341.6, Max: 1450342.2, Diff: 0.8]
      [Ext Root Scanning (ms): Min: 0.4, Avg: 1.0, Max: 1.6, Diff: 1.2, Sum: 4.2]
      [Update RS (ms): Min: 0.0, Avg: 0.2, Max: 0.2, Diff: 0.2, Sum: 0.6]
         [Processed Buffers: Min: 0, Avg: 7.5, Max: 14, Diff: 14, Sum: 30]
      [Scan RS (ms): Min: 0.0, Avg: 0.0, Max: 0.0, Diff: 0.0, Sum: 0.0]
      [Code Root Scanning (ms): Min: 0.0, Avg: 0.0, Max: 0.0, Diff: 0.0, Sum: 0.0]
      [Object Copy (ms): Min: 0.0, Avg: 0.2, Max: 0.2, Diff: 0.2, Sum: 0.6]
      [Termination (ms): Min: 0.0, Avg: 0.0, Max: 0.0, Diff: 0.0, Sum: 0.0]
         [Termination Attempts: Min: 1, Avg: 1.0, Max: 1, Diff: 0, Sum: 4]
      [GC Worker Other (ms): Min: 0.0, Avg: 0.0, Max: 0.0, Diff: 0.0, Sum: 0.0]
      [GC Worker Total (ms): Min: 0.8, Avg: 1.4, Max: 1.6, Diff: 0.8, Sum: 5.5]
      [GC Worker End (ms): Min: 1450343.0, Avg: 1450343.0, Max: 1450343.0, Diff: 0.0]
   [Code Root Fixup: 0.0 ms]
   [Code Root Purge: 0.0 ms]
   [Clear CT: 0.2 ms]
   [Other: 1.1 ms]
      [Choose CSet: 0.0 ms]
      [Ref Proc: 0.8 ms]
      [Ref Enq: 0.0 ms]
      [Redirty Cards: 0.2 ms]
      [Humongous Register: 0.0 ms]
      [Humongous Reclaim: 0.0 ms]
      [Free CSet: 0.0 ms]
   [Eden: 65.0M(65.0M)->0.0B(65.0M) Survivors: 1024.0K->1024.0K Heap: 112.5M(128.0M)->47.6M(128.0M)]
 [Times: user=0.02 sys=0.00, real=0.00 secs] 
2020-11-10T16:49:04.728+0800: 1454.211: [GC pause (G1 Evacuation Pause) (young), 0.0641305 secs]
   [Parallel Time: 62.6 ms, GC Workers: 4]
      [GC Worker Start (ms): Min: 1454211.4, Avg: 1454211.6, Max: 1454212.2, Diff: 0.9]
      [Ext Root Scanning (ms): Min: 0.1, Avg: 0.9, Max: 1.8, Diff: 1.7, Sum: 3.6]
      [Update RS (ms): Min: 0.0, Avg: 0.2, Max: 0.3, Diff: 0.3, Sum: 0.7]
         [Processed Buffers: Min: 0, Avg: 8.5, Max: 16, Diff: 16, Sum: 34]
      [Scan RS (ms): Min: 0.0, Avg: 0.0, Max: 0.0, Diff: 0.0, Sum: 0.0]
      [Code Root Scanning (ms): Min: 0.0, Avg: 0.0, Max: 0.0, Diff: 0.0, Sum: 0.0]
      [Object Copy (ms): Min: 60.7, Avg: 61.2, Max: 61.4, Diff: 0.7, Sum: 244.9]
      [Termination (ms): Min: 0.0, Avg: 0.0, Max: 0.0, Diff: 0.0, Sum: 0.0]
         [Termination Attempts: Min: 1, Avg: 1.0, Max: 1, Diff: 0, Sum: 4]
      [GC Worker Other (ms): Min: 0.0, Avg: 0.0, Max: 0.0, Diff: 0.0, Sum: 0.0]
      [GC Worker Total (ms): Min: 61.7, Avg: 62.3, Max: 62.6, Diff: 0.9, Sum: 249.3]
      [GC Worker End (ms): Min: 1454273.9, Avg: 1454273.9, Max: 1454273.9, Diff: 0.0]
   [Code Root Fixup: 0.0 ms]
   [Code Root Purge: 0.0 ms]
   [Clear CT: 0.3 ms]
   [Other: 1.2 ms]
      [Choose CSet: 0.0 ms]
      [Ref Proc: 0.8 ms]
      [Ref Enq: 0.0 ms]
      [Redirty Cards: 0.3 ms]
      [Humongous Register: 0.0 ms]
      [Humongous Reclaim: 0.0 ms]
      [Free CSet: 0.0 ms]
   [Eden: 65.0M(65.0M)->0.0B(65.0M) Survivors: 1024.0K->1024.0K Heap: 112.6M(128.0M)->47.5M(128.0M)]
 [Times: user=0.00 sys=0.00, real=0.07 secs] 
2020-11-10T16:49:10.061+0800: 1459.544: [GC pause (G1 Evacuation Pause) (young), 0.0719418 secs]
   [Parallel Time: 70.9 ms, GC Workers: 4]
      [GC Worker Start (ms): Min: 1459543.9, Avg: 1459543.9, Max: 1459543.9, Diff: 0.1]
      [Ext Root Scanning (ms): Min: 1.0, Avg: 18.5, Max: 70.8, Diff: 69.8, Sum: 74.1]
      [Update RS (ms): Min: 0.0, Avg: 0.2, Max: 0.3, Diff: 0.3, Sum: 0.8]
         [Processed Buffers: Min: 0, Avg: 9.5, Max: 18, Diff: 18, Sum: 38]
      [Scan RS (ms): Min: 0.0, Avg: 0.0, Max: 0.0, Diff: 0.0, Sum: 0.0]
      [Code Root Scanning (ms): Min: 0.0, Avg: 0.0, Max: 0.0, Diff: 0.0, Sum: 0.0]
      [Object Copy (ms): Min: 0.0, Avg: 0.2, Max: 0.4, Diff: 0.3, Sum: 0.8]
      [Termination (ms): Min: 0.0, Avg: 51.9, Max: 69.2, Diff: 69.2, Sum: 207.5]
         [Termination Attempts: Min: 1, Avg: 1.5, Max: 2, Diff: 1, Sum: 6]
      [GC Worker Other (ms): Min: 0.0, Avg: 0.0, Max: 0.0, Diff: 0.0, Sum: 0.0]
      [GC Worker Total (ms): Min: 70.8, Avg: 70.8, Max: 70.9, Diff: 0.1, Sum: 283.4]
      [GC Worker End (ms): Min: 1459614.7, Avg: 1459614.7, Max: 1459614.7, Diff: 0.0]
   [Code Root Fixup: 0.0 ms]
   [Code Root Purge: 0.0 ms]
   [Clear CT: 0.1 ms]
   [Other: 0.9 ms]
      [Choose CSet: 0.0 ms]
      [Ref Proc: 0.7 ms]
      [Ref Enq: 0.0 ms]
      [Redirty Cards: 0.0 ms]
      [Humongous Register: 0.0 ms]
      [Humongous Reclaim: 0.0 ms]
      [Free CSet: 0.0 ms]
   [Eden: 65.0M(65.0M)->0.0B(65.0M) Survivors: 1024.0K->1024.0K Heap: 112.5M(128.0M)->47.6M(128.0M)]
 [Times: user=0.19 sys=0.03, real=0.07 secs] 
2020-11-10T16:49:14.835+0800: 1464.319: [GC pause (G1 Evacuation Pause) (young), 0.0025442 secs]
   [Parallel Time: 1.3 ms, GC Workers: 4]
      [GC Worker Start (ms): Min: 1464318.9, Avg: 1464318.9, Max: 1464318.9, Diff: 0.1]
      [Ext Root Scanning (ms): Min: 0.6, Avg: 0.8, Max: 1.2, Diff: 0.6, Sum: 3.2]
      [Update RS (ms): Min: 0.0, Avg: 0.2, Max: 0.2, Diff: 0.2, Sum: 0.6]
         [Processed Buffers: Min: 0, Avg: 8.8, Max: 13, Diff: 13, Sum: 35]
      [Scan RS (ms): Min: 0.0, Avg: 0.0, Max: 0.0, Diff: 0.0, Sum: 0.0]
      [Code Root Scanning (ms): Min: 0.0, Avg: 0.0, Max: 0.0, Diff: 0.0, Sum: 0.0]
      [Object Copy (ms): Min: 0.0, Avg: 0.1, Max: 0.2, Diff: 0.2, Sum: 0.5]
      [Termination (ms): Min: 0.0, Avg: 0.1, Max: 0.1, Diff: 0.1, Sum: 0.4]
         [Termination Attempts: Min: 1, Avg: 1.0, Max: 1, Diff: 0, Sum: 4]
      [GC Worker Other (ms): Min: 0.0, Avg: 0.0, Max: 0.0, Diff: 0.0, Sum: 0.0]
      [GC Worker Total (ms): Min: 1.2, Avg: 1.2, Max: 1.2, Diff: 0.0, Sum: 4.8]
      [GC Worker End (ms): Min: 1464320.1, Avg: 1464320.1, Max: 1464320.1, Diff: 0.0]
   [Code Root Fixup: 0.0 ms]
   [Code Root Purge: 0.0 ms]
   [Clear CT: 0.1 ms]
   [Other: 1.0 ms]
      [Choose CSet: 0.0 ms]
      [Ref Proc: 0.7 ms]
      [Ref Enq: 0.0 ms]
      [Redirty Cards: 0.2 ms]
      [Humongous Register: 0.0 ms]
      [Humongous Reclaim: 0.0 ms]
      [Free CSet: 0.0 ms]
   [Eden: 65.0M(65.0M)->0.0B(65.0M) Survivors: 1024.0K->1024.0K Heap: 112.6M(128.0M)->47.5M(128.0M)]
 [Times: user=0.00 sys=0.00, real=0.00 secs] 
2020-11-10T16:50:18.134+0800: 1527.618: [GC pause (G1 Evacuation Pause) (young), 0.2046382 secs]
   [Parallel Time: 203.5 ms, GC Workers: 4]
      [GC Worker Start (ms): Min: 1527617.8, Avg: 1527617.9, Max: 1527617.9, Diff: 0.1]
      [Ext Root Scanning (ms): Min: 1.5, Avg: 60.6, Max: 203.4, Diff: 201.9, Sum: 242.6]
      [Update RS (ms): Min: 0.0, Avg: 36.6, Max: 95.5, Diff: 95.5, Sum: 146.6]
         [Processed Buffers: Min: 0, Avg: 13.8, Max: 37, Diff: 37, Sum: 55]
      [Scan RS (ms): Min: 0.0, Avg: 0.0, Max: 0.0, Diff: 0.0, Sum: 0.0]
      [Code Root Scanning (ms): Min: 0.0, Avg: 0.0, Max: 0.0, Diff: 0.0, Sum: 0.0]
      [Object Copy (ms): Min: 0.0, Avg: 13.7, Max: 35.1, Diff: 35.0, Sum: 54.7]
      [Termination (ms): Min: 0.0, Avg: 92.4, Max: 131.8, Diff: 131.8, Sum: 369.8]
         [Termination Attempts: Min: 1, Avg: 1.5, Max: 2, Diff: 1, Sum: 6]
      [GC Worker Other (ms): Min: 0.0, Avg: 0.0, Max: 0.0, Diff: 0.0, Sum: 0.1]
      [GC Worker Total (ms): Min: 203.4, Avg: 203.4, Max: 203.5, Diff: 0.1, Sum: 813.7]
      [GC Worker End (ms): Min: 1527821.3, Avg: 1527821.3, Max: 1527821.3, Diff: 0.0]
   [Code Root Fixup: 0.1 ms]
   [Code Root Purge: 0.0 ms]
   [Clear CT: 0.0 ms]
   [Other: 1.0 ms]
      [Choose CSet: 0.0 ms]
      [Ref Proc: 0.8 ms]
      [Ref Enq: 0.0 ms]
      [Redirty Cards: 0.1 ms]
      [Humongous Register: 0.0 ms]
      [Humongous Reclaim: 0.0 ms]
      [Free CSet: 0.0 ms]
   [Eden: 65.0M(65.0M)->0.0B(65.0M) Survivors: 1024.0K->1024.0K Heap: 112.5M(128.0M)->47.8M(128.0M)]
 [Times: user=0.30 sys=0.00, real=0.20 secs] 
2020-11-10T16:50:22.955+0800: 1532.438: [GC pause (G1 Evacuation Pause) (young), 0.0027599 secs]
   [Parallel Time: 1.4 ms, GC Workers: 4]
      [GC Worker Start (ms): Min: 1532437.9, Avg: 1532438.0, Max: 1532438.0, Diff: 0.1]
      [Ext Root Scanning (ms): Min: 0.6, Avg: 0.8, Max: 1.2, Diff: 0.6, Sum: 3.3]
      [Update RS (ms): Min: 0.0, Avg: 0.2, Max: 0.3, Diff: 0.3, Sum: 0.7]
         [Processed Buffers: Min: 0, Avg: 8.3, Max: 23, Diff: 23, Sum: 33]
      [Scan RS (ms): Min: 0.0, Avg: 0.0, Max: 0.0, Diff: 0.0, Sum: 0.0]
      [Code Root Scanning (ms): Min: 0.0, Avg: 0.0, Max: 0.0, Diff: 0.0, Sum: 0.0]
      [Object Copy (ms): Min: 0.0, Avg: 0.2, Max: 0.3, Diff: 0.2, Sum: 0.7]
      [Termination (ms): Min: 0.0, Avg: 0.0, Max: 0.0, Diff: 0.0, Sum: 0.0]
         [Termination Attempts: Min: 1, Avg: 1.0, Max: 1, Diff: 0, Sum: 4]
      [GC Worker Other (ms): Min: 0.0, Avg: 0.0, Max: 0.0, Diff: 0.0, Sum: 0.1]
      [GC Worker Total (ms): Min: 1.2, Avg: 1.2, Max: 1.3, Diff: 0.1, Sum: 4.8]
      [GC Worker End (ms): Min: 1532439.2, Avg: 1532439.2, Max: 1532439.2, Diff: 0.0]
   [Code Root Fixup: 0.0 ms]
   [Code Root Purge: 0.0 ms]
   [Clear CT: 0.2 ms]
   [Other: 1.1 ms]
      [Choose CSet: 0.0 ms]
      [Ref Proc: 0.8 ms]
      [Ref Enq: 0.0 ms]
      [Redirty Cards: 0.2 ms]
      [Humongous Register: 0.0 ms]
      [Humongous Reclaim: 0.0 ms]
      [Free CSet: 0.0 ms]
   [Eden: 65.0M(65.0M)->0.0B(65.0M) Survivors: 1024.0K->1024.0K Heap: 112.8M(128.0M)->47.8M(128.0M)]
 [Times: user=0.00 sys=0.00, real=0.00 secs] 
2020-11-10T16:50:28.569+0800: 1538.053: [GC pause (G1 Evacuation Pause) (young), 0.0027703 secs]
   [Parallel Time: 1.5 ms, GC Workers: 4]
      [GC Worker Start (ms): Min: 1538052.8, Avg: 1538052.9, Max: 1538052.9, Diff: 0.1]
      [Ext Root Scanning (ms): Min: 0.7, Avg: 1.0, Max: 1.2, Diff: 0.5, Sum: 3.9]
      [Update RS (ms): Min: 0.0, Avg: 0.2, Max: 0.3, Diff: 0.3, Sum: 0.7]
         [Processed Buffers: Min: 0, Avg: 8.8, Max: 21, Diff: 21, Sum: 35]
      [Scan RS (ms): Min: 0.0, Avg: 0.0, Max: 0.0, Diff: 0.0, Sum: 0.0]
      [Code Root Scanning (ms): Min: 0.0, Avg: 0.0, Max: 0.0, Diff: 0.0, Sum: 0.0]
      [Object Copy (ms): Min: 0.0, Avg: 0.1, Max: 0.2, Diff: 0.2, Sum: 0.6]
      [Termination (ms): Min: 0.0, Avg: 0.0, Max: 0.1, Diff: 0.1, Sum: 0.1]
         [Termination Attempts: Min: 1, Avg: 1.0, Max: 1, Diff: 0, Sum: 4]
      [GC Worker Other (ms): Min: 0.0, Avg: 0.0, Max: 0.0, Diff: 0.0, Sum: 0.0]
      [GC Worker Total (ms): Min: 1.3, Avg: 1.3, Max: 1.4, Diff: 0.1, Sum: 5.3]
      [GC Worker End (ms): Min: 1538054.2, Avg: 1538054.2, Max: 1538054.2, Diff: 0.0]
   [Code Root Fixup: 0.0 ms]
   [Code Root Purge: 0.0 ms]
   [Clear CT: 0.3 ms]
   [Other: 1.0 ms]
      [Choose CSet: 0.0 ms]
      [Ref Proc: 0.8 ms]
      [Ref Enq: 0.0 ms]
      [Redirty Cards: 0.0 ms]
      [Humongous Register: 0.0 ms]
      [Humongous Reclaim: 0.0 ms]
      [Free CSet: 0.0 ms]
   [Eden: 65.0M(65.0M)->0.0B(65.0M) Survivors: 1024.0K->1024.0K Heap: 112.8M(128.0M)->47.7M(128.0M)]
 [Times: user=0.00 sys=0.00, real=0.00 secs] 
2020-11-10T16:50:32.685+0800: 1542.169: [GC pause (G1 Evacuation Pause) (young), 0.0379542 secs]
   [Parallel Time: 36.9 ms, GC Workers: 4]
      [GC Worker Start (ms): Min: 1542168.6, Avg: 1542168.7, Max: 1542168.7, Diff: 0.1]
      [Ext Root Scanning (ms): Min: 0.6, Avg: 0.8, Max: 1.3, Diff: 0.7, Sum: 3.2]
      [Update RS (ms): Min: 0.0, Avg: 0.2, Max: 0.2, Diff: 0.2, Sum: 0.6]
         [Processed Buffers: Min: 0, Avg: 7.0, Max: 23, Diff: 23, Sum: 28]
      [Scan RS (ms): Min: 0.0, Avg: 0.0, Max: 0.0, Diff: 0.0, Sum: 0.0]
      [Code Root Scanning (ms): Min: 0.0, Avg: 0.0, Max: 0.0, Diff: 0.0, Sum: 0.0]
      [Object Copy (ms): Min: 0.0, Avg: 18.0, Max: 35.9, Diff: 35.9, Sum: 71.9]
      [Termination (ms): Min: 0.0, Avg: 17.8, Max: 35.7, Diff: 35.7, Sum: 71.2]
         [Termination Attempts: Min: 1, Avg: 1.0, Max: 1, Diff: 0, Sum: 4]
      [GC Worker Other (ms): Min: 0.0, Avg: 0.0, Max: 0.0, Diff: 0.0, Sum: 0.0]
      [GC Worker Total (ms): Min: 36.7, Avg: 36.8, Max: 36.8, Diff: 0.1, Sum: 147.1]
      [GC Worker End (ms): Min: 1542205.4, Avg: 1542205.4, Max: 1542205.4, Diff: 0.0]
   [Code Root Fixup: 0.0 ms]
   [Code Root Purge: 0.0 ms]
   [Clear CT: 0.1 ms]
   [Other: 1.0 ms]
      [Choose CSet: 0.0 ms]
      [Ref Proc: 0.8 ms]
      [Ref Enq: 0.0 ms]
      [Redirty Cards: 0.0 ms]
      [Humongous Register: 0.0 ms]
      [Humongous Reclaim: 0.0 ms]
      [Free CSet: 0.0 ms]
   [Eden: 65.0M(65.0M)->0.0B(65.0M) Survivors: 1024.0K->1024.0K Heap: 112.7M(128.0M)->47.7M(128.0M)]
 [Times: user=0.06 sys=0.00, real=0.11 secs] 
2020-11-10T16:50:36.857+0800: 1546.341: [GC pause (G1 Evacuation Pause) (young), 0.0027261 secs]
   [Parallel Time: 1.3 ms, GC Workers: 4]
      [GC Worker Start (ms): Min: 1546340.8, Avg: 1546340.9, Max: 1546340.9, Diff: 0.1]
      [Ext Root Scanning (ms): Min: 0.6, Avg: 0.8, Max: 1.2, Diff: 0.6, Sum: 3.1]
      [Update RS (ms): Min: 0.0, Avg: 0.2, Max: 0.2, Diff: 0.2, Sum: 0.7]
         [Processed Buffers: Min: 0, Avg: 8.5, Max: 18, Diff: 18, Sum: 34]
      [Scan RS (ms): Min: 0.0, Avg: 0.0, Max: 0.0, Diff: 0.0, Sum: 0.0]
      [Code Root Scanning (ms): Min: 0.0, Avg: 0.0, Max: 0.0, Diff: 0.0, Sum: 0.0]
      [Object Copy (ms): Min: 0.0, Avg: 0.1, Max: 0.2, Diff: 0.2, Sum: 0.6]
      [Termination (ms): Min: 0.0, Avg: 0.0, Max: 0.1, Diff: 0.1, Sum: 0.2]
         [Termination Attempts: Min: 1, Avg: 1.0, Max: 1, Diff: 0, Sum: 4]
      [GC Worker Other (ms): Min: 0.0, Avg: 0.0, Max: 0.0, Diff: 0.0, Sum: 0.0]
      [GC Worker Total (ms): Min: 1.1, Avg: 1.2, Max: 1.2, Diff: 0.1, Sum: 4.7]
      [GC Worker End (ms): Min: 1546342.0, Avg: 1546342.0, Max: 1546342.0, Diff: 0.0]
   [Code Root Fixup: 0.0 ms]
   [Code Root Purge: 0.0 ms]
   [Clear CT: 0.3 ms]
   [Other: 1.1 ms]
      [Choose CSet: 0.0 ms]
      [Ref Proc: 0.9 ms]
      [Ref Enq: 0.0 ms]
      [Redirty Cards: 0.1 ms]
      [Humongous Register: 0.0 ms]
      [Humongous Reclaim: 0.0 ms]
      [Free CSet: 0.0 ms]
   [Eden: 65.0M(65.0M)->0.0B(65.0M) Survivors: 1024.0K->1024.0K Heap: 112.7M(128.0M)->47.6M(128.0M)]
 [Times: user=0.00 sys=0.00, real=0.00 secs] 
2020-11-10T16:50:41.266+0800: 1550.749: [GC pause (G1 Evacuation Pause) (young), 0.0149147 secs]
   [Parallel Time: 13.1 ms, GC Workers: 4]
      [GC Worker Start (ms): Min: 1550749.5, Avg: 1550749.7, Max: 1550749.8, Diff: 0.2]
      [Ext Root Scanning (ms): Min: 0.6, Avg: 0.8, Max: 1.3, Diff: 0.7, Sum: 3.2]
      [Update RS (ms): Min: 0.0, Avg: 0.2, Max: 0.3, Diff: 0.3, Sum: 0.7]
         [Processed Buffers: Min: 0, Avg: 8.3, Max: 14, Diff: 14, Sum: 33]
      [Scan RS (ms): Min: 0.0, Avg: 0.0, Max: 0.0, Diff: 0.0, Sum: 0.0]
      [Code Root Scanning (ms): Min: 0.0, Avg: 0.0, Max: 0.0, Diff: 0.0, Sum: 0.0]
      [Object Copy (ms): Min: 11.7, Avg: 11.9, Max: 12.0, Diff: 0.3, Sum: 47.7]
      [Termination (ms): Min: 0.0, Avg: 0.0, Max: 0.0, Diff: 0.0, Sum: 0.0]
         [Termination Attempts: Min: 1, Avg: 1.0, Max: 1, Diff: 0, Sum: 4]
      [GC Worker Other (ms): Min: 0.0, Avg: 0.0, Max: 0.0, Diff: 0.0, Sum: 0.1]
      [GC Worker Total (ms): Min: 12.8, Avg: 12.9, Max: 13.0, Diff: 0.2, Sum: 51.7]
      [GC Worker End (ms): Min: 1550762.6, Avg: 1550762.6, Max: 1550762.6, Diff: 0.0]
   [Code Root Fixup: 0.0 ms]
   [Code Root Purge: 0.0 ms]
   [Clear CT: 0.3 ms]
   [Other: 1.4 ms]
      [Choose CSet: 0.0 ms]
      [Ref Proc: 1.0 ms]
      [Ref Enq: 0.0 ms]
      [Redirty Cards: 0.3 ms]
      [Humongous Register: 0.0 ms]
      [Humongous Reclaim: 0.0 ms]
      [Free CSet: 0.0 ms]
   [Eden: 65.0M(65.0M)->0.0B(65.0M) Survivors: 1024.0K->1024.0K Heap: 112.6M(128.0M)->47.7M(128.0M)]
 [Times: user=0.00 sys=0.00, real=0.01 secs] 
2020-11-10T16:50:45.345+0800: 1554.829: [GC pause (G1 Evacuation Pause) (young), 0.0029006 secs]
   [Parallel Time: 1.4 ms, GC Workers: 4]
      [GC Worker Start (ms): Min: 1554828.8, Avg: 1554828.8, Max: 1554828.8, Diff: 0.1]
      [Ext Root Scanning (ms): Min: 0.7, Avg: 0.8, Max: 1.3, Diff: 0.6, Sum: 3.4]
      [Update RS (ms): Min: 0.0, Avg: 0.2, Max: 0.3, Diff: 0.3, Sum: 0.7]
         [Processed Buffers: Min: 0, Avg: 7.0, Max: 20, Diff: 20, Sum: 28]
      [Scan RS (ms): Min: 0.0, Avg: 0.0, Max: 0.0, Diff: 0.0, Sum: 0.0]
      [Code Root Scanning (ms): Min: 0.0, Avg: 0.0, Max: 0.0, Diff: 0.0, Sum: 0.0]
      [Object Copy (ms): Min: 0.0, Avg: 0.2, Max: 0.3, Diff: 0.3, Sum: 0.6]
      [Termination (ms): Min: 0.0, Avg: 0.1, Max: 0.1, Diff: 0.1, Sum: 0.2]
         [Termination Attempts: Min: 1, Avg: 1.0, Max: 1, Diff: 0, Sum: 4]
      [GC Worker Other (ms): Min: 0.0, Avg: 0.0, Max: 0.0, Diff: 0.0, Sum: 0.1]
      [GC Worker Total (ms): Min: 1.2, Avg: 1.3, Max: 1.3, Diff: 0.1, Sum: 5.0]
      [GC Worker End (ms): Min: 1554830.0, Avg: 1554830.0, Max: 1554830.1, Diff: 0.0]
   [Code Root Fixup: 0.0 ms]
   [Code Root Purge: 0.0 ms]
   [Clear CT: 0.3 ms]
   [Other: 1.2 ms]
      [Choose CSet: 0.0 ms]
      [Ref Proc: 0.9 ms]
      [Ref Enq: 0.0 ms]
      [Redirty Cards: 0.1 ms]
      [Humongous Register: 0.0 ms]
      [Humongous Reclaim: 0.0 ms]
      [Free CSet: 0.0 ms]
   [Eden: 65.0M(65.0M)->0.0B(65.0M) Survivors: 1024.0K->1024.0K Heap: 112.7M(128.0M)->47.8M(128.0M)]
 [Times: user=0.00 sys=0.00, real=0.00 secs] 
2020-11-10T16:50:49.426+0800: 1558.910: [GC pause (G1 Evacuation Pause) (young), 0.0792905 secs]
   [Parallel Time: 77.7 ms, GC Workers: 4]
      [GC Worker Start (ms): Min: 1558909.8, Avg: 1558909.8, Max: 1558909.8, Diff: 0.0]
      [Ext Root Scanning (ms): Min: 0.6, Avg: 0.8, Max: 1.3, Diff: 0.7, Sum: 3.2]
      [Update RS (ms): Min: 0.0, Avg: 0.2, Max: 0.2, Diff: 0.2, Sum: 0.7]
         [Processed Buffers: Min: 0, Avg: 8.0, Max: 23, Diff: 23, Sum: 32]
      [Scan RS (ms): Min: 0.0, Avg: 0.0, Max: 0.0, Diff: 0.0, Sum: 0.0]
      [Code Root Scanning (ms): Min: 0.0, Avg: 0.0, Max: 0.0, Diff: 0.0, Sum: 0.0]
      [Object Copy (ms): Min: 76.3, Avg: 76.6, Max: 76.7, Diff: 0.4, Sum: 306.3]
      [Termination (ms): Min: 0.0, Avg: 0.0, Max: 0.0, Diff: 0.0, Sum: 0.1]
         [Termination Attempts: Min: 1, Avg: 1.0, Max: 1, Diff: 0, Sum: 4]
      [GC Worker Other (ms): Min: 0.0, Avg: 0.0, Max: 0.0, Diff: 0.0, Sum: 0.0]
      [GC Worker Total (ms): Min: 77.6, Avg: 77.6, Max: 77.6, Diff: 0.0, Sum: 310.4]
      [GC Worker End (ms): Min: 1558987.4, Avg: 1558987.4, Max: 1558987.4, Diff: 0.0]
   [Code Root Fixup: 0.1 ms]
   [Code Root Purge: 0.0 ms]
   [Clear CT: 0.3 ms]
   [Other: 1.2 ms]
      [Choose CSet: 0.0 ms]
      [Ref Proc: 0.8 ms]
      [Ref Enq: 0.0 ms]
      [Redirty Cards: 0.3 ms]
      [Humongous Register: 0.0 ms]
      [Humongous Reclaim: 0.0 ms]
      [Free CSet: 0.0 ms]
   [Eden: 65.0M(65.0M)->0.0B(65.0M) Survivors: 1024.0K->1024.0K Heap: 112.8M(128.0M)->47.7M(128.0M)]
 [Times: user=0.00 sys=0.00, real=0.08 secs] 
2020-11-10T16:50:53.689+0800: 1563.172: [GC pause (G1 Evacuation Pause) (young), 0.0023474 secs]
   [Parallel Time: 1.3 ms, GC Workers: 4]
      [GC Worker Start (ms): Min: 1563172.4, Avg: 1563172.4, Max: 1563172.4, Diff: 0.0]
      [Ext Root Scanning (ms): Min: 0.6, Avg: 0.8, Max: 1.2, Diff: 0.7, Sum: 3.1]
      [Update RS (ms): Min: 0.0, Avg: 0.2, Max: 0.2, Diff: 0.2, Sum: 0.7]
         [Processed Buffers: Min: 0, Avg: 7.0, Max: 25, Diff: 25, Sum: 28]
      [Scan RS (ms): Min: 0.0, Avg: 0.0, Max: 0.0, Diff: 0.0, Sum: 0.0]
      [Code Root Scanning (ms): Min: 0.0, Avg: 0.0, Max: 0.0, Diff: 0.0, Sum: 0.0]
      [Object Copy (ms): Min: 0.0, Avg: 0.2, Max: 0.2, Diff: 0.2, Sum: 0.6]
      [Termination (ms): Min: 0.0, Avg: 0.1, Max: 0.2, Diff: 0.2, Sum: 0.5]
         [Termination Attempts: Min: 1, Avg: 1.0, Max: 1, Diff: 0, Sum: 4]
      [GC Worker Other (ms): Min: 0.0, Avg: 0.0, Max: 0.0, Diff: 0.0, Sum: 0.0]
      [GC Worker Total (ms): Min: 1.2, Avg: 1.2, Max: 1.3, Diff: 0.0, Sum: 5.0]
      [GC Worker End (ms): Min: 1563173.6, Avg: 1563173.6, Max: 1563173.6, Diff: 0.0]
   [Code Root Fixup: 0.0 ms]
   [Code Root Purge: 0.0 ms]
   [Clear CT: 0.0 ms]
   [Other: 1.0 ms]
      [Choose CSet: 0.0 ms]
      [Ref Proc: 0.7 ms]
      [Ref Enq: 0.0 ms]
      [Redirty Cards: 0.2 ms]
      [Humongous Register: 0.0 ms]
      [Humongous Reclaim: 0.0 ms]
      [Free CSet: 0.0 ms]
   [Eden: 65.0M(65.0M)->0.0B(65.0M) Survivors: 1024.0K->1024.0K Heap: 112.7M(128.0M)->47.7M(128.0M)]
 [Times: user=0.00 sys=0.00, real=0.00 secs] 
2020-11-10T16:50:57.649+0800: 1567.133: [GC pause (G1 Evacuation Pause) (young), 0.0368473 secs]
   [Parallel Time: 35.4 ms, GC Workers: 4]
      [GC Worker Start (ms): Min: 1567132.8, Avg: 1567132.9, Max: 1567132.9, Diff: 0.1]
      [Ext Root Scanning (ms): Min: 0.6, Avg: 0.8, Max: 1.3, Diff: 0.7, Sum: 3.3]
      [Update RS (ms): Min: 0.0, Avg: 0.2, Max: 0.2, Diff: 0.2, Sum: 0.7]
         [Processed Buffers: Min: 0, Avg: 8.8, Max: 15, Diff: 15, Sum: 35]
      [Scan RS (ms): Min: 0.0, Avg: 0.0, Max: 0.0, Diff: 0.0, Sum: 0.0]
      [Code Root Scanning (ms): Min: 0.0, Avg: 0.0, Max: 0.0, Diff: 0.0, Sum: 0.0]
      [Object Copy (ms): Min: 34.0, Avg: 34.3, Max: 34.4, Diff: 0.3, Sum: 137.0]
      [Termination (ms): Min: 0.0, Avg: 0.0, Max: 0.0, Diff: 0.0, Sum: 0.0]
         [Termination Attempts: Min: 1, Avg: 1.0, Max: 1, Diff: 0, Sum: 4]
      [GC Worker Other (ms): Min: 0.0, Avg: 0.0, Max: 0.0, Diff: 0.0, Sum: 0.1]
      [GC Worker Total (ms): Min: 35.2, Avg: 35.3, Max: 35.3, Diff: 0.1, Sum: 141.1]
      [GC Worker End (ms): Min: 1567168.2, Avg: 1567168.2, Max: 1567168.2, Diff: 0.0]
   [Code Root Fixup: 0.0 ms]
   [Code Root Purge: 0.0 ms]
   [Clear CT: 0.3 ms]
   [Other: 1.1 ms]
      [Choose CSet: 0.0 ms]
      [Ref Proc: 0.7 ms]
      [Ref Enq: 0.0 ms]
      [Redirty Cards: 0.3 ms]
      [Humongous Register: 0.0 ms]
      [Humongous Reclaim: 0.0 ms]
      [Free CSet: 0.0 ms]
   [Eden: 65.0M(65.0M)->0.0B(65.0M) Survivors: 1024.0K->1024.0K Heap: 112.7M(128.0M)->47.7M(128.0M)]
 [Times: user=0.00 sys=0.00, real=0.04 secs] 
2020-11-10T16:51:02.806+0800: 1572.289: [GC pause (G1 Evacuation Pause) (young), 0.0027805 secs]
   [Parallel Time: 1.3 ms, GC Workers: 4]
      [GC Worker Start (ms): Min: 1572289.2, Avg: 1572289.3, Max: 1572289.3, Diff: 0.1]
      [Ext Root Scanning (ms): Min: 0.6, Avg: 0.8, Max: 1.3, Diff: 0.6, Sum: 3.2]
      [Update RS (ms): Min: 0.0, Avg: 0.2, Max: 0.2, Diff: 0.2, Sum: 0.7]
         [Processed Buffers: Min: 0, Avg: 8.8, Max: 20, Diff: 20, Sum: 35]
      [Scan RS (ms): Min: 0.0, Avg: 0.0, Max: 0.0, Diff: 0.0, Sum: 0.0]
      [Code Root Scanning (ms): Min: 0.0, Avg: 0.0, Max: 0.0, Diff: 0.0, Sum: 0.0]
      [Object Copy (ms): Min: 0.0, Avg: 0.2, Max: 0.2, Diff: 0.2, Sum: 0.7]
      [Termination (ms): Min: 0.0, Avg: 0.1, Max: 0.1, Diff: 0.1, Sum: 0.2]
         [Termination Attempts: Min: 1, Avg: 1.0, Max: 1, Diff: 0, Sum: 4]
      [GC Worker Other (ms): Min: 0.0, Avg: 0.0, Max: 0.0, Diff: 0.0, Sum: 0.0]
      [GC Worker Total (ms): Min: 1.2, Avg: 1.2, Max: 1.3, Diff: 0.1, Sum: 4.9]
      [GC Worker End (ms): Min: 1572290.5, Avg: 1572290.5, Max: 1572290.5, Diff: 0.0]
   [Code Root Fixup: 0.0 ms]
   [Code Root Purge: 0.0 ms]
   [Clear CT: 0.2 ms]
   [Other: 1.2 ms]
      [Choose CSet: 0.0 ms]
      [Ref Proc: 0.8 ms]
      [Ref Enq: 0.0 ms]
      [Redirty Cards: 0.3 ms]
      [Humongous Register: 0.0 ms]
      [Humongous Reclaim: 0.0 ms]
      [Free CSet: 0.0 ms]
   [Eden: 65.0M(65.0M)->0.0B(65.0M) Survivors: 1024.0K->1024.0K Heap: 112.7M(128.0M)->47.8M(128.0M)]
 [Times: user=0.00 sys=0.00, real=0.00 secs] 
2020-11-10T16:51:06.407+0800: 1575.890: [GC pause (G1 Evacuation Pause) (young), 0.1248837 secs]
   [Parallel Time: 123.3 ms, GC Workers: 4]
      [GC Worker Start (ms): Min: 1575889.8, Avg: 1575889.8, Max: 1575889.9, Diff: 0.1]
      [Ext Root Scanning (ms): Min: 0.6, Avg: 0.8, Max: 1.2, Diff: 0.7, Sum: 3.1]
      [Update RS (ms): Min: 0.0, Avg: 0.2, Max: 0.3, Diff: 0.3, Sum: 0.8]
         [Processed Buffers: Min: 0, Avg: 6.8, Max: 13, Diff: 13, Sum: 27]
      [Scan RS (ms): Min: 0.0, Avg: 0.0, Max: 0.0, Diff: 0.0, Sum: 0.0]
      [Code Root Scanning (ms): Min: 0.0, Avg: 0.0, Max: 0.0, Diff: 0.0, Sum: 0.0]
      [Object Copy (ms): Min: 0.0, Avg: 61.2, Max: 122.2, Diff: 122.2, Sum: 244.7]
      [Termination (ms): Min: 0.0, Avg: 61.0, Max: 122.0, Diff: 122.0, Sum: 243.9]
         [Termination Attempts: Min: 1, Avg: 1.8, Max: 3, Diff: 2, Sum: 7]
      [GC Worker Other (ms): Min: 0.0, Avg: 0.0, Max: 0.0, Diff: 0.0, Sum: 0.0]
      [GC Worker Total (ms): Min: 123.1, Avg: 123.1, Max: 123.2, Diff: 0.1, Sum: 492.6]
      [GC Worker End (ms): Min: 1576013.0, Avg: 1576013.0, Max: 1576013.0, Diff: 0.0]
   [Code Root Fixup: 0.0 ms]
   [Code Root Purge: 0.0 ms]
   [Clear CT: 0.3 ms]
   [Other: 1.2 ms]
      [Choose CSet: 0.0 ms]
      [Ref Proc: 0.9 ms]
      [Ref Enq: 0.0 ms]
      [Redirty Cards: 0.2 ms]
      [Humongous Register: 0.0 ms]
      [Humongous Reclaim: 0.0 ms]
      [Free CSet: 0.0 ms]
   [Eden: 65.0M(65.0M)->0.0B(65.0M) Survivors: 1024.0K->1024.0K Heap: 112.8M(128.0M)->47.7M(128.0M)]
 [Times: user=0.22 sys=0.00, real=0.13 secs] 
2020-11-10T16:51:10.818+0800: 1580.301: [GC pause (G1 Evacuation Pause) (young), 0.0615123 secs]
   [Parallel Time: 60.1 ms, GC Workers: 4]
      [GC Worker Start (ms): Min: 1580301.5, Avg: 1580301.5, Max: 1580301.6, Diff: 0.1]
      [Ext Root Scanning (ms): Min: 0.6, Avg: 0.8, Max: 1.3, Diff: 0.6, Sum: 3.1]
      [Update RS (ms): Min: 0.0, Avg: 15.0, Max: 59.2, Diff: 59.2, Sum: 59.9]
         [Processed Buffers: Min: 0, Avg: 9.3, Max: 23, Diff: 23, Sum: 37]
      [Scan RS (ms): Min: 0.0, Avg: 0.0, Max: 0.0, Diff: 0.0, Sum: 0.0]
      [Code Root Scanning (ms): Min: 0.0, Avg: 0.0, Max: 0.0, Diff: 0.0, Sum: 0.0]
      [Object Copy (ms): Min: 0.1, Avg: 0.2, Max: 0.3, Diff: 0.2, Sum: 0.6]
      [Termination (ms): Min: 0.0, Avg: 44.0, Max: 58.7, Diff: 58.7, Sum: 176.0]
         [Termination Attempts: Min: 1, Avg: 2.0, Max: 3, Diff: 2, Sum: 8]
      [GC Worker Other (ms): Min: 0.0, Avg: 0.0, Max: 0.0, Diff: 0.0, Sum: 0.0]
      [GC Worker Total (ms): Min: 59.9, Avg: 59.9, Max: 60.0, Diff: 0.1, Sum: 239.7]
      [GC Worker End (ms): Min: 1580361.5, Avg: 1580361.5, Max: 1580361.5, Diff: 0.0]
   [Code Root Fixup: 0.0 ms]
   [Code Root Purge: 0.0 ms]
   [Clear CT: 0.3 ms]
   [Other: 1.1 ms]
      [Choose CSet: 0.0 ms]
      [Ref Proc: 0.7 ms]
      [Ref Enq: 0.0 ms]
      [Redirty Cards: 0.2 ms]
      [Humongous Register: 0.0 ms]
      [Humongous Reclaim: 0.0 ms]
      [Free CSet: 0.0 ms]
   [Eden: 65.0M(65.0M)->0.0B(65.0M) Survivors: 1024.0K->1024.0K Heap: 112.7M(128.0M)->47.8M(128.0M)]
 [Times: user=0.14 sys=0.00, real=0.06 secs] 
2020-11-10T16:51:15.018+0800: 1584.502: [GC pause (G1 Evacuation Pause) (young), 0.0483389 secs]
   [Parallel Time: 46.5 ms, GC Workers: 4]
      [GC Worker Start (ms): Min: 1584501.7, Avg: 1584501.8, Max: 1584501.8, Diff: 0.0]
      [Ext Root Scanning (ms): Min: 0.6, Avg: 0.8, Max: 1.4, Diff: 0.7, Sum: 3.3]
      [Update RS (ms): Min: 0.0, Avg: 0.2, Max: 0.3, Diff: 0.3, Sum: 0.7]
         [Processed Buffers: Min: 0, Avg: 8.0, Max: 22, Diff: 22, Sum: 32]
      [Scan RS (ms): Min: 0.0, Avg: 0.0, Max: 0.0, Diff: 0.0, Sum: 0.0]
      [Code Root Scanning (ms): Min: 0.0, Avg: 0.0, Max: 0.0, Diff: 0.0, Sum: 0.0]
      [Object Copy (ms): Min: 45.0, Avg: 45.3, Max: 45.5, Diff: 0.4, Sum: 181.4]
      [Termination (ms): Min: 0.0, Avg: 0.0, Max: 0.0, Diff: 0.0, Sum: 0.0]
         [Termination Attempts: Min: 1, Avg: 1.0, Max: 1, Diff: 0, Sum: 4]
      [GC Worker Other (ms): Min: 0.0, Avg: 0.0, Max: 0.0, Diff: 0.0, Sum: 0.1]
      [GC Worker Total (ms): Min: 46.4, Avg: 46.4, Max: 46.4, Diff: 0.0, Sum: 185.5]
      [GC Worker End (ms): Min: 1584548.1, Avg: 1584548.1, Max: 1584548.1, Diff: 0.0]
   [Code Root Fixup: 0.0 ms]
   [Code Root Purge: 0.0 ms]
   [Clear CT: 0.4 ms]
   [Other: 1.4 ms]
      [Choose CSet: 0.0 ms]
      [Ref Proc: 1.0 ms]
      [Ref Enq: 0.0 ms]
      [Redirty Cards: 0.2 ms]
      [Humongous Register: 0.0 ms]
      [Humongous Reclaim: 0.0 ms]
      [Free CSet: 0.0 ms]
   [Eden: 65.0M(65.0M)->0.0B(65.0M) Survivors: 1024.0K->1024.0K Heap: 112.8M(128.0M)->47.8M(128.0M)]
 [Times: user=0.00 sys=0.00, real=0.05 secs] 
2020-11-10T16:51:19.363+0800: 1588.846: [GC pause (G1 Evacuation Pause) (young), 0.0027951 secs]
   [Parallel Time: 1.5 ms, GC Workers: 4]
      [GC Worker Start (ms): Min: 1588846.1, Avg: 1588846.3, Max: 1588846.7, Diff: 0.6]
      [Ext Root Scanning (ms): Min: 0.4, Avg: 0.8, Max: 1.2, Diff: 0.8, Sum: 3.3]
      [Update RS (ms): Min: 0.1, Avg: 0.2, Max: 0.2, Diff: 0.2, Sum: 0.7]
         [Processed Buffers: Min: 2, Avg: 9.5, Max: 21, Diff: 19, Sum: 38]
      [Scan RS (ms): Min: 0.0, Avg: 0.0, Max: 0.0, Diff: 0.0, Sum: 0.0]
      [Code Root Scanning (ms): Min: 0.0, Avg: 0.0, Max: 0.0, Diff: 0.0, Sum: 0.0]
      [Object Copy (ms): Min: 0.1, Avg: 0.2, Max: 0.2, Diff: 0.1, Sum: 0.6]
      [Termination (ms): Min: 0.0, Avg: 0.0, Max: 0.0, Diff: 0.0, Sum: 0.0]
         [Termination Attempts: Min: 1, Avg: 1.0, Max: 1, Diff: 0, Sum: 4]
      [GC Worker Other (ms): Min: 0.0, Avg: 0.0, Max: 0.0, Diff: 0.0, Sum: 0.0]
      [GC Worker Total (ms): Min: 0.8, Avg: 1.2, Max: 1.4, Diff: 0.6, Sum: 4.8]
      [GC Worker End (ms): Min: 1588847.5, Avg: 1588847.5, Max: 1588847.5, Diff: 0.0]
   [Code Root Fixup: 0.0 ms]
   [Code Root Purge: 0.0 ms]
   [Clear CT: 0.3 ms]
   [Other: 1.0 ms]
      [Choose CSet: 0.0 ms]
      [Ref Proc: 0.7 ms]
      [Ref Enq: 0.0 ms]
      [Redirty Cards: 0.2 ms]
      [Humongous Register: 0.0 ms]
      [Humongous Reclaim: 0.0 ms]
      [Free CSet: 0.0 ms]
   [Eden: 65.0M(65.0M)->0.0B(65.0M) Survivors: 1024.0K->1024.0K Heap: 112.8M(128.0M)->47.7M(128.0M)]
 [Times: user=0.00 sys=0.00, real=0.00 secs] 
2020-11-10T16:51:24.138+0800: 1593.621: [GC pause (G1 Evacuation Pause) (young), 0.0499528 secs]
   [Parallel Time: 48.3 ms, GC Workers: 4]
      [GC Worker Start (ms): Min: 1593621.4, Avg: 1593621.5, Max: 1593621.6, Diff: 0.1]
      [Ext Root Scanning (ms): Min: 0.1, Avg: 0.7, Max: 1.8, Diff: 1.7, Sum: 2.8]
      [Update RS (ms): Min: 0.0, Avg: 0.2, Max: 0.7, Diff: 0.7, Sum: 0.7]
         [Processed Buffers: Min: 0, Avg: 8.3, Max: 33, Diff: 33, Sum: 33]
      [Scan RS (ms): Min: 0.0, Avg: 0.0, Max: 0.0, Diff: 0.0, Sum: 0.0]
      [Code Root Scanning (ms): Min: 0.0, Avg: 0.0, Max: 0.0, Diff: 0.0, Sum: 0.0]
      [Object Copy (ms): Min: 45.6, Avg: 47.3, Max: 48.0, Diff: 2.4, Sum: 189.1]
      [Termination (ms): Min: 0.0, Avg: 0.0, Max: 0.0, Diff: 0.0, Sum: 0.0]
         [Termination Attempts: Min: 1, Avg: 1.0, Max: 1, Diff: 0, Sum: 4]
      [GC Worker Other (ms): Min: 0.0, Avg: 0.0, Max: 0.0, Diff: 0.0, Sum: 0.1]
      [GC Worker Total (ms): Min: 48.1, Avg: 48.2, Max: 48.3, Diff: 0.1, Sum: 192.8]
      [GC Worker End (ms): Min: 1593669.7, Avg: 1593669.7, Max: 1593669.7, Diff: 0.0]
   [Code Root Fixup: 0.0 ms]
   [Code Root Purge: 0.0 ms]
   [Clear CT: 0.3 ms]
   [Other: 1.3 ms]
      [Choose CSet: 0.0 ms]
      [Ref Proc: 0.8 ms]
      [Ref Enq: 0.0 ms]
      [Redirty Cards: 0.4 ms]
      [Humongous Register: 0.0 ms]
      [Humongous Reclaim: 0.0 ms]
      [Free CSet: 0.0 ms]
   [Eden: 65.0M(65.0M)->0.0B(65.0M) Survivors: 1024.0K->1024.0K Heap: 112.7M(128.0M)->47.8M(128.0M)]
 [Times: user=0.00 sys=0.00, real=0.05 secs] 
2020-11-10T16:51:28.880+0800: 1598.363: [GC pause (G1 Evacuation Pause) (young), 0.0460692 secs]
   [Parallel Time: 44.6 ms, GC Workers: 4]
      [GC Worker Start (ms): Min: 1598362.9, Avg: 1598363.0, Max: 1598363.0, Diff: 0.1]
      [Ext Root Scanning (ms): Min: 0.6, Avg: 0.8, Max: 1.2, Diff: 0.6, Sum: 3.1]
      [Update RS (ms): Min: 0.0, Avg: 6.1, Max: 24.0, Diff: 24.0, Sum: 24.5]
         [Processed Buffers: Min: 0, Avg: 7.8, Max: 25, Diff: 25, Sum: 31]
      [Scan RS (ms): Min: 0.0, Avg: 0.0, Max: 0.0, Diff: 0.0, Sum: 0.0]
      [Code Root Scanning (ms): Min: 0.0, Avg: 0.0, Max: 0.0, Diff: 0.0, Sum: 0.0]
      [Object Copy (ms): Min: 0.1, Avg: 21.8, Max: 43.6, Diff: 43.5, Sum: 87.3]
      [Termination (ms): Min: 0.0, Avg: 15.8, Max: 43.2, Diff: 43.2, Sum: 63.1]
         [Termination Attempts: Min: 1, Avg: 1.0, Max: 1, Diff: 0, Sum: 4]
      [GC Worker Other (ms): Min: 0.0, Avg: 0.0, Max: 0.0, Diff: 0.0, Sum: 0.0]
      [GC Worker Total (ms): Min: 44.5, Avg: 44.5, Max: 44.6, Diff: 0.1, Sum: 178.1]
      [GC Worker End (ms): Min: 1598407.5, Avg: 1598407.5, Max: 1598407.5, Diff: 0.0]
   [Code Root Fixup: 0.0 ms]
   [Code Root Purge: 0.0 ms]
   [Clear CT: 0.1 ms]
   [Other: 1.3 ms]
      [Choose CSet: 0.0 ms]
      [Ref Proc: 0.9 ms]
      [Ref Enq: 0.0 ms]
      [Redirty Cards: 0.3 ms]
      [Humongous Register: 0.0 ms]
      [Humongous Reclaim: 0.0 ms]
      [Free CSet: 0.1 ms]
   [Eden: 65.0M(65.0M)->0.0B(65.0M) Survivors: 1024.0K->1024.0K Heap: 112.8M(128.0M)->47.8M(128.0M)]
 [Times: user=0.05 sys=0.00, real=0.05 secs] 
2020-11-10T16:51:34.514+0800: 1603.998: [GC pause (G1 Evacuation Pause) (young), 0.0026781 secs]
   [Parallel Time: 1.5 ms, GC Workers: 4]
      [GC Worker Start (ms): Min: 1603997.9, Avg: 1603997.9, Max: 1603998.0, Diff: 0.1]
      [Ext Root Scanning (ms): Min: 0.6, Avg: 0.8, Max: 1.3, Diff: 0.7, Sum: 3.2]
      [Update RS (ms): Min: 0.0, Avg: 0.2, Max: 0.2, Diff: 0.2, Sum: 0.6]
         [Processed Buffers: Min: 0, Avg: 8.3, Max: 26, Diff: 26, Sum: 33]
      [Scan RS (ms): Min: 0.0, Avg: 0.0, Max: 0.0, Diff: 0.0, Sum: 0.0]
      [Code Root Scanning (ms): Min: 0.0, Avg: 0.0, Max: 0.0, Diff: 0.0, Sum: 0.0]
      [Object Copy (ms): Min: 0.0, Avg: 0.1, Max: 0.2, Diff: 0.2, Sum: 0.5]
      [Termination (ms): Min: 0.0, Avg: 0.1, Max: 0.1, Diff: 0.1, Sum: 0.4]
         [Termination Attempts: Min: 1, Avg: 1.0, Max: 1, Diff: 0, Sum: 4]
      [GC Worker Other (ms): Min: 0.0, Avg: 0.0, Max: 0.0, Diff: 0.0, Sum: 0.1]
      [GC Worker Total (ms): Min: 1.1, Avg: 1.2, Max: 1.3, Diff: 0.1, Sum: 4.8]
      [GC Worker End (ms): Min: 1603999.1, Avg: 1603999.1, Max: 1603999.2, Diff: 0.0]
   [Code Root Fixup: 0.0 ms]
   [Code Root Purge: 0.0 ms]
   [Clear CT: 0.2 ms]
   [Other: 0.9 ms]
      [Choose CSet: 0.0 ms]
      [Ref Proc: 0.7 ms]
      [Ref Enq: 0.0 ms]
      [Redirty Cards: 0.1 ms]
      [Humongous Register: 0.0 ms]
      [Humongous Reclaim: 0.0 ms]
      [Free CSet: 0.0 ms]
   [Eden: 65.0M(65.0M)->0.0B(65.0M) Survivors: 1024.0K->1024.0K Heap: 112.8M(128.0M)->47.7M(128.0M)]
 [Times: user=0.00 sys=0.02, real=0.00 secs] 
2020-11-10T16:51:39.152+0800: 1608.635: [GC pause (G1 Evacuation Pause) (young), 0.0045078 secs]
   [Parallel Time: 3.0 ms, GC Workers: 4]
      [GC Worker Start (ms): Min: 1608635.2, Avg: 1608635.2, Max: 1608635.3, Diff: 0.1]
      [Ext Root Scanning (ms): Min: 0.6, Avg: 1.1, Max: 2.7, Diff: 2.2, Sum: 4.6]
      [Update RS (ms): Min: 0.0, Avg: 0.3, Max: 0.5, Diff: 0.5, Sum: 1.3]
         [Processed Buffers: Min: 0, Avg: 10.0, Max: 20, Diff: 20, Sum: 40]
      [Scan RS (ms): Min: 0.0, Avg: 0.0, Max: 0.0, Diff: 0.0, Sum: 0.0]
      [Code Root Scanning (ms): Min: 0.0, Avg: 0.0, Max: 0.0, Diff: 0.0, Sum: 0.0]
      [Object Copy (ms): Min: 0.0, Avg: 0.1, Max: 0.2, Diff: 0.2, Sum: 0.6]
      [Termination (ms): Min: 0.0, Avg: 1.1, Max: 1.4, Diff: 1.4, Sum: 4.3]
         [Termination Attempts: Min: 1, Avg: 1.0, Max: 1, Diff: 0, Sum: 4]
      [GC Worker Other (ms): Min: 0.0, Avg: 0.0, Max: 0.0, Diff: 0.0, Sum: 0.1]
      [GC Worker Total (ms): Min: 2.6, Avg: 2.7, Max: 2.7, Diff: 0.1, Sum: 10.8]
      [GC Worker End (ms): Min: 1608637.9, Avg: 1608637.9, Max: 1608637.9, Diff: 0.0]
   [Code Root Fixup: 0.0 ms]
   [Code Root Purge: 0.0 ms]
   [Clear CT: 0.3 ms]
   [Other: 1.2 ms]
      [Choose CSet: 0.0 ms]
      [Ref Proc: 0.7 ms]
      [Ref Enq: 0.0 ms]
      [Redirty Cards: 0.3 ms]
      [Humongous Register: 0.0 ms]
      [Humongous Reclaim: 0.0 ms]
      [Free CSet: 0.0 ms]
   [Eden: 65.0M(65.0M)->0.0B(65.0M) Survivors: 1024.0K->1024.0K Heap: 112.7M(128.0M)->47.8M(128.0M)]
 [Times: user=0.00 sys=0.00, real=0.00 secs] 
2020-11-10T16:51:43.366+0800: 1612.850: [GC pause (G1 Evacuation Pause) (young), 0.0028875 secs]
   [Parallel Time: 1.4 ms, GC Workers: 4]
      [GC Worker Start (ms): Min: 1612849.8, Avg: 1612849.9, Max: 1612849.9, Diff: 0.1]
      [Ext Root Scanning (ms): Min: 0.7, Avg: 0.9, Max: 1.3, Diff: 0.6, Sum: 3.5]
      [Update RS (ms): Min: 0.0, Avg: 0.2, Max: 0.3, Diff: 0.3, Sum: 0.7]
         [Processed Buffers: Min: 0, Avg: 8.0, Max: 16, Diff: 16, Sum: 32]
      [Scan RS (ms): Min: 0.0, Avg: 0.0, Max: 0.0, Diff: 0.0, Sum: 0.0]
      [Code Root Scanning (ms): Min: 0.0, Avg: 0.0, Max: 0.0, Diff: 0.0, Sum: 0.0]
      [Object Copy (ms): Min: 0.0, Avg: 0.1, Max: 0.2, Diff: 0.2, Sum: 0.5]
      [Termination (ms): Min: 0.0, Avg: 0.1, Max: 0.1, Diff: 0.1, Sum: 0.4]
         [Termination Attempts: Min: 1, Avg: 1.0, Max: 1, Diff: 0, Sum: 4]
      [GC Worker Other (ms): Min: 0.0, Avg: 0.0, Max: 0.0, Diff: 0.0, Sum: 0.0]
      [GC Worker Total (ms): Min: 1.3, Avg: 1.3, Max: 1.4, Diff: 0.1, Sum: 5.2]
      [GC Worker End (ms): Min: 1612851.2, Avg: 1612851.2, Max: 1612851.2, Diff: 0.0]
   [Code Root Fixup: 0.0 ms]
   [Code Root Purge: 0.0 ms]
   [Clear CT: 0.3 ms]
   [Other: 1.2 ms]
      [Choose CSet: 0.0 ms]
      [Ref Proc: 0.7 ms]
      [Ref Enq: 0.0 ms]
      [Redirty Cards: 0.3 ms]
      [Humongous Register: 0.0 ms]
      [Humongous Reclaim: 0.0 ms]
      [Free CSet: 0.0 ms]
   [Eden: 65.0M(65.0M)->0.0B(65.0M) Survivors: 1024.0K->1024.0K Heap: 112.8M(128.0M)->47.8M(128.0M)]
 [Times: user=0.00 sys=0.00, real=0.00 secs] 
2020-11-10T16:51:47.387+0800: 1616.870: [GC pause (G1 Evacuation Pause) (young), 0.0030085 secs]
   [Parallel Time: 1.3 ms, GC Workers: 4]
      [GC Worker Start (ms): Min: 1616870.5, Avg: 1616870.6, Max: 1616870.6, Diff: 0.1]
      [Ext Root Scanning (ms): Min: 0.7, Avg: 0.8, Max: 1.3, Diff: 0.6, Sum: 3.3]
      [Update RS (ms): Min: 0.0, Avg: 0.2, Max: 0.3, Diff: 0.3, Sum: 0.8]
         [Processed Buffers: Min: 0, Avg: 7.3, Max: 17, Diff: 17, Sum: 29]
      [Scan RS (ms): Min: 0.0, Avg: 0.0, Max: 0.0, Diff: 0.0, Sum: 0.0]
      [Code Root Scanning (ms): Min: 0.0, Avg: 0.0, Max: 0.0, Diff: 0.0, Sum: 0.0]
      [Object Copy (ms): Min: 0.0, Avg: 0.2, Max: 0.2, Diff: 0.2, Sum: 0.6]
      [Termination (ms): Min: 0.0, Avg: 0.0, Max: 0.0, Diff: 0.0, Sum: 0.1]
         [Termination Attempts: Min: 1, Avg: 1.0, Max: 1, Diff: 0, Sum: 4]
      [GC Worker Other (ms): Min: 0.0, Avg: 0.0, Max: 0.0, Diff: 0.0, Sum: 0.0]
      [GC Worker Total (ms): Min: 1.2, Avg: 1.2, Max: 1.3, Diff: 0.1, Sum: 4.9]
      [GC Worker End (ms): Min: 1616871.8, Avg: 1616871.8, Max: 1616871.8, Diff: 0.0]
   [Code Root Fixup: 0.0 ms]
   [Code Root Purge: 0.0 ms]
   [Clear CT: 0.3 ms]
   [Other: 1.3 ms]
      [Choose CSet: 0.0 ms]
      [Ref Proc: 1.0 ms]
      [Ref Enq: 0.0 ms]
      [Redirty Cards: 0.1 ms]
      [Humongous Register: 0.0 ms]
      [Humongous Reclaim: 0.0 ms]
      [Free CSet: 0.0 ms]
   [Eden: 65.0M(65.0M)->0.0B(65.0M) Survivors: 1024.0K->1024.0K Heap: 112.8M(128.0M)->47.8M(128.0M)]
 [Times: user=0.00 sys=0.00, real=0.00 secs] 
2020-11-10T16:51:51.649+0800: 1621.133: [GC pause (G1 Evacuation Pause) (young), 0.0027102 secs]
   [Parallel Time: 1.4 ms, GC Workers: 4]
      [GC Worker Start (ms): Min: 1621132.8, Avg: 1621132.9, Max: 1621132.9, Diff: 0.1]
      [Ext Root Scanning (ms): Min: 0.6, Avg: 0.8, Max: 1.2, Diff: 0.6, Sum: 3.1]
      [Update RS (ms): Min: 0.0, Avg: 0.2, Max: 0.3, Diff: 0.3, Sum: 0.8]
         [Processed Buffers: Min: 0, Avg: 8.3, Max: 18, Diff: 18, Sum: 33]
      [Scan RS (ms): Min: 0.0, Avg: 0.0, Max: 0.0, Diff: 0.0, Sum: 0.0]
      [Code Root Scanning (ms): Min: 0.0, Avg: 0.0, Max: 0.0, Diff: 0.0, Sum: 0.0]
      [Object Copy (ms): Min: 0.0, Avg: 0.2, Max: 0.2, Diff: 0.2, Sum: 0.6]
      [Termination (ms): Min: 0.0, Avg: 0.0, Max: 0.1, Diff: 0.1, Sum: 0.2]
         [Termination Attempts: Min: 1, Avg: 1.0, Max: 1, Diff: 0, Sum: 4]
      [GC Worker Other (ms): Min: 0.0, Avg: 0.0, Max: 0.0, Diff: 0.0, Sum: 0.0]
      [GC Worker Total (ms): Min: 1.1, Avg: 1.2, Max: 1.2, Diff: 0.1, Sum: 4.7]
      [GC Worker End (ms): Min: 1621134.1, Avg: 1621134.1, Max: 1621134.1, Diff: 0.0]
   [Code Root Fixup: 0.0 ms]
   [Code Root Purge: 0.0 ms]
   [Clear CT: 0.3 ms]
   [Other: 1.0 ms]
      [Choose CSet: 0.0 ms]
      [Ref Proc: 0.8 ms]
      [Ref Enq: 0.0 ms]
      [Redirty Cards: 0.2 ms]
      [Humongous Register: 0.0 ms]
      [Humongous Reclaim: 0.0 ms]
      [Free CSet: 0.0 ms]
   [Eden: 65.0M(65.0M)->0.0B(65.0M) Survivors: 1024.0K->1024.0K Heap: 112.8M(128.0M)->47.9M(128.0M)]
 [Times: user=0.00 sys=0.00, real=0.00 secs] 
2020-11-10T16:51:56.056+0800: 1625.539: [GC pause (G1 Evacuation Pause) (young), 0.0030019 secs]
   [Parallel Time: 1.5 ms, GC Workers: 4]
      [GC Worker Start (ms): Min: 1625538.9, Avg: 1625539.0, Max: 1625539.1, Diff: 0.1]
      [Ext Root Scanning (ms): Min: 0.6, Avg: 0.8, Max: 1.2, Diff: 0.6, Sum: 3.1]
      [Update RS (ms): Min: 0.0, Avg: 0.2, Max: 0.3, Diff: 0.3, Sum: 0.7]
         [Processed Buffers: Min: 0, Avg: 7.3, Max: 21, Diff: 21, Sum: 29]
      [Scan RS (ms): Min: 0.0, Avg: 0.0, Max: 0.0, Diff: 0.0, Sum: 0.0]
      [Code Root Scanning (ms): Min: 0.0, Avg: 0.0, Max: 0.0, Diff: 0.0, Sum: 0.0]
      [Object Copy (ms): Min: 0.1, Avg: 0.3, Max: 0.4, Diff: 0.3, Sum: 1.2]
      [Termination (ms): Min: 0.0, Avg: 0.0, Max: 0.0, Diff: 0.0, Sum: 0.1]
         [Termination Attempts: Min: 1, Avg: 1.0, Max: 1, Diff: 0, Sum: 4]
      [GC Worker Other (ms): Min: 0.0, Avg: 0.0, Max: 0.0, Diff: 0.0, Sum: 0.0]
      [GC Worker Total (ms): Min: 1.2, Avg: 1.3, Max: 1.4, Diff: 0.1, Sum: 5.2]
      [GC Worker End (ms): Min: 1625540.3, Avg: 1625540.3, Max: 1625540.3, Diff: 0.0]
   [Code Root Fixup: 0.0 ms]
   [Code Root Purge: 0.0 ms]
   [Clear CT: 0.2 ms]
   [Other: 1.3 ms]
      [Choose CSet: 0.0 ms]
      [Ref Proc: 0.9 ms]
      [Ref Enq: 0.0 ms]
      [Redirty Cards: 0.3 ms]
      [Humongous Register: 0.0 ms]
      [Humongous Reclaim: 0.0 ms]
      [Free CSet: 0.0 ms]
   [Eden: 65.0M(65.0M)->0.0B(65.0M) Survivors: 1024.0K->1024.0K Heap: 112.9M(128.0M)->47.9M(128.0M)]
 [Times: user=0.00 sys=0.00, real=0.00 secs] 
2020-11-10T16:51:59.986+0800: 1629.469: [GC pause (G1 Evacuation Pause) (young), 0.0031028 secs]
   [Parallel Time: 1.5 ms, GC Workers: 4]
      [GC Worker Start (ms): Min: 1629468.9, Avg: 1629468.9, Max: 1629469.0, Diff: 0.1]
      [Ext Root Scanning (ms): Min: 0.6, Avg: 0.8, Max: 1.3, Diff: 0.7, Sum: 3.2]
      [Update RS (ms): Min: 0.0, Avg: 0.2, Max: 0.3, Diff: 0.3, Sum: 0.8]
         [Processed Buffers: Min: 0, Avg: 8.5, Max: 18, Diff: 18, Sum: 34]
      [Scan RS (ms): Min: 0.0, Avg: 0.0, Max: 0.0, Diff: 0.0, Sum: 0.0]
      [Code Root Scanning (ms): Min: 0.0, Avg: 0.0, Max: 0.0, Diff: 0.0, Sum: 0.0]
      [Object Copy (ms): Min: 0.0, Avg: 0.1, Max: 0.2, Diff: 0.2, Sum: 0.6]
      [Termination (ms): Min: 0.0, Avg: 0.1, Max: 0.1, Diff: 0.1, Sum: 0.2]
         [Termination Attempts: Min: 1, Avg: 1.0, Max: 1, Diff: 0, Sum: 4]
      [GC Worker Other (ms): Min: 0.0, Avg: 0.0, Max: 0.0, Diff: 0.0, Sum: 0.1]
      [GC Worker Total (ms): Min: 1.1, Avg: 1.2, Max: 1.3, Diff: 0.1, Sum: 4.8]
      [GC Worker End (ms): Min: 1629470.1, Avg: 1629470.1, Max: 1629470.2, Diff: 0.0]
   [Code Root Fixup: 0.0 ms]
   [Code Root Purge: 0.0 ms]
   [Clear CT: 0.3 ms]
   [Other: 1.2 ms]
      [Choose CSet: 0.0 ms]
      [Ref Proc: 0.7 ms]
      [Ref Enq: 0.0 ms]
      [Redirty Cards: 0.3 ms]
      [Humongous Register: 0.0 ms]
      [Humongous Reclaim: 0.0 ms]
      [Free CSet: 0.0 ms]
   [Eden: 65.0M(65.0M)->0.0B(65.0M) Survivors: 1024.0K->1024.0K Heap: 112.9M(128.0M)->47.8M(128.0M)]
 [Times: user=0.00 sys=0.00, real=0.00 secs] 
2020-11-10T16:52:04.099+0800: 1633.582: [GC pause (G1 Evacuation Pause) (young), 0.0029637 secs]
   [Parallel Time: 1.5 ms, GC Workers: 4]
      [GC Worker Start (ms): Min: 1633581.7, Avg: 1633581.8, Max: 1633581.9, Diff: 0.1]
      [Ext Root Scanning (ms): Min: 0.6, Avg: 0.8, Max: 1.2, Diff: 0.6, Sum: 3.1]
      [Update RS (ms): Min: 0.0, Avg: 0.2, Max: 0.2, Diff: 0.2, Sum: 0.6]
         [Processed Buffers: Min: 0, Avg: 7.3, Max: 23, Diff: 23, Sum: 29]
      [Scan RS (ms): Min: 0.0, Avg: 0.0, Max: 0.0, Diff: 0.0, Sum: 0.0]
      [Code Root Scanning (ms): Min: 0.0, Avg: 0.0, Max: 0.0, Diff: 0.0, Sum: 0.0]
      [Object Copy (ms): Min: 0.0, Avg: 0.2, Max: 0.3, Diff: 0.3, Sum: 0.8]
      [Termination (ms): Min: 0.0, Avg: 0.0, Max: 0.1, Diff: 0.1, Sum: 0.1]
         [Termination Attempts: Min: 1, Avg: 1.0, Max: 1, Diff: 0, Sum: 4]
      [GC Worker Other (ms): Min: 0.0, Avg: 0.0, Max: 0.0, Diff: 0.0, Sum: 0.0]
      [GC Worker Total (ms): Min: 1.1, Avg: 1.2, Max: 1.2, Diff: 0.1, Sum: 4.7]
      [GC Worker End (ms): Min: 1633583.0, Avg: 1633583.0, Max: 1633583.0, Diff: 0.0]
   [Code Root Fixup: 0.0 ms]
   [Code Root Purge: 0.0 ms]
   [Clear CT: 0.3 ms]
   [Other: 1.2 ms]
      [Choose CSet: 0.0 ms]
      [Ref Proc: 0.9 ms]
      [Ref Enq: 0.0 ms]
      [Redirty Cards: 0.2 ms]
      [Humongous Register: 0.0 ms]
      [Humongous Reclaim: 0.0 ms]
      [Free CSet: 0.0 ms]
   [Eden: 65.0M(65.0M)->0.0B(65.0M) Survivors: 1024.0K->1024.0K Heap: 112.8M(128.0M)->47.9M(128.0M)]
 [Times: user=0.00 sys=0.00, real=0.00 secs] 
2020-11-10T16:52:07.457+0800: 1636.940: [GC pause (G1 Evacuation Pause) (young), 0.0031507 secs]
   [Parallel Time: 1.6 ms, GC Workers: 4]
      [GC Worker Start (ms): Min: 1636939.8, Avg: 1636939.9, Max: 1636939.9, Diff: 0.1]
      [Ext Root Scanning (ms): Min: 0.6, Avg: 0.8, Max: 1.4, Diff: 0.7, Sum: 3.4]
      [Update RS (ms): Min: 0.0, Avg: 0.4, Max: 0.6, Diff: 0.6, Sum: 1.4]
         [Processed Buffers: Min: 0, Avg: 8.3, Max: 20, Diff: 20, Sum: 33]
      [Scan RS (ms): Min: 0.0, Avg: 0.0, Max: 0.0, Diff: 0.0, Sum: 0.0]
      [Code Root Scanning (ms): Min: 0.0, Avg: 0.0, Max: 0.0, Diff: 0.0, Sum: 0.0]
      [Object Copy (ms): Min: 0.2, Avg: 0.2, Max: 0.4, Diff: 0.2, Sum: 1.0]
      [Termination (ms): Min: 0.0, Avg: 0.0, Max: 0.0, Diff: 0.0, Sum: 0.0]
         [Termination Attempts: Min: 1, Avg: 1.0, Max: 1, Diff: 0, Sum: 4]
      [GC Worker Other (ms): Min: 0.0, Avg: 0.0, Max: 0.0, Diff: 0.0, Sum: 0.0]
      [GC Worker Total (ms): Min: 1.4, Avg: 1.5, Max: 1.5, Diff: 0.1, Sum: 5.9]
      [GC Worker End (ms): Min: 1636941.4, Avg: 1636941.4, Max: 1636941.4, Diff: 0.0]
   [Code Root Fixup: 0.0 ms]
   [Code Root Purge: 0.0 ms]
   [Clear CT: 0.3 ms]
   [Other: 1.2 ms]
      [Choose CSet: 0.0 ms]
      [Ref Proc: 0.8 ms]
      [Ref Enq: 0.0 ms]
      [Redirty Cards: 0.2 ms]
      [Humongous Register: 0.0 ms]
      [Humongous Reclaim: 0.0 ms]
      [Free CSet: 0.0 ms]
   [Eden: 65.0M(65.0M)->0.0B(65.0M) Survivors: 1024.0K->1024.0K Heap: 112.9M(128.0M)->48.0M(128.0M)]
 [Times: user=0.00 sys=0.00, real=0.00 secs] 
2020-11-10T16:52:11.776+0800: 1641.259: [GC pause (G1 Evacuation Pause) (young), 0.0029562 secs]
   [Parallel Time: 1.4 ms, GC Workers: 4]
      [GC Worker Start (ms): Min: 1641259.2, Avg: 1641259.2, Max: 1641259.3, Diff: 0.1]
      [Ext Root Scanning (ms): Min: 0.6, Avg: 0.8, Max: 1.3, Diff: 0.7, Sum: 3.3]
      [Update RS (ms): Min: 0.0, Avg: 0.2, Max: 0.3, Diff: 0.3, Sum: 0.9]
         [Processed Buffers: Min: 0, Avg: 8.3, Max: 17, Diff: 17, Sum: 33]
      [Scan RS (ms): Min: 0.0, Avg: 0.0, Max: 0.0, Diff: 0.0, Sum: 0.1]
      [Code Root Scanning (ms): Min: 0.0, Avg: 0.0, Max: 0.0, Diff: 0.0, Sum: 0.0]
      [Object Copy (ms): Min: 0.0, Avg: 0.2, Max: 0.3, Diff: 0.3, Sum: 0.9]
      [Termination (ms): Min: 0.0, Avg: 0.0, Max: 0.0, Diff: 0.0, Sum: 0.0]
         [Termination Attempts: Min: 1, Avg: 1.0, Max: 1, Diff: 0, Sum: 4]
      [GC Worker Other (ms): Min: 0.0, Avg: 0.0, Max: 0.0, Diff: 0.0, Sum: 0.1]
      [GC Worker Total (ms): Min: 1.3, Avg: 1.3, Max: 1.4, Diff: 0.1, Sum: 5.2]
      [GC Worker End (ms): Min: 1641260.5, Avg: 1641260.5, Max: 1641260.5, Diff: 0.0]
   [Code Root Fixup: 0.0 ms]
   [Code Root Purge: 0.0 ms]
   [Clear CT: 0.3 ms]
   [Other: 1.2 ms]
      [Choose CSet: 0.0 ms]
      [Ref Proc: 0.7 ms]
      [Ref Enq: 0.0 ms]
      [Redirty Cards: 0.3 ms]
      [Humongous Register: 0.0 ms]
      [Humongous Reclaim: 0.0 ms]
      [Free CSet: 0.0 ms]
   [Eden: 65.0M(65.0M)->0.0B(65.0M) Survivors: 1024.0K->1024.0K Heap: 113.0M(128.0M)->48.1M(128.0M)]
 [Times: user=0.00 sys=0.00, real=0.00 secs] 
2020-11-10T16:52:17.241+0800: 1646.724: [GC pause (G1 Evacuation Pause) (young), 0.0034617 secs]
   [Parallel Time: 2.2 ms, GC Workers: 4]
      [GC Worker Start (ms): Min: 1646724.6, Avg: 1646724.6, Max: 1646724.6, Diff: 0.1]
      [Ext Root Scanning (ms): Min: 0.9, Avg: 1.2, Max: 1.9, Diff: 1.1, Sum: 5.0]
      [Update RS (ms): Min: 0.0, Avg: 0.4, Max: 0.6, Diff: 0.6, Sum: 1.6]
         [Processed Buffers: Min: 0, Avg: 9.3, Max: 18, Diff: 18, Sum: 37]
      [Scan RS (ms): Min: 0.0, Avg: 0.0, Max: 0.0, Diff: 0.0, Sum: 0.1]
      [Code Root Scanning (ms): Min: 0.0, Avg: 0.0, Max: 0.0, Diff: 0.0, Sum: 0.0]
      [Object Copy (ms): Min: 0.1, Avg: 0.4, Max: 0.6, Diff: 0.5, Sum: 1.6]
      [Termination (ms): Min: 0.0, Avg: 0.0, Max: 0.1, Diff: 0.1, Sum: 0.1]
         [Termination Attempts: Min: 1, Avg: 1.0, Max: 1, Diff: 0, Sum: 4]
      [GC Worker Other (ms): Min: 0.0, Avg: 0.0, Max: 0.0, Diff: 0.0, Sum: 0.0]
      [GC Worker Total (ms): Min: 2.1, Avg: 2.1, Max: 2.1, Diff: 0.1, Sum: 8.5]
      [GC Worker End (ms): Min: 1646726.7, Avg: 1646726.7, Max: 1646726.7, Diff: 0.0]
   [Code Root Fixup: 0.0 ms]
   [Code Root Purge: 0.0 ms]
   [Clear CT: 0.1 ms]
   [Other: 1.1 ms]
      [Choose CSet: 0.0 ms]
      [Ref Proc: 0.8 ms]
      [Ref Enq: 0.0 ms]
      [Redirty Cards: 0.1 ms]
      [Humongous Register: 0.0 ms]
      [Humongous Reclaim: 0.0 ms]
      [Free CSet: 0.0 ms]
   [Eden: 65.0M(65.0M)->0.0B(65.0M) Survivors: 1024.0K->1024.0K Heap: 113.1M(128.0M)->48.0M(128.0M)]
 [Times: user=0.00 sys=0.00, real=0.00 secs] 
2020-11-10T16:52:23.024+0800: 1652.507: [GC pause (G1 Evacuation Pause) (young), 0.0027078 secs]
   [Parallel Time: 1.5 ms, GC Workers: 4]
      [GC Worker Start (ms): Min: 1652507.6, Avg: 1652507.6, Max: 1652507.7, Diff: 0.1]
      [Ext Root Scanning (ms): Min: 0.6, Avg: 0.8, Max: 1.3, Diff: 0.6, Sum: 3.3]
      [Update RS (ms): Min: 0.0, Avg: 0.2, Max: 0.3, Diff: 0.3, Sum: 0.9]
         [Processed Buffers: Min: 0, Avg: 9.5, Max: 31, Diff: 31, Sum: 38]
      [Scan RS (ms): Min: 0.0, Avg: 0.0, Max: 0.0, Diff: 0.0, Sum: 0.0]
      [Code Root Scanning (ms): Min: 0.0, Avg: 0.0, Max: 0.0, Diff: 0.0, Sum: 0.0]
      [Object Copy (ms): Min: 0.1, Avg: 0.2, Max: 0.3, Diff: 0.2, Sum: 1.0]
      [Termination (ms): Min: 0.0, Avg: 0.0, Max: 0.0, Diff: 0.0, Sum: 0.1]
         [Termination Attempts: Min: 1, Avg: 1.8, Max: 2, Diff: 1, Sum: 7]
      [GC Worker Other (ms): Min: 0.0, Avg: 0.0, Max: 0.0, Diff: 0.0, Sum: 0.0]
      [GC Worker Total (ms): Min: 1.3, Avg: 1.3, Max: 1.4, Diff: 0.1, Sum: 5.4]
      [GC Worker End (ms): Min: 1652509.0, Avg: 1652509.0, Max: 1652509.0, Diff: 0.0]
   [Code Root Fixup: 0.0 ms]
   [Code Root Purge: 0.0 ms]
   [Clear CT: 0.3 ms]
   [Other: 0.9 ms]
      [Choose CSet: 0.0 ms]
      [Ref Proc: 0.7 ms]
      [Ref Enq: 0.0 ms]
      [Redirty Cards: 0.1 ms]
      [Humongous Register: 0.0 ms]
      [Humongous Reclaim: 0.0 ms]
      [Free CSet: 0.0 ms]
   [Eden: 65.0M(65.0M)->0.0B(65.0M) Survivors: 1024.0K->1024.0K Heap: 113.0M(128.0M)->48.1M(128.0M)]
 [Times: user=0.00 sys=0.00, real=0.00 secs] 
2020-11-10T16:52:28.454+0800: 1657.937: [GC pause (G1 Evacuation Pause) (young), 0.0035401 secs]
   [Parallel Time: 2.0 ms, GC Workers: 4]
      [GC Worker Start (ms): Min: 1657937.3, Avg: 1657937.3, Max: 1657937.5, Diff: 0.2]
      [Ext Root Scanning (ms): Min: 0.6, Avg: 1.0, Max: 1.8, Diff: 1.2, Sum: 3.8]
      [Update RS (ms): Min: 0.0, Avg: 0.2, Max: 0.3, Diff: 0.3, Sum: 0.9]
         [Processed Buffers: Min: 0, Avg: 8.0, Max: 23, Diff: 23, Sum: 32]
      [Scan RS (ms): Min: 0.0, Avg: 0.0, Max: 0.0, Diff: 0.0, Sum: 0.0]
      [Code Root Scanning (ms): Min: 0.0, Avg: 0.0, Max: 0.0, Diff: 0.0, Sum: 0.0]
      [Object Copy (ms): Min: 0.0, Avg: 0.2, Max: 0.3, Diff: 0.3, Sum: 0.8]
      [Termination (ms): Min: 0.0, Avg: 0.4, Max: 0.5, Diff: 0.5, Sum: 1.5]
         [Termination Attempts: Min: 1, Avg: 1.0, Max: 1, Diff: 0, Sum: 4]
      [GC Worker Other (ms): Min: 0.0, Avg: 0.0, Max: 0.0, Diff: 0.0, Sum: 0.1]
      [GC Worker Total (ms): Min: 1.7, Avg: 1.8, Max: 1.9, Diff: 0.2, Sum: 7.1]
      [GC Worker End (ms): Min: 1657939.1, Avg: 1657939.1, Max: 1657939.1, Diff: 0.0]
   [Code Root Fixup: 0.0 ms]
   [Code Root Purge: 0.0 ms]
   [Clear CT: 0.2 ms]
   [Other: 1.4 ms]
      [Choose CSet: 0.0 ms]
      [Ref Proc: 0.9 ms]
      [Ref Enq: 0.0 ms]
      [Redirty Cards: 0.3 ms]
      [Humongous Register: 0.0 ms]
      [Humongous Reclaim: 0.0 ms]
      [Free CSet: 0.0 ms]
   [Eden: 65.0M(65.0M)->0.0B(65.0M) Survivors: 1024.0K->1024.0K Heap: 113.1M(128.0M)->47.9M(128.0M)]
 [Times: user=0.06 sys=0.00, real=0.00 secs] 
2020-11-10T16:52:34.763+0800: 1664.247: [GC pause (G1 Evacuation Pause) (young), 0.0027553 secs]
   [Parallel Time: 1.3 ms, GC Workers: 4]
      [GC Worker Start (ms): Min: 1664246.6, Avg: 1664246.7, Max: 1664246.8, Diff: 0.2]
      [Ext Root Scanning (ms): Min: 0.5, Avg: 0.8, Max: 1.2, Diff: 0.7, Sum: 3.1]
      [Update RS (ms): Min: 0.0, Avg: 0.2, Max: 0.3, Diff: 0.3, Sum: 0.8]
         [Processed Buffers: Min: 0, Avg: 8.8, Max: 31, Diff: 31, Sum: 35]
      [Scan RS (ms): Min: 0.0, Avg: 0.0, Max: 0.0, Diff: 0.0, Sum: 0.0]
      [Code Root Scanning (ms): Min: 0.0, Avg: 0.0, Max: 0.0, Diff: 0.0, Sum: 0.0]
      [Object Copy (ms): Min: 0.1, Avg: 0.2, Max: 0.3, Diff: 0.3, Sum: 0.9]
      [Termination (ms): Min: 0.0, Avg: 0.0, Max: 0.0, Diff: 0.0, Sum: 0.0]
         [Termination Attempts: Min: 1, Avg: 1.0, Max: 1, Diff: 0, Sum: 4]
      [GC Worker Other (ms): Min: 0.0, Avg: 0.0, Max: 0.0, Diff: 0.0, Sum: 0.0]
      [GC Worker Total (ms): Min: 1.1, Avg: 1.2, Max: 1.3, Diff: 0.2, Sum: 4.9]
      [GC Worker End (ms): Min: 1664247.9, Avg: 1664247.9, Max: 1664247.9, Diff: 0.0]
   [Code Root Fixup: 0.0 ms]
   [Code Root Purge: 0.0 ms]
   [Clear CT: 0.3 ms]
   [Other: 1.1 ms]
      [Choose CSet: 0.0 ms]
      [Ref Proc: 0.7 ms]
      [Ref Enq: 0.0 ms]
      [Redirty Cards: 0.3 ms]
      [Humongous Register: 0.0 ms]
      [Humongous Reclaim: 0.0 ms]
      [Free CSet: 0.0 ms]
   [Eden: 65.0M(65.0M)->0.0B(65.0M) Survivors: 1024.0K->1024.0K Heap: 112.9M(128.0M)->48.1M(128.0M)]
 [Times: user=0.00 sys=0.00, real=0.00 secs] 
2020-11-10T16:52:40.239+0800: 1669.722: [GC pause (G1 Evacuation Pause) (young), 0.0030121 secs]
   [Parallel Time: 1.5 ms, GC Workers: 4]
      [GC Worker Start (ms): Min: 1669721.9, Avg: 1669721.9, Max: 1669722.0, Diff: 0.1]
      [Ext Root Scanning (ms): Min: 0.7, Avg: 0.9, Max: 1.3, Diff: 0.6, Sum: 3.5]
      [Update RS (ms): Min: 0.0, Avg: 0.2, Max: 0.3, Diff: 0.3, Sum: 1.0]
         [Processed Buffers: Min: 0, Avg: 10.5, Max: 32, Diff: 32, Sum: 42]
      [Scan RS (ms): Min: 0.0, Avg: 0.0, Max: 0.0, Diff: 0.0, Sum: 0.0]
      [Code Root Scanning (ms): Min: 0.0, Avg: 0.0, Max: 0.0, Diff: 0.0, Sum: 0.0]
      [Object Copy (ms): Min: 0.2, Avg: 0.2, Max: 0.3, Diff: 0.2, Sum: 1.0]
      [Termination (ms): Min: 0.0, Avg: 0.0, Max: 0.0, Diff: 0.0, Sum: 0.0]
         [Termination Attempts: Min: 1, Avg: 1.0, Max: 1, Diff: 0, Sum: 4]
      [GC Worker Other (ms): Min: 0.0, Avg: 0.0, Max: 0.0, Diff: 0.0, Sum: 0.1]
      [GC Worker Total (ms): Min: 1.3, Avg: 1.4, Max: 1.5, Diff: 0.1, Sum: 5.6]
      [GC Worker End (ms): Min: 1669723.3, Avg: 1669723.3, Max: 1669723.3, Diff: 0.0]
   [Code Root Fixup: 0.0 ms]
   [Code Root Purge: 0.0 ms]
   [Clear CT: 0.3 ms]
   [Other: 1.1 ms]
      [Choose CSet: 0.0 ms]
      [Ref Proc: 0.7 ms]
      [Ref Enq: 0.0 ms]
      [Redirty Cards: 0.3 ms]
      [Humongous Register: 0.0 ms]
      [Humongous Reclaim: 0.0 ms]
      [Free CSet: 0.0 ms]
   [Eden: 65.0M(65.0M)->0.0B(65.0M) Survivors: 1024.0K->1024.0K Heap: 113.1M(128.0M)->48.0M(128.0M)]
 [Times: user=0.00 sys=0.00, real=0.00 secs] 
2020-11-10T16:52:45.615+0800: 1675.099: [GC pause (G1 Evacuation Pause) (young), 0.0030162 secs]
   [Parallel Time: 1.9 ms, GC Workers: 4]
      [GC Worker Start (ms): Min: 1675099.0, Avg: 1675099.1, Max: 1675099.1, Diff: 0.0]
      [Ext Root Scanning (ms): Min: 0.9, Avg: 1.3, Max: 1.8, Diff: 0.9, Sum: 5.1]
      [Update RS (ms): Min: 0.0, Avg: 0.3, Max: 0.5, Diff: 0.5, Sum: 1.1]
         [Processed Buffers: Min: 0, Avg: 7.5, Max: 20, Diff: 20, Sum: 30]
      [Scan RS (ms): Min: 0.0, Avg: 0.0, Max: 0.0, Diff: 0.0, Sum: 0.0]
      [Code Root Scanning (ms): Min: 0.0, Avg: 0.0, Max: 0.0, Diff: 0.0, Sum: 0.0]
      [Object Copy (ms): Min: 0.0, Avg: 0.2, Max: 0.3, Diff: 0.3, Sum: 0.8]
      [Termination (ms): Min: 0.0, Avg: 0.1, Max: 0.1, Diff: 0.1, Sum: 0.3]
         [Termination Attempts: Min: 1, Avg: 1.0, Max: 1, Diff: 0, Sum: 4]
      [GC Worker Other (ms): Min: 0.0, Avg: 0.0, Max: 0.0, Diff: 0.0, Sum: 0.0]
      [GC Worker Total (ms): Min: 1.8, Avg: 1.9, Max: 1.9, Diff: 0.1, Sum: 7.4]
      [GC Worker End (ms): Min: 1675100.9, Avg: 1675100.9, Max: 1675100.9, Diff: 0.1]
   [Code Root Fixup: 0.0 ms]
   [Code Root Purge: 0.0 ms]
   [Clear CT: 0.1 ms]
   [Other: 1.0 ms]
      [Choose CSet: 0.0 ms]
      [Ref Proc: 0.8 ms]
      [Ref Enq: 0.0 ms]
      [Redirty Cards: 0.0 ms]
      [Humongous Register: 0.0 ms]
      [Humongous Reclaim: 0.0 ms]
      [Free CSet: 0.0 ms]
   [Eden: 65.0M(65.0M)->0.0B(65.0M) Survivors: 1024.0K->1024.0K Heap: 113.0M(128.0M)->48.1M(128.0M)]
 [Times: user=0.00 sys=0.00, real=0.00 secs] 
2020-11-10T16:52:49.746+0800: 1679.230: [GC pause (G1 Evacuation Pause) (young), 0.0026832 secs]
   [Parallel Time: 1.4 ms, GC Workers: 4]
      [GC Worker Start (ms): Min: 1679229.8, Avg: 1679229.9, Max: 1679229.9, Diff: 0.1]
      [Ext Root Scanning (ms): Min: 0.6, Avg: 0.8, Max: 1.2, Diff: 0.6, Sum: 3.3]
      [Update RS (ms): Min: 0.0, Avg: 0.2, Max: 0.3, Diff: 0.3, Sum: 0.8]
         [Processed Buffers: Min: 0, Avg: 8.0, Max: 26, Diff: 26, Sum: 32]
      [Scan RS (ms): Min: 0.0, Avg: 0.0, Max: 0.0, Diff: 0.0, Sum: 0.0]
      [Code Root Scanning (ms): Min: 0.0, Avg: 0.0, Max: 0.0, Diff: 0.0, Sum: 0.0]
      [Object Copy (ms): Min: 0.1, Avg: 0.2, Max: 0.3, Diff: 0.2, Sum: 0.8]
      [Termination (ms): Min: 0.0, Avg: 0.0, Max: 0.0, Diff: 0.0, Sum: 0.0]
         [Termination Attempts: Min: 1, Avg: 1.0, Max: 1, Diff: 0, Sum: 4]
      [GC Worker Other (ms): Min: 0.0, Avg: 0.0, Max: 0.0, Diff: 0.0, Sum: 0.0]
      [GC Worker Total (ms): Min: 1.2, Avg: 1.2, Max: 1.3, Diff: 0.1, Sum: 5.0]
      [GC Worker End (ms): Min: 1679231.1, Avg: 1679231.1, Max: 1679231.1, Diff: 0.0]
   [Code Root Fixup: 0.0 ms]
   [Code Root Purge: 0.0 ms]
   [Clear CT: 0.3 ms]
   [Other: 1.0 ms]
      [Choose CSet: 0.0 ms]
      [Ref Proc: 0.6 ms]
      [Ref Enq: 0.0 ms]
      [Redirty Cards: 0.2 ms]
      [Humongous Register: 0.0 ms]
      [Humongous Reclaim: 0.0 ms]
      [Free CSet: 0.0 ms]
   [Eden: 65.0M(65.0M)->0.0B(65.0M) Survivors: 1024.0K->1024.0K Heap: 113.1M(128.0M)->48.2M(128.0M)]
 [Times: user=0.00 sys=0.00, real=0.00 secs] 
2020-11-10T16:52:55.035+0800: 1684.519: [GC pause (G1 Evacuation Pause) (young), 0.0026991 secs]
   [Parallel Time: 1.3 ms, GC Workers: 4]
      [GC Worker Start (ms): Min: 1684518.7, Avg: 1684518.8, Max: 1684518.9, Diff: 0.1]
      [Ext Root Scanning (ms): Min: 0.6, Avg: 0.8, Max: 1.2, Diff: 0.6, Sum: 3.1]
      [Update RS (ms): Min: 0.0, Avg: 0.2, Max: 0.3, Diff: 0.3, Sum: 0.9]
         [Processed Buffers: Min: 0, Avg: 8.8, Max: 25, Diff: 25, Sum: 35]
      [Scan RS (ms): Min: 0.0, Avg: 0.0, Max: 0.0, Diff: 0.0, Sum: 0.0]
      [Code Root Scanning (ms): Min: 0.0, Avg: 0.0, Max: 0.0, Diff: 0.0, Sum: 0.0]
      [Object Copy (ms): Min: 0.1, Avg: 0.2, Max: 0.3, Diff: 0.2, Sum: 0.9]
      [Termination (ms): Min: 0.0, Avg: 0.0, Max: 0.0, Diff: 0.0, Sum: 0.0]
         [Termination Attempts: Min: 1, Avg: 1.0, Max: 1, Diff: 0, Sum: 4]
      [GC Worker Other (ms): Min: 0.0, Avg: 0.0, Max: 0.0, Diff: 0.0, Sum: 0.0]
      [GC Worker Total (ms): Min: 1.2, Avg: 1.2, Max: 1.3, Diff: 0.1, Sum: 4.9]
      [GC Worker End (ms): Min: 1684520.0, Avg: 1684520.0, Max: 1684520.0, Diff: 0.0]
   [Code Root Fixup: 0.0 ms]
   [Code Root Purge: 0.0 ms]
   [Clear CT: 0.3 ms]
   [Other: 1.0 ms]
      [Choose CSet: 0.0 ms]
      [Ref Proc: 0.7 ms]
      [Ref Enq: 0.0 ms]
      [Redirty Cards: 0.2 ms]
      [Humongous Register: 0.0 ms]
      [Humongous Reclaim: 0.0 ms]
      [Free CSet: 0.0 ms]
   [Eden: 65.0M(65.0M)->0.0B(65.0M) Survivors: 1024.0K->1024.0K Heap: 113.2M(128.0M)->48.0M(128.0M)]
 [Times: user=0.00 sys=0.00, real=0.00 secs] 
2020-11-10T16:52:59.295+0800: 1688.778: [GC pause (G1 Evacuation Pause) (young), 0.0841497 secs]
   [Parallel Time: 82.8 ms, GC Workers: 4]
      [GC Worker Start (ms): Min: 1688777.6, Avg: 1688777.6, Max: 1688777.6, Diff: 0.0]
      [Ext Root Scanning (ms): Min: 0.6, Avg: 0.8, Max: 1.3, Diff: 0.7, Sum: 3.2]
      [Update RS (ms): Min: 0.0, Avg: 0.2, Max: 0.3, Diff: 0.3, Sum: 0.8]
         [Processed Buffers: Min: 0, Avg: 8.3, Max: 23, Diff: 23, Sum: 33]
      [Scan RS (ms): Min: 0.0, Avg: 0.0, Max: 0.0, Diff: 0.0, Sum: 0.0]
      [Code Root Scanning (ms): Min: 0.0, Avg: 0.0, Max: 0.0, Diff: 0.0, Sum: 0.0]
      [Object Copy (ms): Min: 81.5, Avg: 81.8, Max: 81.9, Diff: 0.4, Sum: 327.1]
      [Termination (ms): Min: 0.0, Avg: 0.0, Max: 0.0, Diff: 0.0, Sum: 0.0]
         [Termination Attempts: Min: 1, Avg: 1.0, Max: 1, Diff: 0, Sum: 4]
      [GC Worker Other (ms): Min: 0.0, Avg: 0.0, Max: 0.0, Diff: 0.0, Sum: 0.0]
      [GC Worker Total (ms): Min: 82.8, Avg: 82.8, Max: 82.8, Diff: 0.0, Sum: 331.1]
      [GC Worker End (ms): Min: 1688860.4, Avg: 1688860.4, Max: 1688860.4, Diff: 0.0]
   [Code Root Fixup: 0.0 ms]
   [Code Root Purge: 0.0 ms]
   [Clear CT: 0.3 ms]
   [Other: 1.0 ms]
      [Choose CSet: 0.0 ms]
      [Ref Proc: 0.7 ms]
      [Ref Enq: 0.0 ms]
      [Redirty Cards: 0.2 ms]
      [Humongous Register: 0.0 ms]
      [Humongous Reclaim: 0.0 ms]
      [Free CSet: 0.0 ms]
   [Eden: 65.0M(65.0M)->0.0B(65.0M) Survivors: 1024.0K->1024.0K Heap: 113.0M(128.0M)->48.1M(128.0M)]
 [Times: user=0.00 sys=0.00, real=0.08 secs] 
2020-11-10T16:53:03.139+0800: 1692.622: [GC pause (G1 Evacuation Pause) (young), 0.0255128 secs]
   [Parallel Time: 24.1 ms, GC Workers: 4]
      [GC Worker Start (ms): Min: 1692622.3, Avg: 1692622.4, Max: 1692622.4, Diff: 0.1]
      [Ext Root Scanning (ms): Min: 0.6, Avg: 0.8, Max: 1.2, Diff: 0.6, Sum: 3.2]
      [Update RS (ms): Min: 0.0, Avg: 0.2, Max: 0.3, Diff: 0.3, Sum: 0.8]
         [Processed Buffers: Min: 0, Avg: 9.0, Max: 25, Diff: 25, Sum: 36]
      [Scan RS (ms): Min: 0.0, Avg: 0.0, Max: 0.0, Diff: 0.0, Sum: 0.0]
      [Code Root Scanning (ms): Min: 0.0, Avg: 0.0, Max: 0.0, Diff: 0.0, Sum: 0.0]
      [Object Copy (ms): Min: 0.5, Avg: 17.3, Max: 23.0, Diff: 22.5, Sum: 69.1]
      [Termination (ms): Min: 0.0, Avg: 5.7, Max: 22.5, Diff: 22.5, Sum: 22.6]
         [Termination Attempts: Min: 1, Avg: 1.0, Max: 1, Diff: 0, Sum: 4]
      [GC Worker Other (ms): Min: 0.0, Avg: 0.0, Max: 0.0, Diff: 0.0, Sum: 0.1]
      [GC Worker Total (ms): Min: 23.9, Avg: 24.0, Max: 24.0, Diff: 0.1, Sum: 95.8]
      [GC Worker End (ms): Min: 1692646.3, Avg: 1692646.3, Max: 1692646.3, Diff: 0.0]
   [Code Root Fixup: 0.0 ms]
   [Code Root Purge: 0.0 ms]
   [Clear CT: 0.3 ms]
   [Other: 1.1 ms]
      [Choose CSet: 0.0 ms]
      [Ref Proc: 0.7 ms]
      [Ref Enq: 0.0 ms]
      [Redirty Cards: 0.2 ms]
      [Humongous Register: 0.0 ms]
      [Humongous Reclaim: 0.0 ms]
      [Free CSet: 0.0 ms]
   [Eden: 65.0M(65.0M)->0.0B(65.0M) Survivors: 1024.0K->1024.0K Heap: 113.1M(128.0M)->48.1M(128.0M)]
 [Times: user=0.02 sys=0.00, real=0.03 secs] 
2020-11-10T16:53:07.213+0800: 1696.696: [GC pause (G1 Evacuation Pause) (young), 0.0033496 secs]
   [Parallel Time: 1.7 ms, GC Workers: 4]
      [GC Worker Start (ms): Min: 1696696.3, Avg: 1696696.6, Max: 1696696.9, Diff: 0.6]
      [Ext Root Scanning (ms): Min: 0.4, Avg: 0.9, Max: 1.5, Diff: 1.0, Sum: 3.5]
      [Update RS (ms): Min: 0.0, Avg: 0.2, Max: 0.4, Diff: 0.4, Sum: 0.8]
         [Processed Buffers: Min: 0, Avg: 8.3, Max: 26, Diff: 26, Sum: 33]
      [Scan RS (ms): Min: 0.0, Avg: 0.0, Max: 0.0, Diff: 0.0, Sum: 0.0]
      [Code Root Scanning (ms): Min: 0.0, Avg: 0.0, Max: 0.0, Diff: 0.0, Sum: 0.0]
      [Object Copy (ms): Min: 0.1, Avg: 0.2, Max: 0.4, Diff: 0.2, Sum: 0.9]
      [Termination (ms): Min: 0.0, Avg: 0.0, Max: 0.0, Diff: 0.0, Sum: 0.0]
         [Termination Attempts: Min: 1, Avg: 1.0, Max: 1, Diff: 0, Sum: 4]
      [GC Worker Other (ms): Min: 0.0, Avg: 0.0, Max: 0.0, Diff: 0.0, Sum: 0.0]
      [GC Worker Total (ms): Min: 1.0, Avg: 1.3, Max: 1.6, Diff: 0.6, Sum: 5.3]
      [GC Worker End (ms): Min: 1696697.9, Avg: 1696697.9, Max: 1696697.9, Diff: 0.0]
   [Code Root Fixup: 0.0 ms]
   [Code Root Purge: 0.0 ms]
   [Clear CT: 0.3 ms]
   [Other: 1.3 ms]
      [Choose CSet: 0.0 ms]
      [Ref Proc: 0.8 ms]
      [Ref Enq: 0.0 ms]
      [Redirty Cards: 0.3 ms]
      [Humongous Register: 0.0 ms]
      [Humongous Reclaim: 0.0 ms]
      [Free CSet: 0.0 ms]
   [Eden: 65.0M(65.0M)->0.0B(65.0M) Survivors: 1024.0K->1024.0K Heap: 113.1M(128.0M)->48.1M(128.0M)]
 [Times: user=0.00 sys=0.00, real=0.00 secs] 
2020-11-10T16:53:11.149+0800: 1700.632: [GC pause (G1 Evacuation Pause) (young), 0.0027699 secs]
   [Parallel Time: 1.3 ms, GC Workers: 4]
      [GC Worker Start (ms): Min: 1700631.9, Avg: 1700631.9, Max: 1700632.0, Diff: 0.1]
      [Ext Root Scanning (ms): Min: 0.6, Avg: 0.8, Max: 1.2, Diff: 0.6, Sum: 3.1]
      [Update RS (ms): Min: 0.0, Avg: 0.2, Max: 0.3, Diff: 0.3, Sum: 0.8]
         [Processed Buffers: Min: 0, Avg: 7.5, Max: 13, Diff: 13, Sum: 30]
      [Scan RS (ms): Min: 0.0, Avg: 0.0, Max: 0.0, Diff: 0.0, Sum: 0.0]
      [Code Root Scanning (ms): Min: 0.0, Avg: 0.0, Max: 0.0, Diff: 0.0, Sum: 0.0]
      [Object Copy (ms): Min: 0.0, Avg: 0.2, Max: 0.3, Diff: 0.3, Sum: 0.7]
      [Termination (ms): Min: 0.0, Avg: 0.0, Max: 0.0, Diff: 0.0, Sum: 0.0]
         [Termination Attempts: Min: 1, Avg: 1.0, Max: 1, Diff: 0, Sum: 4]
      [GC Worker Other (ms): Min: 0.0, Avg: 0.0, Max: 0.0, Diff: 0.0, Sum: 0.0]
      [GC Worker Total (ms): Min: 1.1, Avg: 1.2, Max: 1.2, Diff: 0.1, Sum: 4.8]
      [GC Worker End (ms): Min: 1700633.1, Avg: 1700633.1, Max: 1700633.1, Diff: 0.0]
   [Code Root Fixup: 0.0 ms]
   [Code Root Purge: 0.0 ms]
   [Clear CT: 0.3 ms]
   [Other: 1.1 ms]
      [Choose CSet: 0.0 ms]
      [Ref Proc: 0.8 ms]
      [Ref Enq: 0.0 ms]
      [Redirty Cards: 0.2 ms]
      [Humongous Register: 0.0 ms]
      [Humongous Reclaim: 0.0 ms]
      [Free CSet: 0.0 ms]
   [Eden: 65.0M(65.0M)->0.0B(65.0M) Survivors: 1024.0K->1024.0K Heap: 113.1M(128.0M)->48.2M(128.0M)]
 [Times: user=0.00 sys=0.00, real=0.00 secs] 
2020-11-10T16:53:16.649+0800: 1706.133: [GC pause (G1 Evacuation Pause) (young), 0.0208208 secs]
   [Parallel Time: 19.1 ms, GC Workers: 4]
      [GC Worker Start (ms): Min: 1706133.0, Avg: 1706133.1, Max: 1706133.2, Diff: 0.2]
      [Ext Root Scanning (ms): Min: 0.6, Avg: 0.9, Max: 1.4, Diff: 0.8, Sum: 3.5]
      [Update RS (ms): Min: 0.0, Avg: 0.2, Max: 0.3, Diff: 0.3, Sum: 0.8]
         [Processed Buffers: Min: 0, Avg: 8.5, Max: 22, Diff: 22, Sum: 34]
      [Scan RS (ms): Min: 0.0, Avg: 0.0, Max: 0.0, Diff: 0.0, Sum: 0.0]
      [Code Root Scanning (ms): Min: 0.0, Avg: 0.0, Max: 0.0, Diff: 0.0, Sum: 0.0]
      [Object Copy (ms): Min: 17.6, Avg: 17.8, Max: 17.9, Diff: 0.3, Sum: 71.2]
      [Termination (ms): Min: 0.0, Avg: 0.0, Max: 0.0, Diff: 0.0, Sum: 0.0]
         [Termination Attempts: Min: 1, Avg: 1.0, Max: 1, Diff: 0, Sum: 4]
      [GC Worker Other (ms): Min: 0.0, Avg: 0.0, Max: 0.0, Diff: 0.0, Sum: 0.1]
      [GC Worker Total (ms): Min: 18.8, Avg: 18.9, Max: 19.0, Diff: 0.2, Sum: 75.7]
      [GC Worker End (ms): Min: 1706152.0, Avg: 1706152.0, Max: 1706152.0, Diff: 0.0]
   [Code Root Fixup: 0.0 ms]
   [Code Root Purge: 0.0 ms]
   [Clear CT: 0.3 ms]
   [Other: 1.3 ms]
      [Choose CSet: 0.0 ms]
      [Ref Proc: 0.9 ms]
      [Ref Enq: 0.0 ms]
      [Redirty Cards: 0.3 ms]
      [Humongous Register: 0.0 ms]
      [Humongous Reclaim: 0.0 ms]
      [Free CSet: 0.0 ms]
   [Eden: 65.0M(65.0M)->0.0B(65.0M) Survivors: 1024.0K->1024.0K Heap: 113.2M(128.0M)->48.3M(128.0M)]
 [Times: user=0.00 sys=0.00, real=0.02 secs] 
2020-11-10T16:53:21.560+0800: 1711.043: [GC pause (G1 Evacuation Pause) (young), 0.0589367 secs]
   [Parallel Time: 57.3 ms, GC Workers: 4]
      [GC Worker Start (ms): Min: 1711043.5, Avg: 1711044.0, Max: 1711044.5, Diff: 1.0]
      [Ext Root Scanning (ms): Min: 3.9, Avg: 12.2, Max: 34.1, Diff: 30.2, Sum: 48.9]
      [Update RS (ms): Min: 0.0, Avg: 0.6, Max: 1.4, Diff: 1.4, Sum: 2.6]
         [Processed Buffers: Min: 0, Avg: 10.0, Max: 24, Diff: 24, Sum: 40]
      [Scan RS (ms): Min: 0.0, Avg: 0.0, Max: 0.0, Diff: 0.0, Sum: 0.1]
      [Code Root Scanning (ms): Min: 0.0, Avg: 0.0, Max: 0.0, Diff: 0.0, Sum: 0.0]
      [Object Copy (ms): Min: 22.9, Avg: 43.8, Max: 51.1, Diff: 28.2, Sum: 175.3]
      [Termination (ms): Min: 0.0, Avg: 0.1, Max: 0.2, Diff: 0.2, Sum: 0.4]
         [Termination Attempts: Min: 1, Avg: 1.0, Max: 1, Diff: 0, Sum: 4]
      [GC Worker Other (ms): Min: 0.0, Avg: 0.0, Max: 0.0, Diff: 0.0, Sum: 0.0]
      [GC Worker Total (ms): Min: 56.3, Avg: 56.8, Max: 57.2, Diff: 1.0, Sum: 227.2]
      [GC Worker End (ms): Min: 1711100.8, Avg: 1711100.8, Max: 1711100.8, Diff: 0.0]
   [Code Root Fixup: 0.0 ms]
   [Code Root Purge: 0.0 ms]
   [Clear CT: 0.3 ms]
   [Other: 1.3 ms]
      [Choose CSet: 0.0 ms]
      [Ref Proc: 0.8 ms]
      [Ref Enq: 0.0 ms]
      [Redirty Cards: 0.4 ms]
      [Humongous Register: 0.0 ms]
      [Humongous Reclaim: 0.0 ms]
      [Free CSet: 0.0 ms]
   [Eden: 65.0M(65.0M)->0.0B(65.0M) Survivors: 1024.0K->1024.0K Heap: 113.3M(128.0M)->48.3M(128.0M)]
 [Times: user=0.03 sys=0.00, real=0.06 secs] 
2020-11-10T16:53:27.885+0800: 1717.368: [GC pause (G1 Evacuation Pause) (young), 0.0029958 secs]
   [Parallel Time: 1.4 ms, GC Workers: 4]
      [GC Worker Start (ms): Min: 1717368.5, Avg: 1717368.5, Max: 1717368.6, Diff: 0.1]
      [Ext Root Scanning (ms): Min: 0.7, Avg: 0.9, Max: 1.3, Diff: 0.5, Sum: 3.5]
      [Update RS (ms): Min: 0.0, Avg: 0.2, Max: 0.3, Diff: 0.3, Sum: 0.9]
         [Processed Buffers: Min: 0, Avg: 8.3, Max: 14, Diff: 14, Sum: 33]
      [Scan RS (ms): Min: 0.0, Avg: 0.0, Max: 0.0, Diff: 0.0, Sum: 0.0]
      [Code Root Scanning (ms): Min: 0.0, Avg: 0.0, Max: 0.0, Diff: 0.0, Sum: 0.0]
      [Object Copy (ms): Min: 0.1, Avg: 0.2, Max: 0.2, Diff: 0.1, Sum: 0.7]
      [Termination (ms): Min: 0.0, Avg: 0.0, Max: 0.0, Diff: 0.0, Sum: 0.0]
         [Termination Attempts: Min: 1, Avg: 1.0, Max: 1, Diff: 0, Sum: 4]
      [GC Worker Other (ms): Min: 0.0, Avg: 0.0, Max: 0.0, Diff: 0.0, Sum: 0.0]
      [GC Worker Total (ms): Min: 1.2, Avg: 1.3, Max: 1.4, Diff: 0.1, Sum: 5.2]
      [GC Worker End (ms): Min: 1717369.8, Avg: 1717369.8, Max: 1717369.8, Diff: 0.0]
   [Code Root Fixup: 0.0 ms]
   [Code Root Purge: 0.0 ms]
   [Clear CT: 0.4 ms]
   [Other: 1.2 ms]
      [Choose CSet: 0.0 ms]
      [Ref Proc: 0.8 ms]
      [Ref Enq: 0.0 ms]
      [Redirty Cards: 0.3 ms]
      [Humongous Register: 0.0 ms]
      [Humongous Reclaim: 0.0 ms]
      [Free CSet: 0.0 ms]
   [Eden: 65.0M(65.0M)->0.0B(65.0M) Survivors: 1024.0K->1024.0K Heap: 113.3M(128.0M)->48.2M(128.0M)]
 [Times: user=0.00 sys=0.00, real=0.00 secs] 
2020-11-10T16:53:32.716+0800: 1722.200: [GC pause (G1 Evacuation Pause) (young), 0.0163955 secs]
   [Parallel Time: 14.7 ms, GC Workers: 4]
      [GC Worker Start (ms): Min: 1722200.1, Avg: 1722200.1, Max: 1722200.2, Diff: 0.1]
      [Ext Root Scanning (ms): Min: 0.7, Avg: 0.9, Max: 1.3, Diff: 0.6, Sum: 3.4]
      [Update RS (ms): Min: 0.0, Avg: 0.1, Max: 0.2, Diff: 0.2, Sum: 0.6]
         [Processed Buffers: Min: 0, Avg: 8.8, Max: 13, Diff: 13, Sum: 35]
      [Scan RS (ms): Min: 0.0, Avg: 0.0, Max: 0.0, Diff: 0.0, Sum: 0.0]
      [Code Root Scanning (ms): Min: 0.0, Avg: 0.0, Max: 0.0, Diff: 0.0, Sum: 0.0]
      [Object Copy (ms): Min: 0.0, Avg: 3.5, Max: 13.6, Diff: 13.6, Sum: 14.0]
      [Termination (ms): Min: 0.0, Avg: 10.0, Max: 13.5, Diff: 13.5, Sum: 40.2]
         [Termination Attempts: Min: 1, Avg: 1.0, Max: 1, Diff: 0, Sum: 4]
      [GC Worker Other (ms): Min: 0.0, Avg: 0.0, Max: 0.0, Diff: 0.0, Sum: 0.0]
      [GC Worker Total (ms): Min: 14.5, Avg: 14.6, Max: 14.6, Diff: 0.1, Sum: 58.3]
      [GC Worker End (ms): Min: 1722214.7, Avg: 1722214.7, Max: 1722214.7, Diff: 0.0]
   [Code Root Fixup: 0.0 ms]
   [Code Root Purge: 0.0 ms]
   [Clear CT: 0.2 ms]
   [Other: 1.4 ms]
      [Choose CSet: 0.0 ms]
      [Ref Proc: 0.9 ms]
      [Ref Enq: 0.0 ms]
      [Redirty Cards: 0.3 ms]
      [Humongous Register: 0.0 ms]
      [Humongous Reclaim: 0.0 ms]
      [Free CSet: 0.0 ms]
   [Eden: 65.0M(65.0M)->0.0B(65.0M) Survivors: 1024.0K->1024.0K Heap: 113.2M(128.0M)->48.2M(128.0M)]
 [Times: user=0.05 sys=0.00, real=0.02 secs] 
2020-11-10T16:53:37.995+0800: 1727.478: [GC pause (G1 Evacuation Pause) (young), 0.0033077 secs]
   [Parallel Time: 2.1 ms, GC Workers: 4]
      [GC Worker Start (ms): Min: 1727478.5, Avg: 1727478.5, Max: 1727478.6, Diff: 0.1]
      [Ext Root Scanning (ms): Min: 0.8, Avg: 1.1, Max: 2.0, Diff: 1.2, Sum: 4.6]
      [Update RS (ms): Min: 0.0, Avg: 0.2, Max: 0.3, Diff: 0.3, Sum: 0.8]
         [Processed Buffers: Min: 0, Avg: 9.8, Max: 28, Diff: 28, Sum: 39]
      [Scan RS (ms): Min: 0.0, Avg: 0.0, Max: 0.0, Diff: 0.0, Sum: 0.0]
      [Code Root Scanning (ms): Min: 0.0, Avg: 0.0, Max: 0.0, Diff: 0.0, Sum: 0.0]
      [Object Copy (ms): Min: 0.0, Avg: 0.1, Max: 0.2, Diff: 0.2, Sum: 0.5]
      [Termination (ms): Min: 0.0, Avg: 0.5, Max: 0.6, Diff: 0.6, Sum: 1.9]
         [Termination Attempts: Min: 1, Avg: 1.0, Max: 1, Diff: 0, Sum: 4]
      [GC Worker Other (ms): Min: 0.0, Avg: 0.0, Max: 0.0, Diff: 0.0, Sum: 0.0]
      [GC Worker Total (ms): Min: 2.0, Avg: 2.0, Max: 2.0, Diff: 0.1, Sum: 7.9]
      [GC Worker End (ms): Min: 1727480.5, Avg: 1727480.5, Max: 1727480.5, Diff: 0.0]
   [Code Root Fixup: 0.0 ms]
   [Code Root Purge: 0.0 ms]
   [Clear CT: 0.1 ms]
   [Other: 1.1 ms]
      [Choose CSet: 0.0 ms]
      [Ref Proc: 0.9 ms]
      [Ref Enq: 0.0 ms]
      [Redirty Cards: 0.0 ms]
      [Humongous Register: 0.0 ms]
      [Humongous Reclaim: 0.0 ms]
      [Free CSet: 0.0 ms]
   [Eden: 65.0M(65.0M)->0.0B(65.0M) Survivors: 1024.0K->1024.0K Heap: 113.2M(128.0M)->48.2M(128.0M)]
 [Times: user=0.00 sys=0.00, real=0.00 secs] 
2020-11-10T16:53:42.463+0800: 1731.947: [GC pause (G1 Evacuation Pause) (young), 0.0026338 secs]
   [Parallel Time: 1.3 ms, GC Workers: 4]
      [GC Worker Start (ms): Min: 1731947.4, Avg: 1731947.4, Max: 1731947.4, Diff: 0.0]
      [Ext Root Scanning (ms): Min: 0.6, Avg: 0.8, Max: 1.2, Diff: 0.6, Sum: 3.1]
      [Update RS (ms): Min: 0.0, Avg: 0.2, Max: 0.3, Diff: 0.3, Sum: 0.7]
         [Processed Buffers: Min: 0, Avg: 9.0, Max: 22, Diff: 22, Sum: 36]
      [Scan RS (ms): Min: 0.0, Avg: 0.0, Max: 0.0, Diff: 0.0, Sum: 0.1]
      [Code Root Scanning (ms): Min: 0.0, Avg: 0.0, Max: 0.0, Diff: 0.0, Sum: 0.0]
      [Object Copy (ms): Min: 0.0, Avg: 0.1, Max: 0.2, Diff: 0.2, Sum: 0.5]
      [Termination (ms): Min: 0.0, Avg: 0.1, Max: 0.2, Diff: 0.2, Sum: 0.5]
         [Termination Attempts: Min: 1, Avg: 1.0, Max: 1, Diff: 0, Sum: 4]
      [GC Worker Other (ms): Min: 0.0, Avg: 0.0, Max: 0.0, Diff: 0.0, Sum: 0.0]
      [GC Worker Total (ms): Min: 1.2, Avg: 1.2, Max: 1.2, Diff: 0.0, Sum: 4.9]
      [GC Worker End (ms): Min: 1731948.6, Avg: 1731948.6, Max: 1731948.6, Diff: 0.0]
   [Code Root Fixup: 0.0 ms]
   [Code Root Purge: 0.0 ms]
   [Clear CT: 0.3 ms]
   [Other: 1.0 ms]
      [Choose CSet: 0.0 ms]
      [Ref Proc: 0.6 ms]
      [Ref Enq: 0.0 ms]
      [Redirty Cards: 0.2 ms]
      [Humongous Register: 0.0 ms]
      [Humongous Reclaim: 0.0 ms]
      [Free CSet: 0.0 ms]
   [Eden: 65.0M(65.0M)->0.0B(65.0M) Survivors: 1024.0K->1024.0K Heap: 113.2M(128.0M)->48.2M(128.0M)]
 [Times: user=0.00 sys=0.00, real=0.00 secs] 
2020-11-10T16:53:46.488+0800: 1735.972: [GC pause (G1 Evacuation Pause) (young), 0.0029937 secs]
   [Parallel Time: 1.4 ms, GC Workers: 4]
      [GC Worker Start (ms): Min: 1735972.1, Avg: 1735972.1, Max: 1735972.2, Diff: 0.1]
      [Ext Root Scanning (ms): Min: 0.6, Avg: 0.8, Max: 1.3, Diff: 0.7, Sum: 3.2]
      [Update RS (ms): Min: 0.0, Avg: 0.1, Max: 0.2, Diff: 0.2, Sum: 0.5]
         [Processed Buffers: Min: 0, Avg: 5.8, Max: 20, Diff: 20, Sum: 23]
      [Scan RS (ms): Min: 0.0, Avg: 0.0, Max: 0.0, Diff: 0.0, Sum: 0.0]
      [Code Root Scanning (ms): Min: 0.0, Avg: 0.0, Max: 0.0, Diff: 0.0, Sum: 0.0]
      [Object Copy (ms): Min: 0.0, Avg: 0.1, Max: 0.2, Diff: 0.2, Sum: 0.5]
      [Termination (ms): Min: 0.0, Avg: 0.2, Max: 0.2, Diff: 0.2, Sum: 0.7]
         [Termination Attempts: Min: 1, Avg: 1.0, Max: 1, Diff: 0, Sum: 4]
      [GC Worker Other (ms): Min: 0.0, Avg: 0.0, Max: 0.0, Diff: 0.0, Sum: 0.0]
      [GC Worker Total (ms): Min: 1.2, Avg: 1.2, Max: 1.3, Diff: 0.1, Sum: 5.0]
      [GC Worker End (ms): Min: 1735973.4, Avg: 1735973.4, Max: 1735973.4, Diff: 0.0]
   [Code Root Fixup: 0.1 ms]
   [Code Root Purge: 0.0 ms]
   [Clear CT: 0.4 ms]
   [Other: 1.2 ms]
      [Choose CSet: 0.0 ms]
      [Ref Proc: 0.7 ms]
      [Ref Enq: 0.0 ms]
      [Redirty Cards: 0.3 ms]
      [Humongous Register: 0.0 ms]
      [Humongous Reclaim: 0.0 ms]
      [Free CSet: 0.0 ms]
   [Eden: 65.0M(65.0M)->0.0B(65.0M) Survivors: 1024.0K->1024.0K Heap: 113.2M(128.0M)->48.2M(128.0M)]
 [Times: user=0.00 sys=0.00, real=0.00 secs] 
2020-11-10T16:53:51.047+0800: 1740.531: [GC pause (G1 Evacuation Pause) (young), 0.0634714 secs]
   [Parallel Time: 61.3 ms, GC Workers: 4]
      [GC Worker Start (ms): Min: 1740530.9, Avg: 1740531.0, Max: 1740531.0, Diff: 0.1]
      [Ext Root Scanning (ms): Min: 0.6, Avg: 0.8, Max: 1.3, Diff: 0.7, Sum: 3.3]
      [Update RS (ms): Min: 0.0, Avg: 15.2, Max: 60.3, Diff: 60.3, Sum: 60.7]
         [Processed Buffers: Min: 0, Avg: 8.0, Max: 20, Diff: 20, Sum: 32]
      [Scan RS (ms): Min: 0.0, Avg: 0.0, Max: 0.0, Diff: 0.0, Sum: 0.0]
      [Code Root Scanning (ms): Min: 0.0, Avg: 0.0, Max: 0.0, Diff: 0.0, Sum: 0.0]
      [Object Copy (ms): Min: 0.0, Avg: 0.2, Max: 0.3, Diff: 0.3, Sum: 0.6]
      [Termination (ms): Min: 0.0, Avg: 44.9, Max: 59.9, Diff: 59.9, Sum: 179.5]
         [Termination Attempts: Min: 1, Avg: 1.8, Max: 2, Diff: 1, Sum: 7]
      [GC Worker Other (ms): Min: 0.0, Avg: 0.0, Max: 0.0, Diff: 0.0, Sum: 0.0]
      [GC Worker Total (ms): Min: 61.0, Avg: 61.1, Max: 61.1, Diff: 0.1, Sum: 244.2]
      [GC Worker End (ms): Min: 1740592.0, Avg: 1740592.0, Max: 1740592.0, Diff: 0.0]
   [Code Root Fixup: 0.1 ms]
   [Code Root Purge: 0.0 ms]
   [Clear CT: 0.4 ms]
   [Other: 1.8 ms]
      [Choose CSet: 0.0 ms]
      [Ref Proc: 1.2 ms]
      [Ref Enq: 0.0 ms]
      [Redirty Cards: 0.4 ms]
      [Humongous Register: 0.0 ms]
      [Humongous Reclaim: 0.0 ms]
      [Free CSet: 0.0 ms]
   [Eden: 65.0M(65.0M)->0.0B(65.0M) Survivors: 1024.0K->1024.0K Heap: 113.2M(128.0M)->48.2M(128.0M)]
 [Times: user=0.22 sys=0.00, real=0.06 secs] 
2020-11-10T16:53:55.427+0800: 1744.911: [GC pause (G1 Evacuation Pause) (young), 0.0027149 secs]
   [Parallel Time: 1.3 ms, GC Workers: 4]
      [GC Worker Start (ms): Min: 1744910.8, Avg: 1744910.8, Max: 1744910.8, Diff: 0.1]
      [Ext Root Scanning (ms): Min: 0.6, Avg: 0.8, Max: 1.2, Diff: 0.6, Sum: 3.1]
      [Update RS (ms): Min: 0.0, Avg: 0.2, Max: 0.2, Diff: 0.2, Sum: 0.7]
         [Processed Buffers: Min: 0, Avg: 8.0, Max: 26, Diff: 26, Sum: 32]
      [Scan RS (ms): Min: 0.0, Avg: 0.0, Max: 0.0, Diff: 0.0, Sum: 0.0]
      [Code Root Scanning (ms): Min: 0.0, Avg: 0.0, Max: 0.0, Diff: 0.0, Sum: 0.0]
      [Object Copy (ms): Min: 0.0, Avg: 0.1, Max: 0.2, Diff: 0.2, Sum: 0.5]
      [Termination (ms): Min: 0.0, Avg: 0.1, Max: 0.2, Diff: 0.2, Sum: 0.5]
         [Termination Attempts: Min: 1, Avg: 1.0, Max: 1, Diff: 0, Sum: 4]
      [GC Worker Other (ms): Min: 0.0, Avg: 0.0, Max: 0.0, Diff: 0.0, Sum: 0.0]
      [GC Worker Total (ms): Min: 1.2, Avg: 1.2, Max: 1.2, Diff: 0.1, Sum: 4.8]
      [GC Worker End (ms): Min: 1744912.0, Avg: 1744912.0, Max: 1744912.0, Diff: 0.0]
   [Code Root Fixup: 0.0 ms]
   [Code Root Purge: 0.0 ms]
   [Clear CT: 0.3 ms]
   [Other: 1.1 ms]
      [Choose CSet: 0.0 ms]
      [Ref Proc: 0.6 ms]
      [Ref Enq: 0.0 ms]
      [Redirty Cards: 0.3 ms]
      [Humongous Register: 0.0 ms]
      [Humongous Reclaim: 0.0 ms]
      [Free CSet: 0.0 ms]
   [Eden: 65.0M(65.0M)->0.0B(65.0M) Survivors: 1024.0K->1024.0K Heap: 113.2M(128.0M)->48.2M(128.0M)]
 [Times: user=0.00 sys=0.00, real=0.00 secs] 
2020-11-10T16:54:00.075+0800: 1749.558: [GC pause (G1 Evacuation Pause) (young), 0.0034553 secs]
   [Parallel Time: 1.7 ms, GC Workers: 4]
      [GC Worker Start (ms): Min: 1749558.6, Avg: 1749558.6, Max: 1749558.7, Diff: 0.1]
      [Ext Root Scanning (ms): Min: 0.6, Avg: 0.8, Max: 1.5, Diff: 0.9, Sum: 3.4]
      [Update RS (ms): Min: 0.0, Avg: 0.2, Max: 0.2, Diff: 0.2, Sum: 0.7]
         [Processed Buffers: Min: 0, Avg: 8.8, Max: 13, Diff: 13, Sum: 35]
      [Scan RS (ms): Min: 0.0, Avg: 0.0, Max: 0.0, Diff: 0.0, Sum: 0.0]
      [Code Root Scanning (ms): Min: 0.0, Avg: 0.0, Max: 0.0, Diff: 0.0, Sum: 0.0]
      [Object Copy (ms): Min: 0.0, Avg: 0.1, Max: 0.2, Diff: 0.2, Sum: 0.5]
      [Termination (ms): Min: 0.0, Avg: 0.3, Max: 0.4, Diff: 0.4, Sum: 1.2]
         [Termination Attempts: Min: 1, Avg: 1.0, Max: 1, Diff: 0, Sum: 4]
      [GC Worker Other (ms): Min: 0.0, Avg: 0.0, Max: 0.0, Diff: 0.0, Sum: 0.0]
      [GC Worker Total (ms): Min: 1.4, Avg: 1.5, Max: 1.5, Diff: 0.1, Sum: 5.9]
      [GC Worker End (ms): Min: 1749560.1, Avg: 1749560.1, Max: 1749560.1, Diff: 0.0]
   [Code Root Fixup: 0.1 ms]
   [Code Root Purge: 0.0 ms]
   [Clear CT: 0.2 ms]
   [Other: 1.6 ms]
      [Choose CSet: 0.0 ms]
      [Ref Proc: 1.1 ms]
      [Ref Enq: 0.0 ms]
      [Redirty Cards: 0.3 ms]
      [Humongous Register: 0.0 ms]
      [Humongous Reclaim: 0.0 ms]
      [Free CSet: 0.0 ms]
   [Eden: 65.0M(65.0M)->0.0B(65.0M) Survivors: 1024.0K->1024.0K Heap: 113.2M(128.0M)->48.2M(128.0M)]
 [Times: user=0.00 sys=0.00, real=0.00 secs] 
2020-11-10T16:54:04.750+0800: 1754.234: [GC pause (G1 Evacuation Pause) (young), 0.0025602 secs]
   [Parallel Time: 1.4 ms, GC Workers: 4]
      [GC Worker Start (ms): Min: 1754234.3, Avg: 1754234.3, Max: 1754234.3, Diff: 0.1]
      [Ext Root Scanning (ms): Min: 0.6, Avg: 0.8, Max: 1.3, Diff: 0.6, Sum: 3.3]
      [Update RS (ms): Min: 0.0, Avg: 0.1, Max: 0.2, Diff: 0.2, Sum: 0.6]
         [Processed Buffers: Min: 0, Avg: 7.8, Max: 24, Diff: 24, Sum: 31]
      [Scan RS (ms): Min: 0.0, Avg: 0.0, Max: 0.0, Diff: 0.0, Sum: 0.1]
      [Code Root Scanning (ms): Min: 0.0, Avg: 0.0, Max: 0.0, Diff: 0.0, Sum: 0.0]
      [Object Copy (ms): Min: 0.0, Avg: 0.2, Max: 0.2, Diff: 0.2, Sum: 0.6]
      [Termination (ms): Min: 0.0, Avg: 0.1, Max: 0.2, Diff: 0.2, Sum: 0.4]
         [Termination Attempts: Min: 1, Avg: 1.0, Max: 1, Diff: 0, Sum: 4]
      [GC Worker Other (ms): Min: 0.0, Avg: 0.0, Max: 0.0, Diff: 0.0, Sum: 0.0]
      [GC Worker Total (ms): Min: 1.2, Avg: 1.3, Max: 1.3, Diff: 0.0, Sum: 5.1]
      [GC Worker End (ms): Min: 1754235.6, Avg: 1754235.6, Max: 1754235.6, Diff: 0.0]
   [Code Root Fixup: 0.0 ms]
   [Code Root Purge: 0.0 ms]
   [Clear CT: 0.1 ms]
   [Other: 1.1 ms]
      [Choose CSet: 0.0 ms]
      [Ref Proc: 0.8 ms]
      [Ref Enq: 0.0 ms]
      [Redirty Cards: 0.1 ms]
      [Humongous Register: 0.0 ms]
      [Humongous Reclaim: 0.0 ms]
      [Free CSet: 0.0 ms]
   [Eden: 65.0M(65.0M)->0.0B(65.0M) Survivors: 1024.0K->1024.0K Heap: 113.2M(128.0M)->48.2M(128.0M)]
 [Times: user=0.00 sys=0.02, real=0.00 secs] 
2020-11-10T16:54:09.409+0800: 1758.893: [GC pause (G1 Evacuation Pause) (young), 0.0027751 secs]
   [Parallel Time: 1.4 ms, GC Workers: 4]
      [GC Worker Start (ms): Min: 1758892.7, Avg: 1758892.8, Max: 1758892.8, Diff: 0.1]
      [Ext Root Scanning (ms): Min: 0.7, Avg: 0.9, Max: 1.3, Diff: 0.6, Sum: 3.7]
      [Update RS (ms): Min: 0.0, Avg: 0.2, Max: 0.3, Diff: 0.3, Sum: 0.8]
         [Processed Buffers: Min: 0, Avg: 9.0, Max: 28, Diff: 28, Sum: 36]
      [Scan RS (ms): Min: 0.0, Avg: 0.0, Max: 0.0, Diff: 0.0, Sum: 0.0]
      [Code Root Scanning (ms): Min: 0.0, Avg: 0.0, Max: 0.0, Diff: 0.0, Sum: 0.0]
      [Object Copy (ms): Min: 0.0, Avg: 0.1, Max: 0.2, Diff: 0.2, Sum: 0.5]
      [Termination (ms): Min: 0.0, Avg: 0.0, Max: 0.1, Diff: 0.1, Sum: 0.2]
         [Termination Attempts: Min: 1, Avg: 1.0, Max: 1, Diff: 0, Sum: 4]
      [GC Worker Other (ms): Min: 0.0, Avg: 0.0, Max: 0.0, Diff: 0.0, Sum: 0.0]
      [GC Worker Total (ms): Min: 1.2, Avg: 1.3, Max: 1.4, Diff: 0.1, Sum: 5.2]
      [GC Worker End (ms): Min: 1758894.1, Avg: 1758894.1, Max: 1758894.1, Diff: 0.0]
   [Code Root Fixup: 0.0 ms]
   [Code Root Purge: 0.0 ms]
   [Clear CT: 0.3 ms]
   [Other: 1.0 ms]
      [Choose CSet: 0.0 ms]
      [Ref Proc: 0.7 ms]
      [Ref Enq: 0.0 ms]
      [Redirty Cards: 0.2 ms]
      [Humongous Register: 0.0 ms]
      [Humongous Reclaim: 0.0 ms]
      [Free CSet: 0.0 ms]
   [Eden: 65.0M(65.0M)->0.0B(65.0M) Survivors: 1024.0K->1024.0K Heap: 113.2M(128.0M)->48.2M(128.0M)]
 [Times: user=0.00 sys=0.00, real=0.00 secs] 
2020-11-10T16:54:13.156+0800: 1762.640: [GC pause (G1 Evacuation Pause) (young), 0.0248058 secs]
   [Parallel Time: 23.1 ms, GC Workers: 4]
      [GC Worker Start (ms): Min: 1762640.2, Avg: 1762640.2, Max: 1762640.2, Diff: 0.1]
      [Ext Root Scanning (ms): Min: 0.6, Avg: 0.8, Max: 1.3, Diff: 0.7, Sum: 3.2]
      [Update RS (ms): Min: 0.0, Avg: 0.1, Max: 0.2, Diff: 0.2, Sum: 0.5]
         [Processed Buffers: Min: 0, Avg: 8.0, Max: 22, Diff: 22, Sum: 32]
      [Scan RS (ms): Min: 0.0, Avg: 0.0, Max: 0.0, Diff: 0.0, Sum: 0.0]
      [Code Root Scanning (ms): Min: 0.0, Avg: 0.0, Max: 0.0, Diff: 0.0, Sum: 0.0]
      [Object Copy (ms): Min: 0.0, Avg: 5.6, Max: 22.2, Diff: 22.2, Sum: 22.5]
      [Termination (ms): Min: 0.0, Avg: 16.4, Max: 22.0, Diff: 22.0, Sum: 65.7]
         [Termination Attempts: Min: 1, Avg: 1.0, Max: 1, Diff: 0, Sum: 4]
      [GC Worker Other (ms): Min: 0.0, Avg: 0.0, Max: 0.0, Diff: 0.0, Sum: 0.0]
      [GC Worker Total (ms): Min: 23.0, Avg: 23.0, Max: 23.1, Diff: 0.1, Sum: 92.1]
      [GC Worker End (ms): Min: 1762663.2, Avg: 1762663.2, Max: 1762663.2, Diff: 0.0]
   [Code Root Fixup: 0.1 ms]
   [Code Root Purge: 0.0 ms]
   [Clear CT: 0.3 ms]
   [Other: 1.3 ms]
      [Choose CSet: 0.0 ms]
      [Ref Proc: 0.7 ms]
      [Ref Enq: 0.0 ms]
      [Redirty Cards: 0.4 ms]
      [Humongous Register: 0.0 ms]
      [Humongous Reclaim: 0.0 ms]
      [Free CSet: 0.1 ms]
   [Eden: 65.0M(65.0M)->0.0B(64.0M) Survivors: 1024.0K->1024.0K Heap: 113.2M(128.0M)->48.3M(128.0M)]
 [Times: user=0.09 sys=0.01, real=0.03 secs] 
2020-11-10T16:54:16.996+0800: 1766.480: [GC pause (G1 Evacuation Pause) (young), 0.0028639 secs]
   [Parallel Time: 1.3 ms, GC Workers: 4]
      [GC Worker Start (ms): Min: 1766479.8, Avg: 1766479.8, Max: 1766479.9, Diff: 0.1]
      [Ext Root Scanning (ms): Min: 0.7, Avg: 0.8, Max: 1.2, Diff: 0.6, Sum: 3.3]
      [Update RS (ms): Min: 0.0, Avg: 0.2, Max: 0.2, Diff: 0.2, Sum: 0.6]
         [Processed Buffers: Min: 0, Avg: 8.5, Max: 14, Diff: 14, Sum: 34]
      [Scan RS (ms): Min: 0.0, Avg: 0.0, Max: 0.0, Diff: 0.0, Sum: 0.0]
      [Code Root Scanning (ms): Min: 0.0, Avg: 0.0, Max: 0.0, Diff: 0.0, Sum: 0.0]
      [Object Copy (ms): Min: 0.0, Avg: 0.1, Max: 0.2, Diff: 0.2, Sum: 0.5]
      [Termination (ms): Min: 0.0, Avg: 0.1, Max: 0.1, Diff: 0.1, Sum: 0.3]
         [Termination Attempts: Min: 1, Avg: 1.0, Max: 1, Diff: 0, Sum: 4]
      [GC Worker Other (ms): Min: 0.0, Avg: 0.0, Max: 0.0, Diff: 0.0, Sum: 0.0]
      [GC Worker Total (ms): Min: 1.1, Avg: 1.2, Max: 1.2, Diff: 0.1, Sum: 4.7]
      [GC Worker End (ms): Min: 1766481.0, Avg: 1766481.0, Max: 1766481.0, Diff: 0.0]
   [Code Root Fixup: 0.0 ms]
   [Code Root Purge: 0.0 ms]
   [Clear CT: 0.3 ms]
   [Other: 1.2 ms]
      [Choose CSet: 0.0 ms]
      [Ref Proc: 0.8 ms]
      [Ref Enq: 0.0 ms]
      [Redirty Cards: 0.3 ms]
      [Humongous Register: 0.0 ms]
      [Humongous Reclaim: 0.0 ms]
      [Free CSet: 0.0 ms]
   [Eden: 64.0M(64.0M)->0.0B(64.0M) Survivors: 1024.0K->1024.0K Heap: 112.3M(128.0M)->48.3M(128.0M)]
 [Times: user=0.00 sys=0.00, real=0.00 secs] 
2020-11-10T16:54:21.527+0800: 1771.011: [GC pause (G1 Evacuation Pause) (young), 0.0344756 secs]
   [Parallel Time: 32.8 ms, GC Workers: 4]
      [GC Worker Start (ms): Min: 1771010.6, Avg: 1771010.7, Max: 1771010.7, Diff: 0.1]
      [Ext Root Scanning (ms): Min: 0.6, Avg: 0.8, Max: 1.3, Diff: 0.7, Sum: 3.3]
      [Update RS (ms): Min: 0.0, Avg: 0.2, Max: 0.2, Diff: 0.2, Sum: 0.7]
         [Processed Buffers: Min: 0, Avg: 9.0, Max: 17, Diff: 17, Sum: 36]
      [Scan RS (ms): Min: 0.0, Avg: 0.0, Max: 0.0, Diff: 0.0, Sum: 0.0]
      [Code Root Scanning (ms): Min: 0.0, Avg: 0.0, Max: 0.0, Diff: 0.0, Sum: 0.0]
      [Object Copy (ms): Min: 31.5, Avg: 31.7, Max: 31.8, Diff: 0.4, Sum: 126.8]
      [Termination (ms): Min: 0.0, Avg: 0.0, Max: 0.0, Diff: 0.0, Sum: 0.0]
         [Termination Attempts: Min: 1, Avg: 1.0, Max: 1, Diff: 0, Sum: 4]
      [GC Worker Other (ms): Min: 0.0, Avg: 0.0, Max: 0.0, Diff: 0.0, Sum: 0.1]
      [GC Worker Total (ms): Min: 32.7, Avg: 32.7, Max: 32.8, Diff: 0.1, Sum: 130.9]
      [GC Worker End (ms): Min: 1771043.4, Avg: 1771043.4, Max: 1771043.4, Diff: 0.0]
   [Code Root Fixup: 0.0 ms]
   [Code Root Purge: 0.0 ms]
   [Clear CT: 0.2 ms]
   [Other: 1.4 ms]
      [Choose CSet: 0.0 ms]
      [Ref Proc: 0.9 ms]
      [Ref Enq: 0.0 ms]
      [Redirty Cards: 0.4 ms]
      [Humongous Register: 0.0 ms]
      [Humongous Reclaim: 0.0 ms]
      [Free CSet: 0.0 ms]
   [Eden: 64.0M(64.0M)->0.0B(64.0M) Survivors: 1024.0K->1024.0K Heap: 112.3M(128.0M)->48.2M(128.0M)]
 [Times: user=0.00 sys=0.00, real=0.03 secs] 
2020-11-10T16:54:25.037+0800: 1774.520: [GC pause (G1 Evacuation Pause) (young), 0.0027202 secs]
   [Parallel Time: 1.4 ms, GC Workers: 4]
      [GC Worker Start (ms): Min: 1774520.3, Avg: 1774520.3, Max: 1774520.4, Diff: 0.1]
      [Ext Root Scanning (ms): Min: 0.6, Avg: 0.8, Max: 1.3, Diff: 0.7, Sum: 3.2]
      [Update RS (ms): Min: 0.0, Avg: 0.3, Max: 0.6, Diff: 0.6, Sum: 1.1]
         [Processed Buffers: Min: 0, Avg: 7.8, Max: 21, Diff: 21, Sum: 31]
      [Scan RS (ms): Min: 0.0, Avg: 0.0, Max: 0.0, Diff: 0.0, Sum: 0.0]
      [Code Root Scanning (ms): Min: 0.0, Avg: 0.0, Max: 0.0, Diff: 0.0, Sum: 0.0]
      [Object Copy (ms): Min: 0.0, Avg: 0.2, Max: 0.3, Diff: 0.2, Sum: 0.6]
      [Termination (ms): Min: 0.0, Avg: 0.1, Max: 0.1, Diff: 0.1, Sum: 0.3]
         [Termination Attempts: Min: 1, Avg: 23.3, Max: 40, Diff: 39, Sum: 93]
      [GC Worker Other (ms): Min: 0.0, Avg: 0.0, Max: 0.0, Diff: 0.0, Sum: 0.1]
      [GC Worker Total (ms): Min: 1.3, Avg: 1.3, Max: 1.4, Diff: 0.1, Sum: 5.3]
      [GC Worker End (ms): Min: 1774521.6, Avg: 1774521.6, Max: 1774521.6, Diff: 0.0]
   [Code Root Fixup: 0.0 ms]
   [Code Root Purge: 0.0 ms]
   [Clear CT: 0.2 ms]
   [Other: 1.0 ms]
      [Choose CSet: 0.0 ms]
      [Ref Proc: 0.6 ms]
      [Ref Enq: 0.0 ms]
      [Redirty Cards: 0.3 ms]
      [Humongous Register: 0.0 ms]
      [Humongous Reclaim: 0.0 ms]
      [Free CSet: 0.0 ms]
   [Eden: 64.0M(64.0M)->0.0B(64.0M) Survivors: 1024.0K->1024.0K Heap: 112.2M(128.0M)->48.3M(128.0M)]
 [Times: user=0.00 sys=0.00, real=0.00 secs] 
2020-11-10T16:54:28.578+0800: 1778.061: [GC pause (G1 Evacuation Pause) (young), 0.0908343 secs]
   [Parallel Time: 89.6 ms, GC Workers: 4]
      [GC Worker Start (ms): Min: 1778060.9, Avg: 1778060.9, Max: 1778061.0, Diff: 0.1]
      [Ext Root Scanning (ms): Min: 0.6, Avg: 0.8, Max: 1.3, Diff: 0.7, Sum: 3.3]
      [Update RS (ms): Min: 0.0, Avg: 0.2, Max: 0.3, Diff: 0.3, Sum: 0.7]
         [Processed Buffers: Min: 0, Avg: 7.8, Max: 23, Diff: 23, Sum: 31]
      [Scan RS (ms): Min: 0.0, Avg: 0.0, Max: 0.0, Diff: 0.0, Sum: 0.0]
      [Code Root Scanning (ms): Min: 0.0, Avg: 0.0, Max: 0.0, Diff: 0.0, Sum: 0.0]
      [Object Copy (ms): Min: 88.2, Avg: 88.4, Max: 88.7, Diff: 0.6, Sum: 353.6]
      [Termination (ms): Min: 0.0, Avg: 0.0, Max: 0.0, Diff: 0.0, Sum: 0.0]
         [Termination Attempts: Min: 1, Avg: 1.3, Max: 2, Diff: 1, Sum: 5]
      [GC Worker Other (ms): Min: 0.0, Avg: 0.0, Max: 0.0, Diff: 0.0, Sum: 0.1]
      [GC Worker Total (ms): Min: 89.4, Avg: 89.4, Max: 89.5, Diff: 0.1, Sum: 357.7]
      [GC Worker End (ms): Min: 1778150.4, Avg: 1778150.4, Max: 1778150.4, Diff: 0.0]
   [Code Root Fixup: 0.0 ms]
   [Code Root Purge: 0.0 ms]
   [Clear CT: 0.2 ms]
   [Other: 1.0 ms]
      [Choose CSet: 0.0 ms]
      [Ref Proc: 0.8 ms]
      [Ref Enq: 0.0 ms]
      [Redirty Cards: 0.1 ms]
      [Humongous Register: 0.0 ms]
      [Humongous Reclaim: 0.0 ms]
      [Free CSet: 0.0 ms]
   [Eden: 64.0M(64.0M)->0.0B(64.0M) Survivors: 1024.0K->1024.0K Heap: 112.3M(128.0M)->48.3M(128.0M)]
 [Times: user=0.00 sys=0.00, real=0.09 secs] 
2020-11-10T16:54:33.317+0800: 1782.801: [GC pause (G1 Evacuation Pause) (young), 0.0024681 secs]
   [Parallel Time: 1.5 ms, GC Workers: 4]
      [GC Worker Start (ms): Min: 1782800.9, Avg: 1782801.0, Max: 1782801.0, Diff: 0.1]
      [Ext Root Scanning (ms): Min: 0.6, Avg: 0.8, Max: 1.4, Diff: 0.8, Sum: 3.2]
      [Update RS (ms): Min: 0.0, Avg: 0.1, Max: 0.2, Diff: 0.2, Sum: 0.6]
         [Processed Buffers: Min: 0, Avg: 8.5, Max: 13, Diff: 13, Sum: 34]
      [Scan RS (ms): Min: 0.0, Avg: 0.0, Max: 0.0, Diff: 0.0, Sum: 0.0]
      [Code Root Scanning (ms): Min: 0.0, Avg: 0.0, Max: 0.0, Diff: 0.0, Sum: 0.0]
      [Object Copy (ms): Min: 0.0, Avg: 0.1, Max: 0.2, Diff: 0.2, Sum: 0.6]
      [Termination (ms): Min: 0.0, Avg: 0.2, Max: 0.3, Diff: 0.3, Sum: 0.8]
         [Termination Attempts: Min: 1, Avg: 1.0, Max: 1, Diff: 0, Sum: 4]
      [GC Worker Other (ms): Min: 0.0, Avg: 0.0, Max: 0.0, Diff: 0.0, Sum: 0.1]
      [GC Worker Total (ms): Min: 1.3, Avg: 1.3, Max: 1.4, Diff: 0.1, Sum: 5.2]
      [GC Worker End (ms): Min: 1782802.3, Avg: 1782802.3, Max: 1782802.3, Diff: 0.0]
   [Code Root Fixup: 0.0 ms]
   [Code Root Purge: 0.0 ms]
   [Clear CT: 0.0 ms]
   [Other: 0.9 ms]
      [Choose CSet: 0.0 ms]
      [Ref Proc: 0.7 ms]
      [Ref Enq: 0.0 ms]
      [Redirty Cards: 0.0 ms]
      [Humongous Register: 0.0 ms]
      [Humongous Reclaim: 0.0 ms]
      [Free CSet: 0.1 ms]
   [Eden: 64.0M(64.0M)->0.0B(64.0M) Survivors: 1024.0K->1024.0K Heap: 112.3M(128.0M)->48.3M(128.0M)]
 [Times: user=0.00 sys=0.00, real=0.00 secs] 
2020-11-10T16:54:37.515+0800: 1786.998: [GC pause (G1 Evacuation Pause) (young), 0.0207903 secs]
   [Parallel Time: 19.2 ms, GC Workers: 4]
      [GC Worker Start (ms): Min: 1786998.5, Avg: 1786998.5, Max: 1786998.6, Diff: 0.1]
      [Ext Root Scanning (ms): Min: 0.6, Avg: 0.8, Max: 1.2, Diff: 0.7, Sum: 3.2]
      [Update RS (ms): Min: 0.0, Avg: 0.2, Max: 0.2, Diff: 0.2, Sum: 0.7]
         [Processed Buffers: Min: 0, Avg: 9.3, Max: 17, Diff: 17, Sum: 37]
      [Scan RS (ms): Min: 0.0, Avg: 0.0, Max: 0.0, Diff: 0.0, Sum: 0.0]
      [Code Root Scanning (ms): Min: 0.0, Avg: 0.0, Max: 0.0, Diff: 0.0, Sum: 0.0]
      [Object Copy (ms): Min: 17.9, Avg: 18.1, Max: 18.2, Diff: 0.3, Sum: 72.5]
      [Termination (ms): Min: 0.0, Avg: 0.0, Max: 0.0, Diff: 0.0, Sum: 0.0]
         [Termination Attempts: Min: 1, Avg: 1.0, Max: 1, Diff: 0, Sum: 4]
      [GC Worker Other (ms): Min: 0.0, Avg: 0.0, Max: 0.0, Diff: 0.0, Sum: 0.0]
      [GC Worker Total (ms): Min: 19.1, Avg: 19.1, Max: 19.2, Diff: 0.1, Sum: 76.5]
      [GC Worker End (ms): Min: 1787017.6, Avg: 1787017.6, Max: 1787017.6, Diff: 0.0]
   [Code Root Fixup: 0.0 ms]
   [Code Root Purge: 0.0 ms]
   [Clear CT: 0.3 ms]
   [Other: 1.2 ms]
      [Choose CSet: 0.0 ms]
      [Ref Proc: 0.7 ms]
      [Ref Enq: 0.0 ms]
      [Redirty Cards: 0.3 ms]
      [Humongous Register: 0.0 ms]
      [Humongous Reclaim: 0.0 ms]
      [Free CSet: 0.0 ms]
   [Eden: 64.0M(64.0M)->0.0B(64.0M) Survivors: 1024.0K->1024.0K Heap: 112.3M(128.0M)->48.3M(128.0M)]
 [Times: user=0.02 sys=0.00, real=0.02 secs] 
2020-11-10T16:54:42.107+0800: 1791.590: [GC pause (G1 Evacuation Pause) (young), 0.0039829 secs]
   [Parallel Time: 2.6 ms, GC Workers: 4]
      [GC Worker Start (ms): Min: 1791590.4, Avg: 1791590.5, Max: 1791590.5, Diff: 0.1]
      [Ext Root Scanning (ms): Min: 1.3, Avg: 1.7, Max: 2.6, Diff: 1.2, Sum: 6.8]
      [Update RS (ms): Min: 0.0, Avg: 0.2, Max: 0.3, Diff: 0.3, Sum: 0.8]
         [Processed Buffers: Min: 0, Avg: 9.3, Max: 19, Diff: 19, Sum: 37]
      [Scan RS (ms): Min: 0.0, Avg: 0.0, Max: 0.0, Diff: 0.0, Sum: 0.1]
      [Code Root Scanning (ms): Min: 0.0, Avg: 0.0, Max: 0.0, Diff: 0.0, Sum: 0.0]
      [Object Copy (ms): Min: 0.0, Avg: 0.3, Max: 0.4, Diff: 0.4, Sum: 1.0]
      [Termination (ms): Min: 0.0, Avg: 0.3, Max: 0.4, Diff: 0.4, Sum: 1.3]
         [Termination Attempts: Min: 1, Avg: 1.0, Max: 1, Diff: 0, Sum: 4]
      [GC Worker Other (ms): Min: 0.0, Avg: 0.0, Max: 0.0, Diff: 0.0, Sum: 0.1]
      [GC Worker Total (ms): Min: 2.5, Avg: 2.5, Max: 2.6, Diff: 0.1, Sum: 10.1]
      [GC Worker End (ms): Min: 1791593.0, Avg: 1791593.0, Max: 1791593.0, Diff: 0.0]
   [Code Root Fixup: 0.0 ms]
   [Code Root Purge: 0.0 ms]
   [Clear CT: 0.1 ms]
   [Other: 1.2 ms]
      [Choose CSet: 0.0 ms]
      [Ref Proc: 0.9 ms]
      [Ref Enq: 0.0 ms]
      [Redirty Cards: 0.2 ms]
      [Humongous Register: 0.0 ms]
      [Humongous Reclaim: 0.0 ms]
      [Free CSet: 0.0 ms]
   [Eden: 64.0M(64.0M)->0.0B(64.0M) Survivors: 1024.0K->1024.0K Heap: 112.3M(128.0M)->48.3M(128.0M)]
 [Times: user=0.02 sys=0.00, real=0.00 secs] 
2020-11-10T16:54:47.328+0800: 1796.811: [GC pause (G1 Evacuation Pause) (young), 0.0489261 secs]
   [Parallel Time: 47.5 ms, GC Workers: 4]
      [GC Worker Start (ms): Min: 1796811.4, Avg: 1796811.4, Max: 1796811.5, Diff: 0.1]
      [Ext Root Scanning (ms): Min: 0.6, Avg: 0.8, Max: 1.3, Diff: 0.7, Sum: 3.1]
      [Update RS (ms): Min: 0.0, Avg: 4.2, Max: 16.5, Diff: 16.5, Sum: 17.0]
         [Processed Buffers: Min: 0, Avg: 8.0, Max: 22, Diff: 22, Sum: 32]
      [Scan RS (ms): Min: 0.0, Avg: 0.0, Max: 0.0, Diff: 0.0, Sum: 0.0]
      [Code Root Scanning (ms): Min: 0.0, Avg: 0.0, Max: 0.0, Diff: 0.0, Sum: 0.0]
      [Object Copy (ms): Min: 30.3, Avg: 42.3, Max: 46.4, Diff: 16.2, Sum: 169.3]
      [Termination (ms): Min: 0.0, Avg: 0.0, Max: 0.0, Diff: 0.0, Sum: 0.1]
         [Termination Attempts: Min: 1, Avg: 1.0, Max: 1, Diff: 0, Sum: 4]
      [GC Worker Other (ms): Min: 0.0, Avg: 0.0, Max: 0.0, Diff: 0.0, Sum: 0.0]
      [GC Worker Total (ms): Min: 47.3, Avg: 47.4, Max: 47.4, Diff: 0.1, Sum: 189.6]
      [GC Worker End (ms): Min: 1796858.8, Avg: 1796858.8, Max: 1796858.8, Diff: 0.0]
   [Code Root Fixup: 0.0 ms]
   [Code Root Purge: 0.0 ms]
   [Clear CT: 0.3 ms]
   [Other: 1.1 ms]
      [Choose CSet: 0.0 ms]
      [Ref Proc: 0.7 ms]
      [Ref Enq: 0.0 ms]
      [Redirty Cards: 0.2 ms]
      [Humongous Register: 0.0 ms]
      [Humongous Reclaim: 0.0 ms]
      [Free CSet: 0.0 ms]
   [Eden: 64.0M(64.0M)->0.0B(64.0M) Survivors: 1024.0K->1024.0K Heap: 112.3M(128.0M)->48.3M(128.0M)]
 [Times: user=0.11 sys=0.00, real=0.05 secs] 
2020-11-10T16:54:52.188+0800: 1801.671: [GC pause (G1 Evacuation Pause) (young), 0.0030559 secs]
   [Parallel Time: 1.4 ms, GC Workers: 4]
      [GC Worker Start (ms): Min: 1801671.3, Avg: 1801671.4, Max: 1801671.5, Diff: 0.1]
      [Ext Root Scanning (ms): Min: 0.6, Avg: 0.8, Max: 1.3, Diff: 0.7, Sum: 3.3]
      [Update RS (ms): Min: 0.0, Avg: 0.2, Max: 0.2, Diff: 0.2, Sum: 0.7]
         [Processed Buffers: Min: 0, Avg: 7.8, Max: 23, Diff: 23, Sum: 31]
      [Scan RS (ms): Min: 0.0, Avg: 0.0, Max: 0.0, Diff: 0.0, Sum: 0.0]
      [Code Root Scanning (ms): Min: 0.0, Avg: 0.0, Max: 0.0, Diff: 0.0, Sum: 0.0]
      [Object Copy (ms): Min: 0.0, Avg: 0.1, Max: 0.2, Diff: 0.2, Sum: 0.5]
      [Termination (ms): Min: 0.0, Avg: 0.1, Max: 0.2, Diff: 0.2, Sum: 0.6]
         [Termination Attempts: Min: 1, Avg: 1.0, Max: 1, Diff: 0, Sum: 4]
      [GC Worker Other (ms): Min: 0.0, Avg: 0.0, Max: 0.0, Diff: 0.0, Sum: 0.0]
      [GC Worker Total (ms): Min: 1.2, Avg: 1.3, Max: 1.3, Diff: 0.1, Sum: 5.0]
      [GC Worker End (ms): Min: 1801672.7, Avg: 1801672.7, Max: 1801672.7, Diff: 0.0]
   [Code Root Fixup: 0.0 ms]
   [Code Root Purge: 0.0 ms]
   [Clear CT: 0.3 ms]
   [Other: 1.3 ms]
      [Choose CSet: 0.0 ms]
      [Ref Proc: 0.8 ms]
      [Ref Enq: 0.0 ms]
      [Redirty Cards: 0.4 ms]
      [Humongous Register: 0.0 ms]
      [Humongous Reclaim: 0.0 ms]
      [Free CSet: 0.0 ms]
   [Eden: 64.0M(64.0M)->0.0B(64.0M) Survivors: 1024.0K->1024.0K Heap: 112.3M(128.0M)->48.3M(128.0M)]
 [Times: user=0.06 sys=0.00, real=0.00 secs] 
2020-11-10T16:54:56.596+0800: 1806.079: [GC pause (G1 Evacuation Pause) (young), 0.0690623 secs]
   [Parallel Time: 67.5 ms, GC Workers: 4]
      [GC Worker Start (ms): Min: 1806079.2, Avg: 1806079.3, Max: 1806079.3, Diff: 0.1]
      [Ext Root Scanning (ms): Min: 0.5, Avg: 0.8, Max: 1.3, Diff: 0.7, Sum: 3.1]
      [Update RS (ms): Min: 0.0, Avg: 0.2, Max: 0.3, Diff: 0.3, Sum: 0.7]
         [Processed Buffers: Min: 0, Avg: 7.8, Max: 14, Diff: 14, Sum: 31]
      [Scan RS (ms): Min: 0.0, Avg: 0.0, Max: 0.0, Diff: 0.0, Sum: 0.0]
      [Code Root Scanning (ms): Min: 0.0, Avg: 0.0, Max: 0.0, Diff: 0.0, Sum: 0.0]
      [Object Copy (ms): Min: 66.1, Avg: 66.3, Max: 66.4, Diff: 0.3, Sum: 265.3]
      [Termination (ms): Min: 0.0, Avg: 0.0, Max: 0.1, Diff: 0.1, Sum: 0.1]
         [Termination Attempts: Min: 1, Avg: 1.0, Max: 1, Diff: 0, Sum: 4]
      [GC Worker Other (ms): Min: 0.0, Avg: 0.0, Max: 0.0, Diff: 0.0, Sum: 0.0]
      [GC Worker Total (ms): Min: 67.3, Avg: 67.4, Max: 67.4, Diff: 0.1, Sum: 269.4]
      [GC Worker End (ms): Min: 1806146.6, Avg: 1806146.6, Max: 1806146.6, Diff: 0.0]
   [Code Root Fixup: 0.1 ms]
   [Code Root Purge: 0.0 ms]
   [Clear CT: 0.2 ms]
   [Other: 1.3 ms]
      [Choose CSet: 0.0 ms]
      [Ref Proc: 0.7 ms]
      [Ref Enq: 0.0 ms]
      [Redirty Cards: 0.4 ms]
      [Humongous Register: 0.0 ms]
      [Humongous Reclaim: 0.0 ms]
      [Free CSet: 0.0 ms]
   [Eden: 64.0M(64.0M)->0.0B(64.0M) Survivors: 1024.0K->1024.0K Heap: 112.3M(128.0M)->48.4M(128.0M)]
 [Times: user=0.00 sys=0.00, real=0.07 secs] 
2020-11-10T16:55:01.576+0800: 1811.060: [GC pause (G1 Evacuation Pause) (young), 0.0032044 secs]
   [Parallel Time: 1.5 ms, GC Workers: 4]
      [GC Worker Start (ms): Min: 1811060.2, Avg: 1811060.3, Max: 1811060.3, Diff: 0.1]
      [Ext Root Scanning (ms): Min: 0.7, Avg: 0.9, Max: 1.4, Diff: 0.7, Sum: 3.6]
      [Update RS (ms): Min: 0.0, Avg: 0.2, Max: 0.3, Diff: 0.3, Sum: 0.7]
         [Processed Buffers: Min: 0, Avg: 9.5, Max: 19, Diff: 19, Sum: 38]
      [Scan RS (ms): Min: 0.0, Avg: 0.0, Max: 0.0, Diff: 0.0, Sum: 0.0]
      [Code Root Scanning (ms): Min: 0.0, Avg: 0.0, Max: 0.0, Diff: 0.0, Sum: 0.0]
      [Object Copy (ms): Min: 0.0, Avg: 0.1, Max: 0.2, Diff: 0.2, Sum: 0.5]
      [Termination (ms): Min: 0.0, Avg: 0.2, Max: 0.2, Diff: 0.2, Sum: 0.6]
         [Termination Attempts: Min: 1, Avg: 1.0, Max: 1, Diff: 0, Sum: 4]
      [GC Worker Other (ms): Min: 0.0, Avg: 0.0, Max: 0.0, Diff: 0.0, Sum: 0.0]
      [GC Worker Total (ms): Min: 1.3, Avg: 1.4, Max: 1.4, Diff: 0.1, Sum: 5.4]
      [GC Worker End (ms): Min: 1811061.6, Avg: 1811061.6, Max: 1811061.6, Diff: 0.0]
   [Code Root Fixup: 0.1 ms]
   [Code Root Purge: 0.0 ms]
   [Clear CT: 0.4 ms]
   [Other: 1.3 ms]
      [Choose CSet: 0.0 ms]
      [Ref Proc: 1.0 ms]
      [Ref Enq: 0.0 ms]
      [Redirty Cards: 0.2 ms]
      [Humongous Register: 0.0 ms]
      [Humongous Reclaim: 0.0 ms]
      [Free CSet: 0.0 ms]
   [Eden: 64.0M(64.0M)->0.0B(64.0M) Survivors: 1024.0K->1024.0K Heap: 112.4M(128.0M)->48.3M(128.0M)]
 [Times: user=0.02 sys=0.00, real=0.00 secs] 
2020-11-10T16:55:06.585+0800: 1816.068: [GC pause (G1 Evacuation Pause) (young), 0.0429131 secs]
   [Parallel Time: 41.1 ms, GC Workers: 4]
      [GC Worker Start (ms): Min: 1816068.5, Avg: 1816068.6, Max: 1816068.7, Diff: 0.1]
      [Ext Root Scanning (ms): Min: 0.6, Avg: 0.8, Max: 1.3, Diff: 0.7, Sum: 3.2]
      [Update RS (ms): Min: 0.0, Avg: 0.2, Max: 0.2, Diff: 0.2, Sum: 0.6]
         [Processed Buffers: Min: 0, Avg: 8.0, Max: 16, Diff: 16, Sum: 32]
      [Scan RS (ms): Min: 0.0, Avg: 0.0, Max: 0.0, Diff: 0.0, Sum: 0.0]
      [Code Root Scanning (ms): Min: 0.0, Avg: 0.0, Max: 0.0, Diff: 0.0, Sum: 0.0]
      [Object Copy (ms): Min: 0.0, Avg: 10.1, Max: 40.0, Diff: 40.0, Sum: 40.4]
      [Termination (ms): Min: 0.0, Avg: 29.9, Max: 39.8, Diff: 39.8, Sum: 119.4]
         [Termination Attempts: Min: 1, Avg: 1.8, Max: 2, Diff: 1, Sum: 7]
      [GC Worker Other (ms): Min: 0.0, Avg: 0.0, Max: 0.0, Diff: 0.0, Sum: 0.0]
      [GC Worker Total (ms): Min: 40.9, Avg: 40.9, Max: 41.0, Diff: 0.1, Sum: 163.7]
      [GC Worker End (ms): Min: 1816109.5, Avg: 1816109.5, Max: 1816109.5, Diff: 0.0]
   [Code Root Fixup: 0.1 ms]
   [Code Root Purge: 0.0 ms]
   [Clear CT: 0.4 ms]
   [Other: 1.4 ms]
      [Choose CSet: 0.0 ms]
      [Ref Proc: 0.8 ms]
      [Ref Enq: 0.0 ms]
      [Redirty Cards: 0.4 ms]
      [Humongous Register: 0.0 ms]
      [Humongous Reclaim: 0.0 ms]
      [Free CSet: 0.1 ms]
   [Eden: 64.0M(64.0M)->0.0B(64.0M) Survivors: 1024.0K->1024.0K Heap: 112.3M(128.0M)->48.3M(128.0M)]
 [Times: user=0.09 sys=0.00, real=0.04 secs] 
2020-11-10T16:55:11.296+0800: 1820.780: [GC pause (G1 Evacuation Pause) (young), 0.0031404 secs]
   [Parallel Time: 1.5 ms, GC Workers: 4]
      [GC Worker Start (ms): Min: 1820780.0, Avg: 1820780.1, Max: 1820780.1, Diff: 0.1]
      [Ext Root Scanning (ms): Min: 0.6, Avg: 0.8, Max: 1.3, Diff: 0.7, Sum: 3.1]
      [Update RS (ms): Min: 0.0, Avg: 0.2, Max: 0.3, Diff: 0.3, Sum: 0.8]
         [Processed Buffers: Min: 0, Avg: 8.8, Max: 28, Diff: 28, Sum: 35]
      [Scan RS (ms): Min: 0.0, Avg: 0.0, Max: 0.0, Diff: 0.0, Sum: 0.0]
      [Code Root Scanning (ms): Min: 0.0, Avg: 0.0, Max: 0.0, Diff: 0.0, Sum: 0.0]
      [Object Copy (ms): Min: 0.0, Avg: 0.1, Max: 0.2, Diff: 0.2, Sum: 0.5]
      [Termination (ms): Min: 0.0, Avg: 0.1, Max: 0.1, Diff: 0.1, Sum: 0.4]
         [Termination Attempts: Min: 1, Avg: 1.0, Max: 1, Diff: 0, Sum: 4]
      [GC Worker Other (ms): Min: 0.0, Avg: 0.0, Max: 0.0, Diff: 0.0, Sum: 0.0]
      [GC Worker Total (ms): Min: 1.2, Avg: 1.2, Max: 1.3, Diff: 0.1, Sum: 4.9]
      [GC Worker End (ms): Min: 1820781.3, Avg: 1820781.3, Max: 1820781.3, Diff: 0.0]
   [Code Root Fixup: 0.0 ms]
   [Code Root Purge: 0.0 ms]
   [Clear CT: 0.5 ms]
   [Other: 1.1 ms]
      [Choose CSet: 0.0 ms]
      [Ref Proc: 0.7 ms]
      [Ref Enq: 0.0 ms]
      [Redirty Cards: 0.3 ms]
      [Humongous Register: 0.0 ms]
      [Humongous Reclaim: 0.0 ms]
      [Free CSet: 0.0 ms]
   [Eden: 64.0M(64.0M)->0.0B(64.0M) Survivors: 1024.0K->1024.0K Heap: 112.3M(128.0M)->48.3M(128.0M)]
 [Times: user=0.06 sys=0.00, real=0.00 secs] 
2020-11-10T16:55:16.173+0800: 1825.657: [GC pause (G1 Evacuation Pause) (young), 0.0295932 secs]
   [Parallel Time: 28.4 ms, GC Workers: 4]
      [GC Worker Start (ms): Min: 1825657.0, Avg: 1825657.1, Max: 1825657.3, Diff: 0.3]
      [Ext Root Scanning (ms): Min: 0.8, Avg: 1.2, Max: 1.4, Diff: 0.6, Sum: 4.7]
      [Update RS (ms): Min: 0.0, Avg: 0.2, Max: 0.3, Diff: 0.3, Sum: 0.6]
         [Processed Buffers: Min: 2, Avg: 8.5, Max: 13, Diff: 11, Sum: 34]
      [Scan RS (ms): Min: 0.0, Avg: 0.0, Max: 0.0, Diff: 0.0, Sum: 0.0]
      [Code Root Scanning (ms): Min: 0.0, Avg: 0.0, Max: 0.0, Diff: 0.0, Sum: 0.0]
      [Object Copy (ms): Min: 26.8, Avg: 26.8, Max: 26.9, Diff: 0.1, Sum: 107.3]
      [Termination (ms): Min: 0.0, Avg: 0.0, Max: 0.0, Diff: 0.0, Sum: 0.0]
         [Termination Attempts: Min: 1, Avg: 1.0, Max: 1, Diff: 0, Sum: 4]
      [GC Worker Other (ms): Min: 0.0, Avg: 0.0, Max: 0.0, Diff: 0.0, Sum: 0.1]
      [GC Worker Total (ms): Min: 28.0, Avg: 28.2, Max: 28.3, Diff: 0.3, Sum: 112.8]
      [GC Worker End (ms): Min: 1825685.3, Avg: 1825685.3, Max: 1825685.3, Diff: 0.0]
   [Code Root Fixup: 0.0 ms]
   [Code Root Purge: 0.0 ms]
   [Clear CT: 0.2 ms]
   [Other: 1.0 ms]
      [Choose CSet: 0.0 ms]
      [Ref Proc: 0.7 ms]
      [Ref Enq: 0.0 ms]
      [Redirty Cards: 0.0 ms]
      [Humongous Register: 0.0 ms]
      [Humongous Reclaim: 0.0 ms]
      [Free CSet: 0.0 ms]
   [Eden: 64.0M(64.0M)->0.0B(64.0M) Survivors: 1024.0K->1024.0K Heap: 112.3M(128.0M)->48.4M(128.0M)]
 [Times: user=0.00 sys=0.00, real=0.03 secs] 
2020-11-10T16:55:20.747+0800: 1830.231: [GC pause (G1 Evacuation Pause) (young), 0.0951725 secs]
   [Parallel Time: 94.0 ms, GC Workers: 4]
      [GC Worker Start (ms): Min: 1830231.2, Avg: 1830231.2, Max: 1830231.2, Diff: 0.0]
      [Ext Root Scanning (ms): Min: 0.6, Avg: 0.8, Max: 1.3, Diff: 0.7, Sum: 3.2]
      [Update RS (ms): Min: 0.0, Avg: 23.3, Max: 92.8, Diff: 92.8, Sum: 93.3]
         [Processed Buffers: Min: 0, Avg: 9.8, Max: 29, Diff: 29, Sum: 39]
      [Scan RS (ms): Min: 0.0, Avg: 0.0, Max: 0.0, Diff: 0.0, Sum: 0.0]
      [Code Root Scanning (ms): Min: 0.0, Avg: 0.0, Max: 0.0, Diff: 0.0, Sum: 0.0]
      [Object Copy (ms): Min: 0.0, Avg: 0.1, Max: 0.3, Diff: 0.3, Sum: 0.6]
      [Termination (ms): Min: 0.0, Avg: 69.5, Max: 92.7, Diff: 92.7, Sum: 278.2]
         [Termination Attempts: Min: 1, Avg: 1.0, Max: 1, Diff: 0, Sum: 4]
      [GC Worker Other (ms): Min: 0.0, Avg: 0.0, Max: 0.0, Diff: 0.0, Sum: 0.0]
      [GC Worker Total (ms): Min: 93.5, Avg: 93.8, Max: 94.0, Diff: 0.5, Sum: 375.4]
      [GC Worker End (ms): Min: 1830324.7, Avg: 1830325.1, Max: 1830325.2, Diff: 0.4]
   [Code Root Fixup: 0.0 ms]
   [Code Root Purge: 0.0 ms]
   [Clear CT: 0.1 ms]
   [Other: 1.0 ms]
      [Choose CSet: 0.0 ms]
      [Ref Proc: 0.7 ms]
      [Ref Enq: 0.0 ms]
      [Redirty Cards: 0.1 ms]
      [Humongous Register: 0.0 ms]
      [Humongous Reclaim: 0.0 ms]
      [Free CSet: 0.0 ms]
   [Eden: 64.0M(64.0M)->0.0B(64.0M) Survivors: 1024.0K->1024.0K Heap: 112.4M(128.0M)->48.4M(128.0M)]
 [Times: user=0.24 sys=0.00, real=0.10 secs] 
2020-11-10T16:55:25.458+0800: 1834.942: [GC pause (G1 Evacuation Pause) (young), 0.0426975 secs]
   [Parallel Time: 1.3 ms, GC Workers: 4]
      [GC Worker Start (ms): Min: 1834942.2, Avg: 1834942.3, Max: 1834942.3, Diff: 0.1]
      [Ext Root Scanning (ms): Min: 0.6, Avg: 0.8, Max: 1.3, Diff: 0.6, Sum: 3.2]
      [Update RS (ms): Min: 0.0, Avg: 0.2, Max: 0.3, Diff: 0.3, Sum: 0.7]
         [Processed Buffers: Min: 0, Avg: 8.5, Max: 27, Diff: 27, Sum: 34]
      [Scan RS (ms): Min: 0.0, Avg: 0.0, Max: 0.0, Diff: 0.0, Sum: 0.0]
      [Code Root Scanning (ms): Min: 0.0, Avg: 0.0, Max: 0.0, Diff: 0.0, Sum: 0.0]
      [Object Copy (ms): Min: 0.0, Avg: 0.1, Max: 0.2, Diff: 0.2, Sum: 0.5]
      [Termination (ms): Min: 0.0, Avg: 0.1, Max: 0.2, Diff: 0.2, Sum: 0.5]
         [Termination Attempts: Min: 1, Avg: 1.0, Max: 1, Diff: 0, Sum: 4]
      [GC Worker Other (ms): Min: 0.0, Avg: 0.0, Max: 0.0, Diff: 0.0, Sum: 0.0]
      [GC Worker Total (ms): Min: 1.2, Avg: 1.3, Max: 1.3, Diff: 0.0, Sum: 5.0]
      [GC Worker End (ms): Min: 1834943.5, Avg: 1834943.5, Max: 1834943.5, Diff: 0.0]
   [Code Root Fixup: 0.1 ms]
   [Code Root Purge: 0.0 ms]
   [Clear CT: 0.3 ms]
   [Other: 41.0 ms]
      [Choose CSet: 0.0 ms]
      [Ref Proc: 0.9 ms]
      [Ref Enq: 0.0 ms]
      [Redirty Cards: 0.3 ms]
      [Humongous Register: 0.0 ms]
      [Humongous Reclaim: 0.0 ms]
      [Free CSet: 0.0 ms]
   [Eden: 64.0M(64.0M)->0.0B(64.0M) Survivors: 1024.0K->1024.0K Heap: 112.4M(128.0M)->48.4M(128.0M)]
 [Times: user=0.00 sys=0.02, real=0.04 secs] 
2020-11-10T16:55:30.720+0800: 1840.204: [GC pause (G1 Evacuation Pause) (young), 0.0030067 secs]
   [Parallel Time: 1.8 ms, GC Workers: 4]
      [GC Worker Start (ms): Min: 1840203.8, Avg: 1840203.9, Max: 1840203.9, Diff: 0.1]
      [Ext Root Scanning (ms): Min: 0.7, Avg: 1.0, Max: 1.6, Diff: 0.9, Sum: 3.9]
      [Update RS (ms): Min: 0.0, Avg: 0.2, Max: 0.2, Diff: 0.2, Sum: 0.6]
         [Processed Buffers: Min: 0, Avg: 7.8, Max: 14, Diff: 14, Sum: 31]
      [Scan RS (ms): Min: 0.0, Avg: 0.0, Max: 0.0, Diff: 0.0, Sum: 0.0]
      [Code Root Scanning (ms): Min: 0.0, Avg: 0.0, Max: 0.0, Diff: 0.0, Sum: 0.0]
      [Object Copy (ms): Min: 0.0, Avg: 0.1, Max: 0.2, Diff: 0.2, Sum: 0.5]
      [Termination (ms): Min: 0.0, Avg: 0.3, Max: 0.5, Diff: 0.5, Sum: 1.4]
         [Termination Attempts: Min: 1, Avg: 1.0, Max: 1, Diff: 0, Sum: 4]
      [GC Worker Other (ms): Min: 0.0, Avg: 0.0, Max: 0.0, Diff: 0.0, Sum: 0.0]
      [GC Worker Total (ms): Min: 1.6, Avg: 1.6, Max: 1.6, Diff: 0.0, Sum: 6.5]
      [GC Worker End (ms): Min: 1840205.5, Avg: 1840205.5, Max: 1840205.6, Diff: 0.1]
   [Code Root Fixup: 0.0 ms]
   [Code Root Purge: 0.0 ms]
   [Clear CT: 0.1 ms]
   [Other: 1.1 ms]
      [Choose CSet: 0.0 ms]
      [Ref Proc: 1.0 ms]
      [Ref Enq: 0.0 ms]
      [Redirty Cards: 0.0 ms]
      [Humongous Register: 0.0 ms]
      [Humongous Reclaim: 0.0 ms]
      [Free CSet: 0.0 ms]
   [Eden: 64.0M(64.0M)->0.0B(64.0M) Survivors: 1024.0K->1024.0K Heap: 112.4M(128.0M)->48.4M(128.0M)]
 [Times: user=0.00 sys=0.00, real=0.00 secs] 
2020-11-10T16:55:35.657+0800: 1845.141: [GC pause (G1 Evacuation Pause) (young), 0.0026853 secs]
   [Parallel Time: 1.4 ms, GC Workers: 4]
      [GC Worker Start (ms): Min: 1845141.0, Avg: 1845141.0, Max: 1845141.1, Diff: 0.2]
      [Ext Root Scanning (ms): Min: 0.6, Avg: 0.8, Max: 1.3, Diff: 0.7, Sum: 3.1]
      [Update RS (ms): Min: 0.0, Avg: 0.2, Max: 0.2, Diff: 0.2, Sum: 0.7]
         [Processed Buffers: Min: 0, Avg: 8.8, Max: 13, Diff: 13, Sum: 35]
      [Scan RS (ms): Min: 0.0, Avg: 0.0, Max: 0.0, Diff: 0.0, Sum: 0.0]
      [Code Root Scanning (ms): Min: 0.0, Avg: 0.0, Max: 0.0, Diff: 0.0, Sum: 0.0]
      [Object Copy (ms): Min: 0.0, Avg: 0.1, Max: 0.2, Diff: 0.2, Sum: 0.5]
      [Termination (ms): Min: 0.0, Avg: 0.1, Max: 0.2, Diff: 0.2, Sum: 0.5]
         [Termination Attempts: Min: 1, Avg: 1.0, Max: 1, Diff: 0, Sum: 4]
      [GC Worker Other (ms): Min: 0.0, Avg: 0.0, Max: 0.0, Diff: 0.0, Sum: 0.0]
      [GC Worker Total (ms): Min: 1.1, Avg: 1.2, Max: 1.3, Diff: 0.2, Sum: 4.9]
      [GC Worker End (ms): Min: 1845142.2, Avg: 1845142.3, Max: 1845142.3, Diff: 0.0]
   [Code Root Fixup: 0.0 ms]
   [Code Root Purge: 0.0 ms]
   [Clear CT: 0.1 ms]
   [Other: 1.2 ms]
      [Choose CSet: 0.0 ms]
      [Ref Proc: 0.8 ms]
      [Ref Enq: 0.0 ms]
      [Redirty Cards: 0.3 ms]
      [Humongous Register: 0.0 ms]
      [Humongous Reclaim: 0.0 ms]
      [Free CSet: 0.0 ms]
   [Eden: 64.0M(64.0M)->0.0B(64.0M) Survivors: 1024.0K->1024.0K Heap: 112.4M(128.0M)->48.4M(128.0M)]
 [Times: user=0.00 sys=0.00, real=0.00 secs] 
2020-11-10T16:55:40.745+0800: 1850.229: [GC pause (G1 Evacuation Pause) (young), 0.0029518 secs]
   [Parallel Time: 1.5 ms, GC Workers: 4]
      [GC Worker Start (ms): Min: 1850228.8, Avg: 1850228.9, Max: 1850228.9, Diff: 0.1]
      [Ext Root Scanning (ms): Min: 0.6, Avg: 0.8, Max: 1.2, Diff: 0.6, Sum: 3.3]
      [Update RS (ms): Min: 0.0, Avg: 0.2, Max: 0.3, Diff: 0.3, Sum: 0.7]
         [Processed Buffers: Min: 0, Avg: 10.0, Max: 16, Diff: 16, Sum: 40]
      [Scan RS (ms): Min: 0.0, Avg: 0.0, Max: 0.0, Diff: 0.0, Sum: 0.0]
      [Code Root Scanning (ms): Min: 0.0, Avg: 0.0, Max: 0.1, Diff: 0.1, Sum: 0.1]
      [Object Copy (ms): Min: 0.0, Avg: 0.1, Max: 0.2, Diff: 0.2, Sum: 0.6]
      [Termination (ms): Min: 0.0, Avg: 0.0, Max: 0.0, Diff: 0.0, Sum: 0.1]
         [Termination Attempts: Min: 1, Avg: 1.0, Max: 1, Diff: 0, Sum: 4]
      [GC Worker Other (ms): Min: 0.0, Avg: 0.0, Max: 0.0, Diff: 0.0, Sum: 0.1]
      [GC Worker Total (ms): Min: 1.1, Avg: 1.2, Max: 1.3, Diff: 0.1, Sum: 4.8]
      [GC Worker End (ms): Min: 1850230.1, Avg: 1850230.1, Max: 1850230.1, Diff: 0.0]
   [Code Root Fixup: 0.1 ms]
   [Code Root Purge: 0.0 ms]
   [Clear CT: 0.1 ms]
   [Other: 1.3 ms]
      [Choose CSet: 0.0 ms]
      [Ref Proc: 0.8 ms]
      [Ref Enq: 0.0 ms]
      [Redirty Cards: 0.3 ms]
      [Humongous Register: 0.0 ms]
      [Humongous Reclaim: 0.0 ms]
      [Free CSet: 0.0 ms]
   [Eden: 64.0M(64.0M)->0.0B(64.0M) Survivors: 1024.0K->1024.0K Heap: 112.4M(128.0M)->48.4M(128.0M)]
 [Times: user=0.00 sys=0.00, real=0.00 secs] 
2020-11-10T16:55:45.309+0800: 1854.793: [GC pause (G1 Evacuation Pause) (young), 0.0193101 secs]
   [Parallel Time: 17.9 ms, GC Workers: 4]
      [GC Worker Start (ms): Min: 1854792.7, Avg: 1854792.8, Max: 1854792.9, Diff: 0.1]
      [Ext Root Scanning (ms): Min: 0.7, Avg: 0.9, Max: 1.3, Diff: 0.6, Sum: 3.7]
      [Update RS (ms): Min: 0.0, Avg: 0.2, Max: 0.2, Diff: 0.2, Sum: 0.7]
         [Processed Buffers: Min: 0, Avg: 8.5, Max: 16, Diff: 16, Sum: 34]
      [Scan RS (ms): Min: 0.0, Avg: 0.0, Max: 0.0, Diff: 0.0, Sum: 0.0]
      [Code Root Scanning (ms): Min: 0.0, Avg: 0.0, Max: 0.0, Diff: 0.0, Sum: 0.0]
      [Object Copy (ms): Min: 16.5, Avg: 16.6, Max: 16.7, Diff: 0.2, Sum: 66.3]
      [Termination (ms): Min: 0.0, Avg: 0.0, Max: 0.0, Diff: 0.0, Sum: 0.0]
         [Termination Attempts: Min: 1, Avg: 1.0, Max: 1, Diff: 0, Sum: 4]
      [GC Worker Other (ms): Min: 0.0, Avg: 0.0, Max: 0.0, Diff: 0.0, Sum: 0.1]
      [GC Worker Total (ms): Min: 17.6, Avg: 17.7, Max: 17.8, Diff: 0.1, Sum: 70.9]
      [GC Worker End (ms): Min: 1854810.5, Avg: 1854810.5, Max: 1854810.5, Diff: 0.0]
   [Code Root Fixup: 0.0 ms]
   [Code Root Purge: 0.0 ms]
   [Clear CT: 0.1 ms]
   [Other: 1.3 ms]
      [Choose CSet: 0.0 ms]
      [Ref Proc: 1.0 ms]
      [Ref Enq: 0.0 ms]
      [Redirty Cards: 0.1 ms]
      [Humongous Register: 0.0 ms]
      [Humongous Reclaim: 0.0 ms]
      [Free CSet: 0.0 ms]
   [Eden: 64.0M(64.0M)->0.0B(64.0M) Survivors: 1024.0K->1024.0K Heap: 112.4M(128.0M)->48.5M(128.0M)]
 [Times: user=0.00 sys=0.00, real=0.02 secs] 
2020-11-10T16:55:50.085+0800: 1859.569: [GC pause (G1 Evacuation Pause) (young), 0.0026627 secs]
   [Parallel Time: 1.3 ms, GC Workers: 4]
      [GC Worker Start (ms): Min: 1859568.6, Avg: 1859568.7, Max: 1859568.7, Diff: 0.1]
      [Ext Root Scanning (ms): Min: 0.6, Avg: 0.8, Max: 1.2, Diff: 0.6, Sum: 3.1]
      [Update RS (ms): Min: 0.0, Avg: 0.1, Max: 0.2, Diff: 0.2, Sum: 0.6]
         [Processed Buffers: Min: 0, Avg: 8.3, Max: 16, Diff: 16, Sum: 33]
      [Scan RS (ms): Min: 0.0, Avg: 0.0, Max: 0.0, Diff: 0.0, Sum: 0.0]
      [Code Root Scanning (ms): Min: 0.0, Avg: 0.0, Max: 0.0, Diff: 0.0, Sum: 0.0]
      [Object Copy (ms): Min: 0.0, Avg: 0.1, Max: 0.2, Diff: 0.2, Sum: 0.5]
      [Termination (ms): Min: 0.0, Avg: 0.1, Max: 0.2, Diff: 0.2, Sum: 0.5]
         [Termination Attempts: Min: 1, Avg: 1.0, Max: 1, Diff: 0, Sum: 4]
      [GC Worker Other (ms): Min: 0.0, Avg: 0.0, Max: 0.0, Diff: 0.0, Sum: 0.0]
      [GC Worker Total (ms): Min: 1.1, Avg: 1.2, Max: 1.2, Diff: 0.1, Sum: 4.7]
      [GC Worker End (ms): Min: 1859569.9, Avg: 1859569.9, Max: 1859569.9, Diff: 0.0]
   [Code Root Fixup: 0.0 ms]
   [Code Root Purge: 0.0 ms]
   [Clear CT: 0.3 ms]
   [Other: 1.0 ms]
      [Choose CSet: 0.0 ms]
      [Ref Proc: 0.6 ms]
      [Ref Enq: 0.0 ms]
      [Redirty Cards: 0.2 ms]
      [Humongous Register: 0.0 ms]
      [Humongous Reclaim: 0.0 ms]
      [Free CSet: 0.1 ms]
   [Eden: 64.0M(64.0M)->0.0B(64.0M) Survivors: 1024.0K->1024.0K Heap: 112.5M(128.0M)->48.4M(128.0M)]
 [Times: user=0.00 sys=0.00, real=0.00 secs] 
2020-11-10T16:55:55.909+0800: 1865.392: [GC pause (G1 Evacuation Pause) (young), 0.0469228 secs]
   [Parallel Time: 45.5 ms, GC Workers: 4]
      [GC Worker Start (ms): Min: 1865392.3, Avg: 1865392.4, Max: 1865392.5, Diff: 0.2]
      [Ext Root Scanning (ms): Min: 0.6, Avg: 0.8, Max: 1.3, Diff: 0.7, Sum: 3.1]
      [Update RS (ms): Min: 0.0, Avg: 0.2, Max: 0.4, Diff: 0.4, Sum: 0.7]
         [Processed Buffers: Min: 0, Avg: 9.0, Max: 28, Diff: 28, Sum: 36]
      [Scan RS (ms): Min: 0.0, Avg: 0.0, Max: 0.0, Diff: 0.0, Sum: 0.0]
      [Code Root Scanning (ms): Min: 0.0, Avg: 0.0, Max: 0.0, Diff: 0.0, Sum: 0.0]
      [Object Copy (ms): Min: 44.2, Avg: 44.4, Max: 44.8, Diff: 0.6, Sum: 177.6]
      [Termination (ms): Min: 0.0, Avg: 0.0, Max: 0.0, Diff: 0.0, Sum: 0.0]
         [Termination Attempts: Min: 1, Avg: 1.0, Max: 1, Diff: 0, Sum: 4]
      [GC Worker Other (ms): Min: 0.0, Avg: 0.0, Max: 0.0, Diff: 0.0, Sum: 0.0]
      [GC Worker Total (ms): Min: 45.3, Avg: 45.4, Max: 45.5, Diff: 0.2, Sum: 181.6]
      [GC Worker End (ms): Min: 1865437.8, Avg: 1865437.8, Max: 1865437.8, Diff: 0.0]
   [Code Root Fixup: 0.0 ms]
   [Code Root Purge: 0.0 ms]
   [Clear CT: 0.3 ms]
   [Other: 1.1 ms]
      [Choose CSet: 0.0 ms]
      [Ref Proc: 0.6 ms]
      [Ref Enq: 0.0 ms]
      [Redirty Cards: 0.3 ms]
      [Humongous Register: 0.0 ms]
      [Humongous Reclaim: 0.0 ms]
      [Free CSet: 0.0 ms]
   [Eden: 64.0M(64.0M)->0.0B(64.0M) Survivors: 1024.0K->1024.0K Heap: 112.4M(128.0M)->48.5M(128.0M)]
 [Times: user=0.00 sys=0.00, real=0.05 secs] 
2020-11-10T16:56:00.194+0800: 1869.678: [GC pause (G1 Evacuation Pause) (young), 0.0030656 secs]
   [Parallel Time: 1.4 ms, GC Workers: 4]
      [GC Worker Start (ms): Min: 1869677.8, Avg: 1869677.9, Max: 1869677.9, Diff: 0.1]
      [Ext Root Scanning (ms): Min: 0.7, Avg: 0.9, Max: 1.3, Diff: 0.6, Sum: 3.5]
      [Update RS (ms): Min: 0.0, Avg: 0.2, Max: 0.3, Diff: 0.3, Sum: 0.8]
         [Processed Buffers: Min: 0, Avg: 8.8, Max: 20, Diff: 20, Sum: 35]
      [Scan RS (ms): Min: 0.0, Avg: 0.0, Max: 0.0, Diff: 0.0, Sum: 0.0]
      [Code Root Scanning (ms): Min: 0.0, Avg: 0.0, Max: 0.0, Diff: 0.0, Sum: 0.0]
      [Object Copy (ms): Min: 0.0, Avg: 0.1, Max: 0.2, Diff: 0.2, Sum: 0.6]
      [Termination (ms): Min: 0.0, Avg: 0.0, Max: 0.0, Diff: 0.0, Sum: 0.1]
         [Termination Attempts: Min: 1, Avg: 1.0, Max: 1, Diff: 0, Sum: 4]
      [GC Worker Other (ms): Min: 0.0, Avg: 0.0, Max: 0.0, Diff: 0.0, Sum: 0.0]
      [GC Worker Total (ms): Min: 1.2, Avg: 1.3, Max: 1.3, Diff: 0.1, Sum: 5.0]
      [GC Worker End (ms): Min: 1869679.1, Avg: 1869679.1, Max: 1869679.1, Diff: 0.0]
   [Code Root Fixup: 0.0 ms]
   [Code Root Purge: 0.0 ms]
   [Clear CT: 0.4 ms]
   [Other: 1.2 ms]
      [Choose CSet: 0.0 ms]
      [Ref Proc: 0.7 ms]
      [Ref Enq: 0.0 ms]
      [Redirty Cards: 0.4 ms]
      [Humongous Register: 0.0 ms]
      [Humongous Reclaim: 0.0 ms]
      [Free CSet: 0.0 ms]
   [Eden: 64.0M(64.0M)->0.0B(64.0M) Survivors: 1024.0K->1024.0K Heap: 112.5M(128.0M)->48.5M(128.0M)]
 [Times: user=0.00 sys=0.00, real=0.00 secs] 
2020-11-10T16:56:04.095+0800: 1873.579: [GC pause (G1 Evacuation Pause) (young), 0.0028505 secs]
   [Parallel Time: 1.4 ms, GC Workers: 4]
      [GC Worker Start (ms): Min: 1873578.7, Avg: 1873578.8, Max: 1873578.8, Diff: 0.1]
      [Ext Root Scanning (ms): Min: 0.6, Avg: 0.8, Max: 1.3, Diff: 0.7, Sum: 3.2]
      [Update RS (ms): Min: 0.0, Avg: 0.2, Max: 0.2, Diff: 0.2, Sum: 0.6]
         [Processed Buffers: Min: 0, Avg: 7.5, Max: 16, Diff: 16, Sum: 30]
      [Scan RS (ms): Min: 0.0, Avg: 0.0, Max: 0.0, Diff: 0.0, Sum: 0.0]
      [Code Root Scanning (ms): Min: 0.0, Avg: 0.0, Max: 0.0, Diff: 0.0, Sum: 0.0]
      [Object Copy (ms): Min: 0.0, Avg: 0.1, Max: 0.2, Diff: 0.2, Sum: 0.5]
      [Termination (ms): Min: 0.0, Avg: 0.2, Max: 0.2, Diff: 0.2, Sum: 0.7]
         [Termination Attempts: Min: 1, Avg: 1.0, Max: 1, Diff: 0, Sum: 4]
      [GC Worker Other (ms): Min: 0.0, Avg: 0.0, Max: 0.0, Diff: 0.0, Sum: 0.0]
      [GC Worker Total (ms): Min: 1.2, Avg: 1.3, Max: 1.3, Diff: 0.1, Sum: 5.0]
      [GC Worker End (ms): Min: 1873580.0, Avg: 1873580.0, Max: 1873580.0, Diff: 0.0]
   [Code Root Fixup: 0.0 ms]
   [Code Root Purge: 0.0 ms]
   [Clear CT: 0.4 ms]
   [Other: 1.1 ms]
      [Choose CSet: 0.0 ms]
      [Ref Proc: 0.8 ms]
      [Ref Enq: 0.0 ms]
      [Redirty Cards: 0.1 ms]
      [Humongous Register: 0.0 ms]
      [Humongous Reclaim: 0.0 ms]
      [Free CSet: 0.0 ms]
   [Eden: 64.0M(64.0M)->0.0B(64.0M) Survivors: 1024.0K->1024.0K Heap: 112.5M(128.0M)->48.4M(128.0M)]
 [Times: user=0.00 sys=0.00, real=0.00 secs] 
2020-11-10T16:56:09.286+0800: 1878.770: [GC pause (G1 Evacuation Pause) (young), 0.0314848 secs]
   [Parallel Time: 29.2 ms, GC Workers: 4]
      [GC Worker Start (ms): Min: 1878770.3, Avg: 1878770.4, Max: 1878770.4, Diff: 0.1]
      [Ext Root Scanning (ms): Min: 0.7, Avg: 0.9, Max: 1.3, Diff: 0.6, Sum: 3.6]
      [Update RS (ms): Min: 0.0, Avg: 0.2, Max: 0.3, Diff: 0.3, Sum: 0.8]
         [Processed Buffers: Min: 0, Avg: 9.0, Max: 19, Diff: 19, Sum: 36]
      [Scan RS (ms): Min: 0.0, Avg: 0.0, Max: 0.0, Diff: 0.0, Sum: 0.0]
      [Code Root Scanning (ms): Min: 0.0, Avg: 0.0, Max: 0.0, Diff: 0.0, Sum: 0.0]
      [Object Copy (ms): Min: 0.0, Avg: 7.1, Max: 28.0, Diff: 28.0, Sum: 28.4]
      [Termination (ms): Min: 0.0, Avg: 20.8, Max: 27.8, Diff: 27.8, Sum: 83.3]
         [Termination Attempts: Min: 1, Avg: 1.0, Max: 1, Diff: 0, Sum: 4]
      [GC Worker Other (ms): Min: 0.0, Avg: 0.0, Max: 0.0, Diff: 0.0, Sum: 0.1]
      [GC Worker Total (ms): Min: 29.0, Avg: 29.1, Max: 29.1, Diff: 0.1, Sum: 116.2]
      [GC Worker End (ms): Min: 1878799.4, Avg: 1878799.4, Max: 1878799.4, Diff: 0.0]
   [Code Root Fixup: 0.1 ms]
   [Code Root Purge: 0.0 ms]
   [Clear CT: 0.4 ms]
   [Other: 1.8 ms]
      [Choose CSet: 0.0 ms]
      [Ref Proc: 1.2 ms]
      [Ref Enq: 0.0 ms]
      [Redirty Cards: 0.4 ms]
      [Humongous Register: 0.0 ms]
      [Humongous Reclaim: 0.0 ms]
      [Free CSet: 0.0 ms]
   [Eden: 64.0M(64.0M)->0.0B(64.0M) Survivors: 1024.0K->1024.0K Heap: 112.4M(128.0M)->48.5M(128.0M)]
 [Times: user=0.05 sys=0.00, real=0.03 secs] 
2020-11-10T16:56:14.207+0800: 1883.690: [GC pause (G1 Evacuation Pause) (young), 0.0028458 secs]
   [Parallel Time: 1.4 ms, GC Workers: 4]
      [GC Worker Start (ms): Min: 1883690.2, Avg: 1883690.2, Max: 1883690.3, Diff: 0.1]
      [Ext Root Scanning (ms): Min: 0.7, Avg: 0.9, Max: 1.2, Diff: 0.5, Sum: 3.5]
      [Update RS (ms): Min: 0.0, Avg: 0.2, Max: 0.3, Diff: 0.3, Sum: 0.8]
         [Processed Buffers: Min: 0, Avg: 8.3, Max: 31, Diff: 31, Sum: 33]
      [Scan RS (ms): Min: 0.0, Avg: 0.0, Max: 0.0, Diff: 0.0, Sum: 0.0]
      [Code Root Scanning (ms): Min: 0.0, Avg: 0.0, Max: 0.0, Diff: 0.0, Sum: 0.0]
      [Object Copy (ms): Min: 0.1, Avg: 0.1, Max: 0.2, Diff: 0.1, Sum: 0.5]
      [Termination (ms): Min: 0.0, Avg: 0.0, Max: 0.0, Diff: 0.0, Sum: 0.0]
         [Termination Attempts: Min: 1, Avg: 1.0, Max: 1, Diff: 0, Sum: 4]
      [GC Worker Other (ms): Min: 0.0, Avg: 0.0, Max: 0.0, Diff: 0.0, Sum: 0.1]
      [GC Worker Total (ms): Min: 1.2, Avg: 1.2, Max: 1.3, Diff: 0.1, Sum: 5.0]
      [GC Worker End (ms): Min: 1883691.5, Avg: 1883691.5, Max: 1883691.5, Diff: 0.0]
   [Code Root Fixup: 0.0 ms]
   [Code Root Purge: 0.0 ms]
   [Clear CT: 0.3 ms]
   [Other: 1.1 ms]
      [Choose CSet: 0.0 ms]
      [Ref Proc: 0.7 ms]
      [Ref Enq: 0.0 ms]
      [Redirty Cards: 0.3 ms]
      [Humongous Register: 0.0 ms]
      [Humongous Reclaim: 0.0 ms]
      [Free CSet: 0.0 ms]
   [Eden: 64.0M(64.0M)->0.0B(64.0M) Survivors: 1024.0K->1024.0K Heap: 112.5M(128.0M)->48.5M(128.0M)]
 [Times: user=0.00 sys=0.00, real=0.00 secs] 
2020-11-10T16:56:18.196+0800: 1887.679: [GC pause (G1 Evacuation Pause) (young), 0.0028556 secs]
   [Parallel Time: 1.4 ms, GC Workers: 4]
      [GC Worker Start (ms): Min: 1887679.6, Avg: 1887679.6, Max: 1887679.6, Diff: 0.1]
      [Ext Root Scanning (ms): Min: 0.6, Avg: 0.8, Max: 1.3, Diff: 0.7, Sum: 3.2]
      [Update RS (ms): Min: 0.0, Avg: 0.2, Max: 0.2, Diff: 0.2, Sum: 0.7]
         [Processed Buffers: Min: 0, Avg: 10.0, Max: 20, Diff: 20, Sum: 40]
      [Scan RS (ms): Min: 0.0, Avg: 0.0, Max: 0.0, Diff: 0.0, Sum: 0.0]
      [Code Root Scanning (ms): Min: 0.0, Avg: 0.0, Max: 0.0, Diff: 0.0, Sum: 0.0]
      [Object Copy (ms): Min: 0.0, Avg: 0.1, Max: 0.2, Diff: 0.2, Sum: 0.5]
      [Termination (ms): Min: 0.0, Avg: 0.1, Max: 0.2, Diff: 0.2, Sum: 0.5]
         [Termination Attempts: Min: 1, Avg: 1.0, Max: 1, Diff: 0, Sum: 4]
      [GC Worker Other (ms): Min: 0.0, Avg: 0.0, Max: 0.0, Diff: 0.0, Sum: 0.0]
      [GC Worker Total (ms): Min: 1.2, Avg: 1.3, Max: 1.3, Diff: 0.1, Sum: 5.1]
      [GC Worker End (ms): Min: 1887680.9, Avg: 1887680.9, Max: 1887680.9, Diff: 0.0]
   [Code Root Fixup: 0.0 ms]
   [Code Root Purge: 0.0 ms]
   [Clear CT: 0.3 ms]
   [Other: 1.1 ms]
      [Choose CSet: 0.0 ms]
      [Ref Proc: 0.7 ms]
      [Ref Enq: 0.0 ms]
      [Redirty Cards: 0.3 ms]
      [Humongous Register: 0.0 ms]
      [Humongous Reclaim: 0.0 ms]
      [Free CSet: 0.0 ms]
   [Eden: 64.0M(64.0M)->0.0B(64.0M) Survivors: 1024.0K->1024.0K Heap: 112.5M(128.0M)->48.5M(128.0M)]
 [Times: user=0.00 sys=0.00, real=0.00 secs] 
2020-11-10T16:56:22.458+0800: 1891.941: [GC pause (G1 Evacuation Pause) (young), 0.0027969 secs]
   [Parallel Time: 1.4 ms, GC Workers: 4]
      [GC Worker Start (ms): Min: 1891940.9, Avg: 1891941.0, Max: 1891941.0, Diff: 0.1]
      [Ext Root Scanning (ms): Min: 0.6, Avg: 0.8, Max: 1.3, Diff: 0.7, Sum: 3.2]
      [Update RS (ms): Min: 0.0, Avg: 0.2, Max: 0.2, Diff: 0.2, Sum: 0.7]
         [Processed Buffers: Min: 0, Avg: 8.3, Max: 16, Diff: 16, Sum: 33]
      [Scan RS (ms): Min: 0.0, Avg: 0.0, Max: 0.0, Diff: 0.0, Sum: 0.0]
      [Code Root Scanning (ms): Min: 0.0, Avg: 0.0, Max: 0.0, Diff: 0.0, Sum: 0.0]
      [Object Copy (ms): Min: 0.0, Avg: 0.1, Max: 0.2, Diff: 0.2, Sum: 0.5]
      [Termination (ms): Min: 0.0, Avg: 0.1, Max: 0.2, Diff: 0.2, Sum: 0.5]
         [Termination Attempts: Min: 1, Avg: 1.0, Max: 1, Diff: 0, Sum: 4]
      [GC Worker Other (ms): Min: 0.0, Avg: 0.0, Max: 0.0, Diff: 0.0, Sum: 0.0]
      [GC Worker Total (ms): Min: 1.2, Avg: 1.2, Max: 1.3, Diff: 0.1, Sum: 5.0]
      [GC Worker End (ms): Min: 1891942.2, Avg: 1891942.3, Max: 1891942.3, Diff: 0.0]
   [Code Root Fixup: 0.0 ms]
   [Code Root Purge: 0.0 ms]
   [Clear CT: 0.4 ms]
   [Other: 1.0 ms]
      [Choose CSet: 0.0 ms]
      [Ref Proc: 0.8 ms]
      [Ref Enq: 0.0 ms]
      [Redirty Cards: 0.1 ms]
      [Humongous Register: 0.0 ms]
      [Humongous Reclaim: 0.0 ms]
      [Free CSet: 0.0 ms]
   [Eden: 64.0M(64.0M)->0.0B(64.0M) Survivors: 1024.0K->1024.0K Heap: 112.5M(128.0M)->48.4M(128.0M)]
 [Times: user=0.00 sys=0.00, real=0.00 secs] 
2020-11-10T16:56:26.323+0800: 1895.806: [GC pause (G1 Evacuation Pause) (young), 0.0027793 secs]
   [Parallel Time: 1.5 ms, GC Workers: 4]
      [GC Worker Start (ms): Min: 1895805.9, Avg: 1895806.3, Max: 1895807.2, Diff: 1.2]
      [Ext Root Scanning (ms): Min: 0.0, Avg: 0.8, Max: 1.4, Diff: 1.4, Sum: 3.4]
      [Update RS (ms): Min: 0.0, Avg: 0.2, Max: 0.3, Diff: 0.3, Sum: 0.6]
         [Processed Buffers: Min: 0, Avg: 7.3, Max: 18, Diff: 18, Sum: 29]
      [Scan RS (ms): Min: 0.0, Avg: 0.0, Max: 0.0, Diff: 0.0, Sum: 0.0]
      [Code Root Scanning (ms): Min: 0.0, Avg: 0.0, Max: 0.0, Diff: 0.0, Sum: 0.0]
      [Object Copy (ms): Min: 0.0, Avg: 0.1, Max: 0.2, Diff: 0.2, Sum: 0.5]
      [Termination (ms): Min: 0.0, Avg: 0.0, Max: 0.0, Diff: 0.0, Sum: 0.0]
         [Termination Attempts: Min: 1, Avg: 1.0, Max: 1, Diff: 0, Sum: 4]
      [GC Worker Other (ms): Min: 0.0, Avg: 0.0, Max: 0.0, Diff: 0.0, Sum: 0.0]
      [GC Worker Total (ms): Min: 0.2, Avg: 1.1, Max: 1.5, Diff: 1.2, Sum: 4.5]
      [GC Worker End (ms): Min: 1895807.4, Avg: 1895807.4, Max: 1895807.4, Diff: 0.0]
   [Code Root Fixup: 0.0 ms]
   [Code Root Purge: 0.0 ms]
   [Clear CT: 0.1 ms]
   [Other: 1.1 ms]
      [Choose CSet: 0.0 ms]
      [Ref Proc: 0.7 ms]
      [Ref Enq: 0.0 ms]
      [Redirty Cards: 0.3 ms]
      [Humongous Register: 0.0 ms]
      [Humongous Reclaim: 0.0 ms]
      [Free CSet: 0.0 ms]
   [Eden: 64.0M(64.0M)->0.0B(64.0M) Survivors: 1024.0K->1024.0K Heap: 112.4M(128.0M)->48.5M(128.0M)]
 [Times: user=0.00 sys=0.00, real=0.00 secs] 
2020-11-10T16:56:30.888+0800: 1900.372: [GC pause (G1 Evacuation Pause) (young), 0.0024366 secs]
   [Parallel Time: 1.4 ms, GC Workers: 4]
      [GC Worker Start (ms): Min: 1900371.6, Avg: 1900371.6, Max: 1900371.6, Diff: 0.0]
      [Ext Root Scanning (ms): Min: 0.8, Avg: 0.9, Max: 1.4, Diff: 0.6, Sum: 3.7]
      [Update RS (ms): Min: 0.0, Avg: 0.1, Max: 0.2, Diff: 0.2, Sum: 0.5]
         [Processed Buffers: Min: 0, Avg: 7.5, Max: 15, Diff: 15, Sum: 30]
      [Scan RS (ms): Min: 0.0, Avg: 0.0, Max: 0.0, Diff: 0.0, Sum: 0.0]
      [Code Root Scanning (ms): Min: 0.0, Avg: 0.0, Max: 0.0, Diff: 0.0, Sum: 0.0]
      [Object Copy (ms): Min: 0.0, Avg: 0.1, Max: 0.2, Diff: 0.2, Sum: 0.5]
      [Termination (ms): Min: 0.0, Avg: 0.2, Max: 0.2, Diff: 0.2, Sum: 0.7]
         [Termination Attempts: Min: 1, Avg: 1.0, Max: 1, Diff: 0, Sum: 4]
      [GC Worker Other (ms): Min: 0.0, Avg: 0.0, Max: 0.0, Diff: 0.0, Sum: 0.0]
      [GC Worker Total (ms): Min: 1.3, Avg: 1.4, Max: 1.4, Diff: 0.0, Sum: 5.4]
      [GC Worker End (ms): Min: 1900373.0, Avg: 1900373.0, Max: 1900373.0, Diff: 0.0]
   [Code Root Fixup: 0.0 ms]
   [Code Root Purge: 0.0 ms]
   [Clear CT: 0.1 ms]
   [Other: 0.9 ms]
      [Choose CSet: 0.0 ms]
      [Ref Proc: 0.8 ms]
      [Ref Enq: 0.0 ms]
      [Redirty Cards: 0.0 ms]
      [Humongous Register: 0.0 ms]
      [Humongous Reclaim: 0.0 ms]
      [Free CSet: 0.0 ms]
   [Eden: 64.0M(64.0M)->0.0B(64.0M) Survivors: 1024.0K->1024.0K Heap: 112.5M(128.0M)->48.5M(128.0M)]
 [Times: user=0.00 sys=0.00, real=0.00 secs] 
2020-11-10T16:56:35.685+0800: 1905.169: [GC pause (G1 Evacuation Pause) (young), 0.0756960 secs]
   [Parallel Time: 73.7 ms, GC Workers: 4]
      [GC Worker Start (ms): Min: 1905168.7, Avg: 1905168.8, Max: 1905168.8, Diff: 0.1]
      [Ext Root Scanning (ms): Min: 0.6, Avg: 0.8, Max: 1.3, Diff: 0.7, Sum: 3.1]
      [Update RS (ms): Min: 0.0, Avg: 18.0, Max: 71.7, Diff: 71.7, Sum: 72.2]
         [Processed Buffers: Min: 0, Avg: 9.0, Max: 21, Diff: 21, Sum: 36]
      [Scan RS (ms): Min: 0.0, Avg: 0.0, Max: 0.0, Diff: 0.0, Sum: 0.0]
      [Code Root Scanning (ms): Min: 0.0, Avg: 0.0, Max: 0.0, Diff: 0.0, Sum: 0.0]
      [Object Copy (ms): Min: 0.0, Avg: 0.1, Max: 0.2, Diff: 0.2, Sum: 0.5]
      [Termination (ms): Min: 0.0, Avg: 54.3, Max: 72.5, Diff: 72.5, Sum: 217.3]
         [Termination Attempts: Min: 1, Avg: 1.0, Max: 1, Diff: 0, Sum: 4]
      [GC Worker Other (ms): Min: 0.0, Avg: 0.0, Max: 0.0, Diff: 0.0, Sum: 0.1]
      [GC Worker Total (ms): Min: 72.4, Avg: 73.3, Max: 73.6, Diff: 1.2, Sum: 293.2]
      [GC Worker End (ms): Min: 1905241.2, Avg: 1905242.1, Max: 1905242.3, Diff: 1.1]
   [Code Root Fixup: 0.1 ms]
   [Code Root Purge: 0.0 ms]
   [Clear CT: 0.4 ms]
   [Other: 1.5 ms]
      [Choose CSet: 0.0 ms]
      [Ref Proc: 1.0 ms]
      [Ref Enq: 0.0 ms]
      [Redirty Cards: 0.4 ms]
      [Humongous Register: 0.0 ms]
      [Humongous Reclaim: 0.0 ms]
      [Free CSet: 0.0 ms]
   [Eden: 64.0M(64.0M)->0.0B(64.0M) Survivors: 1024.0K->1024.0K Heap: 112.5M(128.0M)->48.5M(128.0M)]
 [Times: user=0.19 sys=0.00, real=0.08 secs] 
2020-11-10T16:56:40.121+0800: 1909.605: [GC pause (G1 Evacuation Pause) (young), 0.0155186 secs]
   [Parallel Time: 13.7 ms, GC Workers: 4]
      [GC Worker Start (ms): Min: 1909604.8, Avg: 1909604.8, Max: 1909604.9, Diff: 0.1]
      [Ext Root Scanning (ms): Min: 0.6, Avg: 0.9, Max: 1.7, Diff: 1.1, Sum: 3.6]
      [Update RS (ms): Min: 0.0, Avg: 0.2, Max: 0.3, Diff: 0.3, Sum: 0.8]
         [Processed Buffers: Min: 0, Avg: 10.0, Max: 28, Diff: 28, Sum: 40]
      [Scan RS (ms): Min: 0.0, Avg: 0.0, Max: 0.0, Diff: 0.0, Sum: 0.0]
      [Code Root Scanning (ms): Min: 0.0, Avg: 0.0, Max: 0.0, Diff: 0.0, Sum: 0.0]
      [Object Copy (ms): Min: 0.0, Avg: 3.3, Max: 12.7, Diff: 12.7, Sum: 13.0]
      [Termination (ms): Min: 0.0, Avg: 9.2, Max: 12.5, Diff: 12.5, Sum: 36.9]
         [Termination Attempts: Min: 1, Avg: 2.3, Max: 4, Diff: 3, Sum: 9]
      [GC Worker Other (ms): Min: 0.0, Avg: 0.0, Max: 0.0, Diff: 0.0, Sum: 0.1]
      [GC Worker Total (ms): Min: 13.5, Avg: 13.6, Max: 13.7, Diff: 0.1, Sum: 54.4]
      [GC Worker End (ms): Min: 1909618.4, Avg: 1909618.4, Max: 1909618.4, Diff: 0.0]
   [Code Root Fixup: 0.0 ms]
   [Code Root Purge: 0.0 ms]
   [Clear CT: 0.3 ms]
   [Other: 1.4 ms]
      [Choose CSet: 0.0 ms]
      [Ref Proc: 0.9 ms]
      [Ref Enq: 0.0 ms]
      [Redirty Cards: 0.3 ms]
      [Humongous Register: 0.0 ms]
      [Humongous Reclaim: 0.0 ms]
      [Free CSet: 0.1 ms]
   [Eden: 64.0M(64.0M)->0.0B(64.0M) Survivors: 1024.0K->1024.0K Heap: 112.5M(128.0M)->48.5M(128.0M)]
 [Times: user=0.05 sys=0.00, real=0.02 secs] 
2020-11-10T16:56:44.843+0800: 1914.326: [GC pause (G1 Evacuation Pause) (young), 0.0029236 secs]
   [Parallel Time: 1.7 ms, GC Workers: 4]
      [GC Worker Start (ms): Min: 1914326.4, Avg: 1914326.9, Max: 1914328.1, Diff: 1.6]
      [Ext Root Scanning (ms): Min: 0.0, Avg: 0.9, Max: 1.4, Diff: 1.4, Sum: 3.5]
      [Update RS (ms): Min: 0.0, Avg: 0.1, Max: 0.2, Diff: 0.2, Sum: 0.5]
         [Processed Buffers: Min: 0, Avg: 7.0, Max: 11, Diff: 11, Sum: 28]
      [Scan RS (ms): Min: 0.0, Avg: 0.0, Max: 0.1, Diff: 0.1, Sum: 0.1]
      [Code Root Scanning (ms): Min: 0.0, Avg: 0.0, Max: 0.0, Diff: 0.0, Sum: 0.0]
      [Object Copy (ms): Min: 0.0, Avg: 0.1, Max: 0.2, Diff: 0.2, Sum: 0.5]
      [Termination (ms): Min: 0.0, Avg: 0.0, Max: 0.1, Diff: 0.1, Sum: 0.1]
         [Termination Attempts: Min: 1, Avg: 1.0, Max: 1, Diff: 0, Sum: 4]
      [GC Worker Other (ms): Min: 0.0, Avg: 0.0, Max: 0.0, Diff: 0.0, Sum: 0.0]
      [GC Worker Total (ms): Min: 0.0, Avg: 1.2, Max: 1.6, Diff: 1.6, Sum: 4.8]
      [GC Worker End (ms): Min: 1914328.1, Avg: 1914328.1, Max: 1914328.1, Diff: 0.0]
   [Code Root Fixup: 0.0 ms]
   [Code Root Purge: 0.0 ms]
   [Clear CT: 0.1 ms]
   [Other: 1.0 ms]
      [Choose CSet: 0.0 ms]
      [Ref Proc: 0.8 ms]
      [Ref Enq: 0.0 ms]
      [Redirty Cards: 0.1 ms]
      [Humongous Register: 0.0 ms]
      [Humongous Reclaim: 0.0 ms]
      [Free CSet: 0.0 ms]
   [Eden: 64.0M(64.0M)->0.0B(64.0M) Survivors: 1024.0K->1024.0K Heap: 112.5M(128.0M)->48.5M(128.0M)]
 [Times: user=0.05 sys=0.00, real=0.00 secs] 
2020-11-10T16:56:50.385+0800: 1919.869: [GC pause (G1 Evacuation Pause) (young), 0.0029968 secs]
   [Parallel Time: 1.4 ms, GC Workers: 4]
      [GC Worker Start (ms): Min: 1919869.0, Avg: 1919869.0, Max: 1919869.0, Diff: 0.0]
      [Ext Root Scanning (ms): Min: 0.7, Avg: 0.8, Max: 1.3, Diff: 0.6, Sum: 3.4]
      [Update RS (ms): Min: 0.0, Avg: 0.2, Max: 0.2, Diff: 0.2, Sum: 0.6]
         [Processed Buffers: Min: 0, Avg: 8.0, Max: 22, Diff: 22, Sum: 32]
      [Scan RS (ms): Min: 0.0, Avg: 0.0, Max: 0.0, Diff: 0.0, Sum: 0.0]
      [Code Root Scanning (ms): Min: 0.0, Avg: 0.0, Max: 0.0, Diff: 0.0, Sum: 0.0]
      [Object Copy (ms): Min: 0.0, Avg: 0.1, Max: 0.2, Diff: 0.2, Sum: 0.5]
      [Termination (ms): Min: 0.0, Avg: 0.2, Max: 0.2, Diff: 0.2, Sum: 0.7]
         [Termination Attempts: Min: 1, Avg: 1.0, Max: 1, Diff: 0, Sum: 4]
      [GC Worker Other (ms): Min: 0.0, Avg: 0.0, Max: 0.0, Diff: 0.0, Sum: 0.0]
      [GC Worker Total (ms): Min: 1.3, Avg: 1.3, Max: 1.3, Diff: 0.0, Sum: 5.3]
      [GC Worker End (ms): Min: 1919870.3, Avg: 1919870.3, Max: 1919870.3, Diff: 0.0]
   [Code Root Fixup: 0.0 ms]
   [Code Root Purge: 0.0 ms]
   [Clear CT: 0.3 ms]
   [Other: 1.3 ms]
      [Choose CSet: 0.0 ms]
      [Ref Proc: 0.9 ms]
      [Ref Enq: 0.0 ms]
      [Redirty Cards: 0.3 ms]
      [Humongous Register: 0.0 ms]
      [Humongous Reclaim: 0.0 ms]
      [Free CSet: 0.0 ms]
   [Eden: 64.0M(64.0M)->0.0B(64.0M) Survivors: 1024.0K->1024.0K Heap: 112.5M(128.0M)->48.5M(128.0M)]
 [Times: user=0.00 sys=0.00, real=0.00 secs] 
2020-11-10T16:56:54.835+0800: 1924.318: [GC pause (G1 Evacuation Pause) (young), 0.0026351 secs]
   [Parallel Time: 1.3 ms, GC Workers: 4]
      [GC Worker Start (ms): Min: 1924318.5, Avg: 1924318.6, Max: 1924318.6, Diff: 0.1]
      [Ext Root Scanning (ms): Min: 0.7, Avg: 0.8, Max: 1.2, Diff: 0.6, Sum: 3.3]
      [Update RS (ms): Min: 0.0, Avg: 0.2, Max: 0.2, Diff: 0.2, Sum: 0.6]
         [Processed Buffers: Min: 0, Avg: 7.5, Max: 14, Diff: 14, Sum: 30]
      [Scan RS (ms): Min: 0.0, Avg: 0.0, Max: 0.0, Diff: 0.0, Sum: 0.0]
      [Code Root Scanning (ms): Min: 0.0, Avg: 0.0, Max: 0.0, Diff: 0.0, Sum: 0.0]
      [Object Copy (ms): Min: 0.0, Avg: 0.1, Max: 0.2, Diff: 0.2, Sum: 0.5]
      [Termination (ms): Min: 0.0, Avg: 0.1, Max: 0.1, Diff: 0.1, Sum: 0.3]
         [Termination Attempts: Min: 1, Avg: 1.0, Max: 1, Diff: 0, Sum: 4]
      [GC Worker Other (ms): Min: 0.0, Avg: 0.0, Max: 0.0, Diff: 0.0, Sum: 0.0]
      [GC Worker Total (ms): Min: 1.1, Avg: 1.2, Max: 1.2, Diff: 0.1, Sum: 4.7]
      [GC Worker End (ms): Min: 1924319.8, Avg: 1924319.8, Max: 1924319.8, Diff: 0.0]
   [Code Root Fixup: 0.0 ms]
   [Code Root Purge: 0.0 ms]
   [Clear CT: 0.1 ms]
   [Other: 1.2 ms]
      [Choose CSet: 0.0 ms]
      [Ref Proc: 1.0 ms]
      [Ref Enq: 0.0 ms]
      [Redirty Cards: 0.0 ms]
      [Humongous Register: 0.0 ms]
      [Humongous Reclaim: 0.0 ms]
      [Free CSet: 0.0 ms]
   [Eden: 64.0M(64.0M)->0.0B(64.0M) Survivors: 1024.0K->1024.0K Heap: 112.5M(128.0M)->48.6M(128.0M)]
 [Times: user=0.00 sys=0.00, real=0.00 secs] 
2020-11-10T16:57:00.045+0800: 1929.529: [GC pause (G1 Evacuation Pause) (young), 0.0027826 secs]
   [Parallel Time: 1.4 ms, GC Workers: 4]
      [GC Worker Start (ms): Min: 1929528.8, Avg: 1929528.9, Max: 1929528.9, Diff: 0.0]
      [Ext Root Scanning (ms): Min: 0.6, Avg: 0.8, Max: 1.3, Diff: 0.7, Sum: 3.3]
      [Update RS (ms): Min: 0.0, Avg: 0.2, Max: 0.2, Diff: 0.2, Sum: 0.6]
         [Processed Buffers: Min: 0, Avg: 9.0, Max: 24, Diff: 24, Sum: 36]
      [Scan RS (ms): Min: 0.0, Avg: 0.0, Max: 0.0, Diff: 0.0, Sum: 0.0]
      [Code Root Scanning (ms): Min: 0.0, Avg: 0.0, Max: 0.0, Diff: 0.0, Sum: 0.0]
      [Object Copy (ms): Min: 0.0, Avg: 0.1, Max: 0.2, Diff: 0.2, Sum: 0.5]
      [Termination (ms): Min: 0.0, Avg: 0.2, Max: 0.2, Diff: 0.2, Sum: 0.7]
         [Termination Attempts: Min: 1, Avg: 1.0, Max: 1, Diff: 0, Sum: 4]
      [GC Worker Other (ms): Min: 0.0, Avg: 0.0, Max: 0.0, Diff: 0.0, Sum: 0.0]
      [GC Worker Total (ms): Min: 1.3, Avg: 1.3, Max: 1.3, Diff: 0.0, Sum: 5.2]
      [GC Worker End (ms): Min: 1929530.2, Avg: 1929530.2, Max: 1929530.2, Diff: 0.0]
   [Code Root Fixup: 0.0 ms]
   [Code Root Purge: 0.0 ms]
   [Clear CT: 0.1 ms]
   [Other: 1.3 ms]
      [Choose CSet: 0.0 ms]
      [Ref Proc: 0.7 ms]
      [Ref Enq: 0.0 ms]
      [Redirty Cards: 0.5 ms]
      [Humongous Register: 0.0 ms]
      [Humongous Reclaim: 0.0 ms]
      [Free CSet: 0.0 ms]
   [Eden: 64.0M(64.0M)->0.0B(64.0M) Survivors: 1024.0K->1024.0K Heap: 112.6M(128.0M)->48.5M(128.0M)]
 [Times: user=0.02 sys=0.00, real=0.00 secs] 
2020-11-10T16:57:04.907+0800: 1934.391: [GC pause (G1 Evacuation Pause) (young), 0.0031778 secs]
   [Parallel Time: 1.4 ms, GC Workers: 4]
      [GC Worker Start (ms): Min: 1934390.9, Avg: 1934390.9, Max: 1934390.9, Diff: 0.0]
      [Ext Root Scanning (ms): Min: 0.7, Avg: 0.8, Max: 1.3, Diff: 0.6, Sum: 3.3]
      [Update RS (ms): Min: 0.0, Avg: 0.2, Max: 0.2, Diff: 0.2, Sum: 0.6]
         [Processed Buffers: Min: 0, Avg: 8.5, Max: 20, Diff: 20, Sum: 34]
      [Scan RS (ms): Min: 0.0, Avg: 0.0, Max: 0.0, Diff: 0.0, Sum: 0.0]
      [Code Root Scanning (ms): Min: 0.0, Avg: 0.0, Max: 0.0, Diff: 0.0, Sum: 0.0]
      [Object Copy (ms): Min: 0.0, Avg: 0.1, Max: 0.2, Diff: 0.2, Sum: 0.5]
      [Termination (ms): Min: 0.0, Avg: 0.2, Max: 0.2, Diff: 0.2, Sum: 0.6]
         [Termination Attempts: Min: 1, Avg: 1.0, Max: 1, Diff: 0, Sum: 4]
      [GC Worker Other (ms): Min: 0.0, Avg: 0.0, Max: 0.0, Diff: 0.0, Sum: 0.0]
      [GC Worker Total (ms): Min: 1.3, Avg: 1.3, Max: 1.3, Diff: 0.0, Sum: 5.1]
      [GC Worker End (ms): Min: 1934392.2, Avg: 1934392.2, Max: 1934392.2, Diff: 0.0]
   [Code Root Fixup: 0.0 ms]
   [Code Root Purge: 0.0 ms]
   [Clear CT: 0.3 ms]
   [Other: 1.4 ms]
      [Choose CSet: 0.0 ms]
      [Ref Proc: 0.9 ms]
      [Ref Enq: 0.0 ms]
      [Redirty Cards: 0.3 ms]
      [Humongous Register: 0.0 ms]
      [Humongous Reclaim: 0.0 ms]
      [Free CSet: 0.1 ms]
   [Eden: 64.0M(64.0M)->0.0B(64.0M) Survivors: 1024.0K->1024.0K Heap: 112.5M(128.0M)->48.6M(128.0M)]
 [Times: user=0.02 sys=0.00, real=0.00 secs] 
2020-11-10T16:57:10.367+0800: 1939.851: [GC pause (G1 Evacuation Pause) (young), 0.0034259 secs]
   [Parallel Time: 1.7 ms, GC Workers: 4]
      [GC Worker Start (ms): Min: 1939850.6, Avg: 1939850.7, Max: 1939850.7, Diff: 0.1]
      [Ext Root Scanning (ms): Min: 0.8, Avg: 1.1, Max: 1.5, Diff: 0.7, Sum: 4.5]
      [Update RS (ms): Min: 0.0, Avg: 0.2, Max: 0.4, Diff: 0.4, Sum: 0.8]
         [Processed Buffers: Min: 0, Avg: 8.8, Max: 20, Diff: 20, Sum: 35]
      [Scan RS (ms): Min: 0.0, Avg: 0.0, Max: 0.0, Diff: 0.0, Sum: 0.0]
      [Code Root Scanning (ms): Min: 0.0, Avg: 0.0, Max: 0.0, Diff: 0.0, Sum: 0.0]
      [Object Copy (ms): Min: 0.0, Avg: 0.1, Max: 0.2, Diff: 0.2, Sum: 0.6]
      [Termination (ms): Min: 0.0, Avg: 0.0, Max: 0.1, Diff: 0.1, Sum: 0.2]
         [Termination Attempts: Min: 1, Avg: 1.3, Max: 2, Diff: 1, Sum: 5]
      [GC Worker Other (ms): Min: 0.0, Avg: 0.0, Max: 0.0, Diff: 0.0, Sum: 0.0]
      [GC Worker Total (ms): Min: 1.5, Avg: 1.5, Max: 1.6, Diff: 0.1, Sum: 6.1]
      [GC Worker End (ms): Min: 1939852.2, Avg: 1939852.2, Max: 1939852.2, Diff: 0.0]
   [Code Root Fixup: 0.0 ms]
   [Code Root Purge: 0.0 ms]
   [Clear CT: 0.4 ms]
   [Other: 1.3 ms]
      [Choose CSet: 0.0 ms]
      [Ref Proc: 1.0 ms]
      [Ref Enq: 0.0 ms]
      [Redirty Cards: 0.2 ms]
      [Humongous Register: 0.0 ms]
      [Humongous Reclaim: 0.0 ms]
      [Free CSet: 0.0 ms]
   [Eden: 64.0M(64.0M)->0.0B(64.0M) Survivors: 1024.0K->1024.0K Heap: 112.6M(128.0M)->48.6M(128.0M)]
 [Times: user=0.00 sys=0.00, real=0.00 secs] 
2020-11-10T16:57:14.896+0800: 1944.379: [GC pause (G1 Evacuation Pause) (young), 0.0117307 secs]
   [Parallel Time: 10.1 ms, GC Workers: 4]
      [GC Worker Start (ms): Min: 1944379.3, Avg: 1944379.4, Max: 1944379.5, Diff: 0.1]
      [Ext Root Scanning (ms): Min: 0.6, Avg: 0.8, Max: 1.3, Diff: 0.7, Sum: 3.2]
      [Update RS (ms): Min: 0.0, Avg: 0.2, Max: 0.2, Diff: 0.2, Sum: 0.6]
         [Processed Buffers: Min: 0, Avg: 9.0, Max: 18, Diff: 18, Sum: 36]
      [Scan RS (ms): Min: 0.0, Avg: 0.0, Max: 0.0, Diff: 0.0, Sum: 0.0]
      [Code Root Scanning (ms): Min: 0.0, Avg: 0.0, Max: 0.0, Diff: 0.0, Sum: 0.0]
      [Object Copy (ms): Min: 0.0, Avg: 4.6, Max: 9.0, Diff: 9.0, Sum: 18.3]
      [Termination (ms): Min: 0.0, Avg: 4.4, Max: 8.8, Diff: 8.8, Sum: 17.6]
         [Termination Attempts: Min: 1, Avg: 1.3, Max: 2, Diff: 1, Sum: 5]
      [GC Worker Other (ms): Min: 0.0, Avg: 0.0, Max: 0.0, Diff: 0.0, Sum: 0.1]
      [GC Worker Total (ms): Min: 9.9, Avg: 10.0, Max: 10.0, Diff: 0.1, Sum: 39.8]
      [GC Worker End (ms): Min: 1944389.4, Avg: 1944389.4, Max: 1944389.4, Diff: 0.0]
   [Code Root Fixup: 0.0 ms]
   [Code Root Purge: 0.0 ms]
   [Clear CT: 0.3 ms]
   [Other: 1.3 ms]
      [Choose CSet: 0.0 ms]
      [Ref Proc: 0.9 ms]
      [Ref Enq: 0.0 ms]
      [Redirty Cards: 0.2 ms]
      [Humongous Register: 0.0 ms]
      [Humongous Reclaim: 0.0 ms]
      [Free CSet: 0.0 ms]
   [Eden: 64.0M(64.0M)->0.0B(64.0M) Survivors: 1024.0K->1024.0K Heap: 112.6M(128.0M)->48.6M(128.0M)]
 [Times: user=0.00 sys=0.00, real=0.01 secs] 
2020-11-10T16:57:19.129+0800: 1948.612: [GC pause (G1 Evacuation Pause) (young), 0.0030155 secs]
   [Parallel Time: 1.5 ms, GC Workers: 4]
      [GC Worker Start (ms): Min: 1948612.4, Avg: 1948612.5, Max: 1948612.5, Diff: 0.1]
      [Ext Root Scanning (ms): Min: 0.6, Avg: 0.8, Max: 1.3, Diff: 0.7, Sum: 3.2]
      [Update RS (ms): Min: 0.0, Avg: 0.2, Max: 0.3, Diff: 0.3, Sum: 0.7]
         [Processed Buffers: Min: 0, Avg: 8.5, Max: 25, Diff: 25, Sum: 34]
      [Scan RS (ms): Min: 0.0, Avg: 0.0, Max: 0.0, Diff: 0.0, Sum: 0.0]
      [Code Root Scanning (ms): Min: 0.0, Avg: 0.0, Max: 0.0, Diff: 0.0, Sum: 0.0]
      [Object Copy (ms): Min: 0.0, Avg: 0.1, Max: 0.2, Diff: 0.2, Sum: 0.5]
      [Termination (ms): Min: 0.0, Avg: 0.1, Max: 0.2, Diff: 0.2, Sum: 0.5]
         [Termination Attempts: Min: 1, Avg: 1.0, Max: 1, Diff: 0, Sum: 4]
      [GC Worker Other (ms): Min: 0.0, Avg: 0.0, Max: 0.0, Diff: 0.0, Sum: 0.0]
      [GC Worker Total (ms): Min: 1.2, Avg: 1.2, Max: 1.3, Diff: 0.1, Sum: 4.9]
      [GC Worker End (ms): Min: 1948613.7, Avg: 1948613.7, Max: 1948613.7, Diff: 0.0]
   [Code Root Fixup: 0.0 ms]
   [Code Root Purge: 0.0 ms]
   [Clear CT: 0.3 ms]
   [Other: 1.2 ms]
      [Choose CSet: 0.0 ms]
      [Ref Proc: 0.7 ms]
      [Ref Enq: 0.0 ms]
      [Redirty Cards: 0.4 ms]
      [Humongous Register: 0.0 ms]
      [Humongous Reclaim: 0.0 ms]
      [Free CSet: 0.0 ms]
   [Eden: 64.0M(64.0M)->0.0B(64.0M) Survivors: 1024.0K->1024.0K Heap: 112.6M(128.0M)->48.6M(128.0M)]
 [Times: user=0.00 sys=0.00, real=0.00 secs] 
2020-11-10T16:57:23.508+0800: 1952.991: [GC pause (G1 Evacuation Pause) (young), 0.0026685 secs]
   [Parallel Time: 1.5 ms, GC Workers: 4]
      [GC Worker Start (ms): Min: 1952991.0, Avg: 1952991.1, Max: 1952991.1, Diff: 0.1]
      [Ext Root Scanning (ms): Min: 0.7, Avg: 0.9, Max: 1.3, Diff: 0.6, Sum: 3.6]
      [Update RS (ms): Min: 0.0, Avg: 0.2, Max: 0.3, Diff: 0.3, Sum: 0.7]
         [Processed Buffers: Min: 0, Avg: 8.3, Max: 22, Diff: 22, Sum: 33]
      [Scan RS (ms): Min: 0.0, Avg: 0.0, Max: 0.0, Diff: 0.0, Sum: 0.0]
      [Code Root Scanning (ms): Min: 0.0, Avg: 0.0, Max: 0.0, Diff: 0.0, Sum: 0.0]
      [Object Copy (ms): Min: 0.0, Avg: 0.1, Max: 0.2, Diff: 0.2, Sum: 0.5]
      [Termination (ms): Min: 0.0, Avg: 0.0, Max: 0.1, Diff: 0.1, Sum: 0.2]
         [Termination Attempts: Min: 1, Avg: 1.0, Max: 1, Diff: 0, Sum: 4]
      [GC Worker Other (ms): Min: 0.0, Avg: 0.0, Max: 0.0, Diff: 0.0, Sum: 0.0]
      [GC Worker Total (ms): Min: 1.2, Avg: 1.3, Max: 1.3, Diff: 0.1, Sum: 5.1]
      [GC Worker End (ms): Min: 1952992.3, Avg: 1952992.3, Max: 1952992.3, Diff: 0.0]
   [Code Root Fixup: 0.1 ms]
   [Code Root Purge: 0.0 ms]
   [Clear CT: 0.3 ms]
   [Other: 0.9 ms]
      [Choose CSet: 0.0 ms]
      [Ref Proc: 0.7 ms]
      [Ref Enq: 0.0 ms]
      [Redirty Cards: 0.1 ms]
      [Humongous Register: 0.0 ms]
      [Humongous Reclaim: 0.0 ms]
      [Free CSet: 0.0 ms]
   [Eden: 64.0M(64.0M)->0.0B(64.0M) Survivors: 1024.0K->1024.0K Heap: 112.6M(128.0M)->48.6M(128.0M)]
 [Times: user=0.00 sys=0.00, real=0.00 secs] 
2020-11-10T16:57:26.626+0800: 1956.109: [GC pause (G1 Evacuation Pause) (young), 0.0028212 secs]
   [Parallel Time: 1.4 ms, GC Workers: 4]
      [GC Worker Start (ms): Min: 1956109.2, Avg: 1956109.2, Max: 1956109.2, Diff: 0.1]
      [Ext Root Scanning (ms): Min: 0.6, Avg: 0.8, Max: 1.3, Diff: 0.7, Sum: 3.2]
      [Update RS (ms): Min: 0.0, Avg: 0.2, Max: 0.2, Diff: 0.2, Sum: 0.7]
         [Processed Buffers: Min: 0, Avg: 7.3, Max: 15, Diff: 15, Sum: 29]
      [Scan RS (ms): Min: 0.0, Avg: 0.0, Max: 0.0, Diff: 0.0, Sum: 0.0]
      [Code Root Scanning (ms): Min: 0.0, Avg: 0.0, Max: 0.0, Diff: 0.0, Sum: 0.0]
      [Object Copy (ms): Min: 0.0, Avg: 0.1, Max: 0.2, Diff: 0.2, Sum: 0.5]
      [Termination (ms): Min: 0.0, Avg: 0.1, Max: 0.2, Diff: 0.2, Sum: 0.5]
         [Termination Attempts: Min: 1, Avg: 1.0, Max: 1, Diff: 0, Sum: 4]
      [GC Worker Other (ms): Min: 0.0, Avg: 0.0, Max: 0.0, Diff: 0.0, Sum: 0.1]
      [GC Worker Total (ms): Min: 1.2, Avg: 1.2, Max: 1.3, Diff: 0.1, Sum: 5.0]
      [GC Worker End (ms): Min: 1956110.4, Avg: 1956110.5, Max: 1956110.5, Diff: 0.0]
   [Code Root Fixup: 0.0 ms]
   [Code Root Purge: 0.0 ms]
   [Clear CT: 0.2 ms]
   [Other: 1.2 ms]
      [Choose CSet: 0.0 ms]
      [Ref Proc: 0.7 ms]
      [Ref Enq: 0.0 ms]
      [Redirty Cards: 0.3 ms]
      [Humongous Register: 0.0 ms]
      [Humongous Reclaim: 0.0 ms]
      [Free CSet: 0.1 ms]
   [Eden: 64.0M(64.0M)->0.0B(64.0M) Survivors: 1024.0K->1024.0K Heap: 112.6M(128.0M)->48.6M(128.0M)]
 [Times: user=0.06 sys=0.00, real=0.00 secs] 
2020-11-10T16:57:30.558+0800: 1960.041: [GC pause (G1 Evacuation Pause) (young), 0.0025167 secs]
   [Parallel Time: 1.3 ms, GC Workers: 4]
      [GC Worker Start (ms): Min: 1960040.8, Avg: 1960040.9, Max: 1960041.0, Diff: 0.1]
      [Ext Root Scanning (ms): Min: 0.6, Avg: 0.8, Max: 1.3, Diff: 0.7, Sum: 3.2]
      [Update RS (ms): Min: 0.0, Avg: 0.2, Max: 0.2, Diff: 0.2, Sum: 0.6]
         [Processed Buffers: Min: 0, Avg: 6.5, Max: 20, Diff: 20, Sum: 26]
      [Scan RS (ms): Min: 0.0, Avg: 0.0, Max: 0.0, Diff: 0.0, Sum: 0.0]
      [Code Root Scanning (ms): Min: 0.0, Avg: 0.0, Max: 0.0, Diff: 0.0, Sum: 0.0]
      [Object Copy (ms): Min: 0.0, Avg: 0.1, Max: 0.2, Diff: 0.2, Sum: 0.4]
      [Termination (ms): Min: 0.0, Avg: 0.1, Max: 0.2, Diff: 0.2, Sum: 0.5]
         [Termination Attempts: Min: 1, Avg: 1.0, Max: 1, Diff: 0, Sum: 4]
      [GC Worker Other (ms): Min: 0.0, Avg: 0.0, Max: 0.0, Diff: 0.0, Sum: 0.1]
      [GC Worker Total (ms): Min: 1.1, Avg: 1.2, Max: 1.3, Diff: 0.1, Sum: 4.8]
      [GC Worker End (ms): Min: 1960042.1, Avg: 1960042.1, Max: 1960042.1, Diff: 0.0]
   [Code Root Fixup: 0.0 ms]
   [Code Root Purge: 0.0 ms]
   [Clear CT: 0.1 ms]
   [Other: 1.1 ms]
      [Choose CSet: 0.0 ms]
      [Ref Proc: 0.9 ms]
      [Ref Enq: 0.0 ms]
      [Redirty Cards: 0.0 ms]
      [Humongous Register: 0.0 ms]
      [Humongous Reclaim: 0.0 ms]
      [Free CSet: 0.0 ms]
   [Eden: 64.0M(64.0M)->0.0B(64.0M) Survivors: 1024.0K->1024.0K Heap: 112.6M(128.0M)->48.7M(128.0M)]
 [Times: user=0.00 sys=0.00, real=0.00 secs] 
2020-11-10T16:57:33.794+0800: 1963.277: [GC pause (G1 Evacuation Pause) (young), 0.0027668 secs]
   [Parallel Time: 1.4 ms, GC Workers: 4]
      [GC Worker Start (ms): Min: 1963276.9, Avg: 1963277.0, Max: 1963277.1, Diff: 0.2]
      [Ext Root Scanning (ms): Min: 0.6, Avg: 0.8, Max: 1.3, Diff: 0.7, Sum: 3.3]
      [Update RS (ms): Min: 0.0, Avg: 0.1, Max: 0.2, Diff: 0.2, Sum: 0.6]
         [Processed Buffers: Min: 0, Avg: 7.0, Max: 18, Diff: 18, Sum: 28]
      [Scan RS (ms): Min: 0.0, Avg: 0.0, Max: 0.0, Diff: 0.0, Sum: 0.0]
      [Code Root Scanning (ms): Min: 0.0, Avg: 0.0, Max: 0.0, Diff: 0.0, Sum: 0.0]
      [Object Copy (ms): Min: 0.0, Avg: 0.1, Max: 0.2, Diff: 0.2, Sum: 0.5]
      [Termination (ms): Min: 0.0, Avg: 0.2, Max: 0.2, Diff: 0.2, Sum: 0.6]
         [Termination Attempts: Min: 1, Avg: 1.0, Max: 1, Diff: 0, Sum: 4]
      [GC Worker Other (ms): Min: 0.0, Avg: 0.0, Max: 0.0, Diff: 0.0, Sum: 0.0]
      [GC Worker Total (ms): Min: 1.2, Avg: 1.3, Max: 1.3, Diff: 0.2, Sum: 5.0]
      [GC Worker End (ms): Min: 1963278.2, Avg: 1963278.2, Max: 1963278.2, Diff: 0.0]
   [Code Root Fixup: 0.0 ms]
   [Code Root Purge: 0.0 ms]
   [Clear CT: 0.3 ms]
   [Other: 1.0 ms]
      [Choose CSet: 0.0 ms]
      [Ref Proc: 0.6 ms]
      [Ref Enq: 0.0 ms]
      [Redirty Cards: 0.2 ms]
      [Humongous Register: 0.0 ms]
      [Humongous Reclaim: 0.0 ms]
      [Free CSet: 0.0 ms]
   [Eden: 64.0M(64.0M)->0.0B(64.0M) Survivors: 1024.0K->1024.0K Heap: 112.7M(128.0M)->48.6M(128.0M)]
 [Times: user=0.00 sys=0.00, real=0.00 secs] 
2020-11-10T16:57:36.916+0800: 1966.399: [GC pause (G1 Evacuation Pause) (young), 0.0025745 secs]
   [Parallel Time: 1.3 ms, GC Workers: 4]
      [GC Worker Start (ms): Min: 1966399.0, Avg: 1966399.1, Max: 1966399.1, Diff: 0.1]
      [Ext Root Scanning (ms): Min: 0.6, Avg: 0.8, Max: 1.2, Diff: 0.6, Sum: 3.1]
      [Update RS (ms): Min: 0.0, Avg: 0.2, Max: 0.2, Diff: 0.2, Sum: 0.6]
         [Processed Buffers: Min: 0, Avg: 8.5, Max: 18, Diff: 18, Sum: 34]
      [Scan RS (ms): Min: 0.0, Avg: 0.0, Max: 0.0, Diff: 0.0, Sum: 0.0]
      [Code Root Scanning (ms): Min: 0.0, Avg: 0.0, Max: 0.0, Diff: 0.0, Sum: 0.0]
      [Object Copy (ms): Min: 0.0, Avg: 0.1, Max: 0.2, Diff: 0.2, Sum: 0.5]
      [Termination (ms): Min: 0.0, Avg: 0.1, Max: 0.1, Diff: 0.1, Sum: 0.3]
         [Termination Attempts: Min: 1, Avg: 1.0, Max: 1, Diff: 0, Sum: 4]
      [GC Worker Other (ms): Min: 0.0, Avg: 0.0, Max: 0.0, Diff: 0.0, Sum: 0.0]
      [GC Worker Total (ms): Min: 1.1, Avg: 1.2, Max: 1.2, Diff: 0.1, Sum: 4.7]
      [GC Worker End (ms): Min: 1966400.2, Avg: 1966400.2, Max: 1966400.3, Diff: 0.0]
   [Code Root Fixup: 0.0 ms]
   [Code Root Purge: 0.0 ms]
   [Clear CT: 0.3 ms]
   [Other: 1.0 ms]
      [Choose CSet: 0.0 ms]
      [Ref Proc: 0.6 ms]
      [Ref Enq: 0.0 ms]
      [Redirty Cards: 0.2 ms]
      [Humongous Register: 0.0 ms]
      [Humongous Reclaim: 0.0 ms]
      [Free CSet: 0.0 ms]
   [Eden: 64.0M(64.0M)->0.0B(64.0M) Survivors: 1024.0K->1024.0K Heap: 112.6M(128.0M)->48.6M(128.0M)]
 [Times: user=0.00 sys=0.00, real=0.00 secs] 
2020-11-10T16:57:40.514+0800: 1969.997: [GC pause (G1 Evacuation Pause) (young), 0.0990566 secs]
   [Parallel Time: 98.0 ms, GC Workers: 4]
      [GC Worker Start (ms): Min: 1969997.5, Avg: 1969997.5, Max: 1969997.5, Diff: 0.1]
      [Ext Root Scanning (ms): Min: 0.6, Avg: 0.8, Max: 1.3, Diff: 0.7, Sum: 3.1]
      [Update RS (ms): Min: 0.0, Avg: 0.2, Max: 0.2, Diff: 0.2, Sum: 0.7]
         [Processed Buffers: Min: 0, Avg: 7.8, Max: 23, Diff: 23, Sum: 31]
      [Scan RS (ms): Min: 0.0, Avg: 0.0, Max: 0.0, Diff: 0.0, Sum: 0.0]
      [Code Root Scanning (ms): Min: 0.0, Avg: 0.0, Max: 0.0, Diff: 0.0, Sum: 0.0]
      [Object Copy (ms): Min: 0.0, Avg: 48.5, Max: 97.0, Diff: 97.0, Sum: 194.1]
      [Termination (ms): Min: 0.0, Avg: 48.4, Max: 96.8, Diff: 96.8, Sum: 193.4]
         [Termination Attempts: Min: 1, Avg: 1.0, Max: 1, Diff: 0, Sum: 4]
      [GC Worker Other (ms): Min: 0.0, Avg: 0.0, Max: 0.0, Diff: 0.0, Sum: 0.0]
      [GC Worker Total (ms): Min: 97.8, Avg: 97.8, Max: 97.9, Diff: 0.1, Sum: 391.4]
      [GC Worker End (ms): Min: 1970095.3, Avg: 1970095.3, Max: 1970095.3, Diff: 0.0]
   [Code Root Fixup: 0.1 ms]
   [Code Root Purge: 0.0 ms]
   [Clear CT: 0.2 ms]
   [Other: 0.8 ms]
      [Choose CSet: 0.0 ms]
      [Ref Proc: 0.7 ms]
      [Ref Enq: 0.0 ms]
      [Redirty Cards: 0.0 ms]
      [Humongous Register: 0.0 ms]
      [Humongous Reclaim: 0.0 ms]
      [Free CSet: 0.0 ms]
   [Eden: 64.0M(64.0M)->0.0B(64.0M) Survivors: 1024.0K->1024.0K Heap: 112.6M(128.0M)->48.7M(128.0M)]
 [Times: user=0.17 sys=0.03, real=0.10 secs] 
2020-11-10T16:57:43.813+0800: 1973.296: [GC pause (G1 Evacuation Pause) (young), 0.0028379 secs]
   [Parallel Time: 1.6 ms, GC Workers: 4]
      [GC Worker Start (ms): Min: 1973296.0, Avg: 1973296.4, Max: 1973297.4, Diff: 1.5]
      [Ext Root Scanning (ms): Min: 0.0, Avg: 0.8, Max: 1.4, Diff: 1.4, Sum: 3.4]
      [Update RS (ms): Min: 0.0, Avg: 0.2, Max: 0.3, Diff: 0.3, Sum: 0.6]
         [Processed Buffers: Min: 0, Avg: 7.5, Max: 19, Diff: 19, Sum: 30]
      [Scan RS (ms): Min: 0.0, Avg: 0.0, Max: 0.0, Diff: 0.0, Sum: 0.0]
      [Code Root Scanning (ms): Min: 0.0, Avg: 0.0, Max: 0.0, Diff: 0.0, Sum: 0.0]
      [Object Copy (ms): Min: 0.1, Avg: 0.1, Max: 0.2, Diff: 0.1, Sum: 0.5]
      [Termination (ms): Min: 0.0, Avg: 0.0, Max: 0.0, Diff: 0.0, Sum: 0.0]
         [Termination Attempts: Min: 1, Avg: 1.0, Max: 1, Diff: 0, Sum: 4]
      [GC Worker Other (ms): Min: 0.0, Avg: 0.0, Max: 0.0, Diff: 0.0, Sum: 0.1]
      [GC Worker Total (ms): Min: 0.1, Avg: 1.2, Max: 1.6, Diff: 1.5, Sum: 4.6]
      [GC Worker End (ms): Min: 1973297.6, Avg: 1973297.6, Max: 1973297.6, Diff: 0.0]
   [Code Root Fixup: 0.0 ms]
   [Code Root Purge: 0.0 ms]
   [Clear CT: 0.1 ms]
   [Other: 1.1 ms]
      [Choose CSet: 0.0 ms]
      [Ref Proc: 0.9 ms]
      [Ref Enq: 0.0 ms]
      [Redirty Cards: 0.1 ms]
      [Humongous Register: 0.0 ms]
      [Humongous Reclaim: 0.0 ms]
      [Free CSet: 0.0 ms]
   [Eden: 64.0M(64.0M)->0.0B(64.0M) Survivors: 1024.0K->1024.0K Heap: 112.7M(128.0M)->48.6M(128.0M)]
 [Times: user=0.05 sys=0.00, real=0.00 secs] 
2020-11-10T16:57:48.327+0800: 1977.810: [GC pause (G1 Evacuation Pause) (young), 0.0025775 secs]
   [Parallel Time: 1.3 ms, GC Workers: 4]
      [GC Worker Start (ms): Min: 1977809.7, Avg: 1977809.8, Max: 1977809.8, Diff: 0.1]
      [Ext Root Scanning (ms): Min: 0.6, Avg: 0.8, Max: 1.3, Diff: 0.7, Sum: 3.1]
      [Update RS (ms): Min: 0.0, Avg: 0.2, Max: 0.3, Diff: 0.3, Sum: 0.8]
         [Processed Buffers: Min: 0, Avg: 8.0, Max: 19, Diff: 19, Sum: 32]
      [Scan RS (ms): Min: 0.0, Avg: 0.0, Max: 0.0, Diff: 0.0, Sum: 0.0]
      [Code Root Scanning (ms): Min: 0.0, Avg: 0.0, Max: 0.0, Diff: 0.0, Sum: 0.0]
      [Object Copy (ms): Min: 0.0, Avg: 0.1, Max: 0.2, Diff: 0.2, Sum: 0.5]
      [Termination (ms): Min: 0.0, Avg: 0.1, Max: 0.2, Diff: 0.2, Sum: 0.5]
         [Termination Attempts: Min: 1, Avg: 1.0, Max: 1, Diff: 0, Sum: 4]
      [GC Worker Other (ms): Min: 0.0, Avg: 0.0, Max: 0.0, Diff: 0.0, Sum: 0.1]
      [GC Worker Total (ms): Min: 1.2, Avg: 1.2, Max: 1.3, Diff: 0.1, Sum: 4.9]
      [GC Worker End (ms): Min: 1977811.0, Avg: 1977811.0, Max: 1977811.0, Diff: 0.0]
   [Code Root Fixup: 0.0 ms]
   [Code Root Purge: 0.0 ms]
   [Clear CT: 0.2 ms]
   [Other: 1.0 ms]
      [Choose CSet: 0.0 ms]
      [Ref Proc: 0.7 ms]
      [Ref Enq: 0.0 ms]
      [Redirty Cards: 0.2 ms]
      [Humongous Register: 0.0 ms]
      [Humongous Reclaim: 0.0 ms]
      [Free CSet: 0.1 ms]
   [Eden: 64.0M(64.0M)->0.0B(64.0M) Survivors: 1024.0K->1024.0K Heap: 112.6M(128.0M)->48.6M(128.0M)]
 [Times: user=0.00 sys=0.00, real=0.07 secs] 
2020-11-10T16:57:52.789+0800: 1982.272: [GC pause (G1 Evacuation Pause) (young), 0.0032367 secs]
   [Parallel Time: 1.6 ms, GC Workers: 4]
      [GC Worker Start (ms): Min: 1982272.0, Avg: 1982272.0, Max: 1982272.1, Diff: 0.1]
      [Ext Root Scanning (ms): Min: 0.5, Avg: 0.8, Max: 1.4, Diff: 0.9, Sum: 3.3]
      [Update RS (ms): Min: 0.0, Avg: 0.2, Max: 0.3, Diff: 0.3, Sum: 0.7]
         [Processed Buffers: Min: 0, Avg: 8.0, Max: 27, Diff: 27, Sum: 32]
      [Scan RS (ms): Min: 0.0, Avg: 0.0, Max: 0.0, Diff: 0.0, Sum: 0.0]
      [Code Root Scanning (ms): Min: 0.0, Avg: 0.0, Max: 0.0, Diff: 0.0, Sum: 0.0]
      [Object Copy (ms): Min: 0.0, Avg: 0.3, Max: 0.7, Diff: 0.7, Sum: 1.1]
      [Termination (ms): Min: 0.0, Avg: 0.1, Max: 0.1, Diff: 0.1, Sum: 0.4]
         [Termination Attempts: Min: 1, Avg: 1.0, Max: 1, Diff: 0, Sum: 4]
      [GC Worker Other (ms): Min: 0.0, Avg: 0.0, Max: 0.0, Diff: 0.0, Sum: 0.0]
      [GC Worker Total (ms): Min: 1.3, Avg: 1.4, Max: 1.4, Diff: 0.1, Sum: 5.5]
      [GC Worker End (ms): Min: 1982273.4, Avg: 1982273.4, Max: 1982273.4, Diff: 0.0]
   [Code Root Fixup: 0.0 ms]
   [Code Root Purge: 0.0 ms]
   [Clear CT: 0.4 ms]
   [Other: 1.2 ms]
      [Choose CSet: 0.0 ms]
      [Ref Proc: 0.7 ms]
      [Ref Enq: 0.0 ms]
      [Redirty Cards: 0.3 ms]
      [Humongous Register: 0.0 ms]
      [Humongous Reclaim: 0.0 ms]
      [Free CSet: 0.1 ms]
   [Eden: 64.0M(64.0M)->0.0B(64.0M) Survivors: 1024.0K->1024.0K Heap: 112.6M(128.0M)->48.6M(128.0M)]
 [Times: user=0.00 sys=0.00, real=0.00 secs] 
2020-11-10T16:57:57.230+0800: 1986.713: [GC pause (G1 Evacuation Pause) (young), 0.0027299 secs]
   [Parallel Time: 1.3 ms, GC Workers: 4]
      [GC Worker Start (ms): Min: 1986713.1, Avg: 1986713.2, Max: 1986713.2, Diff: 0.1]
      [Ext Root Scanning (ms): Min: 0.6, Avg: 0.8, Max: 1.2, Diff: 0.6, Sum: 3.2]
      [Update RS (ms): Min: 0.0, Avg: 0.2, Max: 0.2, Diff: 0.2, Sum: 0.7]
         [Processed Buffers: Min: 0, Avg: 8.5, Max: 20, Diff: 20, Sum: 34]
      [Scan RS (ms): Min: 0.0, Avg: 0.0, Max: 0.0, Diff: 0.0, Sum: 0.0]
      [Code Root Scanning (ms): Min: 0.0, Avg: 0.0, Max: 0.0, Diff: 0.0, Sum: 0.0]
      [Object Copy (ms): Min: 0.0, Avg: 0.1, Max: 0.2, Diff: 0.2, Sum: 0.5]
      [Termination (ms): Min: 0.0, Avg: 0.1, Max: 0.1, Diff: 0.1, Sum: 0.3]
         [Termination Attempts: Min: 1, Avg: 1.0, Max: 1, Diff: 0, Sum: 4]
      [GC Worker Other (ms): Min: 0.0, Avg: 0.0, Max: 0.0, Diff: 0.0, Sum: 0.0]
      [GC Worker Total (ms): Min: 1.2, Avg: 1.2, Max: 1.2, Diff: 0.1, Sum: 4.8]
      [GC Worker End (ms): Min: 1986714.4, Avg: 1986714.4, Max: 1986714.4, Diff: 0.0]
   [Code Root Fixup: 0.0 ms]
   [Code Root Purge: 0.0 ms]
   [Clear CT: 0.3 ms]
   [Other: 1.1 ms]
      [Choose CSet: 0.0 ms]
      [Ref Proc: 0.7 ms]
      [Ref Enq: 0.0 ms]
      [Redirty Cards: 0.2 ms]
      [Humongous Register: 0.0 ms]
      [Humongous Reclaim: 0.0 ms]
      [Free CSet: 0.0 ms]
   [Eden: 64.0M(64.0M)->0.0B(64.0M) Survivors: 1024.0K->1024.0K Heap: 112.6M(128.0M)->48.7M(128.0M)]
 [Times: user=0.00 sys=0.00, real=0.00 secs] 
2020-11-10T16:58:01.339+0800: 1990.823: [GC pause (G1 Evacuation Pause) (young), 0.0028414 secs]
   [Parallel Time: 1.3 ms, GC Workers: 4]
      [GC Worker Start (ms): Min: 1990822.6, Avg: 1990822.7, Max: 1990822.7, Diff: 0.0]
      [Ext Root Scanning (ms): Min: 0.6, Avg: 0.8, Max: 1.2, Diff: 0.6, Sum: 3.2]
      [Update RS (ms): Min: 0.0, Avg: 0.2, Max: 0.2, Diff: 0.2, Sum: 0.6]
         [Processed Buffers: Min: 0, Avg: 7.8, Max: 12, Diff: 12, Sum: 31]
      [Scan RS (ms): Min: 0.0, Avg: 0.0, Max: 0.0, Diff: 0.0, Sum: 0.0]
      [Code Root Scanning (ms): Min: 0.0, Avg: 0.0, Max: 0.0, Diff: 0.0, Sum: 0.0]
      [Object Copy (ms): Min: 0.0, Avg: 0.1, Max: 0.2, Diff: 0.2, Sum: 0.5]
      [Termination (ms): Min: 0.0, Avg: 0.1, Max: 0.1, Diff: 0.1, Sum: 0.3]
         [Termination Attempts: Min: 1, Avg: 1.0, Max: 1, Diff: 0, Sum: 4]
      [GC Worker Other (ms): Min: 0.0, Avg: 0.0, Max: 0.0, Diff: 0.0, Sum: 0.0]
      [GC Worker Total (ms): Min: 1.2, Avg: 1.2, Max: 1.2, Diff: 0.0, Sum: 4.8]
      [GC Worker End (ms): Min: 1990823.8, Avg: 1990823.8, Max: 1990823.8, Diff: 0.0]
   [Code Root Fixup: 0.0 ms]
   [Code Root Purge: 0.0 ms]
   [Clear CT: 0.4 ms]
   [Other: 1.2 ms]
      [Choose CSet: 0.0 ms]
      [Ref Proc: 0.7 ms]
      [Ref Enq: 0.0 ms]
      [Redirty Cards: 0.4 ms]
      [Humongous Register: 0.0 ms]
      [Humongous Reclaim: 0.0 ms]
      [Free CSet: 0.0 ms]
   [Eden: 64.0M(64.0M)->0.0B(64.0M) Survivors: 1024.0K->1024.0K Heap: 112.7M(128.0M)->48.7M(128.0M)]
 [Times: user=0.00 sys=0.00, real=0.00 secs] 
2020-11-10T16:58:05.685+0800: 1995.169: [GC pause (G1 Evacuation Pause) (young), 0.0030240 secs]
   [Parallel Time: 1.5 ms, GC Workers: 4]
      [GC Worker Start (ms): Min: 1995168.9, Avg: 1995168.9, Max: 1995169.0, Diff: 0.1]
      [Ext Root Scanning (ms): Min: 0.6, Avg: 0.8, Max: 1.3, Diff: 0.6, Sum: 3.2]
      [Update RS (ms): Min: 0.0, Avg: 0.1, Max: 0.2, Diff: 0.2, Sum: 0.6]
         [Processed Buffers: Min: 0, Avg: 7.3, Max: 13, Diff: 13, Sum: 29]
      [Scan RS (ms): Min: 0.0, Avg: 0.0, Max: 0.0, Diff: 0.0, Sum: 0.0]
      [Code Root Scanning (ms): Min: 0.0, Avg: 0.0, Max: 0.0, Diff: 0.0, Sum: 0.0]
      [Object Copy (ms): Min: 0.0, Avg: 0.1, Max: 0.2, Diff: 0.2, Sum: 0.6]
      [Termination (ms): Min: 0.0, Avg: 0.1, Max: 0.1, Diff: 0.1, Sum: 0.4]
         [Termination Attempts: Min: 1, Avg: 1.0, Max: 1, Diff: 0, Sum: 4]
      [GC Worker Other (ms): Min: 0.0, Avg: 0.0, Max: 0.0, Diff: 0.0, Sum: 0.0]
      [GC Worker Total (ms): Min: 1.2, Avg: 1.2, Max: 1.3, Diff: 0.1, Sum: 4.9]
      [GC Worker End (ms): Min: 1995170.2, Avg: 1995170.2, Max: 1995170.2, Diff: 0.0]
   [Code Root Fixup: 0.0 ms]
   [Code Root Purge: 0.0 ms]
   [Clear CT: 0.3 ms]
   [Other: 1.2 ms]
      [Choose CSet: 0.0 ms]
      [Ref Proc: 0.8 ms]
      [Ref Enq: 0.0 ms]
      [Redirty Cards: 0.3 ms]
      [Humongous Register: 0.0 ms]
      [Humongous Reclaim: 0.0 ms]
      [Free CSet: 0.0 ms]
   [Eden: 64.0M(64.0M)->0.0B(64.0M) Survivors: 1024.0K->1024.0K Heap: 112.7M(128.0M)->48.7M(128.0M)]
 [Times: user=0.00 sys=0.00, real=0.00 secs] 
2020-11-10T16:58:10.100+0800: 1999.584: [GC pause (G1 Evacuation Pause) (young), 0.0260970 secs]
   [Parallel Time: 24.9 ms, GC Workers: 4]
      [GC Worker Start (ms): Min: 1999583.7, Avg: 1999583.7, Max: 1999583.8, Diff: 0.1]
      [Ext Root Scanning (ms): Min: 0.7, Avg: 0.9, Max: 1.3, Diff: 0.6, Sum: 3.4]
      [Update RS (ms): Min: 0.0, Avg: 0.2, Max: 0.4, Diff: 0.4, Sum: 0.8]
         [Processed Buffers: Min: 0, Avg: 8.5, Max: 24, Diff: 24, Sum: 34]
      [Scan RS (ms): Min: 0.0, Avg: 0.0, Max: 0.0, Diff: 0.0, Sum: 0.0]
      [Code Root Scanning (ms): Min: 0.0, Avg: 0.0, Max: 0.0, Diff: 0.0, Sum: 0.0]
      [Object Copy (ms): Min: 23.5, Avg: 23.7, Max: 24.1, Diff: 0.6, Sum: 94.8]
      [Termination (ms): Min: 0.0, Avg: 0.0, Max: 0.1, Diff: 0.1, Sum: 0.1]
         [Termination Attempts: Min: 1, Avg: 1.0, Max: 1, Diff: 0, Sum: 4]
      [GC Worker Other (ms): Min: 0.0, Avg: 0.0, Max: 0.0, Diff: 0.0, Sum: 0.0]
      [GC Worker Total (ms): Min: 24.8, Avg: 24.8, Max: 24.9, Diff: 0.1, Sum: 99.3]
      [GC Worker End (ms): Min: 1999608.5, Avg: 1999608.5, Max: 1999608.5, Diff: 0.0]
   [Code Root Fixup: 0.0 ms]
   [Code Root Purge: 0.0 ms]
   [Clear CT: 0.1 ms]
   [Other: 1.1 ms]
      [Choose CSet: 0.0 ms]
      [Ref Proc: 0.8 ms]
      [Ref Enq: 0.0 ms]
      [Redirty Cards: 0.1 ms]
      [Humongous Register: 0.0 ms]
      [Humongous Reclaim: 0.0 ms]
      [Free CSet: 0.0 ms]
   [Eden: 64.0M(64.0M)->0.0B(64.0M) Survivors: 1024.0K->1024.0K Heap: 112.7M(128.0M)->48.7M(128.0M)]
 [Times: user=0.02 sys=0.00, real=0.03 secs] 
2020-11-10T16:58:14.773+0800: 2004.257: [GC pause (G1 Evacuation Pause) (young), 0.0030484 secs]
   [Parallel Time: 2.0 ms, GC Workers: 4]
      [GC Worker Start (ms): Min: 2004256.6, Avg: 2004257.1, Max: 2004258.4, Diff: 1.8]
      [Ext Root Scanning (ms): Min: 0.0, Avg: 1.0, Max: 1.6, Diff: 1.6, Sum: 3.9]
      [Update RS (ms): Min: 0.0, Avg: 0.2, Max: 0.4, Diff: 0.4, Sum: 0.7]
         [Processed Buffers: Min: 0, Avg: 8.5, Max: 23, Diff: 23, Sum: 34]
      [Scan RS (ms): Min: 0.0, Avg: 0.0, Max: 0.0, Diff: 0.0, Sum: 0.1]
      [Code Root Scanning (ms): Min: 0.0, Avg: 0.0, Max: 0.0, Diff: 0.0, Sum: 0.0]
      [Object Copy (ms): Min: 0.0, Avg: 0.1, Max: 0.2, Diff: 0.2, Sum: 0.6]
      [Termination (ms): Min: 0.0, Avg: 0.0, Max: 0.1, Diff: 0.1, Sum: 0.2]
         [Termination Attempts: Min: 1, Avg: 1.0, Max: 1, Diff: 0, Sum: 4]
      [GC Worker Other (ms): Min: 0.0, Avg: 0.0, Max: 0.0, Diff: 0.0, Sum: 0.0]
      [GC Worker Total (ms): Min: 0.0, Avg: 1.4, Max: 1.8, Diff: 1.8, Sum: 5.4]
      [GC Worker End (ms): Min: 2004258.5, Avg: 2004258.5, Max: 2004258.5, Diff: 0.1]
   [Code Root Fixup: 0.0 ms]
   [Code Root Purge: 0.0 ms]
   [Clear CT: 0.1 ms]
   [Other: 1.0 ms]
      [Choose CSet: 0.0 ms]
      [Ref Proc: 0.8 ms]
      [Ref Enq: 0.0 ms]
      [Redirty Cards: 0.0 ms]
      [Humongous Register: 0.0 ms]
      [Humongous Reclaim: 0.0 ms]
      [Free CSet: 0.0 ms]
   [Eden: 64.0M(64.0M)->0.0B(64.0M) Survivors: 1024.0K->1024.0K Heap: 112.7M(128.0M)->48.7M(128.0M)]
 [Times: user=0.00 sys=0.00, real=0.00 secs] 
2020-11-10T16:58:19.639+0800: 2009.123: [GC pause (G1 Evacuation Pause) (young), 0.0036550 secs]
   [Parallel Time: 1.5 ms, GC Workers: 4]
      [GC Worker Start (ms): Min: 2009122.7, Avg: 2009122.7, Max: 2009122.7, Diff: 0.1]
      [Ext Root Scanning (ms): Min: 0.7, Avg: 0.8, Max: 1.3, Diff: 0.6, Sum: 3.4]
      [Update RS (ms): Min: 0.0, Avg: 0.3, Max: 0.5, Diff: 0.5, Sum: 1.1]
         [Processed Buffers: Min: 0, Avg: 9.0, Max: 29, Diff: 29, Sum: 36]
      [Scan RS (ms): Min: 0.0, Avg: 0.0, Max: 0.0, Diff: 0.0, Sum: 0.1]
      [Code Root Scanning (ms): Min: 0.0, Avg: 0.0, Max: 0.0, Diff: 0.0, Sum: 0.0]
      [Object Copy (ms): Min: 0.0, Avg: 0.1, Max: 0.3, Diff: 0.2, Sum: 0.5]
      [Termination (ms): Min: 0.0, Avg: 0.1, Max: 0.1, Diff: 0.1, Sum: 0.2]
         [Termination Attempts: Min: 1, Avg: 1.5, Max: 2, Diff: 1, Sum: 6]
      [GC Worker Other (ms): Min: 0.0, Avg: 0.0, Max: 0.0, Diff: 0.0, Sum: 0.0]
      [GC Worker Total (ms): Min: 1.3, Avg: 1.4, Max: 1.4, Diff: 0.1, Sum: 5.4]
      [GC Worker End (ms): Min: 2009124.0, Avg: 2009124.1, Max: 2009124.1, Diff: 0.0]
   [Code Root Fixup: 0.0 ms]
   [Code Root Purge: 0.0 ms]
   [Clear CT: 0.4 ms]
   [Other: 1.8 ms]
      [Choose CSet: 0.0 ms]
      [Ref Proc: 1.2 ms]
      [Ref Enq: 0.0 ms]
      [Redirty Cards: 0.4 ms]
      [Humongous Register: 0.0 ms]
      [Humongous Reclaim: 0.0 ms]
      [Free CSet: 0.0 ms]
   [Eden: 64.0M(64.0M)->0.0B(64.0M) Survivors: 1024.0K->1024.0K Heap: 112.7M(128.0M)->48.8M(128.0M)]
 [Times: user=0.01 sys=0.00, real=0.00 secs] 
2020-11-10T16:58:24.374+0800: 2013.857: [GC pause (G1 Evacuation Pause) (young), 0.0328346 secs]
   [Parallel Time: 31.4 ms, GC Workers: 4]
      [GC Worker Start (ms): Min: 2013857.4, Avg: 2013857.7, Max: 2013858.3, Diff: 0.8]
      [Ext Root Scanning (ms): Min: 0.1, Avg: 0.8, Max: 1.3, Diff: 1.2, Sum: 3.0]
      [Update RS (ms): Min: 0.0, Avg: 0.1, Max: 0.2, Diff: 0.2, Sum: 0.6]
         [Processed Buffers: Min: 0, Avg: 8.5, Max: 22, Diff: 22, Sum: 34]
      [Scan RS (ms): Min: 0.0, Avg: 0.0, Max: 0.0, Diff: 0.0, Sum: 0.0]
      [Code Root Scanning (ms): Min: 0.0, Avg: 0.0, Max: 0.0, Diff: 0.0, Sum: 0.0]
      [Object Copy (ms): Min: 30.0, Avg: 30.2, Max: 30.2, Diff: 0.2, Sum: 120.7]
      [Termination (ms): Min: 0.0, Avg: 0.0, Max: 0.0, Diff: 0.0, Sum: 0.1]
         [Termination Attempts: Min: 1, Avg: 1.0, Max: 1, Diff: 0, Sum: 4]
      [GC Worker Other (ms): Min: 0.0, Avg: 0.0, Max: 0.0, Diff: 0.0, Sum: 0.0]
      [GC Worker Total (ms): Min: 30.5, Avg: 31.1, Max: 31.3, Diff: 0.8, Sum: 124.5]
      [GC Worker End (ms): Min: 2013888.8, Avg: 2013888.8, Max: 2013888.8, Diff: 0.0]
   [Code Root Fixup: 0.1 ms]
   [Code Root Purge: 0.0 ms]
   [Clear CT: 0.2 ms]
   [Other: 1.2 ms]
      [Choose CSet: 0.0 ms]
      [Ref Proc: 0.8 ms]
      [Ref Enq: 0.0 ms]
      [Redirty Cards: 0.2 ms]
      [Humongous Register: 0.0 ms]
      [Humongous Reclaim: 0.0 ms]
      [Free CSet: 0.1 ms]
   [Eden: 64.0M(64.0M)->0.0B(64.0M) Survivors: 1024.0K->1024.0K Heap: 112.8M(128.0M)->48.7M(128.0M)]
 [Times: user=0.00 sys=0.00, real=0.03 secs] 
2020-11-10T16:58:30.618+0800: 2020.102: [GC pause (G1 Evacuation Pause) (young), 0.0028406 secs]
   [Parallel Time: 1.4 ms, GC Workers: 4]
      [GC Worker Start (ms): Min: 2020101.8, Avg: 2020101.9, Max: 2020102.0, Diff: 0.1]
      [Ext Root Scanning (ms): Min: 0.6, Avg: 0.8, Max: 1.3, Diff: 0.7, Sum: 3.2]
      [Update RS (ms): Min: 0.0, Avg: 0.2, Max: 0.2, Diff: 0.2, Sum: 0.7]
         [Processed Buffers: Min: 0, Avg: 8.0, Max: 15, Diff: 15, Sum: 32]
      [Scan RS (ms): Min: 0.0, Avg: 0.0, Max: 0.0, Diff: 0.0, Sum: 0.0]
      [Code Root Scanning (ms): Min: 0.0, Avg: 0.0, Max: 0.0, Diff: 0.0, Sum: 0.0]
      [Object Copy (ms): Min: 0.0, Avg: 0.1, Max: 0.2, Diff: 0.2, Sum: 0.4]
      [Termination (ms): Min: 0.0, Avg: 0.1, Max: 0.1, Diff: 0.1, Sum: 0.4]
         [Termination Attempts: Min: 1, Avg: 1.0, Max: 1, Diff: 0, Sum: 4]
      [GC Worker Other (ms): Min: 0.0, Avg: 0.0, Max: 0.0, Diff: 0.0, Sum: 0.1]
      [GC Worker Total (ms): Min: 1.1, Avg: 1.2, Max: 1.3, Diff: 0.1, Sum: 4.8]
      [GC Worker End (ms): Min: 2020103.1, Avg: 2020103.1, Max: 2020103.1, Diff: 0.0]
   [Code Root Fixup: 0.0 ms]
   [Code Root Purge: 0.0 ms]
   [Clear CT: 0.3 ms]
   [Other: 1.1 ms]
      [Choose CSet: 0.0 ms]
      [Ref Proc: 0.7 ms]
      [Ref Enq: 0.0 ms]
      [Redirty Cards: 0.3 ms]
      [Humongous Register: 0.0 ms]
      [Humongous Reclaim: 0.0 ms]
      [Free CSet: 0.0 ms]
   [Eden: 64.0M(64.0M)->0.0B(64.0M) Survivors: 1024.0K->1024.0K Heap: 112.7M(128.0M)->48.7M(128.0M)]
 [Times: user=0.00 sys=0.00, real=0.00 secs] 
2020-11-10T16:58:34.938+0800: 2024.422: [GC pause (G1 Evacuation Pause) (young), 0.0030471 secs]
   [Parallel Time: 1.5 ms, GC Workers: 4]
      [GC Worker Start (ms): Min: 2024422.1, Avg: 2024422.1, Max: 2024422.2, Diff: 0.1]
      [Ext Root Scanning (ms): Min: 0.6, Avg: 0.8, Max: 1.2, Diff: 0.7, Sum: 3.1]
      [Update RS (ms): Min: 0.0, Avg: 0.2, Max: 0.2, Diff: 0.2, Sum: 0.6]
         [Processed Buffers: Min: 0, Avg: 9.0, Max: 14, Diff: 14, Sum: 36]
      [Scan RS (ms): Min: 0.0, Avg: 0.0, Max: 0.0, Diff: 0.0, Sum: 0.0]
      [Code Root Scanning (ms): Min: 0.0, Avg: 0.0, Max: 0.0, Diff: 0.0, Sum: 0.0]
      [Object Copy (ms): Min: 0.0, Avg: 0.1, Max: 0.2, Diff: 0.2, Sum: 0.4]
      [Termination (ms): Min: 0.0, Avg: 0.1, Max: 0.2, Diff: 0.2, Sum: 0.4]
         [Termination Attempts: Min: 1, Avg: 1.0, Max: 1, Diff: 0, Sum: 4]
      [GC Worker Other (ms): Min: 0.0, Avg: 0.0, Max: 0.0, Diff: 0.0, Sum: 0.0]
      [GC Worker Total (ms): Min: 1.1, Avg: 1.2, Max: 1.3, Diff: 0.1, Sum: 4.7]
      [GC Worker End (ms): Min: 2024423.3, Avg: 2024423.3, Max: 2024423.3, Diff: 0.0]
   [Code Root Fixup: 0.0 ms]
   [Code Root Purge: 0.0 ms]
   [Clear CT: 0.3 ms]
   [Other: 1.2 ms]
      [Choose CSet: 0.0 ms]
      [Ref Proc: 0.9 ms]
      [Ref Enq: 0.0 ms]
      [Redirty Cards: 0.3 ms]
      [Humongous Register: 0.0 ms]
      [Humongous Reclaim: 0.0 ms]
      [Free CSet: 0.0 ms]
   [Eden: 64.0M(64.0M)->0.0B(64.0M) Survivors: 1024.0K->1024.0K Heap: 112.7M(128.0M)->48.7M(128.0M)]
 [Times: user=0.00 sys=0.01, real=0.00 secs] 
2020-11-10T16:58:40.744+0800: 2030.228: [GC pause (G1 Evacuation Pause) (young), 0.0031119 secs]
   [Parallel Time: 1.4 ms, GC Workers: 4]
      [GC Worker Start (ms): Min: 2030227.8, Avg: 2030227.9, Max: 2030227.9, Diff: 0.1]
      [Ext Root Scanning (ms): Min: 0.7, Avg: 0.9, Max: 1.3, Diff: 0.6, Sum: 3.6]
      [Update RS (ms): Min: 0.0, Avg: 0.2, Max: 0.3, Diff: 0.3, Sum: 0.9]
         [Processed Buffers: Min: 0, Avg: 9.3, Max: 14, Diff: 14, Sum: 37]
      [Scan RS (ms): Min: 0.0, Avg: 0.0, Max: 0.0, Diff: 0.0, Sum: 0.0]
      [Code Root Scanning (ms): Min: 0.0, Avg: 0.0, Max: 0.0, Diff: 0.0, Sum: 0.0]
      [Object Copy (ms): Min: 0.0, Avg: 0.1, Max: 0.2, Diff: 0.2, Sum: 0.6]
      [Termination (ms): Min: 0.0, Avg: 0.0, Max: 0.0, Diff: 0.0, Sum: 0.1]
         [Termination Attempts: Min: 1, Avg: 1.0, Max: 1, Diff: 0, Sum: 4]
      [GC Worker Other (ms): Min: 0.0, Avg: 0.0, Max: 0.0, Diff: 0.0, Sum: 0.0]
      [GC Worker Total (ms): Min: 1.3, Avg: 1.3, Max: 1.4, Diff: 0.1, Sum: 5.3]
      [GC Worker End (ms): Min: 2030229.2, Avg: 2030229.2, Max: 2030229.2, Diff: 0.0]
   [Code Root Fixup: 0.0 ms]
   [Code Root Purge: 0.0 ms]
   [Clear CT: 0.4 ms]
   [Other: 1.3 ms]
      [Choose CSet: 0.0 ms]
      [Ref Proc: 0.8 ms]
      [Ref Enq: 0.0 ms]
      [Redirty Cards: 0.4 ms]
      [Humongous Register: 0.0 ms]
      [Humongous Reclaim: 0.0 ms]
      [Free CSet: 0.0 ms]
   [Eden: 64.0M(64.0M)->0.0B(64.0M) Survivors: 1024.0K->1024.0K Heap: 112.7M(128.0M)->48.8M(128.0M)]
 [Times: user=0.00 sys=0.00, real=0.00 secs] 
2020-11-10T16:58:45.830+0800: 2035.314: [GC pause (G1 Evacuation Pause) (young), 0.0407835 secs]
   [Parallel Time: 39.7 ms, GC Workers: 4]
      [GC Worker Start (ms): Min: 2035313.9, Avg: 2035314.1, Max: 2035314.9, Diff: 1.1]
      [Ext Root Scanning (ms): Min: 0.2, Avg: 0.9, Max: 1.4, Diff: 1.2, Sum: 3.8]
      [Update RS (ms): Min: 0.1, Avg: 0.2, Max: 0.2, Diff: 0.2, Sum: 0.7]
         [Processed Buffers: Min: 6, Avg: 8.3, Max: 13, Diff: 7, Sum: 33]
      [Scan RS (ms): Min: 0.0, Avg: 0.0, Max: 0.0, Diff: 0.0, Sum: 0.0]
      [Code Root Scanning (ms): Min: 0.0, Avg: 0.0, Max: 0.0, Diff: 0.0, Sum: 0.0]
      [Object Copy (ms): Min: 0.2, Avg: 28.7, Max: 38.3, Diff: 38.2, Sum: 115.0]
      [Termination (ms): Min: 0.0, Avg: 9.5, Max: 38.0, Diff: 38.0, Sum: 38.0]
         [Termination Attempts: Min: 1, Avg: 1.0, Max: 1, Diff: 0, Sum: 4]
      [GC Worker Other (ms): Min: 0.0, Avg: 0.0, Max: 0.0, Diff: 0.0, Sum: 0.1]
      [GC Worker Total (ms): Min: 38.6, Avg: 39.4, Max: 39.7, Diff: 1.1, Sum: 157.5]
      [GC Worker End (ms): Min: 2035353.5, Avg: 2035353.5, Max: 2035353.5, Diff: 0.0]
   [Code Root Fixup: 0.0 ms]
   [Code Root Purge: 0.0 ms]
   [Clear CT: 0.1 ms]
   [Other: 1.0 ms]
      [Choose CSet: 0.0 ms]
      [Ref Proc: 0.8 ms]
      [Ref Enq: 0.0 ms]
      [Redirty Cards: 0.1 ms]
      [Humongous Register: 0.0 ms]
      [Humongous Reclaim: 0.0 ms]
      [Free CSet: 0.0 ms]
   [Eden: 64.0M(64.0M)->0.0B(64.0M) Survivors: 1024.0K->1024.0K Heap: 112.8M(128.0M)->48.8M(128.0M)]
 [Times: user=0.01 sys=0.00, real=0.04 secs] 
2020-11-10T16:58:51.585+0800: 2041.068: [GC pause (G1 Evacuation Pause) (young), 0.0665239 secs]
   [Parallel Time: 64.7 ms, GC Workers: 4]
      [GC Worker Start (ms): Min: 2041068.2, Avg: 2041068.3, Max: 2041068.4, Diff: 0.1]
      [Ext Root Scanning (ms): Min: 0.6, Avg: 0.8, Max: 1.3, Diff: 0.7, Sum: 3.3]
      [Update RS (ms): Min: 0.0, Avg: 0.1, Max: 0.2, Diff: 0.2, Sum: 0.6]
         [Processed Buffers: Min: 0, Avg: 7.8, Max: 16, Diff: 16, Sum: 31]
      [Scan RS (ms): Min: 0.0, Avg: 0.0, Max: 0.0, Diff: 0.0, Sum: 0.0]
      [Code Root Scanning (ms): Min: 0.0, Avg: 0.0, Max: 0.0, Diff: 0.0, Sum: 0.0]
      [Object Copy (ms): Min: 0.0, Avg: 31.6, Max: 63.1, Diff: 63.1, Sum: 126.5]
      [Termination (ms): Min: 0.0, Avg: 31.7, Max: 63.4, Diff: 63.4, Sum: 126.7]
         [Termination Attempts: Min: 1, Avg: 1.3, Max: 2, Diff: 1, Sum: 5]
      [GC Worker Other (ms): Min: 0.0, Avg: 0.0, Max: 0.0, Diff: 0.0, Sum: 0.0]
      [GC Worker Total (ms): Min: 63.9, Avg: 64.3, Max: 64.6, Diff: 0.7, Sum: 257.1]
      [GC Worker End (ms): Min: 2041132.3, Avg: 2041132.6, Max: 2041132.9, Diff: 0.6]
   [Code Root Fixup: 0.0 ms]
   [Code Root Purge: 0.0 ms]
   [Clear CT: 0.3 ms]
   [Other: 1.5 ms]
      [Choose CSet: 0.0 ms]
      [Ref Proc: 1.0 ms]
      [Ref Enq: 0.0 ms]
      [Redirty Cards: 0.3 ms]
      [Humongous Register: 0.0 ms]
      [Humongous Reclaim: 0.0 ms]
      [Free CSet: 0.0 ms]
   [Eden: 64.0M(64.0M)->0.0B(64.0M) Survivors: 1024.0K->1024.0K Heap: 112.8M(128.0M)->48.8M(128.0M)]
 [Times: user=0.09 sys=0.00, real=0.07 secs] 
2020-11-10T16:58:56.353+0800: 2045.837: [GC pause (G1 Evacuation Pause) (young), 0.0030517 secs]
   [Parallel Time: 1.3 ms, GC Workers: 4]
      [GC Worker Start (ms): Min: 2045837.1, Avg: 2045837.2, Max: 2045837.2, Diff: 0.1]
      [Ext Root Scanning (ms): Min: 0.6, Avg: 0.8, Max: 1.3, Diff: 0.7, Sum: 3.1]
      [Update RS (ms): Min: 0.0, Avg: 0.2, Max: 0.4, Diff: 0.4, Sum: 0.7]
         [Processed Buffers: Min: 0, Avg: 9.0, Max: 20, Diff: 20, Sum: 36]
      [Scan RS (ms): Min: 0.0, Avg: 0.0, Max: 0.0, Diff: 0.0, Sum: 0.0]
      [Code Root Scanning (ms): Min: 0.0, Avg: 0.0, Max: 0.0, Diff: 0.0, Sum: 0.0]
      [Object Copy (ms): Min: 0.0, Avg: 0.1, Max: 0.3, Diff: 0.3, Sum: 0.6]
      [Termination (ms): Min: 0.0, Avg: 0.1, Max: 0.2, Diff: 0.2, Sum: 0.5]
         [Termination Attempts: Min: 1, Avg: 1.0, Max: 1, Diff: 0, Sum: 4]
      [GC Worker Other (ms): Min: 0.0, Avg: 0.0, Max: 0.0, Diff: 0.0, Sum: 0.0]
      [GC Worker Total (ms): Min: 1.2, Avg: 1.3, Max: 1.3, Diff: 0.1, Sum: 5.0]
      [GC Worker End (ms): Min: 2045838.4, Avg: 2045838.4, Max: 2045838.4, Diff: 0.0]
   [Code Root Fixup: 0.0 ms]
   [Code Root Purge: 0.0 ms]
   [Clear CT: 0.3 ms]
   [Other: 1.4 ms]
      [Choose CSet: 0.0 ms]
      [Ref Proc: 0.9 ms]
      [Ref Enq: 0.0 ms]
      [Redirty Cards: 0.3 ms]
      [Humongous Register: 0.0 ms]
      [Humongous Reclaim: 0.0 ms]
      [Free CSet: 0.0 ms]
   [Eden: 64.0M(64.0M)->0.0B(64.0M) Survivors: 1024.0K->1024.0K Heap: 112.8M(128.0M)->48.8M(128.0M)]
 [Times: user=0.00 sys=0.00, real=0.00 secs] 
2020-11-10T16:59:01.718+0800: 2051.201: [GC pause (G1 Evacuation Pause) (young), 0.0719082 secs]
   [Parallel Time: 70.8 ms, GC Workers: 4]
      [GC Worker Start (ms): Min: 2051201.6, Avg: 2051201.6, Max: 2051201.7, Diff: 0.1]
      [Ext Root Scanning (ms): Min: 0.6, Avg: 0.8, Max: 1.2, Diff: 0.6, Sum: 3.1]
      [Update RS (ms): Min: 0.0, Avg: 0.2, Max: 0.2, Diff: 0.2, Sum: 0.6]
         [Processed Buffers: Min: 0, Avg: 8.5, Max: 27, Diff: 27, Sum: 34]
      [Scan RS (ms): Min: 0.0, Avg: 0.0, Max: 0.0, Diff: 0.0, Sum: 0.0]
      [Code Root Scanning (ms): Min: 0.0, Avg: 0.0, Max: 0.0, Diff: 0.0, Sum: 0.0]
      [Object Copy (ms): Min: 0.0, Avg: 17.6, Max: 69.8, Diff: 69.8, Sum: 70.2]
      [Termination (ms): Min: 0.0, Avg: 52.2, Max: 69.6, Diff: 69.6, Sum: 208.7]
         [Termination Attempts: Min: 1, Avg: 2.0, Max: 3, Diff: 2, Sum: 8]
      [GC Worker Other (ms): Min: 0.0, Avg: 0.0, Max: 0.0, Diff: 0.0, Sum: 0.0]
      [GC Worker Total (ms): Min: 70.6, Avg: 70.7, Max: 70.7, Diff: 0.1, Sum: 282.7]
      [GC Worker End (ms): Min: 2051272.3, Avg: 2051272.3, Max: 2051272.3, Diff: 0.0]
   [Code Root Fixup: 0.0 ms]
   [Code Root Purge: 0.0 ms]
   [Clear CT: 0.1 ms]
   [Other: 1.0 ms]
      [Choose CSet: 0.0 ms]
      [Ref Proc: 0.6 ms]
      [Ref Enq: 0.0 ms]
      [Redirty Cards: 0.2 ms]
      [Humongous Register: 0.0 ms]
      [Humongous Reclaim: 0.0 ms]
      [Free CSet: 0.0 ms]
   [Eden: 64.0M(64.0M)->0.0B(64.0M) Survivors: 1024.0K->1024.0K Heap: 112.8M(128.0M)->48.8M(128.0M)]
 [Times: user=0.24 sys=0.00, real=0.07 secs] 
2020-11-10T16:59:06.559+0800: 2056.043: [GC pause (G1 Evacuation Pause) (young), 0.0029961 secs]
   [Parallel Time: 1.4 ms, GC Workers: 4]
      [GC Worker Start (ms): Min: 2056042.9, Avg: 2056042.9, Max: 2056043.0, Diff: 0.1]
      [Ext Root Scanning (ms): Min: 0.6, Avg: 0.9, Max: 1.3, Diff: 0.7, Sum: 3.5]
      [Update RS (ms): Min: 0.0, Avg: 0.1, Max: 0.3, Diff: 0.3, Sum: 0.6]
         [Processed Buffers: Min: 0, Avg: 8.0, Max: 15, Diff: 15, Sum: 32]
      [Scan RS (ms): Min: 0.0, Avg: 0.0, Max: 0.0, Diff: 0.0, Sum: 0.0]
      [Code Root Scanning (ms): Min: 0.0, Avg: 0.0, Max: 0.0, Diff: 0.0, Sum: 0.0]
      [Object Copy (ms): Min: 0.0, Avg: 0.2, Max: 0.3, Diff: 0.3, Sum: 0.7]
      [Termination (ms): Min: 0.0, Avg: 0.1, Max: 0.1, Diff: 0.1, Sum: 0.3]
         [Termination Attempts: Min: 1, Avg: 1.0, Max: 1, Diff: 0, Sum: 4]
      [GC Worker Other (ms): Min: 0.0, Avg: 0.0, Max: 0.0, Diff: 0.0, Sum: 0.0]
      [GC Worker Total (ms): Min: 1.2, Avg: 1.3, Max: 1.3, Diff: 0.1, Sum: 5.2]
      [GC Worker End (ms): Min: 2056044.2, Avg: 2056044.2, Max: 2056044.2, Diff: 0.0]
   [Code Root Fixup: 0.0 ms]
   [Code Root Purge: 0.0 ms]
   [Clear CT: 0.2 ms]
   [Other: 1.4 ms]
      [Choose CSet: 0.0 ms]
      [Ref Proc: 0.8 ms]
      [Ref Enq: 0.0 ms]
      [Redirty Cards: 0.4 ms]
      [Humongous Register: 0.0 ms]
      [Humongous Reclaim: 0.0 ms]
      [Free CSet: 0.1 ms]
   [Eden: 64.0M(64.0M)->0.0B(64.0M) Survivors: 1024.0K->1024.0K Heap: 112.8M(128.0M)->48.9M(128.0M)]
 [Times: user=0.00 sys=0.00, real=0.00 secs] 
2020-11-10T16:59:11.983+0800: 2061.467: [GC pause (G1 Evacuation Pause) (young), 0.0581820 secs]
   [Parallel Time: 56.5 ms, GC Workers: 4]
      [GC Worker Start (ms): Min: 2061466.7, Avg: 2061466.8, Max: 2061466.8, Diff: 0.1]
      [Ext Root Scanning (ms): Min: 0.6, Avg: 0.8, Max: 1.3, Diff: 0.7, Sum: 3.1]
      [Update RS (ms): Min: 0.0, Avg: 0.2, Max: 0.3, Diff: 0.3, Sum: 0.8]
         [Processed Buffers: Min: 0, Avg: 8.8, Max: 24, Diff: 24, Sum: 35]
      [Scan RS (ms): Min: 0.0, Avg: 0.0, Max: 0.0, Diff: 0.0, Sum: 0.0]
      [Code Root Scanning (ms): Min: 0.0, Avg: 0.0, Max: 0.0, Diff: 0.0, Sum: 0.0]
      [Object Copy (ms): Min: 55.1, Avg: 55.3, Max: 55.4, Diff: 0.3, Sum: 221.3]
      [Termination (ms): Min: 0.0, Avg: 0.0, Max: 0.0, Diff: 0.0, Sum: 0.0]
         [Termination Attempts: Min: 1, Avg: 1.0, Max: 1, Diff: 0, Sum: 4]
      [GC Worker Other (ms): Min: 0.0, Avg: 0.0, Max: 0.0, Diff: 0.0, Sum: 0.1]
      [GC Worker Total (ms): Min: 56.3, Avg: 56.3, Max: 56.4, Diff: 0.1, Sum: 225.4]
      [GC Worker End (ms): Min: 2061523.1, Avg: 2061523.1, Max: 2061523.1, Diff: 0.0]
   [Code Root Fixup: 0.0 ms]
   [Code Root Purge: 0.0 ms]
   [Clear CT: 0.3 ms]
   [Other: 1.4 ms]
      [Choose CSet: 0.0 ms]
      [Ref Proc: 0.8 ms]
      [Ref Enq: 0.0 ms]
      [Redirty Cards: 0.4 ms]
      [Humongous Register: 0.0 ms]
      [Humongous Reclaim: 0.0 ms]
      [Free CSet: 0.0 ms]
   [Eden: 64.0M(64.0M)->0.0B(64.0M) Survivors: 1024.0K->1024.0K Heap: 112.9M(128.0M)->48.8M(128.0M)]
 [Times: user=0.00 sys=0.00, real=0.06 secs] 
2020-11-10T16:59:16.772+0800: 2066.256: [GC pause (G1 Evacuation Pause) (young), 0.0028819 secs]
   [Parallel Time: 1.5 ms, GC Workers: 4]
      [GC Worker Start (ms): Min: 2066255.8, Avg: 2066255.9, Max: 2066255.9, Diff: 0.2]
      [Ext Root Scanning (ms): Min: 0.7, Avg: 0.9, Max: 1.3, Diff: 0.6, Sum: 3.6]
      [Update RS (ms): Min: 0.0, Avg: 0.2, Max: 0.2, Diff: 0.2, Sum: 0.7]
         [Processed Buffers: Min: 0, Avg: 8.5, Max: 16, Diff: 16, Sum: 34]
      [Scan RS (ms): Min: 0.0, Avg: 0.0, Max: 0.0, Diff: 0.0, Sum: 0.0]
      [Code Root Scanning (ms): Min: 0.0, Avg: 0.0, Max: 0.0, Diff: 0.0, Sum: 0.0]
      [Object Copy (ms): Min: 0.0, Avg: 0.1, Max: 0.2, Diff: 0.2, Sum: 0.5]
      [Termination (ms): Min: 0.0, Avg: 0.1, Max: 0.1, Diff: 0.1, Sum: 0.3]
         [Termination Attempts: Min: 1, Avg: 1.0, Max: 1, Diff: 0, Sum: 4]
      [GC Worker Other (ms): Min: 0.0, Avg: 0.0, Max: 0.0, Diff: 0.0, Sum: 0.1]
      [GC Worker Total (ms): Min: 1.2, Avg: 1.3, Max: 1.4, Diff: 0.2, Sum: 5.2]
      [GC Worker End (ms): Min: 2066257.1, Avg: 2066257.1, Max: 2066257.2, Diff: 0.0]
   [Code Root Fixup: 0.1 ms]
   [Code Root Purge: 0.0 ms]
   [Clear CT: 0.2 ms]
   [Other: 1.1 ms]
      [Choose CSet: 0.0 ms]
      [Ref Proc: 0.7 ms]
      [Ref Enq: 0.0 ms]
      [Redirty Cards: 0.3 ms]
      [Humongous Register: 0.0 ms]
      [Humongous Reclaim: 0.0 ms]
      [Free CSet: 0.0 ms]
   [Eden: 64.0M(64.0M)->0.0B(64.0M) Survivors: 1024.0K->1024.0K Heap: 112.8M(128.0M)->48.8M(128.0M)]
 [Times: user=0.00 sys=0.00, real=0.06 secs] 
2020-11-10T16:59:22.669+0800: 2072.153: [GC pause (G1 Evacuation Pause) (young), 0.3972398 secs]
   [Parallel Time: 395.9 ms, GC Workers: 4]
      [GC Worker Start (ms): Min: 2072152.9, Avg: 2072153.0, Max: 2072153.0, Diff: 0.1]
      [Ext Root Scanning (ms): Min: 0.6, Avg: 1.0, Max: 1.4, Diff: 0.7, Sum: 3.9]
      [Update RS (ms): Min: 0.0, Avg: 0.1, Max: 0.3, Diff: 0.3, Sum: 0.6]
         [Processed Buffers: Min: 0, Avg: 8.8, Max: 25, Diff: 25, Sum: 35]
      [Scan RS (ms): Min: 0.0, Avg: 0.0, Max: 0.0, Diff: 0.0, Sum: 0.0]
      [Code Root Scanning (ms): Min: 0.0, Avg: 0.0, Max: 0.0, Diff: 0.0, Sum: 0.0]
      [Object Copy (ms): Min: 394.4, Avg: 394.6, Max: 394.8, Diff: 0.4, Sum: 1578.4]
      [Termination (ms): Min: 0.0, Avg: 0.0, Max: 0.0, Diff: 0.0, Sum: 0.1]
         [Termination Attempts: Min: 1, Avg: 1.5, Max: 2, Diff: 1, Sum: 6]
      [GC Worker Other (ms): Min: 0.0, Avg: 0.0, Max: 0.0, Diff: 0.0, Sum: 0.1]
      [GC Worker Total (ms): Min: 395.7, Avg: 395.8, Max: 395.8, Diff: 0.1, Sum: 1583.1]
      [GC Worker End (ms): Min: 2072548.7, Avg: 2072548.7, Max: 2072548.7, Diff: 0.0]
   [Code Root Fixup: 0.1 ms]
   [Code Root Purge: 0.0 ms]
   [Clear CT: 0.1 ms]
   [Other: 1.2 ms]
      [Choose CSet: 0.0 ms]
      [Ref Proc: 0.8 ms]
      [Ref Enq: 0.0 ms]
      [Redirty Cards: 0.3 ms]
      [Humongous Register: 0.0 ms]
      [Humongous Reclaim: 0.0 ms]
      [Free CSet: 0.0 ms]
   [Eden: 64.0M(64.0M)->0.0B(64.0M) Survivors: 1024.0K->1024.0K Heap: 112.8M(128.0M)->49.0M(128.0M)]
 [Times: user=0.00 sys=0.00, real=0.40 secs] 
2020-11-10T16:59:27.854+0800: 2077.338: [GC pause (G1 Evacuation Pause) (young), 0.0025522 secs]
   [Parallel Time: 1.4 ms, GC Workers: 4]
      [GC Worker Start (ms): Min: 2077338.0, Avg: 2077338.0, Max: 2077338.1, Diff: 0.1]
      [Ext Root Scanning (ms): Min: 0.7, Avg: 0.9, Max: 1.2, Diff: 0.5, Sum: 3.4]
      [Update RS (ms): Min: 0.0, Avg: 0.2, Max: 0.3, Diff: 0.3, Sum: 0.9]
         [Processed Buffers: Min: 3, Avg: 8.5, Max: 21, Diff: 18, Sum: 34]
      [Scan RS (ms): Min: 0.0, Avg: 0.0, Max: 0.0, Diff: 0.0, Sum: 0.0]
      [Code Root Scanning (ms): Min: 0.0, Avg: 0.0, Max: 0.0, Diff: 0.0, Sum: 0.0]
      [Object Copy (ms): Min: 0.1, Avg: 0.1, Max: 0.2, Diff: 0.1, Sum: 0.6]
      [Termination (ms): Min: 0.0, Avg: 0.0, Max: 0.0, Diff: 0.0, Sum: 0.0]
         [Termination Attempts: Min: 1, Avg: 1.0, Max: 1, Diff: 0, Sum: 4]
      [GC Worker Other (ms): Min: 0.0, Avg: 0.0, Max: 0.0, Diff: 0.0, Sum: 0.1]
      [GC Worker Total (ms): Min: 1.2, Avg: 1.3, Max: 1.3, Diff: 0.1, Sum: 5.0]
      [GC Worker End (ms): Min: 2077339.3, Avg: 2077339.3, Max: 2077339.3, Diff: 0.0]
   [Code Root Fixup: 0.0 ms]
   [Code Root Purge: 0.0 ms]
   [Clear CT: 0.1 ms]
   [Other: 1.1 ms]
      [Choose CSet: 0.0 ms]
      [Ref Proc: 0.8 ms]
      [Ref Enq: 0.0 ms]
      [Redirty Cards: 0.0 ms]
      [Humongous Register: 0.0 ms]
      [Humongous Reclaim: 0.0 ms]
      [Free CSet: 0.0 ms]
   [Eden: 64.0M(64.0M)->0.0B(64.0M) Survivors: 1024.0K->1024.0K Heap: 113.0M(128.0M)->48.9M(128.0M)]
 [Times: user=0.00 sys=0.00, real=0.00 secs] 
2020-11-10T16:59:33.643+0800: 2083.127: [GC pause (G1 Evacuation Pause) (young), 0.0169999 secs]
   [Parallel Time: 15.6 ms, GC Workers: 4]
      [GC Worker Start (ms): Min: 2083127.1, Avg: 2083127.1, Max: 2083127.2, Diff: 0.1]
      [Ext Root Scanning (ms): Min: 0.6, Avg: 0.8, Max: 1.2, Diff: 0.6, Sum: 3.2]
      [Update RS (ms): Min: 0.0, Avg: 0.1, Max: 0.2, Diff: 0.2, Sum: 0.6]
         [Processed Buffers: Min: 0, Avg: 8.3, Max: 15, Diff: 15, Sum: 33]
      [Scan RS (ms): Min: 0.0, Avg: 0.0, Max: 0.0, Diff: 0.0, Sum: 0.0]
      [Code Root Scanning (ms): Min: 0.0, Avg: 0.0, Max: 0.0, Diff: 0.0, Sum: 0.0]
      [Object Copy (ms): Min: 14.3, Avg: 14.5, Max: 14.6, Diff: 0.3, Sum: 58.0]
      [Termination (ms): Min: 0.0, Avg: 0.0, Max: 0.0, Diff: 0.0, Sum: 0.1]
         [Termination Attempts: Min: 1, Avg: 1.0, Max: 1, Diff: 0, Sum: 4]
      [GC Worker Other (ms): Min: 0.0, Avg: 0.0, Max: 0.0, Diff: 0.0, Sum: 0.0]
      [GC Worker Total (ms): Min: 15.4, Avg: 15.5, Max: 15.5, Diff: 0.1, Sum: 62.0]
      [GC Worker End (ms): Min: 2083142.6, Avg: 2083142.6, Max: 2083142.6, Diff: 0.0]
   [Code Root Fixup: 0.0 ms]
   [Code Root Purge: 0.0 ms]
   [Clear CT: 0.3 ms]
   [Other: 1.1 ms]
      [Choose CSet: 0.0 ms]
      [Ref Proc: 0.9 ms]
      [Ref Enq: 0.0 ms]
      [Redirty Cards: 0.0 ms]
      [Humongous Register: 0.0 ms]
      [Humongous Reclaim: 0.0 ms]
      [Free CSet: 0.0 ms]
   [Eden: 64.0M(64.0M)->0.0B(64.0M) Survivors: 1024.0K->1024.0K Heap: 112.9M(128.0M)->48.8M(128.0M)]
 [Times: user=0.00 sys=0.00, real=0.02 secs] 
2020-11-10T16:59:38.179+0800: 2087.662: [GC pause (G1 Evacuation Pause) (young), 0.1210011 secs]
   [Parallel Time: 120.0 ms, GC Workers: 4]
      [GC Worker Start (ms): Min: 2087662.3, Avg: 2087662.3, Max: 2087662.4, Diff: 0.1]
      [Ext Root Scanning (ms): Min: 0.6, Avg: 0.8, Max: 1.3, Diff: 0.7, Sum: 3.1]
      [Update RS (ms): Min: 0.0, Avg: 0.2, Max: 0.3, Diff: 0.3, Sum: 0.7]
         [Processed Buffers: Min: 0, Avg: 9.3, Max: 18, Diff: 18, Sum: 37]
      [Scan RS (ms): Min: 0.0, Avg: 0.0, Max: 0.0, Diff: 0.0, Sum: 0.0]
      [Code Root Scanning (ms): Min: 0.0, Avg: 0.0, Max: 0.0, Diff: 0.0, Sum: 0.0]
      [Object Copy (ms): Min: 0.0, Avg: 29.9, Max: 119.0, Diff: 119.0, Sum: 119.5]
      [Termination (ms): Min: 0.0, Avg: 89.1, Max: 118.8, Diff: 118.8, Sum: 356.3]
         [Termination Attempts: Min: 1, Avg: 1.5, Max: 2, Diff: 1, Sum: 6]
      [GC Worker Other (ms): Min: 0.0, Avg: 0.0, Max: 0.0, Diff: 0.0, Sum: 0.1]
      [GC Worker Total (ms): Min: 119.9, Avg: 119.9, Max: 119.9, Diff: 0.1, Sum: 479.7]
      [GC Worker End (ms): Min: 2087782.2, Avg: 2087782.2, Max: 2087782.3, Diff: 0.0]
   [Code Root Fixup: 0.0 ms]
   [Code Root Purge: 0.0 ms]
   [Clear CT: 0.0 ms]
   [Other: 0.9 ms]
      [Choose CSet: 0.0 ms]
      [Ref Proc: 0.7 ms]
      [Ref Enq: 0.0 ms]
      [Redirty Cards: 0.0 ms]
      [Humongous Register: 0.0 ms]
      [Humongous Reclaim: 0.0 ms]
      [Free CSet: 0.0 ms]
   [Eden: 64.0M(64.0M)->0.0B(64.0M) Survivors: 1024.0K->1024.0K Heap: 112.8M(128.0M)->48.8M(128.0M)]
 [Times: user=0.16 sys=0.00, real=0.12 secs] 
2020-11-10T16:59:43.945+0800: 2093.428: [GC pause (G1 Evacuation Pause) (young), 0.0026376 secs]
   [Parallel Time: 1.4 ms, GC Workers: 4]
      [GC Worker Start (ms): Min: 2093428.5, Avg: 2093428.6, Max: 2093428.6, Diff: 0.1]
      [Ext Root Scanning (ms): Min: 0.7, Avg: 0.9, Max: 1.3, Diff: 0.6, Sum: 3.6]
      [Update RS (ms): Min: 0.0, Avg: 0.2, Max: 0.3, Diff: 0.3, Sum: 0.7]
         [Processed Buffers: Min: 0, Avg: 9.0, Max: 20, Diff: 20, Sum: 36]
      [Scan RS (ms): Min: 0.0, Avg: 0.0, Max: 0.0, Diff: 0.0, Sum: 0.0]
      [Code Root Scanning (ms): Min: 0.0, Avg: 0.0, Max: 0.0, Diff: 0.0, Sum: 0.0]
      [Object Copy (ms): Min: 0.0, Avg: 0.2, Max: 0.2, Diff: 0.2, Sum: 0.7]
      [Termination (ms): Min: 0.0, Avg: 0.0, Max: 0.1, Diff: 0.1, Sum: 0.2]
         [Termination Attempts: Min: 1, Avg: 1.0, Max: 1, Diff: 0, Sum: 4]
      [GC Worker Other (ms): Min: 0.0, Avg: 0.0, Max: 0.0, Diff: 0.0, Sum: 0.0]
      [GC Worker Total (ms): Min: 1.3, Avg: 1.3, Max: 1.3, Diff: 0.1, Sum: 5.2]
      [GC Worker End (ms): Min: 2093429.9, Avg: 2093429.9, Max: 2093429.9, Diff: 0.0]
   [Code Root Fixup: 0.0 ms]
   [Code Root Purge: 0.0 ms]
   [Clear CT: 0.1 ms]
   [Other: 1.1 ms]
      [Choose CSet: 0.0 ms]
      [Ref Proc: 0.9 ms]
      [Ref Enq: 0.0 ms]
      [Redirty Cards: 0.1 ms]
      [Humongous Register: 0.0 ms]
      [Humongous Reclaim: 0.0 ms]
      [Free CSet: 0.0 ms]
   [Eden: 64.0M(64.0M)->0.0B(64.0M) Survivors: 1024.0K->1024.0K Heap: 112.8M(128.0M)->48.9M(128.0M)]
 [Times: user=0.00 sys=0.00, real=0.00 secs] 
2020-11-10T16:59:50.059+0800: 2099.542: [GC pause (G1 Evacuation Pause) (young), 0.0193258 secs]
   [Parallel Time: 18.2 ms, GC Workers: 4]
      [GC Worker Start (ms): Min: 2099542.5, Avg: 2099542.5, Max: 2099542.5, Diff: 0.0]
      [Ext Root Scanning (ms): Min: 0.7, Avg: 0.9, Max: 1.4, Diff: 0.6, Sum: 3.7]
      [Update RS (ms): Min: 0.0, Avg: 0.2, Max: 0.3, Diff: 0.3, Sum: 0.7]
         [Processed Buffers: Min: 0, Avg: 7.5, Max: 15, Diff: 15, Sum: 30]
      [Scan RS (ms): Min: 0.0, Avg: 0.0, Max: 0.0, Diff: 0.0, Sum: 0.1]
      [Code Root Scanning (ms): Min: 0.0, Avg: 0.0, Max: 0.0, Diff: 0.0, Sum: 0.0]
      [Object Copy (ms): Min: 0.3, Avg: 12.9, Max: 17.2, Diff: 16.9, Sum: 51.5]
      [Termination (ms): Min: 0.0, Avg: 4.2, Max: 16.8, Diff: 16.8, Sum: 16.8]
         [Termination Attempts: Min: 2, Avg: 2.5, Max: 3, Diff: 1, Sum: 10]
      [GC Worker Other (ms): Min: 0.0, Avg: 0.0, Max: 0.0, Diff: 0.0, Sum: 0.1]
      [GC Worker Total (ms): Min: 18.2, Avg: 18.2, Max: 18.2, Diff: 0.0, Sum: 72.8]
      [GC Worker End (ms): Min: 2099560.7, Avg: 2099560.7, Max: 2099560.7, Diff: 0.0]
   [Code Root Fixup: 0.0 ms]
   [Code Root Purge: 0.0 ms]
   [Clear CT: 0.1 ms]
   [Other: 1.0 ms]
      [Choose CSet: 0.0 ms]
      [Ref Proc: 0.7 ms]
      [Ref Enq: 0.0 ms]
      [Redirty Cards: 0.1 ms]
      [Humongous Register: 0.0 ms]
      [Humongous Reclaim: 0.0 ms]
      [Free CSet: 0.0 ms]
   [Eden: 64.0M(64.0M)->0.0B(64.0M) Survivors: 1024.0K->1024.0K Heap: 112.9M(128.0M)->48.9M(128.0M)]
 [Times: user=0.02 sys=0.00, real=0.02 secs] 
2020-11-10T16:59:55.609+0800: 2105.092: [GC pause (G1 Evacuation Pause) (young), 0.0024751 secs]
   [Parallel Time: 1.5 ms, GC Workers: 4]
      [GC Worker Start (ms): Min: 2105092.6, Avg: 2105092.6, Max: 2105092.7, Diff: 0.1]
      [Ext Root Scanning (ms): Min: 0.6, Avg: 0.8, Max: 1.3, Diff: 0.6, Sum: 3.3]
      [Update RS (ms): Min: 0.0, Avg: 0.2, Max: 0.5, Diff: 0.5, Sum: 0.8]
         [Processed Buffers: Min: 0, Avg: 8.8, Max: 21, Diff: 21, Sum: 35]
      [Scan RS (ms): Min: 0.0, Avg: 0.0, Max: 0.0, Diff: 0.0, Sum: 0.0]
      [Code Root Scanning (ms): Min: 0.0, Avg: 0.0, Max: 0.0, Diff: 0.0, Sum: 0.0]
      [Object Copy (ms): Min: 0.1, Avg: 0.2, Max: 0.3, Diff: 0.2, Sum: 0.7]
      [Termination (ms): Min: 0.0, Avg: 0.1, Max: 0.3, Diff: 0.3, Sum: 0.4]
         [Termination Attempts: Min: 1, Avg: 10.0, Max: 22, Diff: 21, Sum: 40]
      [GC Worker Other (ms): Min: 0.0, Avg: 0.0, Max: 0.0, Diff: 0.0, Sum: 0.0]
      [GC Worker Total (ms): Min: 1.3, Avg: 1.3, Max: 1.4, Diff: 0.1, Sum: 5.3]
      [GC Worker End (ms): Min: 2105094.0, Avg: 2105094.0, Max: 2105094.0, Diff: 0.0]
   [Code Root Fixup: 0.0 ms]
   [Code Root Purge: 0.0 ms]
   [Clear CT: 0.1 ms]
   [Other: 0.9 ms]
      [Choose CSet: 0.0 ms]
      [Ref Proc: 0.7 ms]
      [Ref Enq: 0.0 ms]
      [Redirty Cards: 0.0 ms]
      [Humongous Register: 0.0 ms]
      [Humongous Reclaim: 0.0 ms]
      [Free CSet: 0.0 ms]
   [Eden: 64.0M(64.0M)->0.0B(64.0M) Survivors: 1024.0K->1024.0K Heap: 112.9M(128.0M)->48.9M(128.0M)]
 [Times: user=0.05 sys=0.00, real=0.00 secs] 
2020-11-10T17:00:00.766+0800: 2110.250: [GC pause (G1 Evacuation Pause) (young), 0.0029315 secs]
   [Parallel Time: 1.4 ms, GC Workers: 4]
      [GC Worker Start (ms): Min: 2110249.6, Avg: 2110249.7, Max: 2110249.8, Diff: 0.1]
      [Ext Root Scanning (ms): Min: 0.7, Avg: 0.8, Max: 1.2, Diff: 0.5, Sum: 3.2]
      [Update RS (ms): Min: 0.0, Avg: 0.2, Max: 0.2, Diff: 0.2, Sum: 0.6]
         [Processed Buffers: Min: 0, Avg: 8.3, Max: 20, Diff: 20, Sum: 33]
      [Scan RS (ms): Min: 0.0, Avg: 0.0, Max: 0.0, Diff: 0.0, Sum: 0.0]
      [Code Root Scanning (ms): Min: 0.0, Avg: 0.0, Max: 0.0, Diff: 0.0, Sum: 0.0]
      [Object Copy (ms): Min: 0.0, Avg: 0.1, Max: 0.2, Diff: 0.2, Sum: 0.5]
      [Termination (ms): Min: 0.0, Avg: 0.1, Max: 0.1, Diff: 0.1, Sum: 0.3]
         [Termination Attempts: Min: 1, Avg: 1.0, Max: 1, Diff: 0, Sum: 4]
      [GC Worker Other (ms): Min: 0.0, Avg: 0.0, Max: 0.0, Diff: 0.0, Sum: 0.0]
      [GC Worker Total (ms): Min: 1.1, Avg: 1.1, Max: 1.2, Diff: 0.1, Sum: 4.6]
      [GC Worker End (ms): Min: 2110250.9, Avg: 2110250.9, Max: 2110250.9, Diff: 0.0]
   [Code Root Fixup: 0.0 ms]
   [Code Root Purge: 0.0 ms]
   [Clear CT: 0.3 ms]
   [Other: 1.2 ms]
      [Choose CSet: 0.0 ms]
      [Ref Proc: 0.8 ms]
      [Ref Enq: 0.0 ms]
      [Redirty Cards: 0.3 ms]
      [Humongous Register: 0.0 ms]
      [Humongous Reclaim: 0.0 ms]
      [Free CSet: 0.0 ms]
   [Eden: 64.0M(64.0M)->0.0B(64.0M) Survivors: 1024.0K->1024.0K Heap: 112.9M(128.0M)->48.9M(128.0M)]
 [Times: user=0.06 sys=0.00, real=0.00 secs] 
2020-11-10T17:00:05.175+0800: 2114.658: [GC pause (G1 Evacuation Pause) (young), 0.0820378 secs]
   [Parallel Time: 80.4 ms, GC Workers: 4]
      [GC Worker Start (ms): Min: 2114658.2, Avg: 2114658.6, Max: 2114659.8, Diff: 1.6]
      [Ext Root Scanning (ms): Min: 0.0, Avg: 0.8, Max: 1.4, Diff: 1.4, Sum: 3.3]
      [Update RS (ms): Min: 0.0, Avg: 19.9, Max: 78.9, Diff: 78.9, Sum: 79.6]
         [Processed Buffers: Min: 0, Avg: 8.0, Max: 16, Diff: 16, Sum: 32]
      [Scan RS (ms): Min: 0.0, Avg: 0.0, Max: 0.0, Diff: 0.0, Sum: 0.0]
      [Code Root Scanning (ms): Min: 0.0, Avg: 0.0, Max: 0.0, Diff: 0.0, Sum: 0.0]
      [Object Copy (ms): Min: 0.0, Avg: 0.2, Max: 0.3, Diff: 0.3, Sum: 0.7]
      [Termination (ms): Min: 0.0, Avg: 59.0, Max: 78.6, Diff: 78.6, Sum: 235.8]
         [Termination Attempts: Min: 1, Avg: 2.5, Max: 4, Diff: 3, Sum: 10]
      [GC Worker Other (ms): Min: 0.0, Avg: 0.0, Max: 0.0, Diff: 0.0, Sum: 0.0]
      [GC Worker Total (ms): Min: 78.7, Avg: 79.9, Max: 80.3, Diff: 1.6, Sum: 319.5]
      [GC Worker End (ms): Min: 2114738.5, Avg: 2114738.5, Max: 2114738.5, Diff: 0.0]
   [Code Root Fixup: 0.0 ms]
   [Code Root Purge: 0.0 ms]
   [Clear CT: 0.0 ms]
   [Other: 1.6 ms]
      [Choose CSet: 0.0 ms]
      [Ref Proc: 1.1 ms]
      [Ref Enq: 0.0 ms]
      [Redirty Cards: 0.4 ms]
      [Humongous Register: 0.0 ms]
      [Humongous Reclaim: 0.0 ms]
      [Free CSet: 0.0 ms]
   [Eden: 64.0M(64.0M)->0.0B(64.0M) Survivors: 1024.0K->1024.0K Heap: 112.9M(128.0M)->49.0M(128.0M)]
 [Times: user=0.20 sys=0.00, real=0.08 secs] 
2020-11-10T17:00:09.495+0800: 2118.978: [GC pause (G1 Evacuation Pause) (young), 0.0027535 secs]
   [Parallel Time: 1.3 ms, GC Workers: 4]
      [GC Worker Start (ms): Min: 2118978.6, Avg: 2118978.6, Max: 2118978.6, Diff: 0.0]
      [Ext Root Scanning (ms): Min: 0.6, Avg: 0.8, Max: 1.2, Diff: 0.6, Sum: 3.1]
      [Update RS (ms): Min: 0.0, Avg: 0.2, Max: 0.3, Diff: 0.3, Sum: 0.8]
         [Processed Buffers: Min: 0, Avg: 8.3, Max: 24, Diff: 24, Sum: 33]
      [Scan RS (ms): Min: 0.0, Avg: 0.0, Max: 0.0, Diff: 0.0, Sum: 0.0]
      [Code Root Scanning (ms): Min: 0.0, Avg: 0.0, Max: 0.0, Diff: 0.0, Sum: 0.0]
      [Object Copy (ms): Min: 0.0, Avg: 0.2, Max: 0.2, Diff: 0.2, Sum: 0.6]
      [Termination (ms): Min: 0.0, Avg: 0.0, Max: 0.1, Diff: 0.1, Sum: 0.2]
         [Termination Attempts: Min: 1, Avg: 1.0, Max: 1, Diff: 0, Sum: 4]
      [GC Worker Other (ms): Min: 0.0, Avg: 0.0, Max: 0.0, Diff: 0.0, Sum: 0.0]
      [GC Worker Total (ms): Min: 1.2, Avg: 1.2, Max: 1.2, Diff: 0.0, Sum: 4.8]
      [GC Worker End (ms): Min: 2118979.8, Avg: 2118979.8, Max: 2118979.8, Diff: 0.0]
   [Code Root Fixup: 0.0 ms]
   [Code Root Purge: 0.0 ms]
   [Clear CT: 0.3 ms]
   [Other: 1.1 ms]
      [Choose CSet: 0.0 ms]
      [Ref Proc: 0.7 ms]
      [Ref Enq: 0.0 ms]
      [Redirty Cards: 0.3 ms]
      [Humongous Register: 0.0 ms]
      [Humongous Reclaim: 0.0 ms]
      [Free CSet: 0.0 ms]
   [Eden: 64.0M(64.0M)->0.0B(64.0M) Survivors: 1024.0K->1024.0K Heap: 113.0M(128.0M)->49.0M(128.0M)]
 [Times: user=0.00 sys=0.00, real=0.00 secs] 
2020-11-10T17:00:14.083+0800: 2123.566: [GC pause (G1 Evacuation Pause) (young), 0.0023534 secs]
   [Parallel Time: 1.4 ms, GC Workers: 4]
      [GC Worker Start (ms): Min: 2123566.5, Avg: 2123566.6, Max: 2123566.6, Diff: 0.1]
      [Ext Root Scanning (ms): Min: 0.8, Avg: 0.9, Max: 1.3, Diff: 0.5, Sum: 3.6]
      [Update RS (ms): Min: 0.0, Avg: 0.2, Max: 0.3, Diff: 0.3, Sum: 0.7]
         [Processed Buffers: Min: 0, Avg: 7.8, Max: 18, Diff: 18, Sum: 31]
      [Scan RS (ms): Min: 0.0, Avg: 0.0, Max: 0.0, Diff: 0.0, Sum: 0.0]
      [Code Root Scanning (ms): Min: 0.0, Avg: 0.0, Max: 0.0, Diff: 0.0, Sum: 0.0]
      [Object Copy (ms): Min: 0.1, Avg: 0.2, Max: 0.3, Diff: 0.2, Sum: 0.8]
      [Termination (ms): Min: 0.0, Avg: 0.0, Max: 0.0, Diff: 0.0, Sum: 0.0]
         [Termination Attempts: Min: 1, Avg: 1.0, Max: 1, Diff: 0, Sum: 4]
      [GC Worker Other (ms): Min: 0.0, Avg: 0.0, Max: 0.0, Diff: 0.0, Sum: 0.0]
      [GC Worker Total (ms): Min: 1.3, Avg: 1.3, Max: 1.4, Diff: 0.1, Sum: 5.2]
      [GC Worker End (ms): Min: 2123567.9, Avg: 2123567.9, Max: 2123567.9, Diff: 0.0]
   [Code Root Fixup: 0.0 ms]
   [Code Root Purge: 0.0 ms]
   [Clear CT: 0.1 ms]
   [Other: 0.9 ms]
      [Choose CSet: 0.0 ms]
      [Ref Proc: 0.7 ms]
      [Ref Enq: 0.0 ms]
      [Redirty Cards: 0.1 ms]
      [Humongous Register: 0.0 ms]
      [Humongous Reclaim: 0.0 ms]
      [Free CSet: 0.0 ms]
   [Eden: 64.0M(64.0M)->0.0B(64.0M) Survivors: 1024.0K->1024.0K Heap: 113.0M(128.0M)->49.1M(128.0M)]
 [Times: user=0.00 sys=0.00, real=0.00 secs] 
2020-11-10T17:00:18.918+0800: 2128.401: [GC pause (G1 Evacuation Pause) (young), 0.0027869 secs]
   [Parallel Time: 1.3 ms, GC Workers: 4]
      [GC Worker Start (ms): Min: 2128400.8, Avg: 2128400.8, Max: 2128400.9, Diff: 0.1]
      [Ext Root Scanning (ms): Min: 0.7, Avg: 0.8, Max: 1.3, Diff: 0.6, Sum: 3.3]
      [Update RS (ms): Min: 0.0, Avg: 0.2, Max: 0.3, Diff: 0.3, Sum: 0.8]
         [Processed Buffers: Min: 0, Avg: 9.5, Max: 19, Diff: 19, Sum: 38]
      [Scan RS (ms): Min: 0.0, Avg: 0.0, Max: 0.0, Diff: 0.0, Sum: 0.0]
      [Code Root Scanning (ms): Min: 0.0, Avg: 0.0, Max: 0.0, Diff: 0.0, Sum: 0.0]
      [Object Copy (ms): Min: 0.0, Avg: 0.2, Max: 0.3, Diff: 0.2, Sum: 0.7]
      [Termination (ms): Min: 0.0, Avg: 0.0, Max: 0.0, Diff: 0.0, Sum: 0.0]
         [Termination Attempts: Min: 1, Avg: 1.0, Max: 1, Diff: 0, Sum: 4]
      [GC Worker Other (ms): Min: 0.0, Avg: 0.0, Max: 0.0, Diff: 0.0, Sum: 0.0]
      [GC Worker Total (ms): Min: 1.2, Avg: 1.2, Max: 1.3, Diff: 0.1, Sum: 4.9]
      [GC Worker End (ms): Min: 2128402.1, Avg: 2128402.1, Max: 2128402.1, Diff: 0.0]
   [Code Root Fixup: 0.0 ms]
   [Code Root Purge: 0.0 ms]
   [Clear CT: 0.3 ms]
   [Other: 1.1 ms]
      [Choose CSet: 0.0 ms]
      [Ref Proc: 0.7 ms]
      [Ref Enq: 0.0 ms]
      [Redirty Cards: 0.3 ms]
      [Humongous Register: 0.0 ms]
      [Humongous Reclaim: 0.0 ms]
      [Free CSet: 0.0 ms]
   [Eden: 64.0M(64.0M)->0.0B(64.0M) Survivors: 1024.0K->1024.0K Heap: 113.1M(128.0M)->49.1M(128.0M)]
 [Times: user=0.00 sys=0.00, real=0.10 secs] 
2020-11-10T17:00:23.148+0800: 2132.631: [GC pause (G1 Evacuation Pause) (young), 0.0307608 secs]
   [Parallel Time: 29.2 ms, GC Workers: 4]
      [GC Worker Start (ms): Min: 2132631.4, Avg: 2132631.5, Max: 2132631.5, Diff: 0.1]
      [Ext Root Scanning (ms): Min: 0.6, Avg: 0.8, Max: 1.2, Diff: 0.6, Sum: 3.2]
      [Update RS (ms): Min: 0.0, Avg: 0.2, Max: 0.3, Diff: 0.3, Sum: 0.9]
         [Processed Buffers: Min: 0, Avg: 8.8, Max: 18, Diff: 18, Sum: 35]
      [Scan RS (ms): Min: 0.0, Avg: 0.0, Max: 0.0, Diff: 0.0, Sum: 0.0]
      [Code Root Scanning (ms): Min: 0.0, Avg: 0.0, Max: 0.0, Diff: 0.0, Sum: 0.0]
      [Object Copy (ms): Min: 27.9, Avg: 28.0, Max: 28.1, Diff: 0.2, Sum: 112.1]
      [Termination (ms): Min: 0.0, Avg: 0.0, Max: 0.0, Diff: 0.0, Sum: 0.0]
         [Termination Attempts: Min: 1, Avg: 1.0, Max: 1, Diff: 0, Sum: 4]
      [GC Worker Other (ms): Min: 0.0, Avg: 0.0, Max: 0.0, Diff: 0.0, Sum: 0.1]
      [GC Worker Total (ms): Min: 29.0, Avg: 29.1, Max: 29.1, Diff: 0.1, Sum: 116.3]
      [GC Worker End (ms): Min: 2132660.5, Avg: 2132660.5, Max: 2132660.5, Diff: 0.0]
   [Code Root Fixup: 0.0 ms]
   [Code Root Purge: 0.0 ms]
   [Clear CT: 0.3 ms]
   [Other: 1.2 ms]
      [Choose CSet: 0.0 ms]
      [Ref Proc: 0.7 ms]
      [Ref Enq: 0.0 ms]
      [Redirty Cards: 0.3 ms]
      [Humongous Register: 0.0 ms]
      [Humongous Reclaim: 0.0 ms]
      [Free CSet: 0.0 ms]
   [Eden: 64.0M(64.0M)->0.0B(64.0M) Survivors: 1024.0K->1024.0K Heap: 113.1M(128.0M)->49.2M(128.0M)]
 [Times: user=0.00 sys=0.00, real=0.03 secs] 
2020-11-10T17:00:27.710+0800: 2137.193: [GC pause (G1 Evacuation Pause) (young), 0.0335966 secs]
   [Parallel Time: 31.9 ms, GC Workers: 4]
      [GC Worker Start (ms): Min: 2137193.0, Avg: 2137193.0, Max: 2137193.1, Diff: 0.1]
      [Ext Root Scanning (ms): Min: 0.7, Avg: 1.1, Max: 1.6, Diff: 0.9, Sum: 4.3]
      [Update RS (ms): Min: 0.0, Avg: 0.2, Max: 0.5, Diff: 0.5, Sum: 0.9]
         [Processed Buffers: Min: 0, Avg: 8.5, Max: 21, Diff: 21, Sum: 34]
      [Scan RS (ms): Min: 0.0, Avg: 0.0, Max: 0.0, Diff: 0.0, Sum: 0.0]
      [Code Root Scanning (ms): Min: 0.0, Avg: 0.0, Max: 0.0, Diff: 0.0, Sum: 0.0]
      [Object Copy (ms): Min: 0.4, Avg: 15.3, Max: 30.4, Diff: 30.0, Sum: 61.3]
      [Termination (ms): Min: 0.0, Avg: 15.0, Max: 30.0, Diff: 30.0, Sum: 60.2]
         [Termination Attempts: Min: 1, Avg: 1.8, Max: 2, Diff: 1, Sum: 7]
      [GC Worker Other (ms): Min: 0.0, Avg: 0.0, Max: 0.0, Diff: 0.0, Sum: 0.0]
      [GC Worker Total (ms): Min: 31.6, Avg: 31.7, Max: 31.8, Diff: 0.1, Sum: 126.8]
      [GC Worker End (ms): Min: 2137224.7, Avg: 2137224.7, Max: 2137224.7, Diff: 0.0]
   [Code Root Fixup: 0.0 ms]
   [Code Root Purge: 0.0 ms]
   [Clear CT: 0.3 ms]
   [Other: 1.4 ms]
      [Choose CSet: 0.0 ms]
      [Ref Proc: 0.9 ms]
      [Ref Enq: 0.0 ms]
      [Redirty Cards: 0.3 ms]
      [Humongous Register: 0.0 ms]
      [Humongous Reclaim: 0.0 ms]
      [Free CSet: 0.0 ms]
   [Eden: 64.0M(64.0M)->0.0B(64.0M) Survivors: 1024.0K->1024.0K Heap: 113.2M(128.0M)->49.2M(128.0M)]
 [Times: user=0.03 sys=0.00, real=0.03 secs] 
2020-11-10T17:00:32.716+0800: 2142.199: [GC pause (G1 Evacuation Pause) (young), 0.0032078 secs]
   [Parallel Time: 1.4 ms, GC Workers: 4]
      [GC Worker Start (ms): Min: 2142199.1, Avg: 2142199.2, Max: 2142199.2, Diff: 0.1]
      [Ext Root Scanning (ms): Min: 0.7, Avg: 0.8, Max: 1.3, Diff: 0.6, Sum: 3.3]
      [Update RS (ms): Min: 0.0, Avg: 0.2, Max: 0.3, Diff: 0.3, Sum: 0.8]
         [Processed Buffers: Min: 0, Avg: 7.8, Max: 15, Diff: 15, Sum: 31]
      [Scan RS (ms): Min: 0.0, Avg: 0.0, Max: 0.0, Diff: 0.0, Sum: 0.0]
      [Code Root Scanning (ms): Min: 0.0, Avg: 0.0, Max: 0.0, Diff: 0.0, Sum: 0.0]
      [Object Copy (ms): Min: 0.1, Avg: 0.2, Max: 0.3, Diff: 0.2, Sum: 0.9]
      [Termination (ms): Min: 0.0, Avg: 0.0, Max: 0.0, Diff: 0.0, Sum: 0.0]
         [Termination Attempts: Min: 1, Avg: 1.0, Max: 1, Diff: 0, Sum: 4]
      [GC Worker Other (ms): Min: 0.0, Avg: 0.0, Max: 0.0, Diff: 0.0, Sum: 0.1]
      [GC Worker Total (ms): Min: 1.2, Avg: 1.3, Max: 1.4, Diff: 0.1, Sum: 5.2]
      [GC Worker End (ms): Min: 2142200.4, Avg: 2142200.5, Max: 2142200.5, Diff: 0.0]
   [Code Root Fixup: 0.0 ms]
   [Code Root Purge: 0.0 ms]
   [Clear CT: 0.4 ms]
   [Other: 1.3 ms]
      [Choose CSet: 0.0 ms]
      [Ref Proc: 0.9 ms]
      [Ref Enq: 0.0 ms]
      [Redirty Cards: 0.3 ms]
      [Humongous Register: 0.0 ms]
      [Humongous Reclaim: 0.0 ms]
      [Free CSet: 0.0 ms]
   [Eden: 64.0M(64.0M)->0.0B(64.0M) Survivors: 1024.0K->1024.0K Heap: 113.2M(128.0M)->49.2M(128.0M)]
 [Times: user=0.00 sys=0.00, real=0.00 secs] 
2020-11-10T17:00:37.454+0800: 2146.937: [GC pause (G1 Evacuation Pause) (young), 0.0636352 secs]
   [Parallel Time: 2.1 ms, GC Workers: 4]
      [GC Worker Start (ms): Min: 2146937.1, Avg: 2146937.2, Max: 2146937.2, Diff: 0.1]
      [Ext Root Scanning (ms): Min: 0.6, Avg: 1.1, Max: 1.4, Diff: 0.8, Sum: 4.4]
      [Update RS (ms): Min: 0.0, Avg: 0.4, Max: 0.6, Diff: 0.6, Sum: 1.4]
         [Processed Buffers: Min: 0, Avg: 10.0, Max: 24, Diff: 24, Sum: 40]
      [Scan RS (ms): Min: 0.0, Avg: 0.0, Max: 0.0, Diff: 0.0, Sum: 0.0]
      [Code Root Scanning (ms): Min: 0.0, Avg: 0.0, Max: 0.0, Diff: 0.0, Sum: 0.0]
      [Object Copy (ms): Min: 0.3, Avg: 0.5, Max: 0.7, Diff: 0.5, Sum: 1.9]
      [Termination (ms): Min: 0.0, Avg: 0.0, Max: 0.0, Diff: 0.0, Sum: 0.0]
         [Termination Attempts: Min: 1, Avg: 1.0, Max: 1, Diff: 0, Sum: 4]
      [GC Worker Other (ms): Min: 0.0, Avg: 0.0, Max: 0.0, Diff: 0.0, Sum: 0.1]
      [GC Worker Total (ms): Min: 1.9, Avg: 2.0, Max: 2.0, Diff: 0.1, Sum: 7.9]
      [GC Worker End (ms): Min: 2146939.2, Avg: 2146939.2, Max: 2146939.2, Diff: 0.0]
   [Code Root Fixup: 0.0 ms]
   [Code Root Purge: 0.0 ms]
   [Clear CT: 0.3 ms]
   [Other: 61.2 ms]
      [Choose CSet: 0.0 ms]
      [Ref Proc: 60.9 ms]
      [Ref Enq: 0.0 ms]
      [Redirty Cards: 0.3 ms]
      [Humongous Register: 0.0 ms]
      [Humongous Reclaim: 0.0 ms]
      [Free CSet: 0.0 ms]
   [Eden: 64.0M(64.0M)->0.0B(64.0M) Survivors: 1024.0K->1024.0K Heap: 113.2M(128.0M)->49.3M(128.0M)]
 [Times: user=0.05 sys=0.00, real=0.06 secs] 
2020-11-10T17:00:41.490+0800: 2150.973: [GC pause (G1 Evacuation Pause) (young), 0.0545763 secs]
   [Parallel Time: 52.9 ms, GC Workers: 4]
      [GC Worker Start (ms): Min: 2150973.0, Avg: 2150973.1, Max: 2150973.1, Diff: 0.1]
      [Ext Root Scanning (ms): Min: 0.6, Avg: 0.8, Max: 1.2, Diff: 0.6, Sum: 3.2]
      [Update RS (ms): Min: 0.0, Avg: 0.2, Max: 0.5, Diff: 0.5, Sum: 0.9]
         [Processed Buffers: Min: 0, Avg: 8.5, Max: 20, Diff: 20, Sum: 34]
      [Scan RS (ms): Min: 0.0, Avg: 0.0, Max: 0.0, Diff: 0.0, Sum: 0.0]
      [Code Root Scanning (ms): Min: 0.0, Avg: 0.0, Max: 0.0, Diff: 0.0, Sum: 0.0]
      [Object Copy (ms): Min: 51.5, Avg: 51.7, Max: 52.1, Diff: 0.6, Sum: 206.8]
      [Termination (ms): Min: 0.0, Avg: 0.0, Max: 0.0, Diff: 0.0, Sum: 0.0]
         [Termination Attempts: Min: 1, Avg: 1.0, Max: 1, Diff: 0, Sum: 4]
      [GC Worker Other (ms): Min: 0.0, Avg: 0.0, Max: 0.0, Diff: 0.0, Sum: 0.0]
      [GC Worker Total (ms): Min: 52.7, Avg: 52.8, Max: 52.8, Diff: 0.1, Sum: 211.1]
      [GC Worker End (ms): Min: 2151025.8, Avg: 2151025.8, Max: 2151025.8, Diff: 0.0]
   [Code Root Fixup: 0.0 ms]
   [Code Root Purge: 0.0 ms]
   [Clear CT: 0.3 ms]
   [Other: 1.3 ms]
      [Choose CSet: 0.0 ms]
      [Ref Proc: 0.9 ms]
      [Ref Enq: 0.0 ms]
      [Redirty Cards: 0.3 ms]
      [Humongous Register: 0.0 ms]
      [Humongous Reclaim: 0.0 ms]
      [Free CSet: 0.0 ms]
   [Eden: 64.0M(64.0M)->0.0B(64.0M) Survivors: 1024.0K->1024.0K Heap: 113.3M(128.0M)->49.2M(128.0M)]
 [Times: user=0.00 sys=0.00, real=0.06 secs] 
2020-11-10T17:00:45.614+0800: 2155.097: [GC pause (G1 Evacuation Pause) (young), 0.0289327 secs]
   [Parallel Time: 1.5 ms, GC Workers: 4]
      [GC Worker Start (ms): Min: 2155097.6, Avg: 2155097.6, Max: 2155097.7, Diff: 0.1]
      [Ext Root Scanning (ms): Min: 0.6, Avg: 0.8, Max: 1.3, Diff: 0.7, Sum: 3.2]
      [Update RS (ms): Min: 0.0, Avg: 0.3, Max: 0.4, Diff: 0.4, Sum: 1.2]
         [Processed Buffers: Min: 0, Avg: 7.8, Max: 23, Diff: 23, Sum: 31]
      [Scan RS (ms): Min: 0.0, Avg: 0.0, Max: 0.0, Diff: 0.0, Sum: 0.0]
      [Code Root Scanning (ms): Min: 0.0, Avg: 0.0, Max: 0.0, Diff: 0.0, Sum: 0.0]
      [Object Copy (ms): Min: 0.2, Avg: 0.3, Max: 0.4, Diff: 0.2, Sum: 1.2]
      [Termination (ms): Min: 0.0, Avg: 0.0, Max: 0.0, Diff: 0.0, Sum: 0.0]
         [Termination Attempts: Min: 1, Avg: 1.0, Max: 1, Diff: 0, Sum: 4]
      [GC Worker Other (ms): Min: 0.0, Avg: 0.0, Max: 0.1, Diff: 0.0, Sum: 0.1]
      [GC Worker Total (ms): Min: 1.4, Avg: 1.4, Max: 1.5, Diff: 0.1, Sum: 5.7]
      [GC Worker End (ms): Min: 2155099.0, Avg: 2155099.0, Max: 2155099.0, Diff: 0.0]
   [Code Root Fixup: 0.0 ms]
   [Code Root Purge: 0.0 ms]
   [Clear CT: 0.2 ms]
   [Other: 27.2 ms]
      [Choose CSet: 0.0 ms]
      [Ref Proc: 26.7 ms]
      [Ref Enq: 0.0 ms]
      [Redirty Cards: 0.3 ms]
      [Humongous Register: 0.0 ms]
      [Humongous Reclaim: 0.0 ms]
      [Free CSet: 0.0 ms]
   [Eden: 64.0M(64.0M)->0.0B(64.0M) Survivors: 1024.0K->1024.0K Heap: 113.2M(128.0M)->49.4M(128.0M)]
 [Times: user=0.00 sys=0.00, real=0.03 secs] 
2020-11-10T17:00:49.579+0800: 2159.062: [GC pause (G1 Evacuation Pause) (young), 0.0029846 secs]
   [Parallel Time: 1.5 ms, GC Workers: 4]
      [GC Worker Start (ms): Min: 2159061.9, Avg: 2159061.9, Max: 2159062.0, Diff: 0.2]
      [Ext Root Scanning (ms): Min: 0.6, Avg: 0.8, Max: 1.4, Diff: 0.7, Sum: 3.4]
      [Update RS (ms): Min: 0.0, Avg: 0.2, Max: 0.4, Diff: 0.4, Sum: 0.9]
         [Processed Buffers: Min: 0, Avg: 7.0, Max: 18, Diff: 18, Sum: 28]
      [Scan RS (ms): Min: 0.0, Avg: 0.0, Max: 0.0, Diff: 0.0, Sum: 0.0]
      [Code Root Scanning (ms): Min: 0.0, Avg: 0.0, Max: 0.0, Diff: 0.0, Sum: 0.0]
      [Object Copy (ms): Min: 0.1, Avg: 0.3, Max: 0.4, Diff: 0.3, Sum: 1.2]
      [Termination (ms): Min: 0.0, Avg: 0.0, Max: 0.0, Diff: 0.0, Sum: 0.0]
         [Termination Attempts: Min: 1, Avg: 1.0, Max: 1, Diff: 0, Sum: 4]
      [GC Worker Other (ms): Min: 0.0, Avg: 0.0, Max: 0.0, Diff: 0.0, Sum: 0.0]
      [GC Worker Total (ms): Min: 1.3, Avg: 1.4, Max: 1.5, Diff: 0.2, Sum: 5.5]
      [GC Worker End (ms): Min: 2159063.3, Avg: 2159063.3, Max: 2159063.3, Diff: 0.0]
   [Code Root Fixup: 0.0 ms]
   [Code Root Purge: 0.0 ms]
   [Clear CT: 0.4 ms]
   [Other: 1.0 ms]
      [Choose CSet: 0.0 ms]
      [Ref Proc: 0.7 ms]
      [Ref Enq: 0.0 ms]
      [Redirty Cards: 0.2 ms]
      [Humongous Register: 0.0 ms]
      [Humongous Reclaim: 0.0 ms]
      [Free CSet: 0.0 ms]
   [Eden: 64.0M(64.0M)->0.0B(64.0M) Survivors: 1024.0K->1024.0K Heap: 113.4M(128.0M)->49.3M(128.0M)]
 [Times: user=0.06 sys=0.00, real=0.00 secs] 
2020-11-10T17:00:53.509+0800: 2162.992: [GC pause (G1 Evacuation Pause) (young), 0.0024678 secs]
   [Parallel Time: 1.5 ms, GC Workers: 4]
      [GC Worker Start (ms): Min: 2162992.4, Avg: 2162992.5, Max: 2162992.5, Diff: 0.1]
      [Ext Root Scanning (ms): Min: 0.6, Avg: 0.8, Max: 1.2, Diff: 0.6, Sum: 3.1]
      [Update RS (ms): Min: 0.0, Avg: 0.2, Max: 0.3, Diff: 0.3, Sum: 1.0]
         [Processed Buffers: Min: 0, Avg: 7.8, Max: 17, Diff: 17, Sum: 31]
      [Scan RS (ms): Min: 0.0, Avg: 0.0, Max: 0.0, Diff: 0.0, Sum: 0.0]
      [Code Root Scanning (ms): Min: 0.0, Avg: 0.0, Max: 0.0, Diff: 0.0, Sum: 0.0]
      [Object Copy (ms): Min: 0.2, Avg: 0.3, Max: 0.4, Diff: 0.2, Sum: 1.2]
      [Termination (ms): Min: 0.0, Avg: 0.0, Max: 0.1, Diff: 0.1, Sum: 0.2]
         [Termination Attempts: Min: 1, Avg: 1.0, Max: 1, Diff: 0, Sum: 4]
      [GC Worker Other (ms): Min: 0.0, Avg: 0.0, Max: 0.0, Diff: 0.0, Sum: 0.1]
      [GC Worker Total (ms): Min: 1.3, Avg: 1.4, Max: 1.4, Diff: 0.1, Sum: 5.5]
      [GC Worker End (ms): Min: 2162993.8, Avg: 2162993.9, Max: 2162993.9, Diff: 0.0]
   [Code Root Fixup: 0.0 ms]
   [Code Root Purge: 0.0 ms]
   [Clear CT: 0.1 ms]
   [Other: 0.9 ms]
      [Choose CSet: 0.0 ms]
      [Ref Proc: 0.7 ms]
      [Ref Enq: 0.0 ms]
      [Redirty Cards: 0.0 ms]
      [Humongous Register: 0.0 ms]
      [Humongous Reclaim: 0.0 ms]
      [Free CSet: 0.0 ms]
   [Eden: 64.0M(64.0M)->0.0B(64.0M) Survivors: 1024.0K->1024.0K Heap: 113.3M(128.0M)->49.4M(128.0M)]
 [Times: user=0.00 sys=0.00, real=0.00 secs] 
2020-11-10T17:00:57.503+0800: 2166.987: [GC pause (G1 Evacuation Pause) (young), 0.0026116 secs]
   [Parallel Time: 1.6 ms, GC Workers: 4]
      [GC Worker Start (ms): Min: 2166986.8, Avg: 2166986.8, Max: 2166986.9, Diff: 0.1]
      [Ext Root Scanning (ms): Min: 0.7, Avg: 0.8, Max: 1.2, Diff: 0.6, Sum: 3.3]
      [Update RS (ms): Min: 0.0, Avg: 0.2, Max: 0.4, Diff: 0.4, Sum: 1.0]
         [Processed Buffers: Min: 0, Avg: 8.8, Max: 18, Diff: 18, Sum: 35]
      [Scan RS (ms): Min: 0.0, Avg: 0.0, Max: 0.0, Diff: 0.0, Sum: 0.0]
      [Code Root Scanning (ms): Min: 0.0, Avg: 0.0, Max: 0.0, Diff: 0.0, Sum: 0.0]
      [Object Copy (ms): Min: 0.3, Avg: 0.4, Max: 0.4, Diff: 0.2, Sum: 1.5]
      [Termination (ms): Min: 0.0, Avg: 0.0, Max: 0.0, Diff: 0.0, Sum: 0.0]
         [Termination Attempts: Min: 1, Avg: 1.0, Max: 1, Diff: 0, Sum: 4]
      [GC Worker Other (ms): Min: 0.0, Avg: 0.0, Max: 0.0, Diff: 0.0, Sum: 0.0]
      [GC Worker Total (ms): Min: 1.4, Avg: 1.5, Max: 1.5, Diff: 0.1, Sum: 5.8]
      [GC Worker End (ms): Min: 2166988.3, Avg: 2166988.3, Max: 2166988.3, Diff: 0.0]
   [Code Root Fixup: 0.0 ms]
   [Code Root Purge: 0.0 ms]
   [Clear CT: 0.1 ms]
   [Other: 0.9 ms]
      [Choose CSet: 0.0 ms]
      [Ref Proc: 0.7 ms]
      [Ref Enq: 0.0 ms]
      [Redirty Cards: 0.1 ms]
      [Humongous Register: 0.0 ms]
      [Humongous Reclaim: 0.0 ms]
      [Free CSet: 0.0 ms]
   [Eden: 64.0M(64.0M)->0.0B(64.0M) Survivors: 1024.0K->1024.0K Heap: 113.4M(128.0M)->49.3M(128.0M)]
 [Times: user=0.00 sys=0.00, real=0.00 secs] 
2020-11-10T17:01:02.471+0800: 2171.954: [GC pause (G1 Evacuation Pause) (young), 0.0167419 secs]
   [Parallel Time: 15.5 ms, GC Workers: 4]
      [GC Worker Start (ms): Min: 2171954.6, Avg: 2171954.8, Max: 2171955.2, Diff: 0.6]
      [Ext Root Scanning (ms): Min: 0.3, Avg: 0.9, Max: 1.5, Diff: 1.2, Sum: 3.4]
      [Update RS (ms): Min: 0.0, Avg: 0.2, Max: 0.3, Diff: 0.3, Sum: 1.0]
         [Processed Buffers: Min: 0, Avg: 8.5, Max: 25, Diff: 25, Sum: 34]
      [Scan RS (ms): Min: 0.0, Avg: 0.0, Max: 0.0, Diff: 0.0, Sum: 0.0]
      [Code Root Scanning (ms): Min: 0.0, Avg: 0.0, Max: 0.0, Diff: 0.0, Sum: 0.0]
      [Object Copy (ms): Min: 13.9, Avg: 14.1, Max: 14.2, Diff: 0.3, Sum: 56.4]
      [Termination (ms): Min: 0.0, Avg: 0.0, Max: 0.0, Diff: 0.0, Sum: 0.0]
         [Termination Attempts: Min: 1, Avg: 1.0, Max: 1, Diff: 0, Sum: 4]
      [GC Worker Other (ms): Min: 0.0, Avg: 0.0, Max: 0.0, Diff: 0.0, Sum: 0.1]
      [GC Worker Total (ms): Min: 14.8, Avg: 15.2, Max: 15.4, Diff: 0.6, Sum: 60.9]
      [GC Worker End (ms): Min: 2171970.0, Avg: 2171970.0, Max: 2171970.0, Diff: 0.0]
   [Code Root Fixup: 0.0 ms]
   [Code Root Purge: 0.0 ms]
   [Clear CT: 0.3 ms]
   [Other: 1.0 ms]
      [Choose CSet: 0.0 ms]
      [Ref Proc: 0.7 ms]
      [Ref Enq: 0.0 ms]
      [Redirty Cards: 0.2 ms]
      [Humongous Register: 0.0 ms]
      [Humongous Reclaim: 0.0 ms]
      [Free CSet: 0.0 ms]
   [Eden: 64.0M(64.0M)->0.0B(64.0M) Survivors: 1024.0K->1024.0K Heap: 113.3M(128.0M)->49.5M(128.0M)]
 [Times: user=0.00 sys=0.00, real=0.02 secs] 
2020-11-10T17:01:08.476+0800: 2177.959: [GC pause (G1 Evacuation Pause) (young), 0.0027582 secs]
   [Parallel Time: 1.5 ms, GC Workers: 4]
      [GC Worker Start (ms): Min: 2177959.4, Avg: 2177959.4, Max: 2177959.5, Diff: 0.1]
      [Ext Root Scanning (ms): Min: 0.6, Avg: 0.8, Max: 1.3, Diff: 0.7, Sum: 3.3]
      [Update RS (ms): Min: 0.0, Avg: 0.3, Max: 0.4, Diff: 0.4, Sum: 1.2]
         [Processed Buffers: Min: 0, Avg: 9.5, Max: 19, Diff: 19, Sum: 38]
      [Scan RS (ms): Min: 0.0, Avg: 0.0, Max: 0.0, Diff: 0.0, Sum: 0.0]
      [Code Root Scanning (ms): Min: 0.0, Avg: 0.0, Max: 0.0, Diff: 0.0, Sum: 0.0]
      [Object Copy (ms): Min: 0.2, Avg: 0.3, Max: 0.3, Diff: 0.1, Sum: 1.2]
      [Termination (ms): Min: 0.0, Avg: 0.0, Max: 0.0, Diff: 0.0, Sum: 0.0]
         [Termination Attempts: Min: 1, Avg: 1.0, Max: 1, Diff: 0, Sum: 4]
      [GC Worker Other (ms): Min: 0.0, Avg: 0.0, Max: 0.0, Diff: 0.0, Sum: 0.1]
      [GC Worker Total (ms): Min: 1.4, Avg: 1.4, Max: 1.5, Diff: 0.1, Sum: 5.7]
      [GC Worker End (ms): Min: 2177960.8, Avg: 2177960.8, Max: 2177960.8, Diff: 0.0]
   [Code Root Fixup: 0.0 ms]
   [Code Root Purge: 0.0 ms]
   [Clear CT: 0.2 ms]
   [Other: 1.0 ms]
      [Choose CSet: 0.0 ms]
      [Ref Proc: 0.8 ms]
      [Ref Enq: 0.0 ms]
      [Redirty Cards: 0.1 ms]
      [Humongous Register: 0.0 ms]
      [Humongous Reclaim: 0.0 ms]
      [Free CSet: 0.0 ms]
   [Eden: 64.0M(64.0M)->0.0B(64.0M) Survivors: 1024.0K->1024.0K Heap: 113.5M(128.0M)->49.3M(128.0M)]
 [Times: user=0.00 sys=0.00, real=0.00 secs] 
2020-11-10T17:01:13.559+0800: 2183.043: [GC pause (G1 Evacuation Pause) (young), 0.0033931 secs]
   [Parallel Time: 1.9 ms, GC Workers: 4]
      [GC Worker Start (ms): Min: 2183042.8, Avg: 2183042.9, Max: 2183042.9, Diff: 0.1]
      [Ext Root Scanning (ms): Min: 0.7, Avg: 0.9, Max: 1.3, Diff: 0.6, Sum: 3.7]
      [Update RS (ms): Min: 0.0, Avg: 0.4, Max: 0.9, Diff: 0.9, Sum: 1.6]
         [Processed Buffers: Min: 1, Avg: 8.0, Max: 19, Diff: 18, Sum: 32]
      [Scan RS (ms): Min: 0.0, Avg: 0.0, Max: 0.1, Diff: 0.1, Sum: 0.1]
      [Code Root Scanning (ms): Min: 0.0, Avg: 0.0, Max: 0.0, Diff: 0.0, Sum: 0.0]
      [Object Copy (ms): Min: 0.1, Avg: 0.3, Max: 0.5, Diff: 0.4, Sum: 1.4]
      [Termination (ms): Min: 0.0, Avg: 0.1, Max: 0.2, Diff: 0.2, Sum: 0.3]
         [Termination Attempts: Min: 1, Avg: 6.3, Max: 13, Diff: 12, Sum: 25]
      [GC Worker Other (ms): Min: 0.0, Avg: 0.0, Max: 0.0, Diff: 0.0, Sum: 0.0]
      [GC Worker Total (ms): Min: 1.7, Avg: 1.8, Max: 1.9, Diff: 0.1, Sum: 7.2]
      [GC Worker End (ms): Min: 2183044.7, Avg: 2183044.7, Max: 2183044.7, Diff: 0.0]
   [Code Root Fixup: 0.0 ms]
   [Code Root Purge: 0.0 ms]
   [Clear CT: 0.3 ms]
   [Other: 1.1 ms]
      [Choose CSet: 0.0 ms]
      [Ref Proc: 0.7 ms]
      [Ref Enq: 0.0 ms]
      [Redirty Cards: 0.3 ms]
      [Humongous Register: 0.0 ms]
      [Humongous Reclaim: 0.0 ms]
      [Free CSet: 0.0 ms]
   [Eden: 64.0M(64.0M)->0.0B(64.0M) Survivors: 1024.0K->1024.0K Heap: 113.3M(128.0M)->49.5M(128.0M)]
 [Times: user=0.02 sys=0.00, real=0.00 secs] 
2020-11-10T17:01:18.685+0800: 2188.168: [GC pause (G1 Evacuation Pause) (young), 0.0028778 secs]
   [Parallel Time: 1.5 ms, GC Workers: 4]
      [GC Worker Start (ms): Min: 2188168.2, Avg: 2188168.3, Max: 2188168.3, Diff: 0.1]
      [Ext Root Scanning (ms): Min: 0.6, Avg: 0.8, Max: 1.2, Diff: 0.6, Sum: 3.4]
      [Update RS (ms): Min: 0.0, Avg: 0.3, Max: 0.4, Diff: 0.3, Sum: 1.2]
         [Processed Buffers: Min: 4, Avg: 10.0, Max: 19, Diff: 15, Sum: 40]
      [Scan RS (ms): Min: 0.0, Avg: 0.0, Max: 0.0, Diff: 0.0, Sum: 0.0]
      [Code Root Scanning (ms): Min: 0.0, Avg: 0.0, Max: 0.0, Diff: 0.0, Sum: 0.0]
      [Object Copy (ms): Min: 0.2, Avg: 0.3, Max: 0.3, Diff: 0.1, Sum: 1.1]
      [Termination (ms): Min: 0.0, Avg: 0.0, Max: 0.0, Diff: 0.0, Sum: 0.0]
         [Termination Attempts: Min: 1, Avg: 1.0, Max: 1, Diff: 0, Sum: 4]
      [GC Worker Other (ms): Min: 0.0, Avg: 0.0, Max: 0.0, Diff: 0.0, Sum: 0.0]
      [GC Worker Total (ms): Min: 1.4, Avg: 1.4, Max: 1.5, Diff: 0.1, Sum: 5.7]
      [GC Worker End (ms): Min: 2188169.7, Avg: 2188169.7, Max: 2188169.7, Diff: 0.0]
   [Code Root Fixup: 0.1 ms]
   [Code Root Purge: 0.0 ms]
   [Clear CT: 0.3 ms]
   [Other: 1.0 ms]
      [Choose CSet: 0.0 ms]
      [Ref Proc: 0.6 ms]
      [Ref Enq: 0.0 ms]
      [Redirty Cards: 0.3 ms]
      [Humongous Register: 0.0 ms]
      [Humongous Reclaim: 0.0 ms]
      [Free CSet: 0.0 ms]
   [Eden: 64.0M(64.0M)->0.0B(64.0M) Survivors: 1024.0K->1024.0K Heap: 113.5M(128.0M)->49.3M(128.0M)]
 [Times: user=0.00 sys=0.00, real=0.00 secs] 
2020-11-10T17:01:22.939+0800: 2192.422: [GC pause (G1 Evacuation Pause) (young), 0.0028412 secs]
   [Parallel Time: 1.4 ms, GC Workers: 4]
      [GC Worker Start (ms): Min: 2192421.9, Avg: 2192421.9, Max: 2192422.0, Diff: 0.1]
      [Ext Root Scanning (ms): Min: 0.6, Avg: 0.8, Max: 1.2, Diff: 0.6, Sum: 3.1]
      [Update RS (ms): Min: 0.0, Avg: 0.2, Max: 0.3, Diff: 0.3, Sum: 0.9]
         [Processed Buffers: Min: 0, Avg: 8.3, Max: 15, Diff: 15, Sum: 33]
      [Scan RS (ms): Min: 0.0, Avg: 0.0, Max: 0.0, Diff: 0.0, Sum: 0.0]
      [Code Root Scanning (ms): Min: 0.0, Avg: 0.0, Max: 0.0, Diff: 0.0, Sum: 0.0]
      [Object Copy (ms): Min: 0.1, Avg: 0.3, Max: 0.3, Diff: 0.2, Sum: 1.1]
      [Termination (ms): Min: 0.0, Avg: 0.0, Max: 0.0, Diff: 0.0, Sum: 0.0]
         [Termination Attempts: Min: 1, Avg: 1.0, Max: 1, Diff: 0, Sum: 4]
      [GC Worker Other (ms): Min: 0.0, Avg: 0.0, Max: 0.0, Diff: 0.0, Sum: 0.0]
      [GC Worker Total (ms): Min: 1.2, Avg: 1.3, Max: 1.3, Diff: 0.1, Sum: 5.1]
      [GC Worker End (ms): Min: 2192423.2, Avg: 2192423.2, Max: 2192423.2, Diff: 0.0]
   [Code Root Fixup: 0.0 ms]
   [Code Root Purge: 0.0 ms]
   [Clear CT: 0.2 ms]
   [Other: 1.3 ms]
      [Choose CSet: 0.0 ms]
      [Ref Proc: 1.0 ms]
      [Ref Enq: 0.0 ms]
      [Redirty Cards: 0.1 ms]
      [Humongous Register: 0.0 ms]
      [Humongous Reclaim: 0.0 ms]
      [Free CSet: 0.0 ms]
   [Eden: 64.0M(64.0M)->0.0B(64.0M) Survivors: 1024.0K->1024.0K Heap: 113.3M(128.0M)->49.5M(128.0M)]
 [Times: user=0.00 sys=0.00, real=0.00 secs] 
2020-11-10T17:01:28.278+0800: 2197.761: [GC pause (G1 Evacuation Pause) (young), 0.0028247 secs]
   [Parallel Time: 1.7 ms, GC Workers: 4]
      [GC Worker Start (ms): Min: 2197761.6, Avg: 2197761.7, Max: 2197761.7, Diff: 0.1]
      [Ext Root Scanning (ms): Min: 0.7, Avg: 0.9, Max: 1.3, Diff: 0.6, Sum: 3.5]
      [Update RS (ms): Min: 0.0, Avg: 0.3, Max: 0.4, Diff: 0.4, Sum: 1.2]
         [Processed Buffers: Min: 2, Avg: 8.8, Max: 20, Diff: 18, Sum: 35]
      [Scan RS (ms): Min: 0.0, Avg: 0.0, Max: 0.0, Diff: 0.0, Sum: 0.0]
      [Code Root Scanning (ms): Min: 0.0, Avg: 0.0, Max: 0.0, Diff: 0.0, Sum: 0.0]
      [Object Copy (ms): Min: 0.3, Avg: 0.3, Max: 0.4, Diff: 0.1, Sum: 1.3]
      [Termination (ms): Min: 0.0, Avg: 0.0, Max: 0.0, Diff: 0.0, Sum: 0.0]
         [Termination Attempts: Min: 1, Avg: 2.3, Max: 3, Diff: 2, Sum: 9]
      [GC Worker Other (ms): Min: 0.0, Avg: 0.0, Max: 0.0, Diff: 0.0, Sum: 0.0]
      [GC Worker Total (ms): Min: 1.5, Avg: 1.5, Max: 1.6, Diff: 0.1, Sum: 6.0]
      [GC Worker End (ms): Min: 2197763.2, Avg: 2197763.2, Max: 2197763.2, Diff: 0.0]
   [Code Root Fixup: 0.0 ms]
   [Code Root Purge: 0.0 ms]
   [Clear CT: 0.1 ms]
   [Other: 1.1 ms]
      [Choose CSet: 0.0 ms]
      [Ref Proc: 0.9 ms]
      [Ref Enq: 0.0 ms]
      [Redirty Cards: 0.1 ms]
      [Humongous Register: 0.0 ms]
      [Humongous Reclaim: 0.0 ms]
      [Free CSet: 0.0 ms]
   [Eden: 64.0M(64.0M)->0.0B(64.0M) Survivors: 1024.0K->1024.0K Heap: 113.5M(128.0M)->49.3M(128.0M)]
 [Times: user=0.00 sys=0.00, real=0.00 secs] 
2020-11-10T17:01:32.957+0800: 2202.441: [GC pause (G1 Evacuation Pause) (young), 0.0031856 secs]
   [Parallel Time: 1.4 ms, GC Workers: 4]
      [GC Worker Start (ms): Min: 2202441.1, Avg: 2202441.1, Max: 2202441.2, Diff: 0.0]
      [Ext Root Scanning (ms): Min: 0.6, Avg: 0.8, Max: 1.3, Diff: 0.6, Sum: 3.3]
      [Update RS (ms): Min: 0.0, Avg: 0.2, Max: 0.5, Diff: 0.5, Sum: 1.0]
         [Processed Buffers: Min: 0, Avg: 8.0, Max: 17, Diff: 17, Sum: 32]
      [Scan RS (ms): Min: 0.0, Avg: 0.0, Max: 0.0, Diff: 0.0, Sum: 0.0]
      [Code Root Scanning (ms): Min: 0.0, Avg: 0.0, Max: 0.0, Diff: 0.0, Sum: 0.0]
      [Object Copy (ms): Min: 0.1, Avg: 0.3, Max: 0.4, Diff: 0.3, Sum: 1.0]
      [Termination (ms): Min: 0.0, Avg: 0.0, Max: 0.0, Diff: 0.0, Sum: 0.0]
         [Termination Attempts: Min: 1, Avg: 1.0, Max: 1, Diff: 0, Sum: 4]
      [GC Worker Other (ms): Min: 0.0, Avg: 0.0, Max: 0.0, Diff: 0.0, Sum: 0.0]
      [GC Worker Total (ms): Min: 1.3, Avg: 1.3, Max: 1.4, Diff: 0.0, Sum: 5.4]
      [GC Worker End (ms): Min: 2202442.5, Avg: 2202442.5, Max: 2202442.5, Diff: 0.0]
   [Code Root Fixup: 0.0 ms]
   [Code Root Purge: 0.0 ms]
   [Clear CT: 0.4 ms]
   [Other: 1.4 ms]
      [Choose CSet: 0.0 ms]
      [Ref Proc: 0.8 ms]
      [Ref Enq: 0.0 ms]
      [Redirty Cards: 0.4 ms]
      [Humongous Register: 0.0 ms]
      [Humongous Reclaim: 0.0 ms]
      [Free CSet: 0.0 ms]
   [Eden: 64.0M(64.0M)->0.0B(64.0M) Survivors: 1024.0K->1024.0K Heap: 113.3M(128.0M)->49.5M(128.0M)]
 [Times: user=0.00 sys=0.00, real=0.00 secs] 
2020-11-10T17:01:37.849+0800: 2207.332: [GC pause (G1 Evacuation Pause) (young), 0.0724360 secs]
   [Parallel Time: 71.4 ms, GC Workers: 4]
      [GC Worker Start (ms): Min: 2207332.3, Avg: 2207332.5, Max: 2207332.9, Diff: 0.6]
      [Ext Root Scanning (ms): Min: 0.3, Avg: 0.8, Max: 1.2, Diff: 0.9, Sum: 3.0]
      [Update RS (ms): Min: 0.0, Avg: 0.3, Max: 0.3, Diff: 0.3, Sum: 1.0]
         [Processed Buffers: Min: 3, Avg: 10.3, Max: 21, Diff: 18, Sum: 41]
      [Scan RS (ms): Min: 0.0, Avg: 0.0, Max: 0.0, Diff: 0.0, Sum: 0.0]
      [Code Root Scanning (ms): Min: 0.0, Avg: 0.0, Max: 0.0, Diff: 0.0, Sum: 0.0]
      [Object Copy (ms): Min: 0.3, Avg: 39.8, Max: 53.0, Diff: 52.7, Sum: 159.3]
      [Termination (ms): Min: 0.0, Avg: 13.2, Max: 52.7, Diff: 52.7, Sum: 52.7]
         [Termination Attempts: Min: 1, Avg: 1.0, Max: 1, Diff: 0, Sum: 4]
      [GC Worker Other (ms): Min: 0.0, Avg: 12.6, Max: 17.1, Diff: 17.1, Sum: 50.2]
      [GC Worker Total (ms): Min: 53.6, Avg: 66.6, Max: 71.3, Diff: 17.7, Sum: 266.4]
      [GC Worker End (ms): Min: 2207386.5, Avg: 2207399.0, Max: 2207403.6, Diff: 17.1]
   [Code Root Fixup: 0.0 ms]
   [Code Root Purge: 0.0 ms]
   [Clear CT: 0.1 ms]
   [Other: 1.0 ms]
      [Choose CSet: 0.0 ms]
      [Ref Proc: 0.8 ms]
      [Ref Enq: 0.0 ms]
      [Redirty Cards: 0.1 ms]
      [Humongous Register: 0.0 ms]
      [Humongous Reclaim: 0.0 ms]
      [Free CSet: 0.0 ms]
   [Eden: 64.0M(64.0M)->0.0B(63.0M) Survivors: 1024.0K->1024.0K Heap: 113.5M(128.0M)->49.4M(128.0M)]
 [Times: user=0.03 sys=0.00, real=0.07 secs] 
2020-11-10T17:01:43.557+0800: 2213.041: [GC pause (G1 Evacuation Pause) (young), 0.0756581 secs]
   [Parallel Time: 40.0 ms, GC Workers: 4]
      [GC Worker Start (ms): Min: 2213040.8, Avg: 2213040.9, Max: 2213040.9, Diff: 0.1]
      [Ext Root Scanning (ms): Min: 0.0, Avg: 0.9, Max: 1.6, Diff: 1.6, Sum: 3.5]
      [Update RS (ms): Min: 0.0, Avg: 0.3, Max: 0.5, Diff: 0.5, Sum: 1.1]
         [Processed Buffers: Min: 0, Avg: 9.3, Max: 25, Diff: 25, Sum: 37]
      [Scan RS (ms): Min: 0.0, Avg: 0.0, Max: 0.0, Diff: 0.0, Sum: 0.0]
      [Code Root Scanning (ms): Min: 0.0, Avg: 0.0, Max: 0.0, Diff: 0.0, Sum: 0.0]
      [Object Copy (ms): Min: 0.0, Avg: 0.2, Max: 0.3, Diff: 0.3, Sum: 0.8]
      [Termination (ms): Min: 0.0, Avg: 28.5, Max: 38.0, Diff: 38.0, Sum: 114.0]
         [Termination Attempts: Min: 1, Avg: 1.0, Max: 1, Diff: 0, Sum: 4]
      [GC Worker Other (ms): Min: 0.0, Avg: 10.0, Max: 39.8, Diff: 39.8, Sum: 39.9]
      [GC Worker Total (ms): Min: 39.8, Avg: 39.8, Max: 39.9, Diff: 0.1, Sum: 159.3]
      [GC Worker End (ms): Min: 2213080.7, Avg: 2213080.7, Max: 2213080.7, Diff: 0.0]
   [Code Root Fixup: 0.0 ms]
   [Code Root Purge: 0.0 ms]
   [Clear CT: 0.2 ms]
   [Other: 35.4 ms]
      [Choose CSet: 0.0 ms]
      [Ref Proc: 35.0 ms]
      [Ref Enq: 0.0 ms]
      [Redirty Cards: 0.2 ms]
      [Humongous Register: 0.0 ms]
      [Humongous Reclaim: 0.0 ms]
      [Free CSet: 0.0 ms]
   [Eden: 63.0M(63.0M)->0.0B(63.0M) Survivors: 1024.0K->1024.0K Heap: 112.4M(128.0M)->49.4M(128.0M)]
 [Times: user=0.14 sys=0.00, real=0.08 secs] 
2020-11-10T17:01:49.519+0800: 2219.002: [GC pause (G1 Evacuation Pause) (young), 0.0028273 secs]
   [Parallel Time: 1.7 ms, GC Workers: 4]
      [GC Worker Start (ms): Min: 2219002.6, Avg: 2219002.7, Max: 2219002.7, Diff: 0.1]
      [Ext Root Scanning (ms): Min: 0.7, Avg: 1.0, Max: 1.7, Diff: 1.0, Sum: 3.9]
      [Update RS (ms): Min: 0.0, Avg: 0.2, Max: 0.3, Diff: 0.3, Sum: 0.9]
         [Processed Buffers: Min: 0, Avg: 8.3, Max: 19, Diff: 19, Sum: 33]
      [Scan RS (ms): Min: 0.0, Avg: 0.0, Max: 0.0, Diff: 0.0, Sum: 0.0]
      [Code Root Scanning (ms): Min: 0.0, Avg: 0.0, Max: 0.0, Diff: 0.0, Sum: 0.0]
      [Object Copy (ms): Min: 0.0, Avg: 0.3, Max: 0.4, Diff: 0.4, Sum: 1.1]
      [Termination (ms): Min: 0.0, Avg: 0.1, Max: 0.2, Diff: 0.2, Sum: 0.5]
         [Termination Attempts: Min: 1, Avg: 1.0, Max: 1, Diff: 0, Sum: 4]
      [GC Worker Other (ms): Min: 0.0, Avg: 0.0, Max: 0.0, Diff: 0.0, Sum: 0.0]
      [GC Worker Total (ms): Min: 1.6, Avg: 1.6, Max: 1.7, Diff: 0.1, Sum: 6.5]
      [GC Worker End (ms): Min: 2219004.3, Avg: 2219004.3, Max: 2219004.3, Diff: 0.0]
   [Code Root Fixup: 0.0 ms]
   [Code Root Purge: 0.0 ms]
   [Clear CT: 0.1 ms]
   [Other: 1.0 ms]
      [Choose CSet: 0.0 ms]
      [Ref Proc: 0.8 ms]
      [Ref Enq: 0.0 ms]
      [Redirty Cards: 0.0 ms]
      [Humongous Register: 0.0 ms]
      [Humongous Reclaim: 0.0 ms]
      [Free CSet: 0.0 ms]
   [Eden: 63.0M(63.0M)->0.0B(63.0M) Survivors: 1024.0K->1024.0K Heap: 112.4M(128.0M)->49.4M(128.0M)]
 [Times: user=0.00 sys=0.00, real=0.00 secs] 
2020-11-10T17:01:56.927+0800: 2226.411: [GC pause (G1 Evacuation Pause) (young), 0.0576164 secs]
   [Parallel Time: 55.8 ms, GC Workers: 4]
      [GC Worker Start (ms): Min: 2226410.9, Avg: 2226411.0, Max: 2226411.0, Diff: 0.1]
      [Ext Root Scanning (ms): Min: 0.7, Avg: 0.9, Max: 1.3, Diff: 0.5, Sum: 3.6]
      [Update RS (ms): Min: 0.0, Avg: 0.2, Max: 0.3, Diff: 0.3, Sum: 1.0]
         [Processed Buffers: Min: 0, Avg: 9.0, Max: 14, Diff: 14, Sum: 36]
      [Scan RS (ms): Min: 0.0, Avg: 0.0, Max: 0.0, Diff: 0.0, Sum: 0.0]
      [Code Root Scanning (ms): Min: 0.0, Avg: 0.0, Max: 0.0, Diff: 0.0, Sum: 0.0]
      [Object Copy (ms): Min: 54.4, Avg: 54.5, Max: 54.6, Diff: 0.1, Sum: 218.1]
      [Termination (ms): Min: 0.0, Avg: 0.0, Max: 0.0, Diff: 0.0, Sum: 0.0]
         [Termination Attempts: Min: 1, Avg: 1.0, Max: 1, Diff: 0, Sum: 4]
      [GC Worker Other (ms): Min: 0.0, Avg: 0.0, Max: 0.0, Diff: 0.0, Sum: 0.1]
      [GC Worker Total (ms): Min: 55.6, Avg: 55.7, Max: 55.7, Diff: 0.1, Sum: 222.7]
      [GC Worker End (ms): Min: 2226466.6, Avg: 2226466.6, Max: 2226466.7, Diff: 0.0]
   [Code Root Fixup: 0.0 ms]
   [Code Root Purge: 0.0 ms]
   [Clear CT: 0.3 ms]
   [Other: 1.4 ms]
      [Choose CSet: 0.0 ms]
      [Ref Proc: 0.9 ms]
      [Ref Enq: 0.0 ms]
      [Redirty Cards: 0.3 ms]
      [Humongous Register: 0.0 ms]
      [Humongous Reclaim: 0.0 ms]
      [Free CSet: 0.1 ms]
   [Eden: 63.0M(63.0M)->0.0B(63.0M) Survivors: 1024.0K->1024.0K Heap: 112.4M(128.0M)->49.5M(128.0M)]
 [Times: user=0.00 sys=0.00, real=0.06 secs] 
2020-11-10T17:02:02.030+0800: 2231.514: [GC pause (G1 Evacuation Pause) (young), 0.0033525 secs]
   [Parallel Time: 1.8 ms, GC Workers: 4]
      [GC Worker Start (ms): Min: 2231513.8, Avg: 2231513.8, Max: 2231513.9, Diff: 0.1]
      [Ext Root Scanning (ms): Min: 0.9, Avg: 1.2, Max: 1.6, Diff: 0.7, Sum: 4.8]
      [Update RS (ms): Min: 0.0, Avg: 0.3, Max: 0.6, Diff: 0.5, Sum: 1.2]
         [Processed Buffers: Min: 4, Avg: 8.8, Max: 19, Diff: 15, Sum: 35]
      [Scan RS (ms): Min: 0.0, Avg: 0.0, Max: 0.0, Diff: 0.0, Sum: 0.0]
      [Code Root Scanning (ms): Min: 0.0, Avg: 0.0, Max: 0.0, Diff: 0.0, Sum: 0.0]
      [Object Copy (ms): Min: 0.1, Avg: 0.2, Max: 0.2, Diff: 0.1, Sum: 0.6]
      [Termination (ms): Min: 0.0, Avg: 0.0, Max: 0.0, Diff: 0.0, Sum: 0.0]
         [Termination Attempts: Min: 1, Avg: 1.0, Max: 1, Diff: 0, Sum: 4]
      [GC Worker Other (ms): Min: 0.0, Avg: 0.0, Max: 0.0, Diff: 0.0, Sum: 0.1]
      [GC Worker Total (ms): Min: 1.6, Avg: 1.7, Max: 1.7, Diff: 0.1, Sum: 6.7]
      [GC Worker End (ms): Min: 2231515.5, Avg: 2231515.5, Max: 2231515.5, Diff: 0.0]
   [Code Root Fixup: 0.0 ms]
   [Code Root Purge: 0.0 ms]
   [Clear CT: 0.3 ms]
   [Other: 1.2 ms]
      [Choose CSet: 0.0 ms]
      [Ref Proc: 0.7 ms]
      [Ref Enq: 0.0 ms]
      [Redirty Cards: 0.4 ms]
      [Humongous Register: 0.0 ms]
      [Humongous Reclaim: 0.0 ms]
      [Free CSet: 0.0 ms]
   [Eden: 63.0M(63.0M)->0.0B(63.0M) Survivors: 1024.0K->1024.0K Heap: 112.5M(128.0M)->49.5M(128.0M)]
 [Times: user=0.05 sys=0.00, real=0.00 secs] 
2020-11-10T17:02:06.493+0800: 2235.977: [GC pause (G1 Evacuation Pause) (young), 0.0027021 secs]
   [Parallel Time: 1.3 ms, GC Workers: 4]
      [GC Worker Start (ms): Min: 2235977.1, Avg: 2235977.1, Max: 2235977.2, Diff: 0.0]
      [Ext Root Scanning (ms): Min: 0.6, Avg: 0.8, Max: 1.3, Diff: 0.6, Sum: 3.2]
      [Update RS (ms): Min: 0.0, Avg: 0.2, Max: 0.3, Diff: 0.3, Sum: 0.7]
         [Processed Buffers: Min: 0, Avg: 7.8, Max: 15, Diff: 15, Sum: 31]
      [Scan RS (ms): Min: 0.0, Avg: 0.0, Max: 0.0, Diff: 0.0, Sum: 0.0]
      [Code Root Scanning (ms): Min: 0.0, Avg: 0.0, Max: 0.0, Diff: 0.0, Sum: 0.0]
      [Object Copy (ms): Min: 0.0, Avg: 0.1, Max: 0.2, Diff: 0.2, Sum: 0.5]
      [Termination (ms): Min: 0.0, Avg: 0.1, Max: 0.2, Diff: 0.2, Sum: 0.5]
         [Termination Attempts: Min: 1, Avg: 1.0, Max: 1, Diff: 0, Sum: 4]
      [GC Worker Other (ms): Min: 0.0, Avg: 0.0, Max: 0.0, Diff: 0.0, Sum: 0.1]
      [GC Worker Total (ms): Min: 1.3, Avg: 1.3, Max: 1.3, Diff: 0.0, Sum: 5.1]
      [GC Worker End (ms): Min: 2235978.4, Avg: 2235978.4, Max: 2235978.4, Diff: 0.0]
   [Code Root Fixup: 0.0 ms]
   [Code Root Purge: 0.0 ms]
   [Clear CT: 0.2 ms]
   [Other: 1.1 ms]
      [Choose CSet: 0.0 ms]
      [Ref Proc: 0.7 ms]
      [Ref Enq: 0.0 ms]
      [Redirty Cards: 0.3 ms]
      [Humongous Register: 0.0 ms]
      [Humongous Reclaim: 0.0 ms]
      [Free CSet: 0.0 ms]
   [Eden: 63.0M(63.0M)->0.0B(63.0M) Survivors: 1024.0K->1024.0K Heap: 112.5M(128.0M)->49.4M(128.0M)]
 [Times: user=0.00 sys=0.00, real=0.00 secs] 
2020-11-10T17:02:11.538+0800: 2241.022: [GC pause (G1 Evacuation Pause) (young), 0.0024703 secs]
   [Parallel Time: 1.4 ms, GC Workers: 4]
      [GC Worker Start (ms): Min: 2241021.8, Avg: 2241021.8, Max: 2241021.8, Diff: 0.0]
      [Ext Root Scanning (ms): Min: 0.6, Avg: 0.8, Max: 1.2, Diff: 0.6, Sum: 3.2]
      [Update RS (ms): Min: 0.0, Avg: 0.2, Max: 0.2, Diff: 0.2, Sum: 0.6]
         [Processed Buffers: Min: 0, Avg: 8.8, Max: 24, Diff: 24, Sum: 35]
      [Scan RS (ms): Min: 0.0, Avg: 0.0, Max: 0.0, Diff: 0.0, Sum: 0.0]
      [Code Root Scanning (ms): Min: 0.0, Avg: 0.0, Max: 0.0, Diff: 0.0, Sum: 0.0]
      [Object Copy (ms): Min: 0.0, Avg: 0.1, Max: 0.2, Diff: 0.2, Sum: 0.6]
      [Termination (ms): Min: 0.0, Avg: 0.1, Max: 0.2, Diff: 0.2, Sum: 0.4]
         [Termination Attempts: Min: 1, Avg: 1.0, Max: 1, Diff: 0, Sum: 4]
      [GC Worker Other (ms): Min: 0.0, Avg: 0.0, Max: 0.0, Diff: 0.0, Sum: 0.0]
      [GC Worker Total (ms): Min: 1.2, Avg: 1.2, Max: 1.3, Diff: 0.0, Sum: 5.0]
      [GC Worker End (ms): Min: 2241023.0, Avg: 2241023.1, Max: 2241023.1, Diff: 0.0]
   [Code Root Fixup: 0.0 ms]
   [Code Root Purge: 0.0 ms]
   [Clear CT: 0.1 ms]
   [Other: 1.0 ms]
      [Choose CSet: 0.0 ms]
      [Ref Proc: 0.7 ms]
      [Ref Enq: 0.0 ms]
      [Redirty Cards: 0.1 ms]
      [Humongous Register: 0.0 ms]
      [Humongous Reclaim: 0.0 ms]
      [Free CSet: 0.0 ms]
   [Eden: 63.0M(63.0M)->0.0B(63.0M) Survivors: 1024.0K->1024.0K Heap: 112.4M(128.0M)->49.5M(128.0M)]
 [Times: user=0.00 sys=0.00, real=0.00 secs] 
2020-11-10T17:02:16.662+0800: 2246.145: [GC pause (G1 Evacuation Pause) (young), 0.0026721 secs]
   [Parallel Time: 1.5 ms, GC Workers: 4]
      [GC Worker Start (ms): Min: 2246145.5, Avg: 2246145.6, Max: 2246145.6, Diff: 0.1]
      [Ext Root Scanning (ms): Min: 0.9, Avg: 1.0, Max: 1.3, Diff: 0.4, Sum: 4.2]
      [Update RS (ms): Min: 0.0, Avg: 0.2, Max: 0.2, Diff: 0.2, Sum: 0.7]
         [Processed Buffers: Min: 0, Avg: 8.0, Max: 24, Diff: 24, Sum: 32]
      [Scan RS (ms): Min: 0.0, Avg: 0.0, Max: 0.0, Diff: 0.0, Sum: 0.0]
      [Code Root Scanning (ms): Min: 0.0, Avg: 0.0, Max: 0.0, Diff: 0.0, Sum: 0.0]
      [Object Copy (ms): Min: 0.1, Avg: 0.1, Max: 0.2, Diff: 0.1, Sum: 0.6]
      [Termination (ms): Min: 0.0, Avg: 0.0, Max: 0.0, Diff: 0.0, Sum: 0.0]
         [Termination Attempts: Min: 1, Avg: 1.0, Max: 1, Diff: 0, Sum: 4]
      [GC Worker Other (ms): Min: 0.0, Avg: 0.0, Max: 0.0, Diff: 0.0, Sum: 0.0]
      [GC Worker Total (ms): Min: 1.4, Avg: 1.4, Max: 1.4, Diff: 0.1, Sum: 5.5]
      [GC Worker End (ms): Min: 2246146.9, Avg: 2246146.9, Max: 2246146.9, Diff: 0.0]
   [Code Root Fixup: 0.0 ms]
   [Code Root Purge: 0.0 ms]
   [Clear CT: 0.2 ms]
   [Other: 1.0 ms]
      [Choose CSet: 0.0 ms]
      [Ref Proc: 0.7 ms]
      [Ref Enq: 0.0 ms]
      [Redirty Cards: 0.2 ms]
      [Humongous Register: 0.0 ms]
      [Humongous Reclaim: 0.0 ms]
      [Free CSet: 0.0 ms]
   [Eden: 63.0M(63.0M)->0.0B(63.0M) Survivors: 1024.0K->1024.0K Heap: 112.5M(128.0M)->49.6M(128.0M)]
 [Times: user=0.00 sys=0.00, real=0.00 secs] 
2020-11-10T17:02:21.716+0800: 2251.200: [GC pause (G1 Evacuation Pause) (young), 0.0395540 secs]
   [Parallel Time: 37.5 ms, GC Workers: 4]
      [GC Worker Start (ms): Min: 2251199.7, Avg: 2251199.7, Max: 2251199.8, Diff: 0.1]
      [Ext Root Scanning (ms): Min: 0.6, Avg: 0.9, Max: 1.6, Diff: 1.0, Sum: 3.7]
      [Update RS (ms): Min: 0.0, Avg: 15.0, Max: 36.5, Diff: 36.5, Sum: 59.9]
         [Processed Buffers: Min: 0, Avg: 9.3, Max: 20, Diff: 20, Sum: 37]
      [Scan RS (ms): Min: 0.0, Avg: 0.0, Max: 0.0, Diff: 0.0, Sum: 0.0]
      [Code Root Scanning (ms): Min: 0.0, Avg: 0.0, Max: 0.0, Diff: 0.0, Sum: 0.0]
      [Object Copy (ms): Min: 0.0, Avg: 0.2, Max: 0.4, Diff: 0.4, Sum: 0.7]
      [Termination (ms): Min: 0.0, Avg: 21.3, Max: 35.8, Diff: 35.8, Sum: 85.0]
         [Termination Attempts: Min: 1, Avg: 7.0, Max: 11, Diff: 10, Sum: 28]
      [GC Worker Other (ms): Min: 0.0, Avg: 0.0, Max: 0.0, Diff: 0.0, Sum: 0.1]
      [GC Worker Total (ms): Min: 37.3, Avg: 37.4, Max: 37.4, Diff: 0.1, Sum: 149.5]
      [GC Worker End (ms): Min: 2251237.1, Avg: 2251237.1, Max: 2251237.1, Diff: 0.0]
   [Code Root Fixup: 0.1 ms]
   [Code Root Purge: 0.0 ms]
   [Clear CT: 0.4 ms]
   [Other: 1.6 ms]
      [Choose CSet: 0.0 ms]
      [Ref Proc: 1.1 ms]
      [Ref Enq: 0.0 ms]
      [Redirty Cards: 0.4 ms]
      [Humongous Register: 0.0 ms]
      [Humongous Reclaim: 0.0 ms]
      [Free CSet: 0.0 ms]
   [Eden: 63.0M(63.0M)->0.0B(63.0M) Survivors: 1024.0K->1024.0K Heap: 112.6M(128.0M)->49.7M(128.0M)]
 [Times: user=0.09 sys=0.00, real=0.04 secs] 
2020-11-10T17:02:26.687+0800: 2256.170: [GC pause (G1 Evacuation Pause) (young), 0.0708137 secs]
   [Parallel Time: 68.8 ms, GC Workers: 4]
      [GC Worker Start (ms): Min: 2256170.5, Avg: 2256170.5, Max: 2256170.6, Diff: 0.1]
      [Ext Root Scanning (ms): Min: 0.6, Avg: 0.8, Max: 1.4, Diff: 0.8, Sum: 3.3]
      [Update RS (ms): Min: 0.0, Avg: 16.9, Max: 66.7, Diff: 66.7, Sum: 67.4]
         [Processed Buffers: Min: 0, Avg: 9.8, Max: 33, Diff: 33, Sum: 39]
      [Scan RS (ms): Min: 0.0, Avg: 0.0, Max: 0.0, Diff: 0.0, Sum: 0.0]
      [Code Root Scanning (ms): Min: 0.0, Avg: 0.0, Max: 0.0, Diff: 0.0, Sum: 0.0]
      [Object Copy (ms): Min: 0.0, Avg: 0.2, Max: 0.4, Diff: 0.4, Sum: 0.7]
      [Termination (ms): Min: 0.0, Avg: 49.9, Max: 67.3, Diff: 67.3, Sum: 199.6]
         [Termination Attempts: Min: 1, Avg: 1.3, Max: 2, Diff: 1, Sum: 5]
      [GC Worker Other (ms): Min: 0.0, Avg: 0.0, Max: 0.0, Diff: 0.0, Sum: 0.0]
      [GC Worker Total (ms): Min: 67.4, Avg: 67.8, Max: 68.7, Diff: 1.3, Sum: 271.1]
      [GC Worker End (ms): Min: 2256238.0, Avg: 2256238.3, Max: 2256239.2, Diff: 1.1]
   [Code Root Fixup: 0.1 ms]
   [Code Root Purge: 0.0 ms]
   [Clear CT: 0.4 ms]
   [Other: 1.5 ms]
      [Choose CSet: 0.0 ms]
      [Ref Proc: 0.9 ms]
      [Ref Enq: 0.0 ms]
      [Redirty Cards: 0.5 ms]
      [Humongous Register: 0.0 ms]
      [Humongous Reclaim: 0.0 ms]
      [Free CSet: 0.1 ms]
   [Eden: 63.0M(63.0M)->0.0B(63.0M) Survivors: 1024.0K->1024.0K Heap: 112.7M(128.0M)->49.6M(128.0M)]
 [Times: user=0.20 sys=0.00, real=0.07 secs] 
2020-11-10T17:02:31.367+0800: 2260.851: [GC pause (G1 Evacuation Pause) (young), 0.0026100 secs]
   [Parallel Time: 1.3 ms, GC Workers: 4]
      [GC Worker Start (ms): Min: 2260851.1, Avg: 2260851.2, Max: 2260851.2, Diff: 0.1]
      [Ext Root Scanning (ms): Min: 0.6, Avg: 0.8, Max: 1.3, Diff: 0.7, Sum: 3.3]
      [Update RS (ms): Min: 0.0, Avg: 0.2, Max: 0.3, Diff: 0.3, Sum: 0.7]
         [Processed Buffers: Min: 0, Avg: 9.3, Max: 35, Diff: 35, Sum: 37]
      [Scan RS (ms): Min: 0.0, Avg: 0.0, Max: 0.0, Diff: 0.0, Sum: 0.0]
      [Code Root Scanning (ms): Min: 0.0, Avg: 0.0, Max: 0.0, Diff: 0.0, Sum: 0.0]
      [Object Copy (ms): Min: 0.0, Avg: 0.2, Max: 0.3, Diff: 0.3, Sum: 0.8]
      [Termination (ms): Min: 0.0, Avg: 0.1, Max: 0.1, Diff: 0.1, Sum: 0.3]
         [Termination Attempts: Min: 1, Avg: 1.0, Max: 1, Diff: 0, Sum: 4]
      [GC Worker Other (ms): Min: 0.0, Avg: 0.0, Max: 0.0, Diff: 0.0, Sum: 0.0]
      [GC Worker Total (ms): Min: 1.2, Avg: 1.3, Max: 1.3, Diff: 0.1, Sum: 5.0]
      [GC Worker End (ms): Min: 2260852.4, Avg: 2260852.4, Max: 2260852.4, Diff: 0.0]
   [Code Root Fixup: 0.1 ms]
   [Code Root Purge: 0.0 ms]
   [Clear CT: 0.1 ms]
   [Other: 1.1 ms]
      [Choose CSet: 0.0 ms]
      [Ref Proc: 0.7 ms]
      [Ref Enq: 0.0 ms]
      [Redirty Cards: 0.3 ms]
      [Humongous Register: 0.0 ms]
      [Humongous Reclaim: 0.0 ms]
      [Free CSet: 0.0 ms]
   [Eden: 63.0M(63.0M)->0.0B(63.0M) Survivors: 1024.0K->1024.0K Heap: 112.6M(128.0M)->49.7M(128.0M)]
 [Times: user=0.00 sys=0.00, real=0.00 secs] 
2020-11-10T17:02:36.420+0800: 2265.903: [GC pause (G1 Evacuation Pause) (young), 0.2087170 secs]
   [Parallel Time: 207.8 ms, GC Workers: 4]
      [GC Worker Start (ms): Min: 2265903.4, Avg: 2265903.4, Max: 2265903.5, Diff: 0.1]
      [Ext Root Scanning (ms): Min: 1.7, Avg: 70.9, Max: 206.6, Diff: 204.9, Sum: 283.6]
      [Update RS (ms): Min: 0.0, Avg: 27.0, Max: 60.5, Diff: 60.5, Sum: 107.9]
         [Processed Buffers: Min: 0, Avg: 8.8, Max: 23, Diff: 23, Sum: 35]
      [Scan RS (ms): Min: 0.0, Avg: 0.0, Max: 0.0, Diff: 0.0, Sum: 0.1]
      [Code Root Scanning (ms): Min: 0.0, Avg: 0.0, Max: 0.0, Diff: 0.0, Sum: 0.0]
      [Object Copy (ms): Min: 0.0, Avg: 0.2, Max: 0.6, Diff: 0.5, Sum: 0.8]
      [Termination (ms): Min: 0.0, Avg: 109.3, Max: 157.8, Diff: 157.8, Sum: 437.1]
         [Termination Attempts: Min: 1, Avg: 2.8, Max: 7, Diff: 6, Sum: 11]
      [GC Worker Other (ms): Min: 0.0, Avg: 0.0, Max: 0.0, Diff: 0.0, Sum: 0.0]
      [GC Worker Total (ms): Min: 206.6, Avg: 207.4, Max: 207.7, Diff: 1.1, Sum: 829.6]
      [GC Worker End (ms): Min: 2266110.1, Avg: 2266110.9, Max: 2266111.1, Diff: 1.0]
   [Code Root Fixup: 0.1 ms]
   [Code Root Purge: 0.0 ms]
   [Clear CT: 0.1 ms]
   [Other: 0.8 ms]
      [Choose CSet: 0.0 ms]
      [Ref Proc: 0.6 ms]
      [Ref Enq: 0.0 ms]
      [Redirty Cards: 0.1 ms]
      [Humongous Register: 0.0 ms]
      [Humongous Reclaim: 0.0 ms]
      [Free CSet: 0.0 ms]
   [Eden: 63.0M(63.0M)->0.0B(63.0M) Survivors: 1024.0K->1024.0K Heap: 112.7M(128.0M)->49.7M(128.0M)]
 [Times: user=0.30 sys=0.00, real=0.21 secs] 
2020-11-10T17:02:41.713+0800: 2271.196: [GC pause (G1 Evacuation Pause) (young), 0.0942956 secs]
   [Parallel Time: 93.1 ms, GC Workers: 4]
      [GC Worker Start (ms): Min: 2271196.1, Avg: 2271196.2, Max: 2271196.2, Diff: 0.0]
      [Ext Root Scanning (ms): Min: 1.5, Avg: 43.2, Max: 93.0, Diff: 91.5, Sum: 173.0]
      [Update RS (ms): Min: 0.0, Avg: 0.3, Max: 0.6, Diff: 0.6, Sum: 1.0]
         [Processed Buffers: Min: 0, Avg: 10.3, Max: 40, Diff: 40, Sum: 41]
      [Scan RS (ms): Min: 0.0, Avg: 0.0, Max: 0.0, Diff: 0.0, Sum: 0.0]
      [Code Root Scanning (ms): Min: 0.0, Avg: 0.0, Max: 0.0, Diff: 0.0, Sum: 0.0]
      [Object Copy (ms): Min: 0.0, Avg: 0.2, Max: 0.5, Diff: 0.5, Sum: 0.8]
      [Termination (ms): Min: 0.0, Avg: 49.4, Max: 90.6, Diff: 90.6, Sum: 197.4]
         [Termination Attempts: Min: 1, Avg: 1.8, Max: 3, Diff: 2, Sum: 7]
      [GC Worker Other (ms): Min: 0.0, Avg: 0.0, Max: 0.0, Diff: 0.0, Sum: 0.0]
      [GC Worker Total (ms): Min: 93.1, Avg: 93.1, Max: 93.1, Diff: 0.0, Sum: 372.2]
      [GC Worker End (ms): Min: 2271289.2, Avg: 2271289.2, Max: 2271289.2, Diff: 0.0]
   [Code Root Fixup: 0.1 ms]
   [Code Root Purge: 0.0 ms]
   [Clear CT: 0.1 ms]
   [Other: 1.0 ms]
      [Choose CSet: 0.0 ms]
      [Ref Proc: 0.7 ms]
      [Ref Enq: 0.0 ms]
      [Redirty Cards: 0.2 ms]
      [Humongous Register: 0.0 ms]
      [Humongous Reclaim: 0.0 ms]
      [Free CSet: 0.0 ms]
   [Eden: 63.0M(63.0M)->0.0B(63.0M) Survivors: 1024.0K->1024.0K Heap: 112.7M(128.0M)->49.8M(128.0M)]
 [Times: user=0.11 sys=0.00, real=0.09 secs] 
2020-11-10T17:02:46.536+0800: 2276.019: [GC pause (G1 Evacuation Pause) (young), 0.0030657 secs]
   [Parallel Time: 1.4 ms, GC Workers: 4]
      [GC Worker Start (ms): Min: 2276019.5, Avg: 2276019.5, Max: 2276019.6, Diff: 0.1]
      [Ext Root Scanning (ms): Min: 0.6, Avg: 0.8, Max: 1.3, Diff: 0.7, Sum: 3.3]
      [Update RS (ms): Min: 0.0, Avg: 0.2, Max: 0.3, Diff: 0.3, Sum: 0.8]
         [Processed Buffers: Min: 0, Avg: 9.0, Max: 34, Diff: 34, Sum: 36]
      [Scan RS (ms): Min: 0.0, Avg: 0.0, Max: 0.0, Diff: 0.0, Sum: 0.0]
      [Code Root Scanning (ms): Min: 0.0, Avg: 0.0, Max: 0.0, Diff: 0.0, Sum: 0.0]
      [Object Copy (ms): Min: 0.0, Avg: 0.2, Max: 0.3, Diff: 0.3, Sum: 0.8]
      [Termination (ms): Min: 0.0, Avg: 0.1, Max: 0.1, Diff: 0.1, Sum: 0.2]
         [Termination Attempts: Min: 1, Avg: 1.0, Max: 1, Diff: 0, Sum: 4]
      [GC Worker Other (ms): Min: 0.0, Avg: 0.0, Max: 0.0, Diff: 0.0, Sum: 0.0]
      [GC Worker Total (ms): Min: 1.3, Avg: 1.3, Max: 1.3, Diff: 0.1, Sum: 5.2]
      [GC Worker End (ms): Min: 2276020.8, Avg: 2276020.8, Max: 2276020.8, Diff: 0.0]
   [Code Root Fixup: 0.1 ms]
   [Code Root Purge: 0.0 ms]
   [Clear CT: 0.3 ms]
   [Other: 1.3 ms]
      [Choose CSet: 0.0 ms]
      [Ref Proc: 0.9 ms]
      [Ref Enq: 0.0 ms]
      [Redirty Cards: 0.3 ms]
      [Humongous Register: 0.0 ms]
      [Humongous Reclaim: 0.0 ms]
      [Free CSet: 0.0 ms]
   [Eden: 63.0M(63.0M)->0.0B(63.0M) Survivors: 1024.0K->1024.0K Heap: 112.8M(128.0M)->49.7M(128.0M)]
 [Times: user=0.00 sys=0.00, real=0.00 secs] 
2020-11-10T17:02:50.927+0800: 2280.411: [GC pause (G1 Evacuation Pause) (young), 0.0451987 secs]
   [Parallel Time: 44.1 ms, GC Workers: 4]
      [GC Worker Start (ms): Min: 2280410.8, Avg: 2280410.9, Max: 2280411.2, Diff: 0.4]
      [Ext Root Scanning (ms): Min: 0.6, Avg: 1.0, Max: 1.4, Diff: 0.8, Sum: 4.0]
      [Update RS (ms): Min: 0.0, Avg: 0.2, Max: 0.3, Diff: 0.3, Sum: 0.8]
         [Processed Buffers: Min: 1, Avg: 8.0, Max: 24, Diff: 23, Sum: 32]
      [Scan RS (ms): Min: 0.0, Avg: 0.0, Max: 0.0, Diff: 0.0, Sum: 0.0]
      [Code Root Scanning (ms): Min: 0.0, Avg: 0.0, Max: 0.0, Diff: 0.0, Sum: 0.0]
      [Object Copy (ms): Min: 42.6, Avg: 42.7, Max: 42.7, Diff: 0.1, Sum: 170.7]
      [Termination (ms): Min: 0.0, Avg: 0.0, Max: 0.0, Diff: 0.0, Sum: 0.1]
         [Termination Attempts: Min: 1, Avg: 1.0, Max: 1, Diff: 0, Sum: 4]
      [GC Worker Other (ms): Min: 0.0, Avg: 0.0, Max: 0.0, Diff: 0.0, Sum: 0.1]
      [GC Worker Total (ms): Min: 43.6, Avg: 43.9, Max: 44.1, Diff: 0.4, Sum: 175.8]
      [GC Worker End (ms): Min: 2280454.8, Avg: 2280454.9, Max: 2280454.9, Diff: 0.0]
   [Code Root Fixup: 0.0 ms]
   [Code Root Purge: 0.0 ms]
   [Clear CT: 0.1 ms]
   [Other: 1.0 ms]
      [Choose CSet: 0.0 ms]
      [Ref Proc: 0.7 ms]
      [Ref Enq: 0.0 ms]
      [Redirty Cards: 0.1 ms]
      [Humongous Register: 0.0 ms]
      [Humongous Reclaim: 0.0 ms]
      [Free CSet: 0.0 ms]
   [Eden: 63.0M(63.0M)->0.0B(63.0M) Survivors: 1024.0K->1024.0K Heap: 112.7M(128.0M)->49.7M(128.0M)]
 [Times: user=0.00 sys=0.00, real=0.05 secs] 
2020-11-10T17:02:55.636+0800: 2285.119: [GC pause (G1 Evacuation Pause) (young), 0.0025397 secs]
   [Parallel Time: 1.5 ms, GC Workers: 4]
      [GC Worker Start (ms): Min: 2285119.3, Avg: 2285119.3, Max: 2285119.3, Diff: 0.0]
      [Ext Root Scanning (ms): Min: 0.7, Avg: 0.9, Max: 1.5, Diff: 0.8, Sum: 3.6]
      [Update RS (ms): Min: 0.0, Avg: 0.2, Max: 0.4, Diff: 0.4, Sum: 1.0]
         [Processed Buffers: Min: 0, Avg: 8.0, Max: 19, Diff: 19, Sum: 32]
      [Scan RS (ms): Min: 0.0, Avg: 0.0, Max: 0.0, Diff: 0.0, Sum: 0.0]
      [Code Root Scanning (ms): Min: 0.0, Avg: 0.0, Max: 0.0, Diff: 0.0, Sum: 0.0]
      [Object Copy (ms): Min: 0.0, Avg: 0.2, Max: 0.3, Diff: 0.3, Sum: 0.8]
      [Termination (ms): Min: 0.0, Avg: 0.1, Max: 0.1, Diff: 0.1, Sum: 0.4]
         [Termination Attempts: Min: 1, Avg: 1.0, Max: 1, Diff: 0, Sum: 4]
      [GC Worker Other (ms): Min: 0.0, Avg: 0.0, Max: 0.0, Diff: 0.0, Sum: 0.0]
      [GC Worker Total (ms): Min: 1.4, Avg: 1.5, Max: 1.5, Diff: 0.0, Sum: 5.8]
      [GC Worker End (ms): Min: 2285120.7, Avg: 2285120.7, Max: 2285120.7, Diff: 0.0]
   [Code Root Fixup: 0.0 ms]
   [Code Root Purge: 0.0 ms]
   [Clear CT: 0.1 ms]
   [Other: 0.9 ms]
      [Choose CSet: 0.0 ms]
      [Ref Proc: 0.6 ms]
      [Ref Enq: 0.0 ms]
      [Redirty Cards: 0.1 ms]
      [Humongous Register: 0.0 ms]
      [Humongous Reclaim: 0.0 ms]
      [Free CSet: 0.0 ms]
   [Eden: 63.0M(63.0M)->0.0B(63.0M) Survivors: 1024.0K->1024.0K Heap: 112.7M(128.0M)->49.7M(128.0M)]
 [Times: user=0.00 sys=0.00, real=0.00 secs] 
2020-11-10T17:03:00.646+0800: 2290.130: [GC pause (G1 Evacuation Pause) (young), 0.0028835 secs]
   [Parallel Time: 1.4 ms, GC Workers: 4]
      [GC Worker Start (ms): Min: 2290129.9, Avg: 2290130.0, Max: 2290130.1, Diff: 0.1]
      [Ext Root Scanning (ms): Min: 0.7, Avg: 0.8, Max: 1.3, Diff: 0.6, Sum: 3.3]
      [Update RS (ms): Min: 0.0, Avg: 0.2, Max: 0.3, Diff: 0.3, Sum: 0.8]
         [Processed Buffers: Min: 0, Avg: 8.5, Max: 19, Diff: 19, Sum: 34]
      [Scan RS (ms): Min: 0.0, Avg: 0.0, Max: 0.0, Diff: 0.0, Sum: 0.0]
      [Code Root Scanning (ms): Min: 0.0, Avg: 0.0, Max: 0.0, Diff: 0.0, Sum: 0.0]
      [Object Copy (ms): Min: 0.1, Avg: 0.2, Max: 0.3, Diff: 0.3, Sum: 0.9]
      [Termination (ms): Min: 0.0, Avg: 0.0, Max: 0.0, Diff: 0.0, Sum: 0.0]
         [Termination Attempts: Min: 1, Avg: 1.0, Max: 1, Diff: 0, Sum: 4]
      [GC Worker Other (ms): Min: 0.0, Avg: 0.0, Max: 0.0, Diff: 0.0, Sum: 0.0]
      [GC Worker Total (ms): Min: 1.2, Avg: 1.3, Max: 1.3, Diff: 0.1, Sum: 5.1]
      [GC Worker End (ms): Min: 2290131.3, Avg: 2290131.3, Max: 2290131.3, Diff: 0.0]
   [Code Root Fixup: 0.0 ms]
   [Code Root Purge: 0.0 ms]
   [Clear CT: 0.3 ms]
   [Other: 1.1 ms]
      [Choose CSet: 0.0 ms]
      [Ref Proc: 0.7 ms]
      [Ref Enq: 0.0 ms]
      [Redirty Cards: 0.3 ms]
      [Humongous Register: 0.0 ms]
      [Humongous Reclaim: 0.0 ms]
      [Free CSet: 0.0 ms]
   [Eden: 63.0M(63.0M)->0.0B(63.0M) Survivors: 1024.0K->1024.0K Heap: 112.7M(128.0M)->49.8M(128.0M)]
 [Times: user=0.00 sys=0.00, real=0.00 secs] 
2020-11-10T17:03:05.479+0800: 2294.962: [GC pause (G1 Evacuation Pause) (young), 0.0023667 secs]
   [Parallel Time: 1.3 ms, GC Workers: 4]
      [GC Worker Start (ms): Min: 2294962.6, Avg: 2294962.6, Max: 2294962.6, Diff: 0.1]
      [Ext Root Scanning (ms): Min: 0.6, Avg: 0.8, Max: 1.3, Diff: 0.6, Sum: 3.3]
      [Update RS (ms): Min: 0.0, Avg: 0.2, Max: 0.3, Diff: 0.3, Sum: 0.8]
         [Processed Buffers: Min: 0, Avg: 7.8, Max: 14, Diff: 14, Sum: 31]
      [Scan RS (ms): Min: 0.0, Avg: 0.0, Max: 0.0, Diff: 0.0, Sum: 0.0]
      [Code Root Scanning (ms): Min: 0.0, Avg: 0.0, Max: 0.0, Diff: 0.0, Sum: 0.0]
      [Object Copy (ms): Min: 0.0, Avg: 0.2, Max: 0.2, Diff: 0.2, Sum: 0.7]
      [Termination (ms): Min: 0.0, Avg: 0.0, Max: 0.1, Diff: 0.1, Sum: 0.1]
         [Termination Attempts: Min: 1, Avg: 1.0, Max: 1, Diff: 0, Sum: 4]
      [GC Worker Other (ms): Min: 0.0, Avg: 0.0, Max: 0.0, Diff: 0.0, Sum: 0.0]
      [GC Worker Total (ms): Min: 1.2, Avg: 1.3, Max: 1.3, Diff: 0.1, Sum: 5.0]
      [GC Worker End (ms): Min: 2294963.8, Avg: 2294963.8, Max: 2294963.8, Diff: 0.0]
   [Code Root Fixup: 0.0 ms]
   [Code Root Purge: 0.0 ms]
   [Clear CT: 0.1 ms]
   [Other: 0.9 ms]
      [Choose CSet: 0.0 ms]
      [Ref Proc: 0.7 ms]
      [Ref Enq: 0.0 ms]
      [Redirty Cards: 0.0 ms]
      [Humongous Register: 0.0 ms]
      [Humongous Reclaim: 0.0 ms]
      [Free CSet: 0.0 ms]
   [Eden: 63.0M(63.0M)->0.0B(63.0M) Survivors: 1024.0K->1024.0K Heap: 112.8M(128.0M)->49.9M(128.0M)]
 [Times: user=0.00 sys=0.00, real=0.00 secs] 
2020-11-10T17:03:10.867+0800: 2300.351: [GC pause (G1 Evacuation Pause) (young), 0.0033467 secs]
   [Parallel Time: 1.7 ms, GC Workers: 4]
      [GC Worker Start (ms): Min: 2300350.9, Avg: 2300351.2, Max: 2300351.8, Diff: 0.8]
      [Ext Root Scanning (ms): Min: 0.3, Avg: 0.9, Max: 1.3, Diff: 1.0, Sum: 3.5]
      [Update RS (ms): Min: 0.1, Avg: 0.3, Max: 0.3, Diff: 0.2, Sum: 1.0]
         [Processed Buffers: Min: 6, Avg: 9.8, Max: 14, Diff: 8, Sum: 39]
      [Scan RS (ms): Min: 0.0, Avg: 0.0, Max: 0.0, Diff: 0.0, Sum: 0.0]
      [Code Root Scanning (ms): Min: 0.0, Avg: 0.0, Max: 0.0, Diff: 0.0, Sum: 0.0]
      [Object Copy (ms): Min: 0.1, Avg: 0.2, Max: 0.3, Diff: 0.1, Sum: 0.8]
      [Termination (ms): Min: 0.0, Avg: 0.0, Max: 0.0, Diff: 0.0, Sum: 0.0]
         [Termination Attempts: Min: 1, Avg: 1.0, Max: 1, Diff: 0, Sum: 4]
      [GC Worker Other (ms): Min: 0.0, Avg: 0.0, Max: 0.0, Diff: 0.0, Sum: 0.0]
      [GC Worker Total (ms): Min: 0.8, Avg: 1.4, Max: 1.6, Diff: 0.8, Sum: 5.4]
      [GC Worker End (ms): Min: 2300352.5, Avg: 2300352.5, Max: 2300352.5, Diff: 0.0]
   [Code Root Fixup: 0.1 ms]
   [Code Root Purge: 0.0 ms]
   [Clear CT: 0.3 ms]
   [Other: 1.3 ms]
      [Choose CSet: 0.0 ms]
      [Ref Proc: 0.8 ms]
      [Ref Enq: 0.0 ms]
      [Redirty Cards: 0.4 ms]
      [Humongous Register: 0.0 ms]
      [Humongous Reclaim: 0.0 ms]
      [Free CSet: 0.0 ms]
   [Eden: 63.0M(63.0M)->0.0B(63.0M) Survivors: 1024.0K->1024.0K Heap: 112.9M(128.0M)->49.8M(128.0M)]
 [Times: user=0.00 sys=0.00, real=0.00 secs] 
2020-11-10T17:03:15.467+0800: 2304.951: [GC pause (G1 Evacuation Pause) (young), 0.0028920 secs]
   [Parallel Time: 1.4 ms, GC Workers: 4]
      [GC Worker Start (ms): Min: 2304951.1, Avg: 2304951.1, Max: 2304951.2, Diff: 0.1]
      [Ext Root Scanning (ms): Min: 0.7, Avg: 0.8, Max: 1.3, Diff: 0.6, Sum: 3.3]
      [Update RS (ms): Min: 0.0, Avg: 0.2, Max: 0.3, Diff: 0.3, Sum: 0.9]
         [Processed Buffers: Min: 0, Avg: 9.0, Max: 18, Diff: 18, Sum: 36]
      [Scan RS (ms): Min: 0.0, Avg: 0.0, Max: 0.0, Diff: 0.0, Sum: 0.0]
      [Code Root Scanning (ms): Min: 0.0, Avg: 0.0, Max: 0.0, Diff: 0.0, Sum: 0.0]
      [Object Copy (ms): Min: 0.0, Avg: 0.2, Max: 0.2, Diff: 0.2, Sum: 0.6]
      [Termination (ms): Min: 0.0, Avg: 0.0, Max: 0.1, Diff: 0.1, Sum: 0.2]
         [Termination Attempts: Min: 1, Avg: 1.0, Max: 1, Diff: 0, Sum: 4]
      [GC Worker Other (ms): Min: 0.0, Avg: 0.0, Max: 0.0, Diff: 0.0, Sum: 0.0]
      [GC Worker Total (ms): Min: 1.2, Avg: 1.3, Max: 1.3, Diff: 0.1, Sum: 5.1]
      [GC Worker End (ms): Min: 2304952.4, Avg: 2304952.4, Max: 2304952.4, Diff: 0.0]
   [Code Root Fixup: 0.0 ms]
   [Code Root Purge: 0.0 ms]
   [Clear CT: 0.1 ms]
   [Other: 1.3 ms]
      [Choose CSet: 0.0 ms]
      [Ref Proc: 0.9 ms]
      [Ref Enq: 0.0 ms]
      [Redirty Cards: 0.2 ms]
      [Humongous Register: 0.0 ms]
      [Humongous Reclaim: 0.0 ms]
      [Free CSet: 0.1 ms]
   [Eden: 63.0M(63.0M)->0.0B(63.0M) Survivors: 1024.0K->1024.0K Heap: 112.8M(128.0M)->49.7M(128.0M)]
 [Times: user=0.02 sys=0.00, real=0.00 secs] 
2020-11-10T17:03:20.684+0800: 2310.167: [GC pause (G1 Evacuation Pause) (young), 0.0029747 secs]
   [Parallel Time: 1.5 ms, GC Workers: 4]
      [GC Worker Start (ms): Min: 2310167.4, Avg: 2310167.5, Max: 2310167.6, Diff: 0.2]
      [Ext Root Scanning (ms): Min: 0.6, Avg: 0.8, Max: 1.4, Diff: 0.8, Sum: 3.4]
      [Update RS (ms): Min: 0.0, Avg: 0.3, Max: 0.4, Diff: 0.4, Sum: 1.1]
         [Processed Buffers: Min: 0, Avg: 9.8, Max: 17, Diff: 17, Sum: 39]
      [Scan RS (ms): Min: 0.0, Avg: 0.0, Max: 0.0, Diff: 0.0, Sum: 0.0]
      [Code Root Scanning (ms): Min: 0.0, Avg: 0.0, Max: 0.0, Diff: 0.0, Sum: 0.0]
      [Object Copy (ms): Min: 0.1, Avg: 0.2, Max: 0.3, Diff: 0.2, Sum: 0.8]
      [Termination (ms): Min: 0.0, Avg: 0.0, Max: 0.0, Diff: 0.0, Sum: 0.0]
         [Termination Attempts: Min: 1, Avg: 1.5, Max: 2, Diff: 1, Sum: 6]
      [GC Worker Other (ms): Min: 0.0, Avg: 0.0, Max: 0.0, Diff: 0.0, Sum: 0.0]
      [GC Worker Total (ms): Min: 1.3, Avg: 1.4, Max: 1.4, Diff: 0.1, Sum: 5.4]
      [GC Worker End (ms): Min: 2310168.8, Avg: 2310168.8, Max: 2310168.8, Diff: 0.0]
   [Code Root Fixup: 0.1 ms]
   [Code Root Purge: 0.0 ms]
   [Clear CT: 0.3 ms]
   [Other: 1.1 ms]
      [Choose CSet: 0.0 ms]
      [Ref Proc: 0.8 ms]
      [Ref Enq: 0.0 ms]
      [Redirty Cards: 0.1 ms]
      [Humongous Register: 0.0 ms]
      [Humongous Reclaim: 0.0 ms]
      [Free CSet: 0.0 ms]
   [Eden: 63.0M(63.0M)->0.0B(63.0M) Survivors: 1024.0K->1024.0K Heap: 112.7M(128.0M)->49.7M(128.0M)]
 [Times: user=0.00 sys=0.00, real=0.00 secs] 
2020-11-10T17:03:25.268+0800: 2314.752: [GC pause (G1 Evacuation Pause) (young), 0.0341485 secs]
   [Parallel Time: 32.2 ms, GC Workers: 4]
      [GC Worker Start (ms): Min: 2314751.7, Avg: 2314751.9, Max: 2314752.0, Diff: 0.3]
      [Ext Root Scanning (ms): Min: 0.6, Avg: 1.0, Max: 1.4, Diff: 0.8, Sum: 4.0]
      [Update RS (ms): Min: 0.0, Avg: 0.3, Max: 0.7, Diff: 0.6, Sum: 1.3]
         [Processed Buffers: Min: 1, Avg: 9.5, Max: 17, Diff: 16, Sum: 38]
      [Scan RS (ms): Min: 0.0, Avg: 0.0, Max: 0.1, Diff: 0.1, Sum: 0.1]
      [Code Root Scanning (ms): Min: 0.0, Avg: 0.0, Max: 0.0, Diff: 0.0, Sum: 0.0]
      [Object Copy (ms): Min: 30.4, Avg: 30.5, Max: 30.5, Diff: 0.0, Sum: 121.9]
      [Termination (ms): Min: 0.0, Avg: 0.0, Max: 0.1, Diff: 0.1, Sum: 0.2]
         [Termination Attempts: Min: 1, Avg: 1.3, Max: 2, Diff: 1, Sum: 5]
      [GC Worker Other (ms): Min: 0.0, Avg: 0.0, Max: 0.0, Diff: 0.0, Sum: 0.1]
      [GC Worker Total (ms): Min: 31.7, Avg: 31.9, Max: 32.1, Diff: 0.3, Sum: 127.6]
      [GC Worker End (ms): Min: 2314783.7, Avg: 2314783.8, Max: 2314783.8, Diff: 0.1]
   [Code Root Fixup: 0.0 ms]
   [Code Root Purge: 0.0 ms]
   [Clear CT: 0.1 ms]
   [Other: 1.8 ms]
      [Choose CSet: 0.0 ms]
      [Ref Proc: 1.6 ms]
      [Ref Enq: 0.0 ms]
      [Redirty Cards: 0.1 ms]
      [Humongous Register: 0.0 ms]
      [Humongous Reclaim: 0.0 ms]
      [Free CSet: 0.0 ms]
   [Eden: 63.0M(63.0M)->0.0B(63.0M) Survivors: 1024.0K->1024.0K Heap: 112.7M(128.0M)->50.3M(128.0M)]
 [Times: user=0.00 sys=0.00, real=0.03 secs] 
2020-11-10T17:03:31.005+0800: 2320.489: [GC pause (G1 Evacuation Pause) (young), 0.0025962 secs]
   [Parallel Time: 1.4 ms, GC Workers: 4]
      [GC Worker Start (ms): Min: 2320489.0, Avg: 2320489.0, Max: 2320489.0, Diff: 0.0]
      [Ext Root Scanning (ms): Min: 0.6, Avg: 0.8, Max: 1.3, Diff: 0.6, Sum: 3.2]
      [Update RS (ms): Min: 0.0, Avg: 0.2, Max: 0.4, Diff: 0.4, Sum: 0.9]
         [Processed Buffers: Min: 0, Avg: 9.0, Max: 25, Diff: 25, Sum: 36]
      [Scan RS (ms): Min: 0.0, Avg: 0.0, Max: 0.0, Diff: 0.0, Sum: 0.0]
      [Code Root Scanning (ms): Min: 0.0, Avg: 0.0, Max: 0.0, Diff: 0.0, Sum: 0.0]
      [Object Copy (ms): Min: 0.1, Avg: 0.3, Max: 0.4, Diff: 0.3, Sum: 1.3]
      [Termination (ms): Min: 0.0, Avg: 0.0, Max: 0.0, Diff: 0.0, Sum: 0.0]
         [Termination Attempts: Min: 1, Avg: 1.0, Max: 1, Diff: 0, Sum: 4]
      [GC Worker Other (ms): Min: 0.0, Avg: 0.0, Max: 0.0, Diff: 0.0, Sum: 0.0]
      [GC Worker Total (ms): Min: 1.3, Avg: 1.4, Max: 1.4, Diff: 0.0, Sum: 5.4]
      [GC Worker End (ms): Min: 2320490.3, Avg: 2320490.3, Max: 2320490.3, Diff: 0.0]
   [Code Root Fixup: 0.0 ms]
   [Code Root Purge: 0.0 ms]
   [Clear CT: 0.3 ms]
   [Other: 0.9 ms]
      [Choose CSet: 0.0 ms]
      [Ref Proc: 0.6 ms]
      [Ref Enq: 0.0 ms]
      [Redirty Cards: 0.1 ms]
      [Humongous Register: 0.0 ms]
      [Humongous Reclaim: 0.0 ms]
      [Free CSet: 0.0 ms]
   [Eden: 63.0M(63.0M)->0.0B(61.0M) Survivors: 1024.0K->2048.0K Heap: 113.3M(128.0M)->50.5M(128.0M)]
 [Times: user=0.00 sys=0.00, real=0.00 secs] 
2020-11-10T17:03:38.447+0800: 2327.931: [GC pause (G1 Evacuation Pause) (young), 0.0034563 secs]
   [Parallel Time: 1.9 ms, GC Workers: 4]
      [GC Worker Start (ms): Min: 2327930.8, Avg: 2327930.9, Max: 2327930.9, Diff: 0.0]
      [Ext Root Scanning (ms): Min: 0.7, Avg: 1.0, Max: 1.8, Diff: 1.2, Sum: 3.9]
      [Update RS (ms): Min: 0.0, Avg: 0.3, Max: 0.4, Diff: 0.4, Sum: 1.3]
         [Processed Buffers: Min: 0, Avg: 10.0, Max: 31, Diff: 31, Sum: 40]
      [Scan RS (ms): Min: 0.0, Avg: 0.0, Max: 0.0, Diff: 0.0, Sum: 0.0]
      [Code Root Scanning (ms): Min: 0.0, Avg: 0.0, Max: 0.0, Diff: 0.0, Sum: 0.0]
      [Object Copy (ms): Min: 0.0, Avg: 0.3, Max: 0.4, Diff: 0.4, Sum: 1.2]
      [Termination (ms): Min: 0.0, Avg: 0.2, Max: 0.3, Diff: 0.3, Sum: 0.9]
         [Termination Attempts: Min: 1, Avg: 1.0, Max: 1, Diff: 0, Sum: 4]
      [GC Worker Other (ms): Min: 0.0, Avg: 0.0, Max: 0.0, Diff: 0.0, Sum: 0.0]
      [GC Worker Total (ms): Min: 1.8, Avg: 1.8, Max: 1.9, Diff: 0.0, Sum: 7.4]
      [GC Worker End (ms): Min: 2327932.7, Avg: 2327932.7, Max: 2327932.7, Diff: 0.0]
   [Code Root Fixup: 0.0 ms]
   [Code Root Purge: 0.0 ms]
   [Clear CT: 0.3 ms]
   [Other: 1.2 ms]
      [Choose CSet: 0.0 ms]
      [Ref Proc: 0.8 ms]
      [Ref Enq: 0.0 ms]
      [Redirty Cards: 0.2 ms]
      [Humongous Register: 0.0 ms]
      [Humongous Reclaim: 0.0 ms]
      [Free CSet: 0.0 ms]
   [Eden: 61.0M(61.0M)->0.0B(63.0M) Survivors: 2048.0K->1024.0K Heap: 111.5M(128.0M)->50.3M(128.0M)]
 [Times: user=0.00 sys=0.00, real=0.00 secs] 
