Java HotSpot(TM) 64-Bit Server VM (25.131-b11) for windows-amd64 JRE (1.8.0_131-b11), built on Mar 15 2017 01:23:53 by "java_re" with MS VC++ 10.0 (VS2010)
Memory: 4k page, physical 8247448k(823784k free), swap 27121816k(10161520k free)
CommandLine flags: -XX:-BytecodeVerificationLocal -XX:-BytecodeVerificationRemote -XX:+HeapDumpOnOutOfMemoryError -XX:HeapDumpPath=ossHeap.hprof -XX:InitialHeapSize=134217728 -XX:+ManagementServer -XX:MaxGCPauseMillis=200 -XX:MaxHeapSize=134217728 -XX:+PrintGC -XX:+PrintGCDateStamps -XX:+PrintGCDetails -XX:+PrintGCTimeStamps -XX:TieredStopAtLevel=1 -XX:+UseCompressedClassPointers -XX:+UseCompressedOops -XX:+UseG1GC -XX:-UseLargePagesIndividualAllocation 
2020-11-05T18:35:25.877+0800: 4.100: [GC pause (G1 Evacuation Pause) (young), 0.0040965 secs]
   [Parallel Time: 3.1 ms, GC Workers: 4]
      [GC Worker Start (ms): Min: 4099.9, Avg: 4099.9, Max: 4100.0, Diff: 0.1]
      [Ext Root Scanning (ms): Min: 0.3, Avg: 0.4, Max: 0.6, Diff: 0.4, Sum: 1.8]
      [Update RS (ms): Min: 0.0, Avg: 0.0, Max: 0.0, Diff: 0.0, Sum: 0.0]
         [Processed Buffers: Min: 0, Avg: 0.0, Max: 0, Diff: 0, Sum: 0]
      [Scan RS (ms): Min: 0.0, Avg: 0.0, Max: 0.0, Diff: 0.0, Sum: 0.0]
      [Code Root Scanning (ms): Min: 0.0, Avg: 0.0, Max: 0.1, Diff: 0.1, Sum: 0.1]
      [Object Copy (ms): Min: 2.2, Avg: 2.3, Max: 2.4, Diff: 0.2, Sum: 9.3]
      [Termination (ms): Min: 0.0, Avg: 0.1, Max: 0.3, Diff: 0.3, Sum: 0.5]
         [Termination Attempts: Min: 1, Avg: 1.3, Max: 2, Diff: 1, Sum: 5]
      [GC Worker Other (ms): Min: 0.0, Avg: 0.0, Max: 0.0, Diff: 0.0, Sum: 0.1]
      [GC Worker Total (ms): Min: 2.8, Avg: 2.9, Max: 3.1, Diff: 0.2, Sum: 11.8]
      [GC Worker End (ms): Min: 4102.7, Avg: 4102.9, Max: 4103.0, Diff: 0.2]
   [Code Root Fixup: 0.0 ms]
   [Code Root Purge: 0.0 ms]
   [Clear CT: 0.1 ms]
   [Other: 0.9 ms]
      [Choose CSet: 0.0 ms]
      [Ref Proc: 0.7 ms]
      [Ref Enq: 0.0 ms]
      [Redirty Cards: 0.1 ms]
      [Humongous Register: 0.0 ms]
      [Humongous Reclaim: 0.0 ms]
      [Free CSet: 0.0 ms]
   [Eden: 14.0M(14.0M)->0.0B(17.0M) Survivors: 0.0B->2048.0K Heap: 14.0M(128.0M)->2787.0K(128.0M)]
 [Times: user=0.03 sys=0.00, real=0.00 secs] 
2020-11-05T18:35:27.638+0800: 5.860: [GC pause (G1 Evacuation Pause) (young), 0.0044453 secs]
   [Parallel Time: 3.1 ms, GC Workers: 4]
      [GC Worker Start (ms): Min: 5860.1, Avg: 5860.2, Max: 5860.2, Diff: 0.1]
      [Ext Root Scanning (ms): Min: 0.3, Avg: 0.4, Max: 0.6, Diff: 0.4, Sum: 1.8]
      [Update RS (ms): Min: 0.1, Avg: 0.2, Max: 0.3, Diff: 0.1, Sum: 0.7]
         [Processed Buffers: Min: 1, Avg: 1.3, Max: 2, Diff: 1, Sum: 5]
      [Scan RS (ms): Min: 0.0, Avg: 0.0, Max: 0.0, Diff: 0.0, Sum: 0.0]
      [Code Root Scanning (ms): Min: 0.0, Avg: 0.1, Max: 0.2, Diff: 0.2, Sum: 0.2]
      [Object Copy (ms): Min: 2.0, Avg: 2.2, Max: 2.5, Diff: 0.5, Sum: 8.8]
      [Termination (ms): Min: 0.0, Avg: 0.0, Max: 0.1, Diff: 0.1, Sum: 0.2]
         [Termination Attempts: Min: 1, Avg: 3.0, Max: 5, Diff: 4, Sum: 12]
      [GC Worker Other (ms): Min: 0.0, Avg: 0.0, Max: 0.0, Diff: 0.0, Sum: 0.0]
      [GC Worker Total (ms): Min: 2.9, Avg: 2.9, Max: 3.0, Diff: 0.1, Sum: 11.7]
      [GC Worker End (ms): Min: 5863.1, Avg: 5863.1, Max: 5863.1, Diff: 0.1]
   [Code Root Fixup: 0.1 ms]
   [Code Root Purge: 0.0 ms]
   [Clear CT: 0.3 ms]
   [Other: 1.0 ms]
      [Choose CSet: 0.0 ms]
      [Ref Proc: 0.6 ms]
      [Ref Enq: 0.0 ms]
      [Redirty Cards: 0.3 ms]
      [Humongous Register: 0.0 ms]
      [Humongous Reclaim: 0.0 ms]
      [Free CSet: 0.0 ms]
   [Eden: 17.0M(17.0M)->0.0B(53.0M) Survivors: 2048.0K->3072.0K Heap: 19.7M(128.0M)->6170.6K(128.0M)]
 [Times: user=0.00 sys=0.00, real=0.00 secs] 
2020-11-05T18:35:38.028+0800: 16.250: [GC pause (G1 Evacuation Pause) (young), 0.0042786 secs]
   [Parallel Time: 2.4 ms, GC Workers: 4]
      [GC Worker Start (ms): Min: 16250.4, Avg: 16250.4, Max: 16250.5, Diff: 0.1]
      [Ext Root Scanning (ms): Min: 0.3, Avg: 0.4, Max: 0.5, Diff: 0.2, Sum: 1.4]
      [Update RS (ms): Min: 0.1, Avg: 0.2, Max: 0.3, Diff: 0.1, Sum: 0.8]
         [Processed Buffers: Min: 1, Avg: 2.3, Max: 5, Diff: 4, Sum: 9]
      [Scan RS (ms): Min: 0.0, Avg: 0.0, Max: 0.1, Diff: 0.1, Sum: 0.1]
      [Code Root Scanning (ms): Min: 0.0, Avg: 0.0, Max: 0.1, Diff: 0.1, Sum: 0.2]
      [Object Copy (ms): Min: 1.5, Avg: 1.6, Max: 1.7, Diff: 0.2, Sum: 6.3]
      [Termination (ms): Min: 0.0, Avg: 0.0, Max: 0.0, Diff: 0.0, Sum: 0.1]
         [Termination Attempts: Min: 1, Avg: 1.3, Max: 2, Diff: 1, Sum: 5]
      [GC Worker Other (ms): Min: 0.0, Avg: 0.0, Max: 0.0, Diff: 0.0, Sum: 0.0]
      [GC Worker Total (ms): Min: 2.2, Avg: 2.2, Max: 2.3, Diff: 0.1, Sum: 8.9]
      [GC Worker End (ms): Min: 16252.7, Avg: 16252.7, Max: 16252.7, Diff: 0.0]
   [Code Root Fixup: 0.0 ms]
   [Code Root Purge: 0.0 ms]
   [Clear CT: 0.4 ms]
   [Other: 1.5 ms]
      [Choose CSet: 0.0 ms]
      [Ref Proc: 1.1 ms]
      [Ref Enq: 0.0 ms]
      [Redirty Cards: 0.3 ms]
      [Humongous Register: 0.0 ms]
      [Humongous Reclaim: 0.0 ms]
      [Free CSet: 0.0 ms]
   [Eden: 51.0M(51.0M)->0.0B(72.0M) Survivors: 3072.0K->4096.0K Heap: 57.0M(128.0M)->6761.9K(128.0M)]
 [Times: user=0.00 sys=0.00, real=0.00 secs] 
2020-11-05T18:35:41.876+0800: 20.099: [GC pause (G1 Evacuation Pause) (young), 0.0051085 secs]
   [Parallel Time: 2.9 ms, GC Workers: 4]
      [GC Worker Start (ms): Min: 20098.8, Avg: 20098.8, Max: 20098.9, Diff: 0.1]
      [Ext Root Scanning (ms): Min: 0.4, Avg: 0.5, Max: 0.8, Diff: 0.4, Sum: 2.0]
      [Update RS (ms): Min: 0.0, Avg: 0.1, Max: 0.2, Diff: 0.2, Sum: 0.4]
         [Processed Buffers: Min: 0, Avg: 2.5, Max: 7, Diff: 7, Sum: 10]
      [Scan RS (ms): Min: 0.0, Avg: 0.0, Max: 0.0, Diff: 0.0, Sum: 0.0]
      [Code Root Scanning (ms): Min: 0.0, Avg: 0.1, Max: 0.1, Diff: 0.1, Sum: 0.2]
      [Object Copy (ms): Min: 2.1, Avg: 2.1, Max: 2.2, Diff: 0.2, Sum: 8.5]
      [Termination (ms): Min: 0.0, Avg: 0.0, Max: 0.0, Diff: 0.0, Sum: 0.0]
         [Termination Attempts: Min: 1, Avg: 1.3, Max: 2, Diff: 1, Sum: 5]
      [GC Worker Other (ms): Min: 0.0, Avg: 0.0, Max: 0.0, Diff: 0.0, Sum: 0.0]
      [GC Worker Total (ms): Min: 2.7, Avg: 2.8, Max: 2.8, Diff: 0.1, Sum: 11.1]
      [GC Worker End (ms): Min: 20101.6, Avg: 20101.6, Max: 20101.6, Diff: 0.0]
   [Code Root Fixup: 0.1 ms]
   [Code Root Purge: 0.0 ms]
   [Clear CT: 0.1 ms]
   [Other: 2.0 ms]
      [Choose CSet: 0.0 ms]
      [Ref Proc: 1.8 ms]
      [Ref Enq: 0.0 ms]
      [Redirty Cards: 0.1 ms]
      [Humongous Register: 0.0 ms]
      [Humongous Reclaim: 0.0 ms]
      [Free CSet: 0.1 ms]
   [Eden: 72.0M(72.0M)->0.0B(70.0M) Survivors: 4096.0K->6144.0K Heap: 78.6M(128.0M)->9351.0K(128.0M)]
 [Times: user=0.00 sys=0.02, real=0.01 secs] 
2020-11-05T18:35:43.480+0800: 21.702: [GC pause (G1 Evacuation Pause) (young), 0.0058817 secs]
   [Parallel Time: 3.8 ms, GC Workers: 4]
      [GC Worker Start (ms): Min: 21702.4, Avg: 21702.6, Max: 21703.3, Diff: 0.9]
      [Ext Root Scanning (ms): Min: 0.0, Avg: 0.4, Max: 0.8, Diff: 0.8, Sum: 1.7]
      [Update RS (ms): Min: 0.1, Avg: 0.1, Max: 0.1, Diff: 0.1, Sum: 0.4]
         [Processed Buffers: Min: 1, Avg: 2.0, Max: 3, Diff: 2, Sum: 8]
      [Scan RS (ms): Min: 0.0, Avg: 0.0, Max: 0.0, Diff: 0.0, Sum: 0.0]
      [Code Root Scanning (ms): Min: 0.0, Avg: 0.1, Max: 0.2, Diff: 0.2, Sum: 0.4]
      [Object Copy (ms): Min: 2.5, Avg: 2.7, Max: 2.9, Diff: 0.5, Sum: 10.6]
      [Termination (ms): Min: 0.0, Avg: 0.2, Max: 0.2, Diff: 0.2, Sum: 0.6]
         [Termination Attempts: Min: 1, Avg: 1.0, Max: 1, Diff: 0, Sum: 4]
      [GC Worker Other (ms): Min: 0.0, Avg: 0.0, Max: 0.0, Diff: 0.0, Sum: 0.0]
      [GC Worker Total (ms): Min: 2.9, Avg: 3.5, Max: 3.7, Diff: 0.8, Sum: 13.8]
      [GC Worker End (ms): Min: 21706.0, Avg: 21706.1, Max: 21706.1, Diff: 0.2]
   [Code Root Fixup: 0.1 ms]
   [Code Root Purge: 0.0 ms]
   [Clear CT: 0.2 ms]
   [Other: 1.7 ms]
      [Choose CSet: 0.0 ms]
      [Ref Proc: 1.2 ms]
      [Ref Enq: 0.0 ms]
      [Redirty Cards: 0.4 ms]
      [Humongous Register: 0.0 ms]
      [Humongous Reclaim: 0.0 ms]
      [Free CSet: 0.1 ms]
   [Eden: 70.0M(70.0M)->0.0B(70.0M) Survivors: 6144.0K->6144.0K Heap: 79.1M(128.0M)->9351.0K(128.0M)]
 [Times: user=0.00 sys=0.00, real=0.01 secs] 
2020-11-05T18:35:48.240+0800: 26.462: [GC pause (G1 Evacuation Pause) (young), 0.0068023 secs]
   [Parallel Time: 4.0 ms, GC Workers: 4]
      [GC Worker Start (ms): Min: 26462.3, Avg: 26462.6, Max: 26463.3, Diff: 1.0]
      [Ext Root Scanning (ms): Min: 0.0, Avg: 0.6, Max: 1.0, Diff: 1.0, Sum: 2.3]
      [Update RS (ms): Min: 0.1, Avg: 0.1, Max: 0.2, Diff: 0.1, Sum: 0.5]
         [Processed Buffers: Min: 1, Avg: 2.5, Max: 4, Diff: 3, Sum: 10]
      [Scan RS (ms): Min: 0.0, Avg: 0.0, Max: 0.0, Diff: 0.0, Sum: 0.0]
      [Code Root Scanning (ms): Min: 0.0, Avg: 0.1, Max: 0.2, Diff: 0.2, Sum: 0.4]
      [Object Copy (ms): Min: 2.6, Avg: 2.8, Max: 3.1, Diff: 0.5, Sum: 11.2]
      [Termination (ms): Min: 0.0, Avg: 0.0, Max: 0.0, Diff: 0.0, Sum: 0.0]
         [Termination Attempts: Min: 1, Avg: 3.5, Max: 5, Diff: 4, Sum: 14]
      [GC Worker Other (ms): Min: 0.0, Avg: 0.0, Max: 0.0, Diff: 0.0, Sum: 0.0]
      [GC Worker Total (ms): Min: 2.9, Avg: 3.6, Max: 3.9, Diff: 1.0, Sum: 14.5]
      [GC Worker End (ms): Min: 26466.2, Avg: 26466.2, Max: 26466.2, Diff: 0.0]
   [Code Root Fixup: 0.1 ms]
   [Code Root Purge: 0.0 ms]
   [Clear CT: 0.1 ms]
   [Other: 2.6 ms]
      [Choose CSet: 0.0 ms]
      [Ref Proc: 2.4 ms]
      [Ref Enq: 0.0 ms]
      [Redirty Cards: 0.1 ms]
      [Humongous Register: 0.0 ms]
      [Humongous Reclaim: 0.0 ms]
      [Free CSet: 0.1 ms]
   [Eden: 70.0M(70.0M)->0.0B(68.0M) Survivors: 6144.0K->8192.0K Heap: 79.1M(128.0M)->10.6M(128.0M)]
 [Times: user=0.00 sys=0.00, real=0.01 secs] 
2020-11-05T18:35:48.605+0800: 26.828: [GC pause (Metadata GC Threshold) (young) (initial-mark), 0.0046859 secs]
   [Parallel Time: 4.0 ms, GC Workers: 4]
      [GC Worker Start (ms): Min: 26827.9, Avg: 26827.9, Max: 26827.9, Diff: 0.1]
      [Ext Root Scanning (ms): Min: 0.5, Avg: 0.6, Max: 0.8, Diff: 0.3, Sum: 2.5]
      [Update RS (ms): Min: 0.1, Avg: 0.1, Max: 0.1, Diff: 0.0, Sum: 0.5]
         [Processed Buffers: Min: 1, Avg: 1.8, Max: 3, Diff: 2, Sum: 7]
      [Scan RS (ms): Min: 0.0, Avg: 0.0, Max: 0.0, Diff: 0.0, Sum: 0.0]
      [Code Root Scanning (ms): Min: 0.0, Avg: 0.1, Max: 0.2, Diff: 0.2, Sum: 0.4]
      [Object Copy (ms): Min: 2.7, Avg: 2.9, Max: 3.1, Diff: 0.4, Sum: 11.7]
      [Termination (ms): Min: 0.0, Avg: 0.1, Max: 0.1, Diff: 0.1, Sum: 0.4]
         [Termination Attempts: Min: 1, Avg: 2.8, Max: 4, Diff: 3, Sum: 11]
      [GC Worker Other (ms): Min: 0.0, Avg: 0.0, Max: 0.0, Diff: 0.0, Sum: 0.0]
      [GC Worker Total (ms): Min: 3.8, Avg: 3.9, Max: 3.9, Diff: 0.1, Sum: 15.6]
      [GC Worker End (ms): Min: 26831.7, Avg: 26831.8, Max: 26831.8, Diff: 0.1]
   [Code Root Fixup: 0.1 ms]
   [Code Root Purge: 0.0 ms]
   [Clear CT: 0.0 ms]
   [Other: 0.5 ms]
      [Choose CSet: 0.0 ms]
      [Ref Proc: 0.3 ms]
      [Ref Enq: 0.0 ms]
      [Redirty Cards: 0.0 ms]
      [Humongous Register: 0.0 ms]
      [Humongous Reclaim: 0.0 ms]
      [Free CSet: 0.0 ms]
   [Eden: 15.0M(68.0M)->0.0B(71.0M) Survivors: 8192.0K->5120.0K Heap: 25.6M(128.0M)->8327.0K(128.0M)]
 [Times: user=0.00 sys=0.00, real=0.00 secs] 
2020-11-05T18:35:48.610+0800: 26.833: [GC concurrent-root-region-scan-start]
2020-11-05T18:35:48.616+0800: 26.839: [GC concurrent-root-region-scan-end, 0.0062548 secs]
2020-11-05T18:35:48.616+0800: 26.839: [GC concurrent-mark-start]
2020-11-05T18:35:48.621+0800: 26.843: [GC concurrent-mark-end, 0.0045257 secs]
2020-11-05T18:35:48.621+0800: 26.844: [GC remark 2020-11-05T18:35:48.621+0800: 26.844: [Finalize Marking, 0.0001278 secs] 2020-11-05T18:35:48.621+0800: 26.844: [GC ref-proc, 0.0001731 secs] 2020-11-05T18:35:48.621+0800: 26.844: [Unloading, 0.0027905 secs], 0.0033760 secs]
 [Times: user=0.00 sys=0.00, real=0.00 secs] 
2020-11-05T18:35:48.624+0800: 26.847: [GC cleanup 8838K->8703K(128M), 0.0420890 secs]
 [Times: user=0.00 sys=0.00, real=0.04 secs] 
2020-11-05T18:35:48.667+0800: 26.889: [GC concurrent-cleanup-start]
2020-11-05T18:35:48.667+0800: 26.889: [GC concurrent-cleanup-end, 0.0000146 secs]
2020-11-05T18:35:50.794+0800: 29.017: [GC pause (G1 Evacuation Pause) (young), 0.0063687 secs]
   [Parallel Time: 4.3 ms, GC Workers: 4]
      [GC Worker Start (ms): Min: 29016.8, Avg: 29016.8, Max: 29016.8, Diff: 0.1]
      [Ext Root Scanning (ms): Min: 0.2, Avg: 0.5, Max: 1.2, Diff: 1.0, Sum: 2.0]
      [Update RS (ms): Min: 0.0, Avg: 0.1, Max: 0.2, Diff: 0.2, Sum: 0.5]
         [Processed Buffers: Min: 0, Avg: 2.0, Max: 4, Diff: 4, Sum: 8]
      [Scan RS (ms): Min: 0.0, Avg: 0.0, Max: 0.0, Diff: 0.0, Sum: 0.0]
      [Code Root Scanning (ms): Min: 0.0, Avg: 0.1, Max: 0.3, Diff: 0.3, Sum: 0.5]
      [Object Copy (ms): Min: 3.0, Avg: 3.4, Max: 3.7, Diff: 0.7, Sum: 13.8]
      [Termination (ms): Min: 0.0, Avg: 0.0, Max: 0.0, Diff: 0.0, Sum: 0.0]
         [Termination Attempts: Min: 1, Avg: 12.3, Max: 17, Diff: 16, Sum: 49]
      [GC Worker Other (ms): Min: 0.0, Avg: 0.0, Max: 0.0, Diff: 0.0, Sum: 0.0]
      [GC Worker Total (ms): Min: 4.2, Avg: 4.2, Max: 4.2, Diff: 0.1, Sum: 16.9]
      [GC Worker End (ms): Min: 29021.0, Avg: 29021.0, Max: 29021.0, Diff: 0.0]
   [Code Root Fixup: 0.2 ms]
   [Code Root Purge: 0.0 ms]
   [Clear CT: 0.4 ms]
   [Other: 1.6 ms]
      [Choose CSet: 0.0 ms]
      [Ref Proc: 1.3 ms]
      [Ref Enq: 0.0 ms]
      [Redirty Cards: 0.1 ms]
      [Humongous Register: 0.0 ms]
      [Humongous Reclaim: 0.0 ms]
      [Free CSet: 0.1 ms]
   [Eden: 71.0M(71.0M)->0.0B(68.0M) Survivors: 5120.0K->8192.0K Heap: 79.0M(128.0M)->11.0M(128.0M)]
 [Times: user=0.00 sys=0.00, real=0.01 secs] 
2020-11-05T18:35:58.149+0800: 36.372: [GC pause (G1 Evacuation Pause) (young), 0.0109451 secs]
   [Parallel Time: 7.0 ms, GC Workers: 4]
      [GC Worker Start (ms): Min: 36371.8, Avg: 36371.9, Max: 36371.9, Diff: 0.1]
      [Ext Root Scanning (ms): Min: 0.4, Avg: 1.0, Max: 1.4, Diff: 1.0, Sum: 4.0]
      [Update RS (ms): Min: 0.0, Avg: 0.1, Max: 0.4, Diff: 0.4, Sum: 0.6]
         [Processed Buffers: Min: 0, Avg: 1.8, Max: 5, Diff: 5, Sum: 7]
      [Scan RS (ms): Min: 0.0, Avg: 0.0, Max: 0.0, Diff: 0.0, Sum: 0.0]
      [Code Root Scanning (ms): Min: 0.0, Avg: 0.4, Max: 1.4, Diff: 1.4, Sum: 1.7]
      [Object Copy (ms): Min: 4.3, Avg: 5.2, Max: 5.8, Diff: 1.5, Sum: 20.8]
      [Termination (ms): Min: 0.0, Avg: 0.0, Max: 0.0, Diff: 0.0, Sum: 0.0]
         [Termination Attempts: Min: 1, Avg: 5.3, Max: 9, Diff: 8, Sum: 21]
      [GC Worker Other (ms): Min: 0.0, Avg: 0.1, Max: 0.1, Diff: 0.0, Sum: 0.2]
      [GC Worker Total (ms): Min: 6.8, Avg: 6.8, Max: 6.9, Diff: 0.1, Sum: 27.3]
      [GC Worker End (ms): Min: 36378.7, Avg: 36378.7, Max: 36378.7, Diff: 0.0]
   [Code Root Fixup: 0.2 ms]
   [Code Root Purge: 0.0 ms]
   [Clear CT: 0.2 ms]
   [Other: 3.6 ms]
      [Choose CSet: 0.0 ms]
      [Ref Proc: 3.3 ms]
      [Ref Enq: 0.0 ms]
      [Redirty Cards: 0.0 ms]
      [Humongous Register: 0.0 ms]
      [Humongous Reclaim: 0.0 ms]
      [Free CSet: 0.1 ms]
   [Eden: 68.0M(68.0M)->0.0B(68.0M) Survivors: 8192.0K->8192.0K Heap: 79.0M(128.0M)->11.0M(128.0M)]
 [Times: user=0.00 sys=0.00, real=0.01 secs] 
2020-11-05T18:35:58.764+0800: 36.987: [GC pause (G1 Evacuation Pause) (young), 0.0118307 secs]
   [Parallel Time: 6.0 ms, GC Workers: 4]
      [GC Worker Start (ms): Min: 36987.0, Avg: 36987.0, Max: 36987.1, Diff: 0.1]
      [Ext Root Scanning (ms): Min: 0.3, Avg: 0.6, Max: 1.4, Diff: 1.0, Sum: 2.6]
      [Update RS (ms): Min: 0.0, Avg: 0.1, Max: 0.3, Diff: 0.3, Sum: 0.6]
         [Processed Buffers: Min: 0, Avg: 1.8, Max: 5, Diff: 5, Sum: 7]
      [Scan RS (ms): Min: 0.0, Avg: 0.0, Max: 0.0, Diff: 0.0, Sum: 0.0]
      [Code Root Scanning (ms): Min: 0.0, Avg: 0.2, Max: 0.4, Diff: 0.4, Sum: 0.8]
      [Object Copy (ms): Min: 4.6, Avg: 4.9, Max: 5.2, Diff: 0.6, Sum: 19.6]
      [Termination (ms): Min: 0.0, Avg: 0.0, Max: 0.0, Diff: 0.0, Sum: 0.1]
         [Termination Attempts: Min: 1, Avg: 2.3, Max: 4, Diff: 3, Sum: 9]
      [GC Worker Other (ms): Min: 0.0, Avg: 0.0, Max: 0.0, Diff: 0.0, Sum: 0.0]
      [GC Worker Total (ms): Min: 5.9, Avg: 5.9, Max: 6.0, Diff: 0.1, Sum: 23.8]
      [GC Worker End (ms): Min: 36993.0, Avg: 36993.0, Max: 36993.0, Diff: 0.0]
   [Code Root Fixup: 0.3 ms]
   [Code Root Purge: 0.0 ms]
   [Clear CT: 0.1 ms]
   [Other: 5.4 ms]
      [Choose CSet: 0.0 ms]
      [Ref Proc: 5.2 ms]
      [Ref Enq: 0.0 ms]
      [Redirty Cards: 0.0 ms]
      [Humongous Register: 0.0 ms]
      [Humongous Reclaim: 0.0 ms]
      [Free CSet: 0.1 ms]
   [Eden: 68.0M(68.0M)->0.0B(66.0M) Survivors: 8192.0K->10.0M Heap: 79.0M(128.0M)->13.9M(128.0M)]
 [Times: user=0.05 sys=0.00, real=0.01 secs] 
2020-11-05T18:36:00.249+0800: 38.471: [GC pause (G1 Evacuation Pause) (young), 0.0122060 secs]
   [Parallel Time: 10.1 ms, GC Workers: 4]
      [GC Worker Start (ms): Min: 38471.6, Avg: 38471.6, Max: 38471.6, Diff: 0.0]
      [Ext Root Scanning (ms): Min: 0.3, Avg: 0.6, Max: 1.5, Diff: 1.3, Sum: 2.4]
      [Update RS (ms): Min: 0.0, Avg: 0.4, Max: 0.7, Diff: 0.7, Sum: 1.6]
         [Processed Buffers: Min: 0, Avg: 2.8, Max: 8, Diff: 8, Sum: 11]
      [Scan RS (ms): Min: 0.0, Avg: 0.0, Max: 0.0, Diff: 0.0, Sum: 0.0]
      [Code Root Scanning (ms): Min: 0.0, Avg: 0.7, Max: 2.3, Diff: 2.3, Sum: 2.7]
      [Object Copy (ms): Min: 7.0, Avg: 8.3, Max: 8.9, Diff: 1.9, Sum: 33.2]
      [Termination (ms): Min: 0.0, Avg: 0.0, Max: 0.0, Diff: 0.0, Sum: 0.0]
         [Termination Attempts: Min: 1, Avg: 1.3, Max: 2, Diff: 1, Sum: 5]
      [GC Worker Other (ms): Min: 0.0, Avg: 0.0, Max: 0.0, Diff: 0.0, Sum: 0.0]
      [GC Worker Total (ms): Min: 10.0, Avg: 10.0, Max: 10.0, Diff: 0.0, Sum: 40.0]
      [GC Worker End (ms): Min: 38481.6, Avg: 38481.6, Max: 38481.6, Diff: 0.0]
   [Code Root Fixup: 0.2 ms]
   [Code Root Purge: 0.0 ms]
   [Clear CT: 0.1 ms]
   [Other: 1.7 ms]
      [Choose CSet: 0.0 ms]
      [Ref Proc: 1.5 ms]
      [Ref Enq: 0.0 ms]
      [Redirty Cards: 0.0 ms]
      [Humongous Register: 0.0 ms]
      [Humongous Reclaim: 0.0 ms]
      [Free CSet: 0.1 ms]
   [Eden: 66.0M(66.0M)->0.0B(67.0M) Survivors: 10.0M->9216.0K Heap: 79.9M(128.0M)->14.3M(128.0M)]
 [Times: user=0.03 sys=0.00, real=0.01 secs] 
2020-11-05T18:36:02.079+0800: 40.301: [GC pause (G1 Evacuation Pause) (young), 0.0114673 secs]
   [Parallel Time: 7.9 ms, GC Workers: 4]
      [GC Worker Start (ms): Min: 40300.8, Avg: 40300.8, Max: 40300.8, Diff: 0.0]
      [Ext Root Scanning (ms): Min: 0.3, Avg: 0.5, Max: 1.2, Diff: 0.9, Sum: 2.2]
      [Update RS (ms): Min: 0.3, Avg: 1.4, Max: 3.5, Diff: 3.2, Sum: 5.6]
         [Processed Buffers: Min: 1, Avg: 4.8, Max: 10, Diff: 9, Sum: 19]
      [Scan RS (ms): Min: 0.0, Avg: 0.0, Max: 0.0, Diff: 0.0, Sum: 0.0]
      [Code Root Scanning (ms): Min: 0.0, Avg: 0.1, Max: 0.3, Diff: 0.3, Sum: 0.5]
      [Object Copy (ms): Min: 3.9, Avg: 5.6, Max: 6.3, Diff: 2.4, Sum: 22.4]
      [Termination (ms): Min: 0.0, Avg: 0.0, Max: 0.0, Diff: 0.0, Sum: 0.0]
         [Termination Attempts: Min: 1, Avg: 1.3, Max: 2, Diff: 1, Sum: 5]
      [GC Worker Other (ms): Min: 0.0, Avg: 0.1, Max: 0.1, Diff: 0.1, Sum: 0.3]
      [GC Worker Total (ms): Min: 7.7, Avg: 7.8, Max: 7.8, Diff: 0.1, Sum: 31.1]
      [GC Worker End (ms): Min: 40308.5, Avg: 40308.6, Max: 40308.6, Diff: 0.1]
   [Code Root Fixup: 0.3 ms]
   [Code Root Purge: 0.0 ms]
   [Clear CT: 0.1 ms]
   [Other: 3.2 ms]
      [Choose CSet: 0.0 ms]
      [Ref Proc: 3.0 ms]
      [Ref Enq: 0.0 ms]
      [Redirty Cards: 0.0 ms]
      [Humongous Register: 0.0 ms]
      [Humongous Reclaim: 0.0 ms]
      [Free CSet: 0.1 ms]
   [Eden: 67.0M(67.0M)->0.0B(67.0M) Survivors: 9216.0K->9216.0K Heap: 81.3M(128.0M)->16.1M(128.0M)]
 [Times: user=0.00 sys=0.00, real=0.01 secs] 
2020-11-05T18:36:07.789+0800: 46.011: [GC pause (G1 Evacuation Pause) (young), 0.0115652 secs]
   [Parallel Time: 8.4 ms, GC Workers: 4]
      [GC Worker Start (ms): Min: 46010.8, Avg: 46011.4, Max: 46013.0, Diff: 2.2]
      [Ext Root Scanning (ms): Min: 0.0, Avg: 0.7, Max: 1.4, Diff: 1.4, Sum: 2.7]
      [Update RS (ms): Min: 0.0, Avg: 0.7, Max: 1.2, Diff: 1.2, Sum: 3.0]
         [Processed Buffers: Min: 0, Avg: 4.0, Max: 7, Diff: 7, Sum: 16]
      [Scan RS (ms): Min: 0.0, Avg: 0.0, Max: 0.0, Diff: 0.0, Sum: 0.1]
      [Code Root Scanning (ms): Min: 0.0, Avg: 0.7, Max: 2.5, Diff: 2.5, Sum: 2.8]
      [Object Copy (ms): Min: 4.0, Avg: 5.6, Max: 6.2, Diff: 2.2, Sum: 22.2]
      [Termination (ms): Min: 0.0, Avg: 0.0, Max: 0.0, Diff: 0.0, Sum: 0.0]
         [Termination Attempts: Min: 1, Avg: 1.0, Max: 1, Diff: 0, Sum: 4]
      [GC Worker Other (ms): Min: 0.0, Avg: 0.0, Max: 0.0, Diff: 0.0, Sum: 0.1]
      [GC Worker Total (ms): Min: 6.1, Avg: 7.7, Max: 8.3, Diff: 2.2, Sum: 30.9]
      [GC Worker End (ms): Min: 46019.1, Avg: 46019.1, Max: 46019.1, Diff: 0.0]
   [Code Root Fixup: 0.5 ms]
   [Code Root Purge: 0.0 ms]
   [Clear CT: 0.1 ms]
   [Other: 2.6 ms]
      [Choose CSet: 0.0 ms]
      [Ref Proc: 2.4 ms]
      [Ref Enq: 0.0 ms]
      [Redirty Cards: 0.1 ms]
      [Humongous Register: 0.0 ms]
      [Humongous Reclaim: 0.0 ms]
      [Free CSet: 0.1 ms]
   [Eden: 67.0M(67.0M)->0.0B(66.0M) Survivors: 9216.0K->10.0M Heap: 83.1M(128.0M)->19.0M(128.0M)]
 [Times: user=0.00 sys=0.00, real=0.01 secs] 
2020-11-05T18:36:09.143+0800: 47.365: [GC pause (Metadata GC Threshold) (young) (initial-mark), 0.0107317 secs]
   [Parallel Time: 9.8 ms, GC Workers: 4]
      [GC Worker Start (ms): Min: 47365.6, Avg: 47365.9, Max: 47366.7, Diff: 1.2]
      [Ext Root Scanning (ms): Min: 0.2, Avg: 1.2, Max: 1.9, Diff: 1.7, Sum: 4.7]
      [Update RS (ms): Min: 0.7, Avg: 1.2, Max: 1.4, Diff: 0.7, Sum: 4.7]
         [Processed Buffers: Min: 3, Avg: 4.3, Max: 6, Diff: 3, Sum: 17]
      [Scan RS (ms): Min: 0.0, Avg: 0.0, Max: 0.1, Diff: 0.1, Sum: 0.2]
      [Code Root Scanning (ms): Min: 0.0, Avg: 0.5, Max: 1.7, Diff: 1.7, Sum: 1.9]
      [Object Copy (ms): Min: 5.4, Avg: 6.4, Max: 6.9, Diff: 1.5, Sum: 25.6]
      [Termination (ms): Min: 0.0, Avg: 0.1, Max: 0.2, Diff: 0.2, Sum: 0.4]
         [Termination Attempts: Min: 1, Avg: 1.0, Max: 1, Diff: 0, Sum: 4]
      [GC Worker Other (ms): Min: 0.0, Avg: 0.0, Max: 0.0, Diff: 0.0, Sum: 0.0]
      [GC Worker Total (ms): Min: 8.6, Avg: 9.4, Max: 9.7, Diff: 1.1, Sum: 37.4]
      [GC Worker End (ms): Min: 47375.2, Avg: 47375.2, Max: 47375.3, Diff: 0.2]
   [Code Root Fixup: 0.1 ms]
   [Code Root Purge: 0.0 ms]
   [Clear CT: 0.1 ms]
   [Other: 0.7 ms]
      [Choose CSet: 0.0 ms]
      [Ref Proc: 0.6 ms]
      [Ref Enq: 0.0 ms]
      [Redirty Cards: 0.0 ms]
      [Humongous Register: 0.0 ms]
      [Humongous Reclaim: 0.0 ms]
      [Free CSet: 0.1 ms]
   [Eden: 49.0M(66.0M)->0.0B(68.0M) Survivors: 10.0M->8192.0K Heap: 67.7M(128.0M)->18.8M(128.0M)]
 [Times: user=0.05 sys=0.00, real=0.01 secs] 
2020-11-05T18:36:09.154+0800: 47.376: [GC concurrent-root-region-scan-start]
2020-11-05T18:36:09.163+0800: 47.385: [GC concurrent-root-region-scan-end, 0.0089915 secs]
2020-11-05T18:36:09.163+0800: 47.385: [GC concurrent-mark-start]
2020-11-05T18:36:09.181+0800: 47.404: [GC concurrent-mark-end, 0.0186848 secs]
2020-11-05T18:36:09.181+0800: 47.404: [GC remark 2020-11-05T18:36:09.181+0800: 47.404: [Finalize Marking, 0.0001521 secs] 2020-11-05T18:36:09.182+0800: 47.404: [GC ref-proc, 0.0001616 secs] 2020-11-05T18:36:09.182+0800: 47.405: [Unloading, 0.0051031 secs], 0.0055996 secs]
 [Times: user=0.00 sys=0.00, real=0.01 secs] 
2020-11-05T18:36:09.187+0800: 47.410: [GC cleanup 22M->22M(128M), 0.0002215 secs]
 [Times: user=0.00 sys=0.00, real=0.00 secs] 
2020-11-05T18:36:13.277+0800: 51.500: [GC pause (G1 Evacuation Pause) (young), 0.0117082 secs]
   [Parallel Time: 9.0 ms, GC Workers: 4]
      [GC Worker Start (ms): Min: 51499.7, Avg: 51499.7, Max: 51499.8, Diff: 0.0]
      [Ext Root Scanning (ms): Min: 0.8, Avg: 1.1, Max: 1.6, Diff: 0.7, Sum: 4.5]
      [Update RS (ms): Min: 1.2, Avg: 1.5, Max: 1.9, Diff: 0.7, Sum: 6.2]
         [Processed Buffers: Min: 3, Avg: 5.5, Max: 10, Diff: 7, Sum: 22]
      [Scan RS (ms): Min: 0.0, Avg: 0.0, Max: 0.0, Diff: 0.0, Sum: 0.0]
      [Code Root Scanning (ms): Min: 0.0, Avg: 0.2, Max: 0.4, Diff: 0.4, Sum: 0.7]
      [Object Copy (ms): Min: 5.9, Avg: 6.1, Max: 6.3, Diff: 0.4, Sum: 24.2]
      [Termination (ms): Min: 0.0, Avg: 0.0, Max: 0.0, Diff: 0.0, Sum: 0.0]
         [Termination Attempts: Min: 1, Avg: 2.0, Max: 3, Diff: 2, Sum: 8]
      [GC Worker Other (ms): Min: 0.0, Avg: 0.0, Max: 0.0, Diff: 0.0, Sum: 0.1]
      [GC Worker Total (ms): Min: 8.9, Avg: 8.9, Max: 8.9, Diff: 0.0, Sum: 35.7]
      [GC Worker End (ms): Min: 51508.7, Avg: 51508.7, Max: 51508.7, Diff: 0.0]
   [Code Root Fixup: 0.1 ms]
   [Code Root Purge: 0.0 ms]
   [Clear CT: 0.0 ms]
   [Other: 2.5 ms]
      [Choose CSet: 0.0 ms]
      [Ref Proc: 2.2 ms]
      [Ref Enq: 0.0 ms]
      [Redirty Cards: 0.0 ms]
      [Humongous Register: 0.1 ms]
      [Humongous Reclaim: 0.0 ms]
      [Free CSet: 0.1 ms]
   [Eden: 68.0M(68.0M)->0.0B(68.0M) Survivors: 8192.0K->8192.0K Heap: 86.8M(128.0M)->21.3M(128.0M)]
 [Times: user=0.06 sys=0.00, real=0.01 secs] 
2020-11-05T18:36:15.513+0800: 53.736: [GC pause (G1 Evacuation Pause) (young), 0.0116938 secs]
   [Parallel Time: 8.8 ms, GC Workers: 4]
      [GC Worker Start (ms): Min: 53735.9, Avg: 53735.9, Max: 53735.9, Diff: 0.0]
      [Ext Root Scanning (ms): Min: 0.4, Avg: 0.6, Max: 1.1, Diff: 0.7, Sum: 2.2]
      [Update RS (ms): Min: 0.5, Avg: 1.0, Max: 1.3, Diff: 0.8, Sum: 4.1]
         [Processed Buffers: Min: 2, Avg: 5.0, Max: 7, Diff: 5, Sum: 20]
      [Scan RS (ms): Min: 0.0, Avg: 0.1, Max: 0.2, Diff: 0.2, Sum: 0.5]
      [Code Root Scanning (ms): Min: 0.0, Avg: 0.1, Max: 0.3, Diff: 0.3, Sum: 0.5]
      [Object Copy (ms): Min: 6.3, Avg: 6.5, Max: 6.6, Diff: 0.4, Sum: 26.0]
      [Termination (ms): Min: 0.0, Avg: 0.3, Max: 0.4, Diff: 0.4, Sum: 1.1]
         [Termination Attempts: Min: 1, Avg: 1.3, Max: 2, Diff: 1, Sum: 5]
      [GC Worker Other (ms): Min: 0.0, Avg: 0.0, Max: 0.0, Diff: 0.0, Sum: 0.1]
      [GC Worker Total (ms): Min: 8.3, Avg: 8.6, Max: 8.7, Diff: 0.4, Sum: 34.5]
      [GC Worker End (ms): Min: 53744.2, Avg: 53744.5, Max: 53744.6, Diff: 0.4]
   [Code Root Fixup: 0.2 ms]
   [Code Root Purge: 0.0 ms]
   [Clear CT: 0.3 ms]
   [Other: 2.3 ms]
      [Choose CSet: 0.0 ms]
      [Ref Proc: 1.4 ms]
      [Ref Enq: 0.1 ms]
      [Redirty Cards: 0.3 ms]
      [Humongous Register: 0.0 ms]
      [Humongous Reclaim: 0.0 ms]
      [Free CSet: 0.3 ms]
   [Eden: 68.0M(68.0M)->0.0B(68.0M) Survivors: 8192.0K->8192.0K Heap: 89.3M(128.0M)->23.8M(128.0M)]
 [Times: user=0.05 sys=0.00, real=0.01 secs] 
2020-11-05T18:36:16.793+0800: 55.015: [GC pause (G1 Evacuation Pause) (young), 0.0128834 secs]
   [Parallel Time: 11.1 ms, GC Workers: 4]
      [GC Worker Start (ms): Min: 55015.2, Avg: 55015.4, Max: 55015.5, Diff: 0.3]
      [Ext Root Scanning (ms): Min: 0.4, Avg: 0.8, Max: 1.5, Diff: 1.1, Sum: 3.1]
      [Update RS (ms): Min: 1.8, Avg: 2.1, Max: 2.3, Diff: 0.6, Sum: 8.4]
         [Processed Buffers: Min: 4, Avg: 6.8, Max: 10, Diff: 6, Sum: 27]
      [Scan RS (ms): Min: 0.0, Avg: 0.0, Max: 0.0, Diff: 0.0, Sum: 0.0]
      [Code Root Scanning (ms): Min: 0.0, Avg: 0.1, Max: 0.3, Diff: 0.3, Sum: 0.5]
      [Object Copy (ms): Min: 7.8, Avg: 7.9, Max: 8.0, Diff: 0.2, Sum: 31.5]
      [Termination (ms): Min: 0.0, Avg: 0.0, Max: 0.0, Diff: 0.0, Sum: 0.0]
         [Termination Attempts: Min: 1, Avg: 2.3, Max: 3, Diff: 2, Sum: 9]
      [GC Worker Other (ms): Min: 0.0, Avg: 0.0, Max: 0.0, Diff: 0.0, Sum: 0.0]
      [GC Worker Total (ms): Min: 10.7, Avg: 10.9, Max: 11.0, Diff: 0.3, Sum: 43.5]
      [GC Worker End (ms): Min: 55026.3, Avg: 55026.3, Max: 55026.3, Diff: 0.0]
   [Code Root Fixup: 0.1 ms]
   [Code Root Purge: 0.0 ms]
   [Clear CT: 0.2 ms]
   [Other: 1.5 ms]
      [Choose CSet: 0.0 ms]
      [Ref Proc: 1.0 ms]
      [Ref Enq: 0.0 ms]
      [Redirty Cards: 0.1 ms]
      [Humongous Register: 0.0 ms]
      [Humongous Reclaim: 0.0 ms]
      [Free CSet: 0.1 ms]
   [Eden: 68.0M(68.0M)->0.0B(67.0M) Survivors: 8192.0K->9216.0K Heap: 91.8M(128.0M)->27.4M(128.0M)]
 [Times: user=0.05 sys=0.00, real=0.01 secs] 
2020-11-05T18:36:18.118+0800: 56.340: [GC pause (G1 Evacuation Pause) (young), 0.0118338 secs]
   [Parallel Time: 9.9 ms, GC Workers: 4]
      [GC Worker Start (ms): Min: 56340.3, Avg: 56340.4, Max: 56340.6, Diff: 0.3]
      [Ext Root Scanning (ms): Min: 0.3, Avg: 0.7, Max: 1.1, Diff: 0.8, Sum: 2.6]
      [Update RS (ms): Min: 1.7, Avg: 2.5, Max: 4.1, Diff: 2.4, Sum: 9.9]
         [Processed Buffers: Min: 2, Avg: 5.3, Max: 8, Diff: 6, Sum: 21]
      [Scan RS (ms): Min: 0.0, Avg: 0.1, Max: 0.3, Diff: 0.3, Sum: 0.5]
      [Code Root Scanning (ms): Min: 0.0, Avg: 0.3, Max: 0.8, Diff: 0.8, Sum: 1.0]
      [Object Copy (ms): Min: 5.2, Avg: 6.2, Max: 7.0, Diff: 1.8, Sum: 25.0]
      [Termination (ms): Min: 0.0, Avg: 0.0, Max: 0.0, Diff: 0.0, Sum: 0.0]
         [Termination Attempts: Min: 1, Avg: 1.0, Max: 1, Diff: 0, Sum: 4]
      [GC Worker Other (ms): Min: 0.0, Avg: 0.0, Max: 0.0, Diff: 0.0, Sum: 0.1]
      [GC Worker Total (ms): Min: 9.6, Avg: 9.8, Max: 9.9, Diff: 0.3, Sum: 39.1]
      [GC Worker End (ms): Min: 56350.2, Avg: 56350.2, Max: 56350.2, Diff: 0.0]
   [Code Root Fixup: 0.1 ms]
   [Code Root Purge: 0.0 ms]
   [Clear CT: 0.1 ms]
   [Other: 1.7 ms]
      [Choose CSet: 0.0 ms]
      [Ref Proc: 1.5 ms]
      [Ref Enq: 0.0 ms]
      [Redirty Cards: 0.0 ms]
      [Humongous Register: 0.0 ms]
      [Humongous Reclaim: 0.0 ms]
      [Free CSet: 0.1 ms]
   [Eden: 67.0M(67.0M)->0.0B(68.0M) Survivors: 9216.0K->8192.0K Heap: 94.9M(128.0M)->28.6M(128.0M)]
 [Times: user=0.02 sys=0.00, real=0.01 secs] 
2020-11-05T18:36:19.582+0800: 57.805: [GC pause (G1 Evacuation Pause) (young), 0.0115471 secs]
   [Parallel Time: 9.8 ms, GC Workers: 4]
      [GC Worker Start (ms): Min: 57804.8, Avg: 57804.8, Max: 57804.9, Diff: 0.0]
      [Ext Root Scanning (ms): Min: 0.4, Avg: 0.6, Max: 1.1, Diff: 0.7, Sum: 2.6]
      [Update RS (ms): Min: 1.7, Avg: 2.1, Max: 2.4, Diff: 0.7, Sum: 8.4]
         [Processed Buffers: Min: 5, Avg: 7.0, Max: 10, Diff: 5, Sum: 28]
      [Scan RS (ms): Min: 0.0, Avg: 0.0, Max: 0.0, Diff: 0.0, Sum: 0.0]
      [Code Root Scanning (ms): Min: 0.0, Avg: 0.4, Max: 1.0, Diff: 1.0, Sum: 1.5]
      [Object Copy (ms): Min: 5.9, Avg: 6.6, Max: 6.9, Diff: 1.0, Sum: 26.4]
      [Termination (ms): Min: 0.0, Avg: 0.0, Max: 0.0, Diff: 0.0, Sum: 0.0]
         [Termination Attempts: Min: 1, Avg: 1.8, Max: 2, Diff: 1, Sum: 7]
      [GC Worker Other (ms): Min: 0.0, Avg: 0.0, Max: 0.0, Diff: 0.0, Sum: 0.0]
      [GC Worker Total (ms): Min: 9.7, Avg: 9.7, Max: 9.8, Diff: 0.0, Sum: 39.0]
      [GC Worker End (ms): Min: 57814.6, Avg: 57814.6, Max: 57814.6, Diff: 0.0]
   [Code Root Fixup: 0.1 ms]
   [Code Root Purge: 0.0 ms]
   [Clear CT: 0.1 ms]
   [Other: 1.5 ms]
      [Choose CSet: 0.0 ms]
      [Ref Proc: 1.3 ms]
      [Ref Enq: 0.0 ms]
      [Redirty Cards: 0.1 ms]
      [Humongous Register: 0.0 ms]
      [Humongous Reclaim: 0.0 ms]
      [Free CSet: 0.1 ms]
   [Eden: 68.0M(68.0M)->0.0B(67.0M) Survivors: 8192.0K->9216.0K Heap: 96.6M(128.0M)->31.2M(128.0M)]
 [Times: user=0.06 sys=0.00, real=0.01 secs] 
2020-11-05T18:36:24.935+0800: 63.158: [GC pause (G1 Evacuation Pause) (young), 0.0149836 secs]
   [Parallel Time: 11.3 ms, GC Workers: 4]
      [GC Worker Start (ms): Min: 63158.3, Avg: 63158.7, Max: 63159.8, Diff: 1.5]
      [Ext Root Scanning (ms): Min: 0.0, Avg: 0.7, Max: 1.2, Diff: 1.2, Sum: 3.0]
      [Update RS (ms): Min: 1.4, Avg: 1.9, Max: 2.5, Diff: 1.0, Sum: 7.6]
         [Processed Buffers: Min: 5, Avg: 7.5, Max: 12, Diff: 7, Sum: 30]
      [Scan RS (ms): Min: 0.0, Avg: 0.1, Max: 0.1, Diff: 0.1, Sum: 0.2]
      [Code Root Scanning (ms): Min: 0.0, Avg: 0.1, Max: 0.2, Diff: 0.2, Sum: 0.4]
      [Object Copy (ms): Min: 7.3, Avg: 7.8, Max: 8.1, Diff: 0.8, Sum: 31.0]
      [Termination (ms): Min: 0.0, Avg: 0.2, Max: 0.3, Diff: 0.3, Sum: 0.8]
         [Termination Attempts: Min: 1, Avg: 1.0, Max: 1, Diff: 0, Sum: 4]
      [GC Worker Other (ms): Min: 0.0, Avg: 0.0, Max: 0.0, Diff: 0.0, Sum: 0.1]
      [GC Worker Total (ms): Min: 9.7, Avg: 10.8, Max: 11.2, Diff: 1.5, Sum: 43.1]
      [GC Worker End (ms): Min: 63169.3, Avg: 63169.5, Max: 63169.5, Diff: 0.2]
   [Code Root Fixup: 0.1 ms]
   [Code Root Purge: 0.0 ms]
   [Clear CT: 0.1 ms]
   [Other: 3.5 ms]
      [Choose CSet: 0.0 ms]
      [Ref Proc: 3.1 ms]
      [Ref Enq: 0.0 ms]
      [Redirty Cards: 0.1 ms]
      [Humongous Register: 0.0 ms]
      [Humongous Reclaim: 0.0 ms]
      [Free CSet: 0.1 ms]
   [Eden: 67.0M(67.0M)->0.0B(66.0M) Survivors: 9216.0K->10.0M Heap: 98.2M(128.0M)->36.2M(128.0M)]
 [Times: user=0.05 sys=0.00, real=0.02 secs] 
2020-11-05T18:36:33.849+0800: 72.071: [GC pause (G1 Evacuation Pause) (young), 0.0128210 secs]
   [Parallel Time: 9.3 ms, GC Workers: 4]
      [GC Worker Start (ms): Min: 72071.1, Avg: 72071.2, Max: 72071.2, Diff: 0.1]
      [Ext Root Scanning (ms): Min: 0.6, Avg: 1.4, Max: 3.7, Diff: 3.1, Sum: 5.7]
      [Update RS (ms): Min: 0.0, Avg: 2.0, Max: 2.7, Diff: 2.7, Sum: 7.8]
         [Processed Buffers: Min: 0, Avg: 8.0, Max: 18, Diff: 18, Sum: 32]
      [Scan RS (ms): Min: 0.0, Avg: 0.1, Max: 0.2, Diff: 0.2, Sum: 0.4]
      [Code Root Scanning (ms): Min: 0.0, Avg: 0.1, Max: 0.2, Diff: 0.2, Sum: 0.3]
      [Object Copy (ms): Min: 5.2, Avg: 5.3, Max: 5.4, Diff: 0.2, Sum: 21.1]
      [Termination (ms): Min: 0.0, Avg: 0.2, Max: 0.3, Diff: 0.3, Sum: 0.8]
         [Termination Attempts: Min: 1, Avg: 1.3, Max: 2, Diff: 1, Sum: 5]
      [GC Worker Other (ms): Min: 0.0, Avg: 0.0, Max: 0.0, Diff: 0.0, Sum: 0.1]
      [GC Worker Total (ms): Min: 8.8, Avg: 9.1, Max: 9.2, Diff: 0.4, Sum: 36.3]
      [GC Worker End (ms): Min: 72080.0, Avg: 72080.2, Max: 72080.3, Diff: 0.3]
   [Code Root Fixup: 0.3 ms]
   [Code Root Purge: 0.0 ms]
   [Clear CT: 0.1 ms]
   [Other: 3.2 ms]
      [Choose CSet: 0.0 ms]
      [Ref Proc: 2.9 ms]
      [Ref Enq: 0.0 ms]
      [Redirty Cards: 0.1 ms]
      [Humongous Register: 0.0 ms]
      [Humongous Reclaim: 0.0 ms]
      [Free CSet: 0.1 ms]
   [Eden: 66.0M(66.0M)->0.0B(67.0M) Survivors: 10.0M->9216.0K Heap: 102.2M(128.0M)->38.9M(128.0M)]
 [Times: user=0.00 sys=0.00, real=0.01 secs] 
2020-11-05T18:36:48.281+0800: 86.503: [GC pause (G1 Evacuation Pause) (young), 0.0134569 secs]
   [Parallel Time: 8.7 ms, GC Workers: 4]
      [GC Worker Start (ms): Min: 86503.2, Avg: 86503.6, Max: 86504.3, Diff: 1.0]
      [Ext Root Scanning (ms): Min: 0.1, Avg: 1.0, Max: 2.4, Diff: 2.3, Sum: 3.9]
      [Update RS (ms): Min: 1.4, Avg: 2.1, Max: 2.4, Diff: 1.0, Sum: 8.2]
         [Processed Buffers: Min: 4, Avg: 7.0, Max: 9, Diff: 5, Sum: 28]
      [Scan RS (ms): Min: 0.0, Avg: 0.0, Max: 0.0, Diff: 0.0, Sum: 0.0]
      [Code Root Scanning (ms): Min: 0.0, Avg: 0.1, Max: 0.2, Diff: 0.2, Sum: 0.3]
      [Object Copy (ms): Min: 4.9, Avg: 5.2, Max: 5.5, Diff: 0.6, Sum: 20.8]
      [Termination (ms): Min: 0.0, Avg: 0.0, Max: 0.0, Diff: 0.0, Sum: 0.0]
         [Termination Attempts: Min: 1, Avg: 8.5, Max: 13, Diff: 12, Sum: 34]
      [GC Worker Other (ms): Min: 0.0, Avg: 0.0, Max: 0.0, Diff: 0.0, Sum: 0.0]
      [GC Worker Total (ms): Min: 7.6, Avg: 8.3, Max: 8.6, Diff: 1.0, Sum: 33.3]
      [GC Worker End (ms): Min: 86511.9, Avg: 86511.9, Max: 86511.9, Diff: 0.0]
   [Code Root Fixup: 0.1 ms]
   [Code Root Purge: 0.0 ms]
   [Clear CT: 0.1 ms]
   [Other: 4.5 ms]
      [Choose CSet: 0.0 ms]
      [Ref Proc: 4.2 ms]
      [Ref Enq: 0.0 ms]
      [Redirty Cards: 0.1 ms]
      [Humongous Register: 0.0 ms]
      [Humongous Reclaim: 0.0 ms]
      [Free CSet: 0.1 ms]
   [Eden: 67.0M(67.0M)->0.0B(58.0M) Survivors: 9216.0K->10.0M Heap: 105.9M(128.0M)->46.8M(128.0M)]
 [Times: user=0.06 sys=0.00, real=0.01 secs] 
2020-11-05T18:36:53.878+0800: 92.100: [GC pause (Metadata GC Threshold) (young) (initial-mark), 0.0112887 secs]
   [Parallel Time: 9.3 ms, GC Workers: 4]
      [GC Worker Start (ms): Min: 92100.0, Avg: 92100.0, Max: 92100.1, Diff: 0.1]
      [Ext Root Scanning (ms): Min: 1.5, Avg: 1.6, Max: 1.8, Diff: 0.3, Sum: 6.6]
      [Update RS (ms): Min: 1.4, Avg: 2.1, Max: 2.4, Diff: 1.1, Sum: 8.2]
         [Processed Buffers: Min: 2, Avg: 6.0, Max: 11, Diff: 9, Sum: 24]
      [Scan RS (ms): Min: 0.0, Avg: 0.0, Max: 0.0, Diff: 0.0, Sum: 0.0]
      [Code Root Scanning (ms): Min: 0.0, Avg: 0.1, Max: 0.3, Diff: 0.3, Sum: 0.5]
      [Object Copy (ms): Min: 4.9, Avg: 5.2, Max: 5.8, Diff: 0.9, Sum: 20.9]
      [Termination (ms): Min: 0.0, Avg: 0.0, Max: 0.0, Diff: 0.0, Sum: 0.0]
         [Termination Attempts: Min: 1, Avg: 5.5, Max: 9, Diff: 8, Sum: 22]
      [GC Worker Other (ms): Min: 0.0, Avg: 0.0, Max: 0.0, Diff: 0.0, Sum: 0.0]
      [GC Worker Total (ms): Min: 9.0, Avg: 9.1, Max: 9.1, Diff: 0.1, Sum: 36.2]
      [GC Worker End (ms): Min: 92109.1, Avg: 92109.1, Max: 92109.1, Diff: 0.0]
   [Code Root Fixup: 0.1 ms]
   [Code Root Purge: 0.0 ms]
   [Clear CT: 0.1 ms]
   [Other: 1.8 ms]
      [Choose CSet: 0.0 ms]
      [Ref Proc: 1.6 ms]
      [Ref Enq: 0.0 ms]
      [Redirty Cards: 0.1 ms]
      [Humongous Register: 0.0 ms]
      [Humongous Reclaim: 0.0 ms]
      [Free CSet: 0.0 ms]
   [Eden: 29.0M(58.0M)->0.0B(57.0M) Survivors: 10.0M->8192.0K Heap: 75.8M(128.0M)->49.0M(128.0M)]
 [Times: user=0.01 sys=0.00, real=0.01 secs] 
2020-11-05T18:36:53.889+0800: 92.111: [GC concurrent-root-region-scan-start]
2020-11-05T18:36:53.898+0800: 92.120: [GC concurrent-root-region-scan-end, 0.0084656 secs]
2020-11-05T18:36:53.898+0800: 92.120: [GC concurrent-mark-start]
2020-11-05T18:36:53.951+0800: 92.173: [GC concurrent-mark-end, 0.0528886 secs]
2020-11-05T18:36:53.951+0800: 92.173: [GC remark 2020-11-05T18:36:53.951+0800: 92.173: [Finalize Marking, 0.0001997 secs] 2020-11-05T18:36:53.951+0800: 92.173: [GC ref-proc, 0.0004303 secs] 2020-11-05T18:36:53.952+0800: 92.174: [Unloading, 0.0113224 secs], 0.0122945 secs]
 [Times: user=0.06 sys=0.00, real=0.01 secs] 
2020-11-05T18:36:53.964+0800: 92.186: [GC cleanup 50M->45M(128M), 0.0005435 secs]
 [Times: user=0.00 sys=0.00, real=0.00 secs] 
2020-11-05T18:36:53.964+0800: 92.186: [GC concurrent-cleanup-start]
2020-11-05T18:36:53.964+0800: 92.186: [GC concurrent-cleanup-end, 0.0000158 secs]
2020-11-05T18:36:57.097+0800: 95.319: [GC pause (G1 Evacuation Pause) (young), 0.0136522 secs]
   [Parallel Time: 11.1 ms, GC Workers: 4]
      [GC Worker Start (ms): Min: 95318.6, Avg: 95318.6, Max: 95318.6, Diff: 0.0]
      [Ext Root Scanning (ms): Min: 0.5, Avg: 0.9, Max: 1.9, Diff: 1.4, Sum: 3.6]
      [Update RS (ms): Min: 2.2, Avg: 3.0, Max: 3.2, Diff: 1.0, Sum: 11.8]
         [Processed Buffers: Min: 5, Avg: 9.3, Max: 14, Diff: 9, Sum: 37]
      [Scan RS (ms): Min: 0.0, Avg: 0.0, Max: 0.0, Diff: 0.0, Sum: 0.0]
      [Code Root Scanning (ms): Min: 0.0, Avg: 1.1, Max: 4.1, Diff: 4.1, Sum: 4.2]
      [Object Copy (ms): Min: 3.1, Avg: 6.1, Max: 7.3, Diff: 4.2, Sum: 24.4]
      [Termination (ms): Min: 0.0, Avg: 0.0, Max: 0.0, Diff: 0.0, Sum: 0.0]
         [Termination Attempts: Min: 1, Avg: 1.3, Max: 2, Diff: 1, Sum: 5]
      [GC Worker Other (ms): Min: 0.0, Avg: 0.0, Max: 0.1, Diff: 0.0, Sum: 0.1]
      [GC Worker Total (ms): Min: 11.1, Avg: 11.1, Max: 11.1, Diff: 0.0, Sum: 44.3]
      [GC Worker End (ms): Min: 95329.7, Avg: 95329.7, Max: 95329.7, Diff: 0.0]
   [Code Root Fixup: 0.3 ms]
   [Code Root Purge: 0.0 ms]
   [Clear CT: 0.1 ms]
   [Other: 2.1 ms]
      [Choose CSet: 0.0 ms]
      [Ref Proc: 1.9 ms]
      [Ref Enq: 0.0 ms]
      [Redirty Cards: 0.1 ms]
      [Humongous Register: 0.0 ms]
      [Humongous Reclaim: 0.0 ms]
      [Free CSet: 0.0 ms]
   [Eden: 57.0M(57.0M)->0.0B(1024.0K) Survivors: 8192.0K->9216.0K Heap: 101.0M(128.0M)->46.6M(128.0M)]
 [Times: user=0.03 sys=0.02, real=0.01 secs] 
2020-11-05T18:36:57.199+0800: 95.420: [GC pause (G1 Evacuation Pause) (mixed), 0.0293493 secs]
   [Parallel Time: 27.5 ms, GC Workers: 4]
      [GC Worker Start (ms): Min: 95420.5, Avg: 95433.3, Max: 95446.5, Diff: 26.0]
      [Ext Root Scanning (ms): Min: 0.0, Avg: 0.9, Max: 2.3, Diff: 2.3, Sum: 3.6]
      [Update RS (ms): Min: 0.0, Avg: 1.2, Max: 2.7, Diff: 2.7, Sum: 4.9]
         [Processed Buffers: Min: 0, Avg: 4.5, Max: 10, Diff: 10, Sum: 18]
      [Scan RS (ms): Min: 0.0, Avg: 1.9, Max: 4.0, Diff: 4.0, Sum: 7.7]
      [Code Root Scanning (ms): Min: 0.0, Avg: 0.1, Max: 0.3, Diff: 0.3, Sum: 0.5]
      [Object Copy (ms): Min: 0.0, Avg: 8.9, Max: 17.8, Diff: 17.8, Sum: 35.5]
      [Termination (ms): Min: 0.0, Avg: 1.2, Max: 1.7, Diff: 1.7, Sum: 5.0]
         [Termination Attempts: Min: 1, Avg: 3.0, Max: 6, Diff: 5, Sum: 12]
      [GC Worker Other (ms): Min: 0.0, Avg: 0.0, Max: 0.0, Diff: 0.0, Sum: 0.0]
      [GC Worker Total (ms): Min: 0.0, Avg: 14.3, Max: 27.5, Diff: 27.4, Sum: 57.1]
      [GC Worker End (ms): Min: 95446.5, Avg: 95447.6, Max: 95448.0, Diff: 1.5]
   [Code Root Fixup: 0.1 ms]
   [Code Root Purge: 0.0 ms]
   [Clear CT: 0.1 ms]
   [Other: 1.6 ms]
      [Choose CSet: 0.0 ms]
      [Ref Proc: 1.2 ms]
      [Ref Enq: 0.0 ms]
      [Redirty Cards: 0.1 ms]
      [Humongous Register: 0.0 ms]
      [Humongous Reclaim: 0.0 ms]
      [Free CSet: 0.1 ms]
   [Eden: 1024.0K(1024.0K)->0.0B(4096.0K) Survivors: 9216.0K->2048.0K Heap: 47.6M(128.0M)->42.4M(128.0M)]
 [Times: user=0.06 sys=0.00, real=0.03 secs] 
2020-11-05T18:36:57.834+0800: 96.056: [GC pause (G1 Evacuation Pause) (mixed), 0.0072141 secs]
   [Parallel Time: 6.6 ms, GC Workers: 4]
      [GC Worker Start (ms): Min: 96056.0, Avg: 96056.0, Max: 96056.0, Diff: 0.0]
      [Ext Root Scanning (ms): Min: 0.5, Avg: 0.7, Max: 1.2, Diff: 0.6, Sum: 2.8]
      [Update RS (ms): Min: 2.2, Avg: 2.4, Max: 2.5, Diff: 0.2, Sum: 9.6]
         [Processed Buffers: Min: 8, Avg: 9.0, Max: 11, Diff: 3, Sum: 36]
      [Scan RS (ms): Min: 0.8, Avg: 1.0, Max: 1.2, Diff: 0.5, Sum: 4.1]
      [Code Root Scanning (ms): Min: 0.0, Avg: 0.1, Max: 0.2, Diff: 0.2, Sum: 0.3]
      [Object Copy (ms): Min: 1.7, Avg: 1.9, Max: 2.0, Diff: 0.3, Sum: 7.5]
      [Termination (ms): Min: 0.0, Avg: 0.4, Max: 0.5, Diff: 0.5, Sum: 1.6]
         [Termination Attempts: Min: 1, Avg: 5.3, Max: 8, Diff: 7, Sum: 21]
      [GC Worker Other (ms): Min: 0.0, Avg: 0.0, Max: 0.0, Diff: 0.0, Sum: 0.0]
      [GC Worker Total (ms): Min: 6.1, Avg: 6.5, Max: 6.6, Diff: 0.5, Sum: 25.9]
      [GC Worker End (ms): Min: 96062.1, Avg: 96062.4, Max: 96062.6, Diff: 0.5]
   [Code Root Fixup: 0.1 ms]
   [Code Root Purge: 0.0 ms]
   [Clear CT: 0.0 ms]
   [Other: 0.4 ms]
      [Choose CSet: 0.0 ms]
      [Ref Proc: 0.3 ms]
      [Ref Enq: 0.0 ms]
      [Redirty Cards: 0.0 ms]
      [Humongous Register: 0.0 ms]
      [Humongous Reclaim: 0.0 ms]
      [Free CSet: 0.1 ms]
   [Eden: 4096.0K(4096.0K)->0.0B(69.0M) Survivors: 2048.0K->1024.0K Heap: 46.4M(128.0M)->42.5M(128.0M)]
 [Times: user=0.00 sys=0.00, real=0.01 secs] 
2020-11-05T18:37:01.036+0800: 99.258: [GC pause (G1 Evacuation Pause) (young), 0.0091514 secs]
   [Parallel Time: 8.2 ms, GC Workers: 4]
      [GC Worker Start (ms): Min: 99257.8, Avg: 99257.8, Max: 99257.9, Diff: 0.0]
      [Ext Root Scanning (ms): Min: 2.1, Avg: 2.5, Max: 2.7, Diff: 0.6, Sum: 9.9]
      [Update RS (ms): Min: 3.7, Avg: 4.1, Max: 4.4, Diff: 0.7, Sum: 16.3]
         [Processed Buffers: Min: 5, Avg: 14.0, Max: 28, Diff: 23, Sum: 56]
      [Scan RS (ms): Min: 0.0, Avg: 0.0, Max: 0.0, Diff: 0.0, Sum: 0.0]
      [Code Root Scanning (ms): Min: 0.0, Avg: 0.0, Max: 0.0, Diff: 0.0, Sum: 0.1]
      [Object Copy (ms): Min: 1.5, Avg: 1.6, Max: 1.8, Diff: 0.3, Sum: 6.4]
      [Termination (ms): Min: 0.0, Avg: 0.0, Max: 0.0, Diff: 0.0, Sum: 0.0]
         [Termination Attempts: Min: 1, Avg: 1.0, Max: 1, Diff: 0, Sum: 4]
      [GC Worker Other (ms): Min: 0.0, Avg: 0.0, Max: 0.0, Diff: 0.0, Sum: 0.0]
      [GC Worker Total (ms): Min: 8.1, Avg: 8.2, Max: 8.2, Diff: 0.0, Sum: 32.6]
      [GC Worker End (ms): Min: 99266.0, Avg: 99266.0, Max: 99266.0, Diff: 0.0]
   [Code Root Fixup: 0.0 ms]
   [Code Root Purge: 0.0 ms]
   [Clear CT: 0.1 ms]
   [Other: 0.8 ms]
      [Choose CSet: 0.0 ms]
      [Ref Proc: 0.6 ms]
      [Ref Enq: 0.0 ms]
      [Redirty Cards: 0.1 ms]
      [Humongous Register: 0.0 ms]
      [Humongous Reclaim: 0.0 ms]
      [Free CSet: 0.0 ms]
   [Eden: 69.0M(69.0M)->0.0B(67.0M) Survivors: 1024.0K->3072.0K Heap: 111.5M(128.0M)->44.4M(128.0M)]
 [Times: user=0.05 sys=0.00, real=0.01 secs] 
2020-11-05T18:37:02.009+0800: 100.231: [GC pause (G1 Evacuation Pause) (young), 0.0071981 secs]
   [Parallel Time: 6.1 ms, GC Workers: 4]
      [GC Worker Start (ms): Min: 100230.8, Avg: 100230.8, Max: 100230.8, Diff: 0.0]
      [Ext Root Scanning (ms): Min: 0.5, Avg: 0.7, Max: 1.2, Diff: 0.7, Sum: 2.7]
      [Update RS (ms): Min: 0.8, Avg: 1.3, Max: 1.6, Diff: 0.8, Sum: 5.1]
         [Processed Buffers: Min: 2, Avg: 6.5, Max: 16, Diff: 14, Sum: 26]
      [Scan RS (ms): Min: 0.0, Avg: 0.0, Max: 0.0, Diff: 0.0, Sum: 0.0]
      [Code Root Scanning (ms): Min: 0.0, Avg: 1.0, Max: 3.9, Diff: 3.9, Sum: 3.9]
      [Object Copy (ms): Min: 0.3, Avg: 3.1, Max: 4.2, Diff: 3.9, Sum: 12.4]
      [Termination (ms): Min: 0.0, Avg: 0.0, Max: 0.0, Diff: 0.0, Sum: 0.0]
         [Termination Attempts: Min: 1, Avg: 1.8, Max: 3, Diff: 2, Sum: 7]
      [GC Worker Other (ms): Min: 0.0, Avg: 0.0, Max: 0.0, Diff: 0.0, Sum: 0.0]
      [GC Worker Total (ms): Min: 6.0, Avg: 6.0, Max: 6.1, Diff: 0.0, Sum: 24.2]
      [GC Worker End (ms): Min: 100236.9, Avg: 100236.9, Max: 100236.9, Diff: 0.0]
   [Code Root Fixup: 0.0 ms]
   [Code Root Purge: 0.0 ms]
   [Clear CT: 0.1 ms]
   [Other: 1.0 ms]
      [Choose CSet: 0.0 ms]
      [Ref Proc: 0.8 ms]
      [Ref Enq: 0.0 ms]
      [Redirty Cards: 0.1 ms]
      [Humongous Register: 0.0 ms]
      [Humongous Reclaim: 0.0 ms]
      [Free CSet: 0.1 ms]
   [Eden: 67.0M(67.0M)->0.0B(61.0M) Survivors: 3072.0K->6144.0K Heap: 111.4M(128.0M)->47.0M(128.0M)]
 [Times: user=0.00 sys=0.00, real=0.01 secs] 
2020-11-05T18:37:03.937+0800: 102.159: [GC pause (G1 Evacuation Pause) (young), 0.0084353 secs]
   [Parallel Time: 7.0 ms, GC Workers: 4]
      [GC Worker Start (ms): Min: 102159.4, Avg: 102159.4, Max: 102159.5, Diff: 0.1]
      [Ext Root Scanning (ms): Min: 0.5, Avg: 0.7, Max: 1.4, Diff: 0.9, Sum: 2.9]
      [Update RS (ms): Min: 0.9, Avg: 1.4, Max: 1.7, Diff: 0.8, Sum: 5.5]
         [Processed Buffers: Min: 3, Avg: 6.3, Max: 9, Diff: 6, Sum: 25]
      [Scan RS (ms): Min: 0.0, Avg: 0.0, Max: 0.0, Diff: 0.0, Sum: 0.0]
      [Code Root Scanning (ms): Min: 0.0, Avg: 0.0, Max: 0.1, Diff: 0.1, Sum: 0.1]
      [Object Copy (ms): Min: 4.6, Avg: 4.7, Max: 4.9, Diff: 0.3, Sum: 18.8]
      [Termination (ms): Min: 0.0, Avg: 0.0, Max: 0.0, Diff: 0.0, Sum: 0.0]
         [Termination Attempts: Min: 1, Avg: 26.3, Max: 37, Diff: 36, Sum: 105]
      [GC Worker Other (ms): Min: 0.0, Avg: 0.0, Max: 0.0, Diff: 0.0, Sum: 0.1]
      [GC Worker Total (ms): Min: 6.9, Avg: 6.9, Max: 6.9, Diff: 0.1, Sum: 27.5]
      [GC Worker End (ms): Min: 102166.3, Avg: 102166.3, Max: 102166.3, Diff: 0.0]
   [Code Root Fixup: 0.1 ms]
   [Code Root Purge: 0.0 ms]
   [Clear CT: 0.2 ms]
   [Other: 1.2 ms]
      [Choose CSet: 0.0 ms]
      [Ref Proc: 1.0 ms]
      [Ref Enq: 0.0 ms]
      [Redirty Cards: 0.1 ms]
      [Humongous Register: 0.0 ms]
      [Humongous Reclaim: 0.0 ms]
      [Free CSet: 0.1 ms]
   [Eden: 61.0M(61.0M)->0.0B(57.0M) Survivors: 6144.0K->8192.0K Heap: 108.0M(128.0M)->49.5M(128.0M)]
 [Times: user=0.06 sys=0.00, real=0.01 secs] 
2020-11-05T18:37:04.611+0800: 102.833: [GC pause (G1 Evacuation Pause) (young), 0.0098037 secs]
   [Parallel Time: 9.0 ms, GC Workers: 4]
      [GC Worker Start (ms): Min: 102832.6, Avg: 102832.9, Max: 102833.9, Diff: 1.3]
      [Ext Root Scanning (ms): Min: 0.0, Avg: 0.8, Max: 1.8, Diff: 1.8, Sum: 3.2]
      [Update RS (ms): Min: 1.5, Avg: 2.0, Max: 2.4, Diff: 0.9, Sum: 7.9]
         [Processed Buffers: Min: 2, Avg: 6.0, Max: 12, Diff: 10, Sum: 24]
      [Scan RS (ms): Min: 0.0, Avg: 0.0, Max: 0.0, Diff: 0.0, Sum: 0.0]
      [Code Root Scanning (ms): Min: 0.0, Avg: 0.0, Max: 0.1, Diff: 0.1, Sum: 0.1]
      [Object Copy (ms): Min: 5.6, Avg: 5.8, Max: 5.9, Diff: 0.3, Sum: 23.1]
      [Termination (ms): Min: 0.0, Avg: 0.0, Max: 0.0, Diff: 0.0, Sum: 0.0]
         [Termination Attempts: Min: 1, Avg: 1.3, Max: 2, Diff: 1, Sum: 5]
      [GC Worker Other (ms): Min: 0.0, Avg: 0.0, Max: 0.0, Diff: 0.0, Sum: 0.1]
      [GC Worker Total (ms): Min: 7.7, Avg: 8.6, Max: 9.0, Diff: 1.3, Sum: 34.6]
      [GC Worker End (ms): Min: 102841.6, Avg: 102841.6, Max: 102841.6, Diff: 0.0]
   [Code Root Fixup: 0.1 ms]
   [Code Root Purge: 0.0 ms]
   [Clear CT: 0.1 ms]
   [Other: 0.7 ms]
      [Choose CSet: 0.0 ms]
      [Ref Proc: 0.4 ms]
      [Ref Enq: 0.0 ms]
      [Redirty Cards: 0.1 ms]
      [Humongous Register: 0.0 ms]
      [Humongous Reclaim: 0.0 ms]
      [Free CSet: 0.1 ms]
   [Eden: 57.0M(57.0M)->0.0B(59.0M) Survivors: 8192.0K->6144.0K Heap: 106.5M(128.0M)->49.2M(128.0M)]
 [Times: user=0.06 sys=0.00, real=0.01 secs] 
2020-11-05T18:37:06.298+0800: 104.520: [GC pause (G1 Evacuation Pause) (young), 0.0107240 secs]
   [Parallel Time: 9.9 ms, GC Workers: 4]
      [GC Worker Start (ms): Min: 104519.6, Avg: 104519.6, Max: 104519.6, Diff: 0.0]
      [Ext Root Scanning (ms): Min: 0.5, Avg: 0.7, Max: 1.4, Diff: 0.9, Sum: 3.0]
      [Update RS (ms): Min: 2.9, Avg: 4.7, Max: 8.5, Diff: 5.6, Sum: 18.9]
         [Processed Buffers: Min: 4, Avg: 10.8, Max: 16, Diff: 12, Sum: 43]
      [Scan RS (ms): Min: 0.0, Avg: 0.0, Max: 0.0, Diff: 0.0, Sum: 0.0]
      [Code Root Scanning (ms): Min: 0.0, Avg: 0.0, Max: 0.1, Diff: 0.1, Sum: 0.1]
      [Object Copy (ms): Min: 0.9, Avg: 4.4, Max: 5.7, Diff: 4.8, Sum: 17.6]
      [Termination (ms): Min: 0.0, Avg: 0.0, Max: 0.0, Diff: 0.0, Sum: 0.0]
         [Termination Attempts: Min: 1, Avg: 5.5, Max: 8, Diff: 7, Sum: 22]
      [GC Worker Other (ms): Min: 0.0, Avg: 0.0, Max: 0.0, Diff: 0.0, Sum: 0.0]
      [GC Worker Total (ms): Min: 9.9, Avg: 9.9, Max: 9.9, Diff: 0.0, Sum: 39.6]
      [GC Worker End (ms): Min: 104529.5, Avg: 104529.5, Max: 104529.5, Diff: 0.0]
   [Code Root Fixup: 0.0 ms]
   [Code Root Purge: 0.0 ms]
   [Clear CT: 0.0 ms]
   [Other: 0.7 ms]
      [Choose CSet: 0.0 ms]
      [Ref Proc: 0.5 ms]
      [Ref Enq: 0.0 ms]
      [Redirty Cards: 0.1 ms]
      [Humongous Register: 0.0 ms]
      [Humongous Reclaim: 0.0 ms]
      [Free CSet: 0.1 ms]
   [Eden: 59.0M(59.0M)->0.0B(55.0M) Survivors: 6144.0K->8192.0K Heap: 108.2M(128.0M)->50.7M(128.0M)]
 [Times: user=0.03 sys=0.00, real=0.01 secs] 
2020-11-05T18:37:06.789+0800: 105.011: [GC pause (G1 Evacuation Pause) (young), 0.0112088 secs]
   [Parallel Time: 10.4 ms, GC Workers: 4]
      [GC Worker Start (ms): Min: 105010.6, Avg: 105010.6, Max: 105010.6, Diff: 0.0]
      [Ext Root Scanning (ms): Min: 0.5, Avg: 0.8, Max: 1.4, Diff: 0.9, Sum: 3.0]
      [Update RS (ms): Min: 1.5, Avg: 2.4, Max: 2.8, Diff: 1.2, Sum: 9.7]
         [Processed Buffers: Min: 1, Avg: 5.8, Max: 11, Diff: 10, Sum: 23]
      [Scan RS (ms): Min: 0.0, Avg: 0.0, Max: 0.1, Diff: 0.1, Sum: 0.1]
      [Code Root Scanning (ms): Min: 0.0, Avg: 0.0, Max: 0.1, Diff: 0.1, Sum: 0.1]
      [Object Copy (ms): Min: 7.0, Avg: 7.1, Max: 7.2, Diff: 0.3, Sum: 28.2]
      [Termination (ms): Min: 0.0, Avg: 0.0, Max: 0.0, Diff: 0.0, Sum: 0.0]
         [Termination Attempts: Min: 1, Avg: 9.8, Max: 15, Diff: 14, Sum: 39]
      [GC Worker Other (ms): Min: 0.0, Avg: 0.0, Max: 0.0, Diff: 0.0, Sum: 0.0]
      [GC Worker Total (ms): Min: 10.3, Avg: 10.3, Max: 10.3, Diff: 0.0, Sum: 41.3]
      [GC Worker End (ms): Min: 105020.9, Avg: 105021.0, Max: 105021.0, Diff: 0.0]
   [Code Root Fixup: 0.1 ms]
   [Code Root Purge: 0.0 ms]
   [Clear CT: 0.1 ms]
   [Other: 0.7 ms]
      [Choose CSet: 0.0 ms]
      [Ref Proc: 0.5 ms]
      [Ref Enq: 0.0 ms]
      [Redirty Cards: 0.0 ms]
      [Humongous Register: 0.0 ms]
      [Humongous Reclaim: 0.0 ms]
      [Free CSet: 0.0 ms]
   [Eden: 55.0M(55.0M)->0.0B(56.0M) Survivors: 8192.0K->6144.0K Heap: 105.7M(128.0M)->52.0M(128.0M)]
 [Times: user=0.00 sys=0.00, real=0.01 secs] 
2020-11-05T18:37:10.980+0800: 109.202: [GC pause (G1 Evacuation Pause) (young), 0.0110621 secs]
   [Parallel Time: 9.4 ms, GC Workers: 4]
      [GC Worker Start (ms): Min: 109202.2, Avg: 109202.7, Max: 109204.0, Diff: 1.7]
      [Ext Root Scanning (ms): Min: 0.0, Avg: 1.0, Max: 1.5, Diff: 1.5, Sum: 3.9]
      [Update RS (ms): Min: 3.8, Avg: 3.9, Max: 4.0, Diff: 0.1, Sum: 15.5]
         [Processed Buffers: Min: 10, Avg: 14.3, Max: 23, Diff: 13, Sum: 57]
      [Scan RS (ms): Min: 0.0, Avg: 0.0, Max: 0.0, Diff: 0.0, Sum: 0.0]
      [Code Root Scanning (ms): Min: 0.0, Avg: 0.0, Max: 0.0, Diff: 0.0, Sum: 0.1]
      [Object Copy (ms): Min: 3.8, Avg: 4.1, Max: 4.4, Diff: 0.5, Sum: 16.4]
      [Termination (ms): Min: 0.0, Avg: 0.0, Max: 0.0, Diff: 0.0, Sum: 0.0]
         [Termination Attempts: Min: 1, Avg: 1.5, Max: 2, Diff: 1, Sum: 6]
      [GC Worker Other (ms): Min: 0.0, Avg: 0.0, Max: 0.0, Diff: 0.0, Sum: 0.0]
      [GC Worker Total (ms): Min: 7.7, Avg: 9.0, Max: 9.4, Diff: 1.7, Sum: 35.9]
      [GC Worker End (ms): Min: 109211.6, Avg: 109211.6, Max: 109211.6, Diff: 0.0]
   [Code Root Fixup: 0.0 ms]
   [Code Root Purge: 0.0 ms]
   [Clear CT: 0.0 ms]
   [Other: 1.5 ms]
      [Choose CSet: 0.0 ms]
      [Ref Proc: 1.0 ms]
      [Ref Enq: 0.0 ms]
      [Redirty Cards: 0.1 ms]
      [Humongous Register: 0.0 ms]
      [Humongous Reclaim: 0.0 ms]
      [Free CSet: 0.4 ms]
   [Eden: 56.0M(56.0M)->0.0B(50.0M) Survivors: 6144.0K->8192.0K Heap: 108.0M(128.0M)->56.5M(128.0M)]
 [Times: user=0.06 sys=0.00, real=0.01 secs] 
2020-11-05T18:37:13.204+0800: 111.426: [GC pause (G1 Evacuation Pause) (young), 0.0139521 secs]
   [Parallel Time: 12.9 ms, GC Workers: 4]
      [GC Worker Start (ms): Min: 111426.1, Avg: 111427.6, Max: 111429.7, Diff: 3.6]
      [Ext Root Scanning (ms): Min: 0.0, Avg: 0.9, Max: 2.1, Diff: 2.1, Sum: 3.6]
      [Update RS (ms): Min: 3.4, Avg: 5.6, Max: 7.7, Diff: 4.3, Sum: 22.4]
         [Processed Buffers: Min: 4, Avg: 10.3, Max: 16, Diff: 12, Sum: 41]
      [Scan RS (ms): Min: 0.0, Avg: 0.0, Max: 0.0, Diff: 0.0, Sum: 0.0]
      [Code Root Scanning (ms): Min: 0.0, Avg: 0.0, Max: 0.1, Diff: 0.1, Sum: 0.1]
      [Object Copy (ms): Min: 2.9, Avg: 4.8, Max: 6.1, Diff: 3.2, Sum: 19.4]
      [Termination (ms): Min: 0.0, Avg: 0.0, Max: 0.0, Diff: 0.0, Sum: 0.0]
         [Termination Attempts: Min: 1, Avg: 5.3, Max: 10, Diff: 9, Sum: 21]
      [GC Worker Other (ms): Min: 0.0, Avg: 0.0, Max: 0.0, Diff: 0.0, Sum: 0.1]
      [GC Worker Total (ms): Min: 9.3, Avg: 11.4, Max: 12.8, Diff: 3.6, Sum: 45.5]
      [GC Worker End (ms): Min: 111438.9, Avg: 111438.9, Max: 111438.9, Diff: 0.0]
   [Code Root Fixup: 0.1 ms]
   [Code Root Purge: 0.0 ms]
   [Clear CT: 0.1 ms]
   [Other: 1.0 ms]
      [Choose CSet: 0.0 ms]
      [Ref Proc: 0.7 ms]
      [Ref Enq: 0.0 ms]
      [Redirty Cards: 0.1 ms]
      [Humongous Register: 0.0 ms]
      [Humongous Reclaim: 0.0 ms]
      [Free CSet: 0.0 ms]
   [Eden: 50.0M(50.0M)->0.0B(47.0M) Survivors: 8192.0K->8192.0K Heap: 106.5M(128.0M)->58.9M(128.0M)]
 [Times: user=0.06 sys=0.00, real=0.01 secs] 
2020-11-05T18:37:21.808+0800: 120.030: [GC pause (G1 Evacuation Pause) (young), 0.0157895 secs]
   [Parallel Time: 14.2 ms, GC Workers: 4]
      [GC Worker Start (ms): Min: 120030.5, Avg: 120030.6, Max: 120030.7, Diff: 0.2]
      [Ext Root Scanning (ms): Min: 0.6, Avg: 0.9, Max: 1.7, Diff: 1.1, Sum: 3.6]
      [Update RS (ms): Min: 3.0, Avg: 3.5, Max: 3.9, Diff: 0.9, Sum: 13.9]
         [Processed Buffers: Min: 7, Avg: 12.3, Max: 19, Diff: 12, Sum: 49]
      [Scan RS (ms): Min: 0.0, Avg: 0.0, Max: 0.0, Diff: 0.0, Sum: 0.0]
      [Code Root Scanning (ms): Min: 0.0, Avg: 0.0, Max: 0.1, Diff: 0.1, Sum: 0.2]
      [Object Copy (ms): Min: 9.1, Avg: 9.3, Max: 9.5, Diff: 0.3, Sum: 37.1]
      [Termination (ms): Min: 0.0, Avg: 0.3, Max: 0.4, Diff: 0.4, Sum: 1.1]
         [Termination Attempts: Min: 1, Avg: 25.8, Max: 36, Diff: 35, Sum: 103]
      [GC Worker Other (ms): Min: 0.0, Avg: 0.0, Max: 0.0, Diff: 0.0, Sum: 0.0]
      [GC Worker Total (ms): Min: 13.8, Avg: 14.0, Max: 14.2, Diff: 0.3, Sum: 56.0]
      [GC Worker End (ms): Min: 120044.3, Avg: 120044.6, Max: 120044.7, Diff: 0.4]
   [Code Root Fixup: 0.1 ms]
   [Code Root Purge: 0.0 ms]
   [Clear CT: 0.1 ms]
   [Other: 1.4 ms]
      [Choose CSet: 0.0 ms]
      [Ref Proc: 1.2 ms]
      [Ref Enq: 0.0 ms]
      [Redirty Cards: 0.1 ms]
      [Humongous Register: 0.0 ms]
      [Humongous Reclaim: 0.0 ms]
      [Free CSet: 0.0 ms]
   [Eden: 47.0M(47.0M)->0.0B(43.0M) Survivors: 8192.0K->7168.0K Heap: 105.9M(128.0M)->64.7M(128.0M)]
 [Times: user=0.05 sys=0.00, real=0.02 secs] 
2020-11-05T18:37:22.211+0800: 120.433: [GC pause (G1 Evacuation Pause) (young) (initial-mark), 0.0125206 secs]
   [Parallel Time: 11.5 ms, GC Workers: 4]
      [GC Worker Start (ms): Min: 120433.6, Avg: 120433.8, Max: 120434.5, Diff: 0.9]
      [Ext Root Scanning (ms): Min: 1.1, Avg: 1.8, Max: 2.1, Diff: 1.0, Sum: 7.0]
      [Update RS (ms): Min: 3.6, Avg: 3.8, Max: 4.0, Diff: 0.4, Sum: 15.4]
         [Processed Buffers: Min: 7, Avg: 11.5, Max: 17, Diff: 10, Sum: 46]
      [Scan RS (ms): Min: 0.0, Avg: 0.0, Max: 0.0, Diff: 0.0, Sum: 0.0]
      [Code Root Scanning (ms): Min: 0.0, Avg: 0.0, Max: 0.1, Diff: 0.1, Sum: 0.1]
      [Object Copy (ms): Min: 5.3, Avg: 5.5, Max: 5.6, Diff: 0.3, Sum: 21.9]
      [Termination (ms): Min: 0.0, Avg: 0.0, Max: 0.0, Diff: 0.0, Sum: 0.0]
         [Termination Attempts: Min: 1, Avg: 36.5, Max: 63, Diff: 62, Sum: 146]
      [GC Worker Other (ms): Min: 0.0, Avg: 0.0, Max: 0.0, Diff: 0.0, Sum: 0.0]
      [GC Worker Total (ms): Min: 10.5, Avg: 11.1, Max: 11.3, Diff: 0.9, Sum: 44.5]
      [GC Worker End (ms): Min: 120444.9, Avg: 120444.9, Max: 120444.9, Diff: 0.0]
   [Code Root Fixup: 0.1 ms]
   [Code Root Purge: 0.0 ms]
   [Clear CT: 0.1 ms]
   [Other: 0.8 ms]
      [Choose CSet: 0.0 ms]
      [Ref Proc: 0.6 ms]
      [Ref Enq: 0.0 ms]
      [Redirty Cards: 0.1 ms]
      [Humongous Register: 0.0 ms]
      [Humongous Reclaim: 0.0 ms]
      [Free CSet: 0.1 ms]
   [Eden: 43.0M(43.0M)->0.0B(40.0M) Survivors: 7168.0K->7168.0K Heap: 107.7M(128.0M)->67.5M(128.0M)]
 [Times: user=0.02 sys=0.00, real=0.01 secs] 
2020-11-05T18:37:22.224+0800: 120.446: [GC concurrent-root-region-scan-start]
2020-11-05T18:37:22.233+0800: 120.455: [GC concurrent-root-region-scan-end, 0.0085726 secs]
2020-11-05T18:37:22.233+0800: 120.455: [GC concurrent-mark-start]
2020-11-05T18:37:22.315+0800: 120.537: [GC concurrent-mark-end, 0.0827520 secs]
2020-11-05T18:37:22.316+0800: 120.538: [GC remark 2020-11-05T18:37:22.316+0800: 120.538: [Finalize Marking, 0.0046765 secs] 2020-11-05T18:37:22.320+0800: 120.543: [GC ref-proc, 0.0013880 secs] 2020-11-05T18:37:22.322+0800: 120.544: [Unloading, 0.0124767 secs], 0.0189052 secs]
 [Times: user=0.11 sys=0.00, real=0.02 secs] 
2020-11-05T18:37:22.338+0800: 120.560: [GC cleanup 73M->73M(128M), 0.0004783 secs]
 [Times: user=0.00 sys=0.00, real=0.00 secs] 
2020-11-05T18:37:25.012+0800: 123.235: [GC pause (G1 Evacuation Pause) (young), 0.0133511 secs]
   [Parallel Time: 12.6 ms, GC Workers: 4]
      [GC Worker Start (ms): Min: 123234.7, Avg: 123234.8, Max: 123235.1, Diff: 0.4]
      [Ext Root Scanning (ms): Min: 0.6, Avg: 1.5, Max: 3.2, Diff: 2.6, Sum: 6.0]
      [Update RS (ms): Min: 3.2, Avg: 4.8, Max: 5.4, Diff: 2.2, Sum: 19.2]
         [Processed Buffers: Min: 7, Avg: 13.8, Max: 24, Diff: 17, Sum: 55]
      [Scan RS (ms): Min: 0.0, Avg: 0.0, Max: 0.0, Diff: 0.0, Sum: 0.0]
      [Code Root Scanning (ms): Min: 0.0, Avg: 0.0, Max: 0.1, Diff: 0.1, Sum: 0.2]
      [Object Copy (ms): Min: 5.8, Avg: 5.9, Max: 6.0, Diff: 0.2, Sum: 23.7]
      [Termination (ms): Min: 0.0, Avg: 0.1, Max: 0.2, Diff: 0.2, Sum: 0.5]
         [Termination Attempts: Min: 1, Avg: 4.3, Max: 7, Diff: 6, Sum: 17]
      [GC Worker Other (ms): Min: 0.0, Avg: 0.0, Max: 0.0, Diff: 0.0, Sum: 0.0]
      [GC Worker Total (ms): Min: 12.1, Avg: 12.4, Max: 12.5, Diff: 0.5, Sum: 49.6]
      [GC Worker End (ms): Min: 123247.1, Avg: 123247.2, Max: 123247.2, Diff: 0.1]
   [Code Root Fixup: 0.1 ms]
   [Code Root Purge: 0.0 ms]
   [Clear CT: 0.1 ms]
   [Other: 0.6 ms]
      [Choose CSet: 0.0 ms]
      [Ref Proc: 0.3 ms]
      [Ref Enq: 0.0 ms]
      [Redirty Cards: 0.1 ms]
      [Humongous Register: 0.0 ms]
      [Humongous Reclaim: 0.0 ms]
      [Free CSet: 0.1 ms]
   [Eden: 40.0M(40.0M)->0.0B(1024.0K) Survivors: 7168.0K->5120.0K Heap: 107.5M(128.0M)->69.4M(128.0M)]
 [Times: user=0.05 sys=0.00, real=0.01 secs] 
2020-11-05T18:37:25.034+0800: 123.257: [GC pause (G1 Evacuation Pause) (mixed), 0.0175892 secs]
   [Parallel Time: 16.6 ms, GC Workers: 4]
      [GC Worker Start (ms): Min: 123256.9, Avg: 123257.2, Max: 123258.0, Diff: 1.1]
      [Ext Root Scanning (ms): Min: 0.0, Avg: 0.9, Max: 1.7, Diff: 1.7, Sum: 3.6]
      [Update RS (ms): Min: 3.6, Avg: 4.8, Max: 6.1, Diff: 2.4, Sum: 19.1]
         [Processed Buffers: Min: 4, Avg: 8.5, Max: 16, Diff: 12, Sum: 34]
      [Scan RS (ms): Min: 0.8, Avg: 1.8, Max: 2.5, Diff: 1.7, Sum: 7.2]
      [Code Root Scanning (ms): Min: 0.0, Avg: 0.0, Max: 0.0, Diff: 0.0, Sum: 0.0]
      [Object Copy (ms): Min: 7.8, Avg: 8.0, Max: 8.3, Diff: 0.4, Sum: 32.1]
      [Termination (ms): Min: 0.0, Avg: 0.5, Max: 0.7, Diff: 0.7, Sum: 2.0]
         [Termination Attempts: Min: 1, Avg: 2.5, Max: 4, Diff: 3, Sum: 10]
      [GC Worker Other (ms): Min: 0.0, Avg: 0.0, Max: 0.0, Diff: 0.0, Sum: 0.0]
      [GC Worker Total (ms): Min: 15.4, Avg: 16.0, Max: 16.5, Diff: 1.1, Sum: 64.1]
      [GC Worker End (ms): Min: 123272.8, Avg: 123273.3, Max: 123273.4, Diff: 0.7]
   [Code Root Fixup: 0.0 ms]
   [Code Root Purge: 0.0 ms]
   [Clear CT: 0.1 ms]
   [Other: 0.9 ms]
      [Choose CSet: 0.0 ms]
      [Ref Proc: 0.2 ms]
      [Ref Enq: 0.1 ms]
      [Redirty Cards: 0.2 ms]
      [Humongous Register: 0.0 ms]
      [Humongous Reclaim: 0.0 ms]
      [Free CSet: 0.1 ms]
   [Eden: 1024.0K(1024.0K)->0.0B(5120.0K) Survivors: 5120.0K->1024.0K Heap: 70.4M(128.0M)->62.5M(128.0M)]
 [Times: user=0.06 sys=0.00, real=0.02 secs] 
2020-11-05T18:37:25.603+0800: 123.826: [GC pause (G1 Evacuation Pause) (mixed), 0.0185607 secs]
   [Parallel Time: 17.3 ms, GC Workers: 4]
      [GC Worker Start (ms): Min: 123825.9, Avg: 123825.9, Max: 123825.9, Diff: 0.0]
      [Ext Root Scanning (ms): Min: 0.6, Avg: 0.9, Max: 1.9, Diff: 1.4, Sum: 3.8]
      [Update RS (ms): Min: 6.0, Avg: 7.0, Max: 8.0, Diff: 2.0, Sum: 28.1]
         [Processed Buffers: Min: 15, Avg: 20.8, Max: 31, Diff: 16, Sum: 83]
      [Scan RS (ms): Min: 2.2, Avg: 2.8, Max: 3.1, Diff: 1.0, Sum: 11.4]
      [Code Root Scanning (ms): Min: 0.0, Avg: 0.1, Max: 0.1, Diff: 0.1, Sum: 0.2]
      [Object Copy (ms): Min: 5.9, Avg: 6.0, Max: 6.0, Diff: 0.1, Sum: 24.0]
      [Termination (ms): Min: 0.0, Avg: 0.3, Max: 0.4, Diff: 0.4, Sum: 1.2]
         [Termination Attempts: Min: 1, Avg: 1.0, Max: 1, Diff: 0, Sum: 4]
      [GC Worker Other (ms): Min: 0.0, Avg: 0.0, Max: 0.0, Diff: 0.0, Sum: 0.0]
      [GC Worker Total (ms): Min: 16.9, Avg: 17.2, Max: 17.3, Diff: 0.4, Sum: 68.7]
      [GC Worker End (ms): Min: 123842.8, Avg: 123843.1, Max: 123843.2, Diff: 0.4]
   [Code Root Fixup: 0.1 ms]
   [Code Root Purge: 0.0 ms]
   [Clear CT: 0.1 ms]
   [Other: 1.0 ms]
      [Choose CSet: 0.0 ms]
      [Ref Proc: 0.7 ms]
      [Ref Enq: 0.0 ms]
      [Redirty Cards: 0.1 ms]
      [Humongous Register: 0.0 ms]
      [Humongous Reclaim: 0.0 ms]
      [Free CSet: 0.1 ms]
   [Eden: 5120.0K(5120.0K)->0.0B(5120.0K) Survivors: 1024.0K->1024.0K Heap: 67.5M(128.0M)->58.5M(128.0M)]
 [Times: user=0.06 sys=0.00, real=0.02 secs] 
2020-11-05T18:37:25.657+0800: 123.880: [GC pause (G1 Evacuation Pause) (mixed), 0.0190913 secs]
   [Parallel Time: 18.3 ms, GC Workers: 4]
      [GC Worker Start (ms): Min: 123880.1, Avg: 123880.1, Max: 123880.1, Diff: 0.0]
      [Ext Root Scanning (ms): Min: 0.6, Avg: 0.9, Max: 1.5, Diff: 0.9, Sum: 3.4]
      [Update RS (ms): Min: 6.7, Avg: 7.1, Max: 7.5, Diff: 0.8, Sum: 28.6]
         [Processed Buffers: Min: 10, Avg: 14.8, Max: 17, Diff: 7, Sum: 59]
      [Scan RS (ms): Min: 4.1, Avg: 4.7, Max: 6.1, Diff: 2.0, Sum: 18.8]
      [Code Root Scanning (ms): Min: 0.0, Avg: 0.1, Max: 0.1, Diff: 0.1, Sum: 0.2]
      [Object Copy (ms): Min: 4.1, Avg: 5.5, Max: 6.1, Diff: 2.1, Sum: 22.0]
      [Termination (ms): Min: 0.0, Avg: 0.0, Max: 0.0, Diff: 0.0, Sum: 0.1]
         [Termination Attempts: Min: 1, Avg: 1.3, Max: 2, Diff: 1, Sum: 5]
      [GC Worker Other (ms): Min: 0.0, Avg: 0.0, Max: 0.0, Diff: 0.0, Sum: 0.0]
      [GC Worker Total (ms): Min: 18.3, Avg: 18.3, Max: 18.3, Diff: 0.0, Sum: 73.2]
      [GC Worker End (ms): Min: 123898.4, Avg: 123898.4, Max: 123898.4, Diff: 0.0]
   [Code Root Fixup: 0.1 ms]
   [Code Root Purge: 0.0 ms]
   [Clear CT: 0.0 ms]
   [Other: 0.6 ms]
      [Choose CSet: 0.0 ms]
      [Ref Proc: 0.3 ms]
      [Ref Enq: 0.0 ms]
      [Redirty Cards: 0.1 ms]
      [Humongous Register: 0.0 ms]
      [Humongous Reclaim: 0.0 ms]
      [Free CSet: 0.1 ms]
   [Eden: 5120.0K(5120.0K)->0.0B(55.0M) Survivors: 1024.0K->1024.0K Heap: 63.5M(128.0M)->56.0M(128.0M)]
 [Times: user=0.05 sys=0.02, real=0.02 secs] 
2020-11-05T18:37:29.145+0800: 127.368: [GC pause (G1 Evacuation Pause) (young), 0.0119772 secs]
   [Parallel Time: 10.5 ms, GC Workers: 4]
      [GC Worker Start (ms): Min: 127367.6, Avg: 127367.8, Max: 127368.2, Diff: 0.5]
      [Ext Root Scanning (ms): Min: 0.7, Avg: 1.1, Max: 1.7, Diff: 0.9, Sum: 4.6]
      [Update RS (ms): Min: 7.3, Avg: 7.7, Max: 8.0, Diff: 0.7, Sum: 30.9]
         [Processed Buffers: Min: 15, Avg: 23.0, Max: 31, Diff: 16, Sum: 92]
      [Scan RS (ms): Min: 0.0, Avg: 0.1, Max: 0.2, Diff: 0.2, Sum: 0.3]
      [Code Root Scanning (ms): Min: 0.0, Avg: 0.0, Max: 0.0, Diff: 0.0, Sum: 0.1]
      [Object Copy (ms): Min: 1.2, Avg: 1.3, Max: 1.4, Diff: 0.1, Sum: 5.1]
      [Termination (ms): Min: 0.0, Avg: 0.0, Max: 0.0, Diff: 0.0, Sum: 0.0]
         [Termination Attempts: Min: 1, Avg: 1.0, Max: 1, Diff: 0, Sum: 4]
      [GC Worker Other (ms): Min: 0.0, Avg: 0.0, Max: 0.0, Diff: 0.0, Sum: 0.0]
      [GC Worker Total (ms): Min: 9.9, Avg: 10.2, Max: 10.4, Diff: 0.5, Sum: 41.0]
      [GC Worker End (ms): Min: 127378.1, Avg: 127378.1, Max: 127378.1, Diff: 0.0]
   [Code Root Fixup: 0.0 ms]
   [Code Root Purge: 0.0 ms]
   [Clear CT: 0.1 ms]
   [Other: 1.3 ms]
      [Choose CSet: 0.0 ms]
      [Ref Proc: 1.1 ms]
      [Ref Enq: 0.0 ms]
      [Redirty Cards: 0.0 ms]
      [Humongous Register: 0.0 ms]
      [Humongous Reclaim: 0.0 ms]
      [Free CSet: 0.1 ms]
   [Eden: 55.0M(55.0M)->0.0B(53.0M) Survivors: 1024.0K->3072.0K Heap: 111.0M(128.0M)->58.5M(128.0M)]
 [Times: user=0.00 sys=0.00, real=0.01 secs] 
2020-11-05T18:37:47.072+0800: 145.294: [GC pause (G1 Evacuation Pause) (young), 0.0097005 secs]
   [Parallel Time: 6.9 ms, GC Workers: 4]
      [GC Worker Start (ms): Min: 145293.9, Avg: 145294.2, Max: 145295.2, Diff: 1.3]
      [Ext Root Scanning (ms): Min: 0.4, Avg: 1.5, Max: 2.3, Diff: 1.9, Sum: 5.9]
      [Update RS (ms): Min: 1.5, Avg: 1.9, Max: 2.1, Diff: 0.6, Sum: 7.5]
         [Processed Buffers: Min: 4, Avg: 13.0, Max: 31, Diff: 27, Sum: 52]
      [Scan RS (ms): Min: 0.0, Avg: 0.0, Max: 0.0, Diff: 0.0, Sum: 0.0]
      [Code Root Scanning (ms): Min: 0.0, Avg: 0.0, Max: 0.1, Diff: 0.1, Sum: 0.2]
      [Object Copy (ms): Min: 3.0, Avg: 3.1, Max: 3.2, Diff: 0.2, Sum: 12.4]
      [Termination (ms): Min: 0.0, Avg: 0.0, Max: 0.0, Diff: 0.0, Sum: 0.0]
         [Termination Attempts: Min: 1, Avg: 1.0, Max: 1, Diff: 0, Sum: 4]
      [GC Worker Other (ms): Min: 0.0, Avg: 0.0, Max: 0.0, Diff: 0.0, Sum: 0.1]
      [GC Worker Total (ms): Min: 5.6, Avg: 6.5, Max: 6.9, Diff: 1.3, Sum: 26.1]
      [GC Worker End (ms): Min: 145300.8, Avg: 145300.8, Max: 145300.8, Diff: 0.0]
   [Code Root Fixup: 0.1 ms]
   [Code Root Purge: 0.0 ms]
   [Clear CT: 0.2 ms]
   [Other: 2.4 ms]
      [Choose CSet: 0.0 ms]
      [Ref Proc: 2.1 ms]
      [Ref Enq: 0.0 ms]
      [Redirty Cards: 0.1 ms]
      [Humongous Register: 0.0 ms]
      [Humongous Reclaim: 0.0 ms]
      [Free CSet: 0.0 ms]
   [Eden: 53.0M(53.0M)->0.0B(49.0M) Survivors: 3072.0K->5120.0K Heap: 111.5M(128.0M)->60.0M(128.0M)]
 [Times: user=0.00 sys=0.00, real=0.01 secs] 
2020-11-05T18:39:08.604+0800: 226.827: [GC pause (G1 Evacuation Pause) (young), 0.0091767 secs]
   [Parallel Time: 8.0 ms, GC Workers: 4]
      [GC Worker Start (ms): Min: 226826.8, Avg: 226826.8, Max: 226826.8, Diff: 0.1]
      [Ext Root Scanning (ms): Min: 0.8, Avg: 1.7, Max: 3.0, Diff: 2.2, Sum: 6.8]
      [Update RS (ms): Min: 1.8, Avg: 3.0, Max: 3.9, Diff: 2.0, Sum: 12.0]
         [Processed Buffers: Min: 3, Avg: 13.0, Max: 20, Diff: 17, Sum: 52]
      [Scan RS (ms): Min: 0.0, Avg: 0.0, Max: 0.0, Diff: 0.0, Sum: 0.0]
      [Code Root Scanning (ms): Min: 0.0, Avg: 0.8, Max: 2.9, Diff: 2.9, Sum: 3.3]
      [Object Copy (ms): Min: 0.4, Avg: 2.4, Max: 3.3, Diff: 2.9, Sum: 9.6]
      [Termination (ms): Min: 0.0, Avg: 0.0, Max: 0.0, Diff: 0.0, Sum: 0.0]
         [Termination Attempts: Min: 1, Avg: 1.3, Max: 2, Diff: 1, Sum: 5]
      [GC Worker Other (ms): Min: 0.0, Avg: 0.0, Max: 0.0, Diff: 0.0, Sum: 0.1]
      [GC Worker Total (ms): Min: 7.9, Avg: 8.0, Max: 8.0, Diff: 0.1, Sum: 31.9]
      [GC Worker End (ms): Min: 226834.8, Avg: 226834.8, Max: 226834.8, Diff: 0.0]
   [Code Root Fixup: 0.1 ms]
   [Code Root Purge: 0.0 ms]
   [Clear CT: 0.1 ms]
   [Other: 0.9 ms]
      [Choose CSet: 0.0 ms]
      [Ref Proc: 0.6 ms]
      [Ref Enq: 0.0 ms]
      [Redirty Cards: 0.1 ms]
      [Humongous Register: 0.0 ms]
      [Humongous Reclaim: 0.0 ms]
      [Free CSet: 0.1 ms]
   [Eden: 49.0M(49.0M)->0.0B(49.0M) Survivors: 5120.0K->5120.0K Heap: 109.0M(128.0M)->60.0M(128.0M)]
 [Times: user=0.00 sys=0.00, real=0.01 secs] 
2020-11-05T18:40:22.607+0800: 300.829: [GC pause (G1 Evacuation Pause) (young), 0.0059246 secs]
   [Parallel Time: 5.0 ms, GC Workers: 4]
      [GC Worker Start (ms): Min: 300829.6, Avg: 300829.6, Max: 300829.7, Diff: 0.1]
      [Ext Root Scanning (ms): Min: 0.6, Avg: 1.1, Max: 2.2, Diff: 1.6, Sum: 4.3]
      [Update RS (ms): Min: 1.1, Avg: 2.2, Max: 2.6, Diff: 1.5, Sum: 8.6]
         [Processed Buffers: Min: 2, Avg: 11.8, Max: 35, Diff: 33, Sum: 47]
      [Scan RS (ms): Min: 0.0, Avg: 0.0, Max: 0.0, Diff: 0.0, Sum: 0.0]
      [Code Root Scanning (ms): Min: 0.0, Avg: 0.1, Max: 0.2, Diff: 0.2, Sum: 0.4]
      [Object Copy (ms): Min: 1.4, Avg: 1.6, Max: 1.7, Diff: 0.3, Sum: 6.4]
      [Termination (ms): Min: 0.0, Avg: 0.0, Max: 0.0, Diff: 0.0, Sum: 0.0]
         [Termination Attempts: Min: 1, Avg: 1.0, Max: 1, Diff: 0, Sum: 4]
      [GC Worker Other (ms): Min: 0.0, Avg: 0.0, Max: 0.0, Diff: 0.0, Sum: 0.1]
      [GC Worker Total (ms): Min: 4.9, Avg: 4.9, Max: 5.0, Diff: 0.1, Sum: 19.8]
      [GC Worker End (ms): Min: 300834.6, Avg: 300834.6, Max: 300834.6, Diff: 0.0]
   [Code Root Fixup: 0.1 ms]
   [Code Root Purge: 0.0 ms]
   [Clear CT: 0.0 ms]
   [Other: 0.8 ms]
      [Choose CSet: 0.0 ms]
      [Ref Proc: 0.5 ms]
      [Ref Enq: 0.0 ms]
      [Redirty Cards: 0.1 ms]
      [Humongous Register: 0.0 ms]
      [Humongous Reclaim: 0.0 ms]
      [Free CSet: 0.0 ms]
   [Eden: 49.0M(49.0M)->0.0B(51.0M) Survivors: 5120.0K->4096.0K Heap: 109.0M(128.0M)->59.4M(128.0M)]
 [Times: user=0.00 sys=0.00, real=0.01 secs] 
2020-11-05T18:41:44.610+0800: 382.832: [GC pause (G1 Evacuation Pause) (young), 0.0056539 secs]
   [Parallel Time: 4.7 ms, GC Workers: 4]
      [GC Worker Start (ms): Min: 382832.4, Avg: 382832.5, Max: 382832.5, Diff: 0.1]
      [Ext Root Scanning (ms): Min: 0.7, Avg: 1.1, Max: 2.3, Diff: 1.6, Sum: 4.4]
      [Update RS (ms): Min: 0.6, Avg: 1.7, Max: 2.2, Diff: 1.6, Sum: 6.9]
         [Processed Buffers: Min: 5, Avg: 12.8, Max: 26, Diff: 21, Sum: 51]
      [Scan RS (ms): Min: 0.0, Avg: 0.0, Max: 0.0, Diff: 0.0, Sum: 0.0]
      [Code Root Scanning (ms): Min: 0.0, Avg: 0.1, Max: 0.2, Diff: 0.2, Sum: 0.5]
      [Object Copy (ms): Min: 1.5, Avg: 1.5, Max: 1.5, Diff: 0.0, Sum: 6.0]
      [Termination (ms): Min: 0.0, Avg: 0.1, Max: 0.1, Diff: 0.1, Sum: 0.3]
         [Termination Attempts: Min: 1, Avg: 1.0, Max: 1, Diff: 0, Sum: 4]
      [GC Worker Other (ms): Min: 0.0, Avg: 0.0, Max: 0.0, Diff: 0.0, Sum: 0.0]
      [GC Worker Total (ms): Min: 4.4, Avg: 4.5, Max: 4.6, Diff: 0.2, Sum: 18.1]
      [GC Worker End (ms): Min: 382837.0, Avg: 382837.0, Max: 382837.1, Diff: 0.1]
   [Code Root Fixup: 0.1 ms]
   [Code Root Purge: 0.1 ms]
   [Clear CT: 0.1 ms]
   [Other: 0.7 ms]
      [Choose CSet: 0.0 ms]
      [Ref Proc: 0.4 ms]
      [Ref Enq: 0.0 ms]
      [Redirty Cards: 0.1 ms]
      [Humongous Register: 0.0 ms]
      [Humongous Reclaim: 0.0 ms]
      [Free CSet: 0.1 ms]
   [Eden: 51.0M(51.0M)->0.0B(51.0M) Survivors: 4096.0K->4096.0K Heap: 110.4M(128.0M)->59.0M(128.0M)]
 [Times: user=0.06 sys=0.00, real=0.01 secs] 
2020-11-05T18:43:07.608+0800: 465.831: [GC pause (G1 Evacuation Pause) (young), 0.0090969 secs]
   [Parallel Time: 8.1 ms, GC Workers: 4]
      [GC Worker Start (ms): Min: 465831.3, Avg: 465831.4, Max: 465831.5, Diff: 0.2]
      [Ext Root Scanning (ms): Min: 1.6, Avg: 2.2, Max: 3.7, Diff: 2.1, Sum: 8.7]
      [Update RS (ms): Min: 0.7, Avg: 2.1, Max: 2.8, Diff: 2.0, Sum: 8.3]
         [Processed Buffers: Min: 4, Avg: 12.0, Max: 20, Diff: 16, Sum: 48]
      [Scan RS (ms): Min: 0.0, Avg: 0.0, Max: 0.0, Diff: 0.0, Sum: 0.0]
      [Code Root Scanning (ms): Min: 0.0, Avg: 0.3, Max: 0.8, Diff: 0.8, Sum: 1.1]
      [Object Copy (ms): Min: 2.9, Avg: 3.2, Max: 3.4, Diff: 0.4, Sum: 12.7]
      [Termination (ms): Min: 0.0, Avg: 0.1, Max: 0.1, Diff: 0.1, Sum: 0.4]
         [Termination Attempts: Min: 1, Avg: 1.0, Max: 1, Diff: 0, Sum: 4]
      [GC Worker Other (ms): Min: 0.0, Avg: 0.0, Max: 0.0, Diff: 0.0, Sum: 0.1]
      [GC Worker Total (ms): Min: 7.7, Avg: 7.8, Max: 7.9, Diff: 0.2, Sum: 31.3]
      [GC Worker End (ms): Min: 465839.1, Avg: 465839.2, Max: 465839.2, Diff: 0.1]
   [Code Root Fixup: 0.1 ms]
   [Code Root Purge: 0.0 ms]
   [Clear CT: 0.0 ms]
   [Other: 0.8 ms]
      [Choose CSet: 0.0 ms]
      [Ref Proc: 0.4 ms]
      [Ref Enq: 0.0 ms]
      [Redirty Cards: 0.1 ms]
      [Humongous Register: 0.0 ms]
      [Humongous Reclaim: 0.0 ms]
      [Free CSet: 0.1 ms]
   [Eden: 51.0M(51.0M)->0.0B(51.0M) Survivors: 4096.0K->4096.0K Heap: 110.0M(128.0M)->59.5M(128.0M)]
 [Times: user=0.05 sys=0.00, real=0.01 secs] 
2020-11-05T18:44:28.011+0800: 546.233: [GC pause (G1 Evacuation Pause) (young), 0.0056124 secs]
   [Parallel Time: 4.3 ms, GC Workers: 4]
      [GC Worker Start (ms): Min: 546233.4, Avg: 546233.5, Max: 546233.6, Diff: 0.1]
      [Ext Root Scanning (ms): Min: 0.7, Avg: 1.0, Max: 1.6, Diff: 0.9, Sum: 3.8]
      [Update RS (ms): Min: 1.2, Avg: 1.8, Max: 2.0, Diff: 0.8, Sum: 7.1]
         [Processed Buffers: Min: 4, Avg: 12.0, Max: 25, Diff: 21, Sum: 48]
      [Scan RS (ms): Min: 0.0, Avg: 0.0, Max: 0.0, Diff: 0.0, Sum: 0.0]
      [Code Root Scanning (ms): Min: 0.0, Avg: 0.1, Max: 0.3, Diff: 0.3, Sum: 0.4]
      [Object Copy (ms): Min: 1.1, Avg: 1.3, Max: 1.4, Diff: 0.4, Sum: 5.3]
      [Termination (ms): Min: 0.0, Avg: 0.0, Max: 0.0, Diff: 0.0, Sum: 0.0]
         [Termination Attempts: Min: 1, Avg: 1.0, Max: 1, Diff: 0, Sum: 4]
      [GC Worker Other (ms): Min: 0.0, Avg: 0.0, Max: 0.0, Diff: 0.0, Sum: 0.0]
      [GC Worker Total (ms): Min: 4.1, Avg: 4.2, Max: 4.2, Diff: 0.1, Sum: 16.7]
      [GC Worker End (ms): Min: 546237.7, Avg: 546237.7, Max: 546237.7, Diff: 0.0]
   [Code Root Fixup: 0.2 ms]
   [Code Root Purge: 0.0 ms]
   [Clear CT: 0.4 ms]
   [Other: 0.6 ms]
      [Choose CSet: 0.0 ms]
      [Ref Proc: 0.4 ms]
      [Ref Enq: 0.0 ms]
      [Redirty Cards: 0.1 ms]
      [Humongous Register: 0.0 ms]
      [Humongous Reclaim: 0.0 ms]
      [Free CSet: 0.1 ms]
   [Eden: 51.0M(51.0M)->0.0B(49.0M) Survivors: 4096.0K->5120.0K Heap: 110.5M(128.0M)->59.9M(128.0M)]
 [Times: user=0.00 sys=0.00, real=0.01 secs] 
2020-11-05T18:45:45.607+0800: 623.830: [GC pause (G1 Evacuation Pause) (young), 0.0076407 secs]
   [Parallel Time: 6.2 ms, GC Workers: 4]
      [GC Worker Start (ms): Min: 623829.6, Avg: 623829.7, Max: 623829.8, Diff: 0.1]
      [Ext Root Scanning (ms): Min: 0.6, Avg: 1.5, Max: 4.0, Diff: 3.4, Sum: 5.9]
      [Update RS (ms): Min: 0.0, Avg: 1.8, Max: 2.4, Diff: 2.4, Sum: 7.1]
         [Processed Buffers: Min: 0, Avg: 12.0, Max: 26, Diff: 26, Sum: 48]
      [Scan RS (ms): Min: 0.0, Avg: 0.0, Max: 0.0, Diff: 0.0, Sum: 0.1]
      [Code Root Scanning (ms): Min: 0.0, Avg: 0.3, Max: 0.5, Diff: 0.5, Sum: 1.1]
      [Object Copy (ms): Min: 2.1, Avg: 2.5, Max: 2.8, Diff: 0.7, Sum: 9.9]
      [Termination (ms): Min: 0.0, Avg: 0.1, Max: 0.1, Diff: 0.1, Sum: 0.2]
         [Termination Attempts: Min: 1, Avg: 29.0, Max: 44, Diff: 43, Sum: 116]
      [GC Worker Other (ms): Min: 0.0, Avg: 0.0, Max: 0.0, Diff: 0.0, Sum: 0.0]
      [GC Worker Total (ms): Min: 6.0, Avg: 6.1, Max: 6.1, Diff: 0.1, Sum: 24.3]
      [GC Worker End (ms): Min: 623835.8, Avg: 623835.8, Max: 623835.8, Diff: 0.0]
   [Code Root Fixup: 0.2 ms]
   [Code Root Purge: 0.0 ms]
   [Clear CT: 0.3 ms]
   [Other: 0.9 ms]
      [Choose CSet: 0.0 ms]
      [Ref Proc: 0.5 ms]
      [Ref Enq: 0.0 ms]
      [Redirty Cards: 0.3 ms]
      [Humongous Register: 0.0 ms]
      [Humongous Reclaim: 0.0 ms]
      [Free CSet: 0.0 ms]
   [Eden: 49.0M(49.0M)->0.0B(51.0M) Survivors: 5120.0K->4096.0K Heap: 108.9M(128.0M)->59.5M(128.0M)]
 [Times: user=0.02 sys=0.00, real=0.01 secs] 
2020-11-05T18:47:03.610+0800: 701.832: [GC pause (G1 Evacuation Pause) (young), 0.0058772 secs]
   [Parallel Time: 4.8 ms, GC Workers: 4]
      [GC Worker Start (ms): Min: 701832.5, Avg: 701832.5, Max: 701832.5, Diff: 0.1]
      [Ext Root Scanning (ms): Min: 0.9, Avg: 1.3, Max: 2.4, Diff: 1.5, Sum: 5.1]
      [Update RS (ms): Min: 0.9, Avg: 1.8, Max: 2.1, Diff: 1.2, Sum: 7.3]
         [Processed Buffers: Min: 3, Avg: 11.5, Max: 23, Diff: 20, Sum: 46]
      [Scan RS (ms): Min: 0.0, Avg: 0.0, Max: 0.0, Diff: 0.0, Sum: 0.0]
      [Code Root Scanning (ms): Min: 0.0, Avg: 0.2, Max: 0.4, Diff: 0.4, Sum: 0.7]
      [Object Copy (ms): Min: 1.3, Avg: 1.4, Max: 1.6, Diff: 0.3, Sum: 5.6]
      [Termination (ms): Min: 0.0, Avg: 0.0, Max: 0.0, Diff: 0.0, Sum: 0.0]
         [Termination Attempts: Min: 1, Avg: 1.0, Max: 1, Diff: 0, Sum: 4]
      [GC Worker Other (ms): Min: 0.0, Avg: 0.0, Max: 0.0, Diff: 0.0, Sum: 0.1]
      [GC Worker Total (ms): Min: 4.7, Avg: 4.7, Max: 4.7, Diff: 0.1, Sum: 18.7]
      [GC Worker End (ms): Min: 701837.2, Avg: 701837.2, Max: 701837.2, Diff: 0.0]
   [Code Root Fixup: 0.2 ms]
   [Code Root Purge: 0.0 ms]
   [Clear CT: 0.1 ms]
   [Other: 0.8 ms]
      [Choose CSet: 0.0 ms]
      [Ref Proc: 0.6 ms]
      [Ref Enq: 0.0 ms]
      [Redirty Cards: 0.0 ms]
      [Humongous Register: 0.0 ms]
      [Humongous Reclaim: 0.0 ms]
      [Free CSet: 0.1 ms]
   [Eden: 51.0M(51.0M)->0.0B(49.0M) Survivors: 4096.0K->5120.0K Heap: 110.5M(128.0M)->60.2M(128.0M)]
 [Times: user=0.06 sys=0.00, real=0.01 secs] 
2020-11-05T18:48:27.269+0800: 785.492: [GC pause (G1 Evacuation Pause) (young), 0.0073281 secs]
   [Parallel Time: 6.2 ms, GC Workers: 4]
      [GC Worker Start (ms): Min: 785492.0, Avg: 785492.0, Max: 785492.1, Diff: 0.1]
      [Ext Root Scanning (ms): Min: 1.5, Avg: 2.0, Max: 3.1, Diff: 1.5, Sum: 7.9]
      [Update RS (ms): Min: 0.9, Avg: 1.8, Max: 2.3, Diff: 1.4, Sum: 7.4]
         [Processed Buffers: Min: 4, Avg: 12.5, Max: 28, Diff: 24, Sum: 50]
      [Scan RS (ms): Min: 0.0, Avg: 0.0, Max: 0.0, Diff: 0.0, Sum: 0.0]
      [Code Root Scanning (ms): Min: 0.0, Avg: 0.2, Max: 0.3, Diff: 0.3, Sum: 0.7]
      [Object Copy (ms): Min: 1.8, Avg: 2.0, Max: 2.1, Diff: 0.3, Sum: 7.9]
      [Termination (ms): Min: 0.0, Avg: 0.0, Max: 0.0, Diff: 0.0, Sum: 0.0]
         [Termination Attempts: Min: 1, Avg: 1.3, Max: 2, Diff: 1, Sum: 5]
      [GC Worker Other (ms): Min: 0.0, Avg: 0.0, Max: 0.1, Diff: 0.1, Sum: 0.2]
      [GC Worker Total (ms): Min: 6.0, Avg: 6.0, Max: 6.1, Diff: 0.1, Sum: 24.1]
      [GC Worker End (ms): Min: 785498.0, Avg: 785498.0, Max: 785498.1, Diff: 0.0]
   [Code Root Fixup: 0.2 ms]
   [Code Root Purge: 0.0 ms]
   [Clear CT: 0.1 ms]
   [Other: 0.9 ms]
      [Choose CSet: 0.0 ms]
      [Ref Proc: 0.5 ms]
      [Ref Enq: 0.0 ms]
      [Redirty Cards: 0.1 ms]
      [Humongous Register: 0.0 ms]
      [Humongous Reclaim: 0.0 ms]
      [Free CSet: 0.1 ms]
   [Eden: 49.0M(49.0M)->0.0B(51.0M) Survivors: 5120.0K->4096.0K Heap: 109.2M(128.0M)->59.5M(128.0M)]
 [Times: user=0.03 sys=0.03, real=0.01 secs] 
2020-11-05T18:49:56.977+0800: 875.200: [GC pause (G1 Evacuation Pause) (young), 0.0060358 secs]
   [Parallel Time: 5.1 ms, GC Workers: 4]
      [GC Worker Start (ms): Min: 875199.9, Avg: 875199.9, Max: 875200.0, Diff: 0.0]
      [Ext Root Scanning (ms): Min: 1.2, Avg: 1.4, Max: 1.9, Diff: 0.7, Sum: 5.7]
      [Update RS (ms): Min: 1.4, Avg: 1.8, Max: 1.9, Diff: 0.5, Sum: 7.1]
         [Processed Buffers: Min: 4, Avg: 11.5, Max: 20, Diff: 16, Sum: 46]
      [Scan RS (ms): Min: 0.0, Avg: 0.0, Max: 0.0, Diff: 0.0, Sum: 0.0]
      [Code Root Scanning (ms): Min: 0.0, Avg: 0.1, Max: 0.3, Diff: 0.3, Sum: 0.5]
      [Object Copy (ms): Min: 1.4, Avg: 1.6, Max: 1.8, Diff: 0.4, Sum: 6.2]
      [Termination (ms): Min: 0.0, Avg: 0.0, Max: 0.1, Diff: 0.1, Sum: 0.2]
         [Termination Attempts: Min: 1, Avg: 1.5, Max: 2, Diff: 1, Sum: 6]
      [GC Worker Other (ms): Min: 0.0, Avg: 0.0, Max: 0.0, Diff: 0.0, Sum: 0.1]
      [GC Worker Total (ms): Min: 4.9, Avg: 5.0, Max: 5.0, Diff: 0.1, Sum: 19.8]
      [GC Worker End (ms): Min: 875204.9, Avg: 875204.9, Max: 875204.9, Diff: 0.0]
   [Code Root Fixup: 0.2 ms]
   [Code Root Purge: 0.0 ms]
   [Clear CT: 0.1 ms]
   [Other: 0.7 ms]
      [Choose CSet: 0.0 ms]
      [Ref Proc: 0.4 ms]
      [Ref Enq: 0.0 ms]
      [Redirty Cards: 0.0 ms]
      [Humongous Register: 0.0 ms]
      [Humongous Reclaim: 0.0 ms]
      [Free CSet: 0.1 ms]
   [Eden: 51.0M(51.0M)->0.0B(49.0M) Survivors: 4096.0K->5120.0K Heap: 110.5M(128.0M)->59.8M(128.0M)]
 [Times: user=0.00 sys=0.00, real=0.01 secs] 
2020-11-05T18:51:11.503+0800: 949.725: [GC pause (G1 Evacuation Pause) (young), 0.0064289 secs]
   [Parallel Time: 5.0 ms, GC Workers: 4]
      [GC Worker Start (ms): Min: 949725.6, Avg: 949725.6, Max: 949725.7, Diff: 0.1]
      [Ext Root Scanning (ms): Min: 0.7, Avg: 1.1, Max: 2.1, Diff: 1.4, Sum: 4.4]
      [Update RS (ms): Min: 1.2, Avg: 2.1, Max: 2.5, Diff: 1.3, Sum: 8.4]
         [Processed Buffers: Min: 6, Avg: 11.8, Max: 25, Diff: 19, Sum: 47]
      [Scan RS (ms): Min: 0.0, Avg: 0.0, Max: 0.0, Diff: 0.0, Sum: 0.0]
      [Code Root Scanning (ms): Min: 0.0, Avg: 0.2, Max: 0.3, Diff: 0.3, Sum: 0.6]
      [Object Copy (ms): Min: 1.4, Avg: 1.5, Max: 1.6, Diff: 0.2, Sum: 5.9]
      [Termination (ms): Min: 0.0, Avg: 0.0, Max: 0.0, Diff: 0.0, Sum: 0.0]
         [Termination Attempts: Min: 1, Avg: 1.3, Max: 2, Diff: 1, Sum: 5]
      [GC Worker Other (ms): Min: 0.0, Avg: 0.0, Max: 0.0, Diff: 0.0, Sum: 0.1]
      [GC Worker Total (ms): Min: 4.8, Avg: 4.8, Max: 4.9, Diff: 0.1, Sum: 19.4]
      [GC Worker End (ms): Min: 949730.5, Avg: 949730.5, Max: 949730.5, Diff: 0.0]
   [Code Root Fixup: 0.2 ms]
   [Code Root Purge: 0.0 ms]
   [Clear CT: 0.3 ms]
   [Other: 0.9 ms]
      [Choose CSet: 0.0 ms]
      [Ref Proc: 0.4 ms]
      [Ref Enq: 0.0 ms]
      [Redirty Cards: 0.3 ms]
      [Humongous Register: 0.0 ms]
      [Humongous Reclaim: 0.0 ms]
      [Free CSet: 0.1 ms]
   [Eden: 49.0M(49.0M)->0.0B(51.0M) Survivors: 5120.0K->4096.0K Heap: 108.8M(128.0M)->59.5M(128.0M)]
 [Times: user=0.05 sys=0.00, real=0.01 secs] 
2020-11-05T18:52:27.604+0800: 1025.826: [GC pause (G1 Evacuation Pause) (young), 0.0067034 secs]
   [Parallel Time: 5.4 ms, GC Workers: 4]
      [GC Worker Start (ms): Min: 1025826.3, Avg: 1025826.6, Max: 1025827.3, Diff: 1.0]
      [Ext Root Scanning (ms): Min: 0.1, Avg: 1.1, Max: 2.0, Diff: 1.9, Sum: 4.3]
      [Update RS (ms): Min: 1.2, Avg: 1.7, Max: 1.9, Diff: 0.7, Sum: 6.7]
         [Processed Buffers: Min: 4, Avg: 12.3, Max: 26, Diff: 22, Sum: 49]
      [Scan RS (ms): Min: 0.0, Avg: 0.0, Max: 0.1, Diff: 0.1, Sum: 0.1]
      [Code Root Scanning (ms): Min: 0.0, Avg: 0.1, Max: 0.4, Diff: 0.4, Sum: 0.6]
      [Object Copy (ms): Min: 2.0, Avg: 2.1, Max: 2.4, Diff: 0.4, Sum: 8.5]
      [Termination (ms): Min: 0.0, Avg: 0.0, Max: 0.1, Diff: 0.1, Sum: 0.2]
         [Termination Attempts: Min: 1, Avg: 1.3, Max: 2, Diff: 1, Sum: 5]
      [GC Worker Other (ms): Min: 0.0, Avg: 0.0, Max: 0.0, Diff: 0.0, Sum: 0.0]
      [GC Worker Total (ms): Min: 4.3, Avg: 5.1, Max: 5.4, Diff: 1.0, Sum: 20.3]
      [GC Worker End (ms): Min: 1025831.7, Avg: 1025831.7, Max: 1025831.7, Diff: 0.0]
   [Code Root Fixup: 0.2 ms]
   [Code Root Purge: 0.0 ms]
   [Clear CT: 0.2 ms]
   [Other: 0.9 ms]
      [Choose CSet: 0.0 ms]
      [Ref Proc: 0.5 ms]
      [Ref Enq: 0.0 ms]
      [Redirty Cards: 0.3 ms]
      [Humongous Register: 0.0 ms]
      [Humongous Reclaim: 0.0 ms]
      [Free CSet: 0.0 ms]
   [Eden: 51.0M(51.0M)->0.0B(47.0M) Survivors: 4096.0K->6144.0K Heap: 110.5M(128.0M)->60.9M(128.0M)]
 [Times: user=0.00 sys=0.00, real=0.01 secs] 
2020-11-05T18:53:38.604+0800: 1096.827: [GC pause (G1 Evacuation Pause) (young), 0.0075067 secs]
   [Parallel Time: 6.5 ms, GC Workers: 4]
      [GC Worker Start (ms): Min: 1096826.8, Avg: 1096827.0, Max: 1096827.6, Diff: 0.8]
      [Ext Root Scanning (ms): Min: 0.2, Avg: 1.0, Max: 2.0, Diff: 1.7, Sum: 3.9]
      [Update RS (ms): Min: 2.0, Avg: 2.3, Max: 2.5, Diff: 0.5, Sum: 9.3]
         [Processed Buffers: Min: 1, Avg: 11.8, Max: 28, Diff: 27, Sum: 47]
      [Scan RS (ms): Min: 0.0, Avg: 0.0, Max: 0.0, Diff: 0.0, Sum: 0.0]
      [Code Root Scanning (ms): Min: 0.0, Avg: 0.8, Max: 2.9, Diff: 2.9, Sum: 3.3]
      [Object Copy (ms): Min: 0.1, Avg: 1.8, Max: 2.6, Diff: 2.4, Sum: 7.4]
      [Termination (ms): Min: 0.0, Avg: 0.2, Max: 0.2, Diff: 0.2, Sum: 0.7]
         [Termination Attempts: Min: 1, Avg: 1.8, Max: 3, Diff: 2, Sum: 7]
      [GC Worker Other (ms): Min: 0.0, Avg: 0.0, Max: 0.0, Diff: 0.0, Sum: 0.0]
      [GC Worker Total (ms): Min: 5.6, Avg: 6.2, Max: 6.4, Diff: 0.8, Sum: 24.7]
      [GC Worker End (ms): Min: 1096833.2, Avg: 1096833.2, Max: 1096833.2, Diff: 0.1]
   [Code Root Fixup: 0.1 ms]
   [Code Root Purge: 0.0 ms]
   [Clear CT: 0.1 ms]
   [Other: 0.8 ms]
      [Choose CSet: 0.0 ms]
      [Ref Proc: 0.5 ms]
      [Ref Enq: 0.0 ms]
      [Redirty Cards: 0.0 ms]
      [Humongous Register: 0.0 ms]
      [Humongous Reclaim: 0.0 ms]
      [Free CSet: 0.1 ms]
   [Eden: 47.0M(47.0M)->0.0B(51.0M) Survivors: 6144.0K->4096.0K Heap: 107.9M(128.0M)->58.9M(128.0M)]
 [Times: user=0.00 sys=0.00, real=0.01 secs] 
2020-11-05T18:54:53.273+0800: 1171.495: [GC pause (G1 Evacuation Pause) (young), 0.0065699 secs]
   [Parallel Time: 5.2 ms, GC Workers: 4]
      [GC Worker Start (ms): Min: 1171495.4, Avg: 1171495.5, Max: 1171495.5, Diff: 0.1]
      [Ext Root Scanning (ms): Min: 0.5, Avg: 0.9, Max: 1.6, Diff: 1.1, Sum: 3.8]
      [Update RS (ms): Min: 1.2, Avg: 1.9, Max: 2.2, Diff: 1.0, Sum: 7.4]
         [Processed Buffers: Min: 4, Avg: 11.5, Max: 28, Diff: 24, Sum: 46]
      [Scan RS (ms): Min: 0.0, Avg: 0.0, Max: 0.0, Diff: 0.0, Sum: 0.0]
      [Code Root Scanning (ms): Min: 0.0, Avg: 0.2, Max: 0.4, Diff: 0.4, Sum: 0.8]
      [Object Copy (ms): Min: 1.5, Avg: 2.0, Max: 2.9, Diff: 1.4, Sum: 7.8]
      [Termination (ms): Min: 0.0, Avg: 0.1, Max: 0.1, Diff: 0.1, Sum: 0.3]
         [Termination Attempts: Min: 1, Avg: 1.0, Max: 1, Diff: 0, Sum: 4]
      [GC Worker Other (ms): Min: 0.0, Avg: 0.0, Max: 0.0, Diff: 0.0, Sum: 0.0]
      [GC Worker Total (ms): Min: 5.0, Avg: 5.1, Max: 5.1, Diff: 0.1, Sum: 20.2]
      [GC Worker End (ms): Min: 1171500.5, Avg: 1171500.5, Max: 1171500.6, Diff: 0.1]
   [Code Root Fixup: 0.2 ms]
   [Code Root Purge: 0.0 ms]
   [Clear CT: 0.2 ms]
   [Other: 1.0 ms]
      [Choose CSet: 0.0 ms]
      [Ref Proc: 0.5 ms]
      [Ref Enq: 0.0 ms]
      [Redirty Cards: 0.3 ms]
      [Humongous Register: 0.0 ms]
      [Humongous Reclaim: 0.0 ms]
      [Free CSet: 0.1 ms]
   [Eden: 51.0M(51.0M)->0.0B(51.0M) Survivors: 4096.0K->4096.0K Heap: 109.9M(128.0M)->59.2M(128.0M)]
 [Times: user=0.00 sys=0.00, real=0.01 secs] 
2020-11-05T18:56:07.849+0800: 1246.072: [GC pause (G1 Evacuation Pause) (young), 0.0088339 secs]
   [Parallel Time: 7.5 ms, GC Workers: 4]
      [GC Worker Start (ms): Min: 1246071.8, Avg: 1246071.8, Max: 1246071.9, Diff: 0.1]
      [Ext Root Scanning (ms): Min: 0.6, Avg: 1.4, Max: 2.6, Diff: 2.0, Sum: 5.6]
      [Update RS (ms): Min: 1.6, Avg: 2.9, Max: 4.3, Diff: 2.8, Sum: 11.6]
         [Processed Buffers: Min: 3, Avg: 11.8, Max: 28, Diff: 25, Sum: 47]
      [Scan RS (ms): Min: 0.0, Avg: 0.0, Max: 0.0, Diff: 0.0, Sum: 0.0]
      [Code Root Scanning (ms): Min: 0.0, Avg: 0.2, Max: 0.5, Diff: 0.5, Sum: 0.8]
      [Object Copy (ms): Min: 2.3, Avg: 2.8, Max: 3.3, Diff: 1.0, Sum: 11.4]
      [Termination (ms): Min: 0.0, Avg: 0.0, Max: 0.0, Diff: 0.0, Sum: 0.0]
         [Termination Attempts: Min: 1, Avg: 1.0, Max: 1, Diff: 0, Sum: 4]
      [GC Worker Other (ms): Min: 0.0, Avg: 0.0, Max: 0.0, Diff: 0.0, Sum: 0.1]
      [GC Worker Total (ms): Min: 7.3, Avg: 7.4, Max: 7.4, Diff: 0.1, Sum: 29.4]
      [GC Worker End (ms): Min: 1246079.2, Avg: 1246079.2, Max: 1246079.2, Diff: 0.0]
   [Code Root Fixup: 0.2 ms]
   [Code Root Purge: 0.0 ms]
   [Clear CT: 0.3 ms]
   [Other: 0.9 ms]
      [Choose CSet: 0.0 ms]
      [Ref Proc: 0.3 ms]
      [Ref Enq: 0.0 ms]
      [Redirty Cards: 0.4 ms]
      [Humongous Register: 0.0 ms]
      [Humongous Reclaim: 0.0 ms]
      [Free CSet: 0.0 ms]
   [Eden: 51.0M(51.0M)->0.0B(52.0M) Survivors: 4096.0K->3072.0K Heap: 110.2M(128.0M)->59.2M(128.0M)]
 [Times: user=0.00 sys=0.00, real=0.01 secs] 
2020-11-05T18:57:43.273+0800: 1341.495: [GC pause (G1 Evacuation Pause) (young), 0.0065325 secs]
   [Parallel Time: 5.0 ms, GC Workers: 4]
      [GC Worker Start (ms): Min: 1341495.4, Avg: 1341495.5, Max: 1341495.5, Diff: 0.1]
      [Ext Root Scanning (ms): Min: 0.6, Avg: 1.1, Max: 2.3, Diff: 1.7, Sum: 4.3]
      [Update RS (ms): Min: 1.4, Avg: 2.4, Max: 2.8, Diff: 1.3, Sum: 9.5]
         [Processed Buffers: Min: 7, Avg: 14.3, Max: 29, Diff: 22, Sum: 57]
      [Scan RS (ms): Min: 0.0, Avg: 0.0, Max: 0.0, Diff: 0.0, Sum: 0.1]
      [Code Root Scanning (ms): Min: 0.0, Avg: 0.1, Max: 0.3, Diff: 0.3, Sum: 0.6]
      [Object Copy (ms): Min: 0.9, Avg: 1.2, Max: 1.4, Diff: 0.6, Sum: 4.7]
      [Termination (ms): Min: 0.0, Avg: 0.0, Max: 0.1, Diff: 0.1, Sum: 0.1]
         [Termination Attempts: Min: 1, Avg: 1.0, Max: 1, Diff: 0, Sum: 4]
      [GC Worker Other (ms): Min: 0.0, Avg: 0.0, Max: 0.0, Diff: 0.0, Sum: 0.1]
      [GC Worker Total (ms): Min: 4.8, Avg: 4.9, Max: 4.9, Diff: 0.1, Sum: 19.4]
      [GC Worker End (ms): Min: 1341500.3, Avg: 1341500.3, Max: 1341500.4, Diff: 0.0]
   [Code Root Fixup: 0.1 ms]
   [Code Root Purge: 0.0 ms]
   [Clear CT: 0.3 ms]
   [Other: 1.1 ms]
      [Choose CSet: 0.0 ms]
      [Ref Proc: 0.5 ms]
      [Ref Enq: 0.0 ms]
      [Redirty Cards: 0.3 ms]
      [Humongous Register: 0.0 ms]
      [Humongous Reclaim: 0.0 ms]
      [Free CSet: 0.0 ms]
   [Eden: 52.0M(52.0M)->0.0B(52.0M) Survivors: 3072.0K->2048.0K Heap: 111.2M(128.0M)->59.6M(128.0M)]
 [Times: user=0.00 sys=0.00, real=0.01 secs] 
2020-11-05T18:59:14.610+0800: 1432.832: [GC pause (G1 Evacuation Pause) (young) (initial-mark), 0.0081656 secs]
   [Parallel Time: 7.0 ms, GC Workers: 4]
      [GC Worker Start (ms): Min: 1432833.0, Avg: 1432833.5, Max: 1432835.2, Diff: 2.2]
      [Ext Root Scanning (ms): Min: 2.0, Avg: 3.2, Max: 3.8, Diff: 1.9, Sum: 12.8]
      [Update RS (ms): Min: 1.5, Avg: 1.9, Max: 2.6, Diff: 1.2, Sum: 7.5]
         [Processed Buffers: Min: 2, Avg: 12.3, Max: 33, Diff: 31, Sum: 49]
      [Scan RS (ms): Min: 0.0, Avg: 0.0, Max: 0.0, Diff: 0.0, Sum: 0.0]
      [Code Root Scanning (ms): Min: 0.0, Avg: 0.1, Max: 0.5, Diff: 0.5, Sum: 0.5]
      [Object Copy (ms): Min: 0.0, Avg: 0.5, Max: 1.0, Diff: 1.0, Sum: 1.8]
      [Termination (ms): Min: 0.0, Avg: 0.3, Max: 0.4, Diff: 0.4, Sum: 1.3]
         [Termination Attempts: Min: 1, Avg: 6.8, Max: 15, Diff: 14, Sum: 27]
      [GC Worker Other (ms): Min: 0.0, Avg: 0.0, Max: 0.0, Diff: 0.0, Sum: 0.1]
      [GC Worker Total (ms): Min: 4.4, Avg: 6.0, Max: 6.6, Diff: 2.2, Sum: 24.0]
      [GC Worker End (ms): Min: 1432839.5, Avg: 1432839.5, Max: 1432839.6, Diff: 0.0]
   [Code Root Fixup: 0.1 ms]
   [Code Root Purge: 0.0 ms]
   [Clear CT: 0.1 ms]
   [Other: 0.9 ms]
      [Choose CSet: 0.0 ms]
      [Ref Proc: 0.4 ms]
      [Ref Enq: 0.0 ms]
      [Redirty Cards: 0.0 ms]
      [Humongous Register: 0.0 ms]
      [Humongous Reclaim: 0.0 ms]
      [Free CSet: 0.1 ms]
   [Eden: 52.0M(52.0M)->0.0B(53.0M) Survivors: 2048.0K->1024.0K Heap: 111.6M(128.0M)->60.2M(128.0M)]
 [Times: user=0.03 sys=0.00, real=0.01 secs] 
2020-11-05T18:59:14.619+0800: 1432.841: [GC concurrent-root-region-scan-start]
2020-11-05T18:59:14.622+0800: 1432.844: [GC concurrent-root-region-scan-end, 0.0030031 secs]
2020-11-05T18:59:14.622+0800: 1432.844: [GC concurrent-mark-start]
2020-11-05T18:59:14.782+0800: 1433.004: [GC concurrent-mark-end, 0.1601487 secs]
2020-11-05T18:59:14.782+0800: 1433.004: [GC remark 2020-11-05T18:59:14.782+0800: 1433.004: [Finalize Marking, 0.0002789 secs] 2020-11-05T18:59:14.783+0800: 1433.005: [GC ref-proc, 0.0013599 secs] 2020-11-05T18:59:14.784+0800: 1433.006: [Unloading, 0.0938661 secs], 0.0958767 secs]
 [Times: user=0.13 sys=0.08, real=0.10 secs] 
2020-11-05T18:59:14.907+0800: 1433.129: [GC cleanup 60M->60M(128M), 0.0022203 secs]
 [Times: user=0.00 sys=0.00, real=0.00 secs] 
2020-11-05T19:00:44.877+0800: 1523.099: [GC pause (G1 Evacuation Pause) (young), 0.0351097 secs]
   [Parallel Time: 33.0 ms, GC Workers: 4]
      [GC Worker Start (ms): Min: 1523099.4, Avg: 1523099.5, Max: 1523099.6, Diff: 0.2]
      [Ext Root Scanning (ms): Min: 2.5, Avg: 3.0, Max: 3.9, Diff: 1.4, Sum: 12.2]
      [Update RS (ms): Min: 0.0, Avg: 1.1, Max: 2.5, Diff: 2.5, Sum: 4.6]
         [Processed Buffers: Min: 0, Avg: 12.5, Max: 35, Diff: 35, Sum: 50]
      [Scan RS (ms): Min: 0.0, Avg: 0.0, Max: 0.0, Diff: 0.0, Sum: 0.0]
      [Code Root Scanning (ms): Min: 0.0, Avg: 6.8, Max: 27.0, Diff: 27.0, Sum: 27.0]
      [Object Copy (ms): Min: 0.2, Avg: 15.6, Max: 22.9, Diff: 22.7, Sum: 62.6]
      [Termination (ms): Min: 0.0, Avg: 6.2, Max: 10.6, Diff: 10.6, Sum: 24.7]
         [Termination Attempts: Min: 1, Avg: 2.0, Max: 5, Diff: 4, Sum: 8]
      [GC Worker Other (ms): Min: 0.0, Avg: 0.0, Max: 0.0, Diff: 0.0, Sum: 0.1]
      [GC Worker Total (ms): Min: 32.7, Avg: 32.8, Max: 32.9, Diff: 0.2, Sum: 131.2]
      [GC Worker End (ms): Min: 1523132.3, Avg: 1523132.3, Max: 1523132.3, Diff: 0.0]
   [Code Root Fixup: 0.3 ms]
   [Code Root Purge: 0.0 ms]
   [Clear CT: 0.4 ms]
   [Other: 1.4 ms]
      [Choose CSet: 0.0 ms]
      [Ref Proc: 0.7 ms]
      [Ref Enq: 0.0 ms]
      [Redirty Cards: 0.1 ms]
      [Humongous Register: 0.0 ms]
      [Humongous Reclaim: 0.0 ms]
      [Free CSet: 0.1 ms]
   [Eden: 53.0M(53.0M)->0.0B(5120.0K) Survivors: 1024.0K->1024.0K Heap: 113.2M(128.0M)->60.5M(128.0M)]
 [Times: user=0.01 sys=0.00, real=0.03 secs] 
2020-11-05T19:00:52.605+0800: 1530.828: [GC pause (G1 Evacuation Pause) (mixed), 0.0864228 secs]
   [Parallel Time: 84.7 ms, GC Workers: 4]
      [GC Worker Start (ms): Min: 1530828.2, Avg: 1530828.2, Max: 1530828.3, Diff: 0.0]
      [Ext Root Scanning (ms): Min: 1.3, Avg: 11.2, Max: 14.8, Diff: 13.6, Sum: 44.7]
      [Update RS (ms): Min: 0.0, Avg: 0.4, Max: 1.0, Diff: 1.0, Sum: 1.8]
         [Processed Buffers: Min: 0, Avg: 8.3, Max: 26, Diff: 26, Sum: 33]
      [Scan RS (ms): Min: 2.4, Avg: 2.7, Max: 3.2, Diff: 0.9, Sum: 10.8]
      [Code Root Scanning (ms): Min: 0.0, Avg: 0.2, Max: 0.6, Diff: 0.6, Sum: 0.7]
      [Object Copy (ms): Min: 66.5, Avg: 70.1, Max: 80.0, Diff: 13.5, Sum: 280.5]
      [Termination (ms): Min: 0.0, Avg: 0.0, Max: 0.0, Diff: 0.0, Sum: 0.0]
         [Termination Attempts: Min: 1, Avg: 1.5, Max: 2, Diff: 1, Sum: 6]
      [GC Worker Other (ms): Min: 0.0, Avg: 0.0, Max: 0.0, Diff: 0.0, Sum: 0.1]
      [GC Worker Total (ms): Min: 84.6, Avg: 84.6, Max: 84.6, Diff: 0.0, Sum: 338.5]
      [GC Worker End (ms): Min: 1530912.9, Avg: 1530912.9, Max: 1530912.9, Diff: 0.0]
   [Code Root Fixup: 0.2 ms]
   [Code Root Purge: 0.0 ms]
   [Clear CT: 0.3 ms]
   [Other: 1.3 ms]
      [Choose CSet: 0.2 ms]
      [Ref Proc: 0.5 ms]
      [Ref Enq: 0.0 ms]
      [Redirty Cards: 0.2 ms]
      [Humongous Register: 0.0 ms]
      [Humongous Reclaim: 0.0 ms]
      [Free CSet: 0.2 ms]
   [Eden: 5120.0K(5120.0K)->0.0B(5120.0K) Survivors: 1024.0K->1024.0K Heap: 65.5M(128.0M)->51.6M(128.0M)]
 [Times: user=0.00 sys=0.00, real=0.09 secs] 
2020-11-05T19:01:00.136+0800: 1538.358: [GC pause (G1 Evacuation Pause) (mixed), 0.1903308 secs]
   [Parallel Time: 172.5 ms, GC Workers: 4]
      [GC Worker Start (ms): Min: 1538358.5, Avg: 1538358.5, Max: 1538358.6, Diff: 0.0]
      [Ext Root Scanning (ms): Min: 0.2, Avg: 3.2, Max: 9.2, Diff: 9.0, Sum: 12.7]
      [Update RS (ms): Min: 0.0, Avg: 4.0, Max: 11.7, Diff: 11.7, Sum: 16.0]
         [Processed Buffers: Min: 0, Avg: 16.3, Max: 33, Diff: 33, Sum: 65]
      [Scan RS (ms): Min: 0.0, Avg: 7.3, Max: 18.4, Diff: 18.3, Sum: 29.2]
      [Code Root Scanning (ms): Min: 0.0, Avg: 0.2, Max: 0.6, Diff: 0.6, Sum: 0.8]
      [Object Copy (ms): Min: 140.4, Avg: 157.6, Max: 172.1, Diff: 31.7, Sum: 630.6]
      [Termination (ms): Min: 0.0, Avg: 0.1, Max: 0.1, Diff: 0.1, Sum: 0.2]
         [Termination Attempts: Min: 1, Avg: 12.0, Max: 21, Diff: 20, Sum: 48]
      [GC Worker Other (ms): Min: 0.0, Avg: 0.0, Max: 0.0, Diff: 0.0, Sum: 0.0]
      [GC Worker Total (ms): Min: 172.4, Avg: 172.4, Max: 172.4, Diff: 0.1, Sum: 689.6]
      [GC Worker End (ms): Min: 1538530.9, Avg: 1538530.9, Max: 1538531.0, Diff: 0.1]
   [Code Root Fixup: 0.2 ms]
   [Code Root Purge: 0.0 ms]
   [Clear CT: 0.3 ms]
   [Other: 17.3 ms]
      [Choose CSet: 0.1 ms]
      [Ref Proc: 0.2 ms]
      [Ref Enq: 0.0 ms]
      [Redirty Cards: 0.3 ms]
      [Humongous Register: 0.0 ms]
      [Humongous Reclaim: 0.0 ms]
      [Free CSet: 16.6 ms]
   [Eden: 5120.0K(5120.0K)->0.0B(5120.0K) Survivors: 1024.0K->1024.0K Heap: 56.6M(128.0M)->47.7M(128.0M)]
 [Times: user=0.05 sys=0.00, real=0.19 secs] 
2020-11-05T19:01:07.605+0800: 1545.827: [GC pause (G1 Evacuation Pause) (mixed), 0.0472460 secs]
   [Parallel Time: 46.2 ms, GC Workers: 4]
      [GC Worker Start (ms): Min: 1545827.1, Avg: 1545833.8, Max: 1545844.1, Diff: 17.0]
      [Ext Root Scanning (ms): Min: 0.0, Avg: 2.4, Max: 5.2, Diff: 5.1, Sum: 9.5]
      [Update RS (ms): Min: 2.0, Avg: 11.3, Max: 20.1, Diff: 18.1, Sum: 45.2]
         [Processed Buffers: Min: 12, Avg: 24.8, Max: 46, Diff: 34, Sum: 99]
      [Scan RS (ms): Min: 0.1, Avg: 4.0, Max: 5.5, Diff: 5.4, Sum: 16.1]
      [Code Root Scanning (ms): Min: 0.0, Avg: 3.1, Max: 10.8, Diff: 10.8, Sum: 12.3]
      [Object Copy (ms): Min: 11.9, Avg: 18.6, Max: 20.9, Diff: 9.0, Sum: 74.5]
      [Termination (ms): Min: 0.0, Avg: 0.0, Max: 0.0, Diff: 0.0, Sum: 0.1]
         [Termination Attempts: Min: 1, Avg: 29.0, Max: 44, Diff: 43, Sum: 116]
      [GC Worker Other (ms): Min: 0.0, Avg: 0.0, Max: 0.0, Diff: 0.0, Sum: 0.0]
      [GC Worker Total (ms): Min: 29.2, Avg: 39.4, Max: 46.1, Diff: 17.0, Sum: 157.7]
      [GC Worker End (ms): Min: 1545873.2, Avg: 1545873.2, Max: 1545873.2, Diff: 0.0]
   [Code Root Fixup: 0.3 ms]
   [Code Root Purge: 0.0 ms]
   [Clear CT: 0.1 ms]
   [Other: 0.7 ms]
      [Choose CSet: 0.1 ms]
      [Ref Proc: 0.1 ms]
      [Ref Enq: 0.0 ms]
      [Redirty Cards: 0.1 ms]
      [Humongous Register: 0.0 ms]
      [Humongous Reclaim: 0.0 ms]
      [Free CSet: 0.2 ms]
   [Eden: 5120.0K(5120.0K)->0.0B(69.0M) Survivors: 1024.0K->1024.0K Heap: 52.7M(128.0M)->44.0M(128.0M)]
 [Times: user=0.06 sys=0.01, real=0.05 secs] 
2020-11-05T19:03:03.166+0800: 1661.388: [GC pause (G1 Evacuation Pause) (young), 0.4704547 secs]
   [Parallel Time: 469.5 ms, GC Workers: 4]
      [GC Worker Start (ms): Min: 1661388.5, Avg: 1661388.5, Max: 1661388.6, Diff: 0.1]
      [Ext Root Scanning (ms): Min: 0.8, Avg: 87.0, Max: 345.3, Diff: 344.5, Sum: 348.2]
      [Update RS (ms): Min: 0.0, Avg: 10.6, Max: 42.4, Diff: 42.4, Sum: 42.4]
         [Processed Buffers: Min: 0, Avg: 31.8, Max: 127, Diff: 127, Sum: 127]
      [Scan RS (ms): Min: 0.0, Avg: 0.0, Max: 0.0, Diff: 0.0, Sum: 0.1]
      [Code Root Scanning (ms): Min: 0.0, Avg: 0.0, Max: 0.2, Diff: 0.2, Sum: 0.2]
      [Object Copy (ms): Min: 66.4, Avg: 301.3, Max: 468.5, Diff: 402.1, Sum: 1205.1]
      [Termination (ms): Min: 0.0, Avg: 70.4, Max: 112.0, Diff: 112.0, Sum: 281.7]
         [Termination Attempts: Min: 1, Avg: 1.3, Max: 2, Diff: 1, Sum: 5]
      [GC Worker Other (ms): Min: 0.0, Avg: 0.0, Max: 0.0, Diff: 0.0, Sum: 0.1]
      [GC Worker Total (ms): Min: 469.4, Avg: 469.4, Max: 469.4, Diff: 0.1, Sum: 1877.6]
      [GC Worker End (ms): Min: 1661857.9, Avg: 1661857.9, Max: 1661857.9, Diff: 0.0]
   [Code Root Fixup: 0.1 ms]
   [Code Root Purge: 0.0 ms]
   [Clear CT: 0.1 ms]
   [Other: 0.9 ms]
      [Choose CSet: 0.0 ms]
      [Ref Proc: 0.6 ms]
      [Ref Enq: 0.0 ms]
      [Redirty Cards: 0.0 ms]
      [Humongous Register: 0.0 ms]
      [Humongous Reclaim: 0.0 ms]
      [Free CSet: 0.1 ms]
   [Eden: 69.0M(69.0M)->0.0B(68.0M) Survivors: 1024.0K->1024.0K Heap: 113.0M(128.0M)->45.7M(128.0M)]
 [Times: user=0.14 sys=0.00, real=0.47 secs] 
2020-11-05T19:04:51.605+0800: 1769.828: [GC pause (G1 Evacuation Pause) (young), 0.0033511 secs]
   [Parallel Time: 2.6 ms, GC Workers: 4]
      [GC Worker Start (ms): Min: 1769827.7, Avg: 1769827.7, Max: 1769827.8, Diff: 0.1]
      [Ext Root Scanning (ms): Min: 0.6, Avg: 1.1, Max: 2.5, Diff: 1.9, Sum: 4.6]
      [Update RS (ms): Min: 0.0, Avg: 0.3, Max: 0.7, Diff: 0.7, Sum: 1.2]
         [Processed Buffers: Min: 0, Avg: 11.5, Max: 24, Diff: 24, Sum: 46]
      [Scan RS (ms): Min: 0.0, Avg: 0.0, Max: 0.0, Diff: 0.0, Sum: 0.0]
      [Code Root Scanning (ms): Min: 0.0, Avg: 0.0, Max: 0.2, Diff: 0.2, Sum: 0.2]
      [Object Copy (ms): Min: 0.0, Avg: 0.2, Max: 0.5, Diff: 0.5, Sum: 1.0]
      [Termination (ms): Min: 0.0, Avg: 0.7, Max: 0.9, Diff: 0.9, Sum: 2.8]
         [Termination Attempts: Min: 1, Avg: 7.0, Max: 16, Diff: 15, Sum: 28]
      [GC Worker Other (ms): Min: 0.0, Avg: 0.0, Max: 0.0, Diff: 0.0, Sum: 0.1]
      [GC Worker Total (ms): Min: 2.4, Avg: 2.4, Max: 2.5, Diff: 0.1, Sum: 9.7]
      [GC Worker End (ms): Min: 1769830.2, Avg: 1769830.2, Max: 1769830.2, Diff: 0.0]
   [Code Root Fixup: 0.1 ms]
   [Code Root Purge: 0.0 ms]
   [Clear CT: 0.1 ms]
   [Other: 0.6 ms]
      [Choose CSet: 0.0 ms]
      [Ref Proc: 0.4 ms]
      [Ref Enq: 0.0 ms]
      [Redirty Cards: 0.0 ms]
      [Humongous Register: 0.0 ms]
      [Humongous Reclaim: 0.0 ms]
      [Free CSet: 0.0 ms]
   [Eden: 68.0M(68.0M)->0.0B(66.0M) Survivors: 1024.0K->1024.0K Heap: 113.7M(128.0M)->47.1M(128.0M)]
 [Times: user=0.00 sys=0.00, real=0.00 secs] 
2020-11-05T19:06:46.604+0800: 1884.827: [GC pause (G1 Evacuation Pause) (young), 0.0031548 secs]
   [Parallel Time: 2.4 ms, GC Workers: 4]
      [GC Worker Start (ms): Min: 1884826.8, Avg: 1884826.8, Max: 1884826.8, Diff: 0.1]
      [Ext Root Scanning (ms): Min: 0.9, Avg: 1.5, Max: 2.3, Diff: 1.4, Sum: 5.9]
      [Update RS (ms): Min: 0.0, Avg: 0.2, Max: 0.5, Diff: 0.5, Sum: 1.0]
         [Processed Buffers: Min: 0, Avg: 11.8, Max: 44, Diff: 44, Sum: 47]
      [Scan RS (ms): Min: 0.0, Avg: 0.0, Max: 0.0, Diff: 0.0, Sum: 0.0]
      [Code Root Scanning (ms): Min: 0.0, Avg: 0.0, Max: 0.2, Diff: 0.2, Sum: 0.2]
      [Object Copy (ms): Min: 0.0, Avg: 0.2, Max: 0.5, Diff: 0.5, Sum: 0.8]
      [Termination (ms): Min: 0.0, Avg: 0.2, Max: 0.3, Diff: 0.3, Sum: 1.0]
         [Termination Attempts: Min: 1, Avg: 1.0, Max: 1, Diff: 0, Sum: 4]
      [GC Worker Other (ms): Min: 0.0, Avg: 0.0, Max: 0.0, Diff: 0.0, Sum: 0.0]
      [GC Worker Total (ms): Min: 2.2, Avg: 2.2, Max: 2.3, Diff: 0.1, Sum: 9.0]
      [GC Worker End (ms): Min: 1884829.0, Avg: 1884829.0, Max: 1884829.0, Diff: 0.0]
   [Code Root Fixup: 0.1 ms]
   [Code Root Purge: 0.0 ms]
   [Clear CT: 0.0 ms]
   [Other: 0.7 ms]
      [Choose CSet: 0.0 ms]
      [Ref Proc: 0.5 ms]
      [Ref Enq: 0.0 ms]
      [Redirty Cards: 0.0 ms]
      [Humongous Register: 0.0 ms]
      [Humongous Reclaim: 0.0 ms]
      [Free CSet: 0.0 ms]
   [Eden: 66.0M(66.0M)->0.0B(66.0M) Survivors: 1024.0K->1024.0K Heap: 113.1M(128.0M)->47.2M(128.0M)]
 [Times: user=0.00 sys=0.00, real=0.00 secs] 
2020-11-05T19:08:39.633+0800: 1997.856: [GC pause (G1 Evacuation Pause) (young), 0.0144515 secs]
   [Parallel Time: 13.7 ms, GC Workers: 4]
      [GC Worker Start (ms): Min: 1997856.0, Avg: 1997856.1, Max: 1997856.1, Diff: 0.1]
      [Ext Root Scanning (ms): Min: 0.9, Avg: 4.4, Max: 13.5, Diff: 12.6, Sum: 17.7]
      [Update RS (ms): Min: 0.0, Avg: 0.3, Max: 0.7, Diff: 0.7, Sum: 1.3]
         [Processed Buffers: Min: 0, Avg: 11.3, Max: 39, Diff: 39, Sum: 45]
      [Scan RS (ms): Min: 0.0, Avg: 0.0, Max: 0.0, Diff: 0.0, Sum: 0.0]
      [Code Root Scanning (ms): Min: 0.0, Avg: 0.0, Max: 0.1, Diff: 0.1, Sum: 0.1]
      [Object Copy (ms): Min: 0.0, Avg: 0.2, Max: 0.4, Diff: 0.4, Sum: 0.9]
      [Termination (ms): Min: 0.0, Avg: 8.6, Max: 11.5, Diff: 11.5, Sum: 34.3]
         [Termination Attempts: Min: 1, Avg: 1.5, Max: 2, Diff: 1, Sum: 6]
      [GC Worker Other (ms): Min: 0.0, Avg: 0.0, Max: 0.0, Diff: 0.0, Sum: 0.1]
      [GC Worker Total (ms): Min: 13.5, Avg: 13.6, Max: 13.7, Diff: 0.1, Sum: 54.4]
      [GC Worker End (ms): Min: 1997869.7, Avg: 1997869.7, Max: 1997869.7, Diff: 0.0]
   [Code Root Fixup: 0.1 ms]
   [Code Root Purge: 0.0 ms]
   [Clear CT: 0.0 ms]
   [Other: 0.6 ms]
      [Choose CSet: 0.0 ms]
      [Ref Proc: 0.4 ms]
      [Ref Enq: 0.0 ms]
      [Redirty Cards: 0.0 ms]
      [Humongous Register: 0.0 ms]
      [Humongous Reclaim: 0.0 ms]
      [Free CSet: 0.0 ms]
   [Eden: 66.0M(66.0M)->0.0B(66.0M) Survivors: 1024.0K->1024.0K Heap: 113.2M(128.0M)->47.4M(128.0M)]
 [Times: user=0.00 sys=0.00, real=0.02 secs] 
2020-11-05T19:10:23.880+0800: 2102.102: [GC pause (G1 Evacuation Pause) (young), 0.0570163 secs]
   [Parallel Time: 55.7 ms, GC Workers: 4]
      [GC Worker Start (ms): Min: 2102102.4, Avg: 2102102.5, Max: 2102102.5, Diff: 0.1]
      [Ext Root Scanning (ms): Min: 1.6, Avg: 25.1, Max: 55.5, Diff: 53.9, Sum: 100.5]
      [Update RS (ms): Min: 0.0, Avg: 0.2, Max: 0.5, Diff: 0.5, Sum: 0.9]
         [Processed Buffers: Min: 0, Avg: 11.3, Max: 42, Diff: 42, Sum: 45]
      [Scan RS (ms): Min: 0.0, Avg: 0.0, Max: 0.1, Diff: 0.1, Sum: 0.1]
      [Code Root Scanning (ms): Min: 0.0, Avg: 0.0, Max: 0.1, Diff: 0.1, Sum: 0.1]
      [Object Copy (ms): Min: 0.0, Avg: 0.2, Max: 0.4, Diff: 0.4, Sum: 0.8]
      [Termination (ms): Min: 0.0, Avg: 29.9, Max: 52.9, Diff: 52.9, Sum: 119.7]
         [Termination Attempts: Min: 1, Avg: 2.3, Max: 3, Diff: 2, Sum: 9]
      [GC Worker Other (ms): Min: 0.0, Avg: 0.0, Max: 0.0, Diff: 0.0, Sum: 0.0]
      [GC Worker Total (ms): Min: 55.5, Avg: 55.6, Max: 55.6, Diff: 0.1, Sum: 222.2]
      [GC Worker End (ms): Min: 2102158.0, Avg: 2102158.0, Max: 2102158.0, Diff: 0.0]
   [Code Root Fixup: 0.1 ms]
   [Code Root Purge: 0.0 ms]
   [Clear CT: 0.1 ms]
   [Other: 1.1 ms]
      [Choose CSet: 0.0 ms]
      [Ref Proc: 0.6 ms]
      [Ref Enq: 0.0 ms]
      [Redirty Cards: 0.3 ms]
      [Humongous Register: 0.0 ms]
      [Humongous Reclaim: 0.0 ms]
      [Free CSet: 0.0 ms]
   [Eden: 66.0M(66.0M)->0.0B(66.0M) Survivors: 1024.0K->1024.0K Heap: 113.4M(128.0M)->47.4M(128.0M)]
 [Times: user=0.08 sys=0.00, real=0.06 secs] 
2020-11-05T19:12:06.607+0800: 2204.830: [GC pause (G1 Evacuation Pause) (young), 0.0155777 secs]
   [Parallel Time: 14.1 ms, GC Workers: 4]
      [GC Worker Start (ms): Min: 2204830.2, Avg: 2204830.3, Max: 2204830.3, Diff: 0.1]
      [Ext Root Scanning (ms): Min: 0.5, Avg: 0.8, Max: 1.4, Diff: 0.8, Sum: 3.3]
      [Update RS (ms): Min: 0.0, Avg: 0.3, Max: 0.5, Diff: 0.5, Sum: 1.1]
         [Processed Buffers: Min: 0, Avg: 11.8, Max: 40, Diff: 40, Sum: 47]
      [Scan RS (ms): Min: 0.0, Avg: 0.0, Max: 0.0, Diff: 0.0, Sum: 0.0]
      [Code Root Scanning (ms): Min: 0.0, Avg: 0.0, Max: 0.1, Diff: 0.1, Sum: 0.2]
      [Object Copy (ms): Min: 0.3, Avg: 3.6, Max: 13.4, Diff: 13.1, Sum: 14.4]
      [Termination (ms): Min: 0.0, Avg: 9.2, Max: 12.3, Diff: 12.3, Sum: 36.9]
         [Termination Attempts: Min: 1, Avg: 2.0, Max: 3, Diff: 2, Sum: 8]
      [GC Worker Other (ms): Min: 0.0, Avg: 0.0, Max: 0.0, Diff: 0.0, Sum: 0.0]
      [GC Worker Total (ms): Min: 13.9, Avg: 14.0, Max: 14.0, Diff: 0.1, Sum: 55.9]
      [GC Worker End (ms): Min: 2204844.2, Avg: 2204844.2, Max: 2204844.2, Diff: 0.0]
   [Code Root Fixup: 0.1 ms]
   [Code Root Purge: 0.0 ms]
   [Clear CT: 0.4 ms]
   [Other: 1.0 ms]
      [Choose CSet: 0.0 ms]
      [Ref Proc: 0.6 ms]
      [Ref Enq: 0.0 ms]
      [Redirty Cards: 0.3 ms]
      [Humongous Register: 0.0 ms]
      [Humongous Reclaim: 0.0 ms]
      [Free CSet: 0.0 ms]
   [Eden: 66.0M(66.0M)->0.0B(66.0M) Survivors: 1024.0K->1024.0K Heap: 113.4M(128.0M)->47.6M(128.0M)]
 [Times: user=0.05 sys=0.00, real=0.02 secs] 
2020-11-05T19:13:53.603+0800: 2311.826: [GC pause (G1 Evacuation Pause) (young), 0.0033917 secs]
   [Parallel Time: 2.1 ms, GC Workers: 4]
      [GC Worker Start (ms): Min: 2311825.8, Avg: 2311825.9, Max: 2311825.9, Diff: 0.1]
      [Ext Root Scanning (ms): Min: 0.6, Avg: 1.0, Max: 2.0, Diff: 1.4, Sum: 4.1]
      [Update RS (ms): Min: 0.0, Avg: 0.2, Max: 0.4, Diff: 0.4, Sum: 1.0]
         [Processed Buffers: Min: 0, Avg: 11.5, Max: 39, Diff: 39, Sum: 46]
      [Scan RS (ms): Min: 0.0, Avg: 0.0, Max: 0.0, Diff: 0.0, Sum: 0.0]
      [Code Root Scanning (ms): Min: 0.0, Avg: 0.0, Max: 0.1, Diff: 0.1, Sum: 0.1]
      [Object Copy (ms): Min: 0.0, Avg: 0.2, Max: 0.4, Diff: 0.4, Sum: 1.0]
      [Termination (ms): Min: 0.0, Avg: 0.4, Max: 0.6, Diff: 0.6, Sum: 1.7]
         [Termination Attempts: Min: 1, Avg: 1.3, Max: 2, Diff: 1, Sum: 5]
      [GC Worker Other (ms): Min: 0.0, Avg: 0.0, Max: 0.0, Diff: 0.0, Sum: 0.0]
      [GC Worker Total (ms): Min: 2.0, Avg: 2.0, Max: 2.1, Diff: 0.1, Sum: 8.0]
      [GC Worker End (ms): Min: 2311827.9, Avg: 2311827.9, Max: 2311827.9, Diff: 0.0]
   [Code Root Fixup: 0.1 ms]
   [Code Root Purge: 0.0 ms]
   [Clear CT: 0.3 ms]
   [Other: 0.9 ms]
      [Choose CSet: 0.0 ms]
      [Ref Proc: 0.5 ms]
      [Ref Enq: 0.0 ms]
      [Redirty Cards: 0.2 ms]
      [Humongous Register: 0.0 ms]
      [Humongous Reclaim: 0.0 ms]
      [Free CSet: 0.1 ms]
   [Eden: 66.0M(66.0M)->0.0B(66.0M) Survivors: 1024.0K->1024.0K Heap: 113.6M(128.0M)->47.6M(128.0M)]
 [Times: user=0.00 sys=0.00, real=0.00 secs] 
2020-11-05T19:15:38.080+0800: 2416.302: [GC pause (G1 Evacuation Pause) (young), 0.0056948 secs]
   [Parallel Time: 4.9 ms, GC Workers: 4]
      [GC Worker Start (ms): Min: 2416302.2, Avg: 2416302.2, Max: 2416302.2, Diff: 0.0]
      [Ext Root Scanning (ms): Min: 0.8, Avg: 2.2, Max: 4.8, Diff: 4.1, Sum: 9.0]
      [Update RS (ms): Min: 0.0, Avg: 0.5, Max: 1.0, Diff: 1.0, Sum: 1.9]
         [Processed Buffers: Min: 0, Avg: 11.5, Max: 37, Diff: 37, Sum: 46]
      [Scan RS (ms): Min: 0.0, Avg: 0.0, Max: 0.0, Diff: 0.0, Sum: 0.0]
      [Code Root Scanning (ms): Min: 0.0, Avg: 0.0, Max: 0.1, Diff: 0.1, Sum: 0.1]
      [Object Copy (ms): Min: 0.0, Avg: 0.4, Max: 0.9, Diff: 0.9, Sum: 1.7]
      [Termination (ms): Min: 0.0, Avg: 1.6, Max: 2.2, Diff: 2.2, Sum: 6.5]
         [Termination Attempts: Min: 1, Avg: 1.5, Max: 3, Diff: 2, Sum: 6]
      [GC Worker Other (ms): Min: 0.0, Avg: 0.0, Max: 0.0, Diff: 0.0, Sum: 0.0]
      [GC Worker Total (ms): Min: 4.8, Avg: 4.8, Max: 4.8, Diff: 0.0, Sum: 19.2]
      [GC Worker End (ms): Min: 2416307.0, Avg: 2416307.0, Max: 2416307.0, Diff: 0.0]
   [Code Root Fixup: 0.1 ms]
   [Code Root Purge: 0.0 ms]
   [Clear CT: 0.1 ms]
   [Other: 0.7 ms]
      [Choose CSet: 0.0 ms]
      [Ref Proc: 0.4 ms]
      [Ref Enq: 0.0 ms]
      [Redirty Cards: 0.0 ms]
      [Humongous Register: 0.0 ms]
      [Humongous Reclaim: 0.0 ms]
      [Free CSet: 0.1 ms]
   [Eden: 66.0M(66.0M)->0.0B(66.0M) Survivors: 1024.0K->1024.0K Heap: 113.6M(128.0M)->47.5M(128.0M)]
 [Times: user=0.06 sys=0.00, real=0.01 secs] 
2020-11-05T19:17:13.993+0800: 2512.216: [GC pause (G1 Evacuation Pause) (young), 0.0024841 secs]
   [Parallel Time: 1.7 ms, GC Workers: 4]
      [GC Worker Start (ms): Min: 2512215.6, Avg: 2512215.6, Max: 2512215.7, Diff: 0.1]
      [Ext Root Scanning (ms): Min: 0.8, Avg: 1.0, Max: 1.6, Diff: 0.8, Sum: 4.1]
      [Update RS (ms): Min: 0.0, Avg: 0.3, Max: 0.4, Diff: 0.4, Sum: 1.1]
         [Processed Buffers: Min: 0, Avg: 11.3, Max: 36, Diff: 36, Sum: 45]
      [Scan RS (ms): Min: 0.0, Avg: 0.0, Max: 0.0, Diff: 0.0, Sum: 0.0]
      [Code Root Scanning (ms): Min: 0.0, Avg: 0.0, Max: 0.1, Diff: 0.1, Sum: 0.1]
      [Object Copy (ms): Min: 0.1, Avg: 0.3, Max: 0.4, Diff: 0.3, Sum: 1.1]
      [Termination (ms): Min: 0.0, Avg: 0.0, Max: 0.0, Diff: 0.0, Sum: 0.0]
         [Termination Attempts: Min: 1, Avg: 1.0, Max: 1, Diff: 0, Sum: 4]
      [GC Worker Other (ms): Min: 0.0, Avg: 0.0, Max: 0.0, Diff: 0.0, Sum: 0.0]
      [GC Worker Total (ms): Min: 1.6, Avg: 1.6, Max: 1.7, Diff: 0.1, Sum: 6.5]
      [GC Worker End (ms): Min: 2512217.2, Avg: 2512217.2, Max: 2512217.2, Diff: 0.0]
   [Code Root Fixup: 0.1 ms]
   [Code Root Purge: 0.0 ms]
   [Clear CT: 0.1 ms]
   [Other: 0.6 ms]
      [Choose CSet: 0.0 ms]
      [Ref Proc: 0.5 ms]
      [Ref Enq: 0.0 ms]
      [Redirty Cards: 0.0 ms]
      [Humongous Register: 0.0 ms]
      [Humongous Reclaim: 0.0 ms]
      [Free CSet: 0.0 ms]
   [Eden: 66.0M(66.0M)->0.0B(66.0M) Survivors: 1024.0K->1024.0K Heap: 113.5M(128.0M)->47.6M(128.0M)]
 [Times: user=0.00 sys=0.00, real=0.00 secs] 
2020-11-05T19:18:54.608+0800: 2612.831: [GC pause (G1 Evacuation Pause) (young), 0.0053390 secs]
   [Parallel Time: 2.5 ms, GC Workers: 4]
      [GC Worker Start (ms): Min: 2612830.9, Avg: 2612830.9, Max: 2612831.0, Diff: 0.1]
      [Ext Root Scanning (ms): Min: 0.6, Avg: 1.0, Max: 2.2, Diff: 1.6, Sum: 4.0]
      [Update RS (ms): Min: 0.0, Avg: 0.6, Max: 1.6, Diff: 1.6, Sum: 2.6]
         [Processed Buffers: Min: 0, Avg: 11.5, Max: 25, Diff: 25, Sum: 46]
      [Scan RS (ms): Min: 0.0, Avg: 0.2, Max: 0.8, Diff: 0.8, Sum: 0.8]
      [Code Root Scanning (ms): Min: 0.0, Avg: 0.0, Max: 0.2, Diff: 0.2, Sum: 0.2]
      [Object Copy (ms): Min: 0.0, Avg: 0.4, Max: 1.2, Diff: 1.1, Sum: 1.4]
      [Termination (ms): Min: 0.0, Avg: 0.1, Max: 0.1, Diff: 0.1, Sum: 0.3]
         [Termination Attempts: Min: 1, Avg: 1.0, Max: 1, Diff: 0, Sum: 4]
      [GC Worker Other (ms): Min: 0.0, Avg: 0.0, Max: 0.0, Diff: 0.0, Sum: 0.1]
      [GC Worker Total (ms): Min: 2.3, Avg: 2.3, Max: 2.4, Diff: 0.1, Sum: 9.3]
      [GC Worker End (ms): Min: 2612833.2, Avg: 2612833.3, Max: 2612833.3, Diff: 0.0]
   [Code Root Fixup: 0.2 ms]
   [Code Root Purge: 0.0 ms]
   [Clear CT: 0.3 ms]
   [Other: 2.3 ms]
      [Choose CSet: 0.0 ms]
      [Ref Proc: 1.6 ms]
      [Ref Enq: 0.1 ms]
      [Redirty Cards: 0.1 ms]
      [Humongous Register: 0.0 ms]
      [Humongous Reclaim: 0.0 ms]
      [Free CSet: 0.3 ms]
   [Eden: 66.0M(66.0M)->0.0B(66.0M) Survivors: 1024.0K->1024.0K Heap: 113.6M(128.0M)->47.5M(128.0M)]
 [Times: user=0.02 sys=0.00, real=0.01 secs] 
2020-11-05T19:20:40.606+0800: 2718.829: [GC pause (G1 Evacuation Pause) (young), 0.0032580 secs]
   [Parallel Time: 1.8 ms, GC Workers: 4]
      [GC Worker Start (ms): Min: 2718828.9, Avg: 2718828.9, Max: 2718829.0, Diff: 0.1]
      [Ext Root Scanning (ms): Min: 0.7, Avg: 1.0, Max: 1.8, Diff: 1.1, Sum: 3.9]
      [Update RS (ms): Min: 0.0, Avg: 0.3, Max: 0.7, Diff: 0.7, Sum: 1.1]
         [Processed Buffers: Min: 0, Avg: 11.3, Max: 24, Diff: 24, Sum: 45]
      [Scan RS (ms): Min: 0.0, Avg: 0.0, Max: 0.0, Diff: 0.0, Sum: 0.0]
      [Code Root Scanning (ms): Min: 0.0, Avg: 0.1, Max: 0.3, Diff: 0.3, Sum: 0.3]
      [Object Copy (ms): Min: 0.0, Avg: 0.3, Max: 0.6, Diff: 0.6, Sum: 1.4]
      [Termination (ms): Min: 0.0, Avg: 0.0, Max: 0.1, Diff: 0.1, Sum: 0.2]
         [Termination Attempts: Min: 1, Avg: 1.0, Max: 1, Diff: 0, Sum: 4]
      [GC Worker Other (ms): Min: 0.0, Avg: 0.0, Max: 0.0, Diff: 0.0, Sum: 0.1]
      [GC Worker Total (ms): Min: 1.7, Avg: 1.7, Max: 1.8, Diff: 0.1, Sum: 6.9]
      [GC Worker End (ms): Min: 2718830.7, Avg: 2718830.7, Max: 2718830.7, Diff: 0.0]
   [Code Root Fixup: 0.1 ms]
   [Code Root Purge: 0.0 ms]
   [Clear CT: 0.3 ms]
   [Other: 1.0 ms]
      [Choose CSet: 0.0 ms]
      [Ref Proc: 0.5 ms]
      [Ref Enq: 0.0 ms]
      [Redirty Cards: 0.3 ms]
      [Humongous Register: 0.0 ms]
      [Humongous Reclaim: 0.0 ms]
      [Free CSet: 0.1 ms]
   [Eden: 66.0M(66.0M)->0.0B(66.0M) Survivors: 1024.0K->1024.0K Heap: 113.5M(128.0M)->47.5M(128.0M)]
 [Times: user=0.00 sys=0.00, real=0.00 secs] 
2020-11-05T19:22:24.605+0800: 2822.828: [GC pause (G1 Evacuation Pause) (young), 0.0031782 secs]
   [Parallel Time: 1.7 ms, GC Workers: 4]
      [GC Worker Start (ms): Min: 2822828.0, Avg: 2822828.1, Max: 2822828.1, Diff: 0.1]
      [Ext Root Scanning (ms): Min: 0.6, Avg: 0.9, Max: 1.4, Diff: 0.8, Sum: 3.4]
      [Update RS (ms): Min: 0.0, Avg: 0.3, Max: 0.3, Diff: 0.3, Sum: 1.0]
         [Processed Buffers: Min: 0, Avg: 11.5, Max: 17, Diff: 17, Sum: 46]
      [Scan RS (ms): Min: 0.0, Avg: 0.0, Max: 0.0, Diff: 0.0, Sum: 0.0]
      [Code Root Scanning (ms): Min: 0.0, Avg: 0.1, Max: 0.3, Diff: 0.3, Sum: 0.3]
      [Object Copy (ms): Min: 0.0, Avg: 0.2, Max: 0.3, Diff: 0.3, Sum: 0.7]
      [Termination (ms): Min: 0.0, Avg: 0.0, Max: 0.1, Diff: 0.1, Sum: 0.2]
         [Termination Attempts: Min: 1, Avg: 1.0, Max: 1, Diff: 0, Sum: 4]
      [GC Worker Other (ms): Min: 0.0, Avg: 0.0, Max: 0.0, Diff: 0.0, Sum: 0.0]
      [GC Worker Total (ms): Min: 1.4, Avg: 1.4, Max: 1.5, Diff: 0.1, Sum: 5.7]
      [GC Worker End (ms): Min: 2822829.5, Avg: 2822829.5, Max: 2822829.5, Diff: 0.0]
   [Code Root Fixup: 0.1 ms]
   [Code Root Purge: 0.0 ms]
   [Clear CT: 0.4 ms]
   [Other: 1.1 ms]
      [Choose CSet: 0.0 ms]
      [Ref Proc: 0.6 ms]
      [Ref Enq: 0.0 ms]
      [Redirty Cards: 0.3 ms]
      [Humongous Register: 0.0 ms]
      [Humongous Reclaim: 0.0 ms]
      [Free CSet: 0.0 ms]
   [Eden: 66.0M(66.0M)->0.0B(66.0M) Survivors: 1024.0K->1024.0K Heap: 113.5M(128.0M)->47.5M(128.0M)]
 [Times: user=0.00 sys=0.00, real=0.00 secs] 
2020-11-05T19:24:11.606+0800: 2929.828: [GC pause (G1 Evacuation Pause) (young), 0.0037460 secs]
   [Parallel Time: 2.2 ms, GC Workers: 4]
      [GC Worker Start (ms): Min: 2929828.6, Avg: 2929828.7, Max: 2929828.7, Diff: 0.1]
      [Ext Root Scanning (ms): Min: 0.6, Avg: 1.0, Max: 2.1, Diff: 1.5, Sum: 4.0]
      [Update RS (ms): Min: 0.0, Avg: 0.2, Max: 0.3, Diff: 0.3, Sum: 0.9]
         [Processed Buffers: Min: 0, Avg: 11.5, Max: 41, Diff: 41, Sum: 46]
      [Scan RS (ms): Min: 0.0, Avg: 0.0, Max: 0.0, Diff: 0.0, Sum: 0.1]
      [Code Root Scanning (ms): Min: 0.0, Avg: 0.0, Max: 0.1, Diff: 0.1, Sum: 0.1]
      [Object Copy (ms): Min: 0.0, Avg: 0.2, Max: 0.3, Diff: 0.3, Sum: 0.7]
      [Termination (ms): Min: 0.0, Avg: 0.6, Max: 0.8, Diff: 0.8, Sum: 2.4]
         [Termination Attempts: Min: 1, Avg: 1.3, Max: 2, Diff: 1, Sum: 5]
      [GC Worker Other (ms): Min: 0.0, Avg: 0.0, Max: 0.0, Diff: 0.0, Sum: 0.0]
      [GC Worker Total (ms): Min: 2.0, Avg: 2.1, Max: 2.1, Diff: 0.1, Sum: 8.2]
      [GC Worker End (ms): Min: 2929830.7, Avg: 2929830.7, Max: 2929830.7, Diff: 0.0]
   [Code Root Fixup: 0.1 ms]
   [Code Root Purge: 0.0 ms]
   [Clear CT: 0.5 ms]
   [Other: 1.0 ms]
      [Choose CSet: 0.0 ms]
      [Ref Proc: 0.6 ms]
      [Ref Enq: 0.0 ms]
      [Redirty Cards: 0.2 ms]
      [Humongous Register: 0.0 ms]
      [Humongous Reclaim: 0.0 ms]
      [Free CSet: 0.1 ms]
   [Eden: 66.0M(66.0M)->0.0B(66.0M) Survivors: 1024.0K->1024.0K Heap: 113.5M(128.0M)->47.4M(128.0M)]
 [Times: user=0.00 sys=0.00, real=0.00 secs] 
2020-11-05T19:25:58.512+0800: 3036.734: [GC pause (G1 Evacuation Pause) (young), 0.0035494 secs]
   [Parallel Time: 2.2 ms, GC Workers: 4]
      [GC Worker Start (ms): Min: 3036734.3, Avg: 3036734.4, Max: 3036734.4, Diff: 0.1]
      [Ext Root Scanning (ms): Min: 0.7, Avg: 1.1, Max: 2.1, Diff: 1.4, Sum: 4.2]
      [Update RS (ms): Min: 0.0, Avg: 0.3, Max: 0.4, Diff: 0.4, Sum: 1.0]
         [Processed Buffers: Min: 0, Avg: 12.5, Max: 23, Diff: 23, Sum: 50]
      [Scan RS (ms): Min: 0.0, Avg: 0.0, Max: 0.0, Diff: 0.0, Sum: 0.0]
      [Code Root Scanning (ms): Min: 0.0, Avg: 0.0, Max: 0.1, Diff: 0.1, Sum: 0.2]
      [Object Copy (ms): Min: 0.0, Avg: 0.2, Max: 0.3, Diff: 0.3, Sum: 0.9]
      [Termination (ms): Min: 0.0, Avg: 0.4, Max: 0.6, Diff: 0.6, Sum: 1.7]
         [Termination Attempts: Min: 1, Avg: 2.0, Max: 3, Diff: 2, Sum: 8]
      [GC Worker Other (ms): Min: 0.0, Avg: 0.0, Max: 0.0, Diff: 0.0, Sum: 0.1]
      [GC Worker Total (ms): Min: 2.0, Avg: 2.0, Max: 2.1, Diff: 0.1, Sum: 8.1]
      [GC Worker End (ms): Min: 3036736.4, Avg: 3036736.4, Max: 3036736.4, Diff: 0.0]
   [Code Root Fixup: 0.1 ms]
   [Code Root Purge: 0.0 ms]
   [Clear CT: 0.3 ms]
   [Other: 1.0 ms]
      [Choose CSet: 0.0 ms]
      [Ref Proc: 0.6 ms]
      [Ref Enq: 0.0 ms]
      [Redirty Cards: 0.3 ms]
      [Humongous Register: 0.0 ms]
      [Humongous Reclaim: 0.0 ms]
      [Free CSet: 0.0 ms]
   [Eden: 66.0M(66.0M)->0.0B(66.0M) Survivors: 1024.0K->1024.0K Heap: 113.4M(128.0M)->47.4M(128.0M)]
 [Times: user=0.00 sys=0.00, real=0.00 secs] 
2020-11-05T19:27:36.605+0800: 3134.827: [GC pause (G1 Evacuation Pause) (young), 0.0025063 secs]
   [Parallel Time: 1.7 ms, GC Workers: 4]
      [GC Worker Start (ms): Min: 3134827.2, Avg: 3134827.2, Max: 3134827.3, Diff: 0.1]
      [Ext Root Scanning (ms): Min: 0.7, Avg: 1.0, Max: 1.6, Diff: 0.9, Sum: 4.0]
      [Update RS (ms): Min: 0.0, Avg: 0.3, Max: 0.4, Diff: 0.4, Sum: 1.0]
         [Processed Buffers: Min: 0, Avg: 11.5, Max: 23, Diff: 23, Sum: 46]
      [Scan RS (ms): Min: 0.0, Avg: 0.0, Max: 0.0, Diff: 0.0, Sum: 0.0]
      [Code Root Scanning (ms): Min: 0.0, Avg: 0.0, Max: 0.2, Diff: 0.2, Sum: 0.2]
      [Object Copy (ms): Min: 0.0, Avg: 0.2, Max: 0.3, Diff: 0.3, Sum: 0.8]
      [Termination (ms): Min: 0.0, Avg: 0.1, Max: 0.1, Diff: 0.1, Sum: 0.4]
         [Termination Attempts: Min: 1, Avg: 1.0, Max: 1, Diff: 0, Sum: 4]
      [GC Worker Other (ms): Min: 0.0, Avg: 0.0, Max: 0.0, Diff: 0.0, Sum: 0.0]
      [GC Worker Total (ms): Min: 1.6, Avg: 1.6, Max: 1.6, Diff: 0.1, Sum: 6.5]
      [GC Worker End (ms): Min: 3134828.9, Avg: 3134828.9, Max: 3134828.9, Diff: 0.0]
   [Code Root Fixup: 0.1 ms]
   [Code Root Purge: 0.0 ms]
   [Clear CT: 0.1 ms]
   [Other: 0.7 ms]
      [Choose CSet: 0.0 ms]
      [Ref Proc: 0.4 ms]
      [Ref Enq: 0.0 ms]
      [Redirty Cards: 0.0 ms]
      [Humongous Register: 0.0 ms]
      [Humongous Reclaim: 0.0 ms]
      [Free CSet: 0.1 ms]
   [Eden: 66.0M(66.0M)->0.0B(66.0M) Survivors: 1024.0K->1024.0K Heap: 113.4M(128.0M)->47.5M(128.0M)]
 [Times: user=0.00 sys=0.00, real=0.00 secs] 
2020-11-05T19:29:26.605+0800: 3244.828: [GC pause (G1 Evacuation Pause) (young), 0.0481709 secs]
   [Parallel Time: 46.6 ms, GC Workers: 4]
      [GC Worker Start (ms): Min: 3244828.1, Avg: 3244828.1, Max: 3244828.2, Diff: 0.0]
      [Ext Root Scanning (ms): Min: 0.7, Avg: 1.1, Max: 2.2, Diff: 1.5, Sum: 4.4]
      [Update RS (ms): Min: 0.0, Avg: 0.3, Max: 0.4, Diff: 0.4, Sum: 1.1]
         [Processed Buffers: Min: 0, Avg: 12.0, Max: 31, Diff: 31, Sum: 48]
      [Scan RS (ms): Min: 0.0, Avg: 0.0, Max: 0.0, Diff: 0.0, Sum: 0.0]
      [Code Root Scanning (ms): Min: 0.0, Avg: 11.3, Max: 45.3, Diff: 45.3, Sum: 45.3]
      [Object Copy (ms): Min: 0.0, Avg: 0.3, Max: 0.6, Diff: 0.6, Sum: 1.3]
      [Termination (ms): Min: 0.0, Avg: 33.5, Max: 44.8, Diff: 44.8, Sum: 133.8]
         [Termination Attempts: Min: 1, Avg: 1.5, Max: 2, Diff: 1, Sum: 6]
      [GC Worker Other (ms): Min: 0.0, Avg: 0.0, Max: 0.0, Diff: 0.0, Sum: 0.0]
      [GC Worker Total (ms): Min: 46.5, Avg: 46.5, Max: 46.5, Diff: 0.0, Sum: 186.0]
      [GC Worker End (ms): Min: 3244874.6, Avg: 3244874.6, Max: 3244874.6, Diff: 0.0]
   [Code Root Fixup: 0.1 ms]
   [Code Root Purge: 0.0 ms]
   [Clear CT: 0.4 ms]
   [Other: 1.1 ms]
      [Choose CSet: 0.0 ms]
      [Ref Proc: 0.8 ms]
      [Ref Enq: 0.0 ms]
      [Redirty Cards: 0.1 ms]
      [Humongous Register: 0.0 ms]
      [Humongous Reclaim: 0.0 ms]
      [Free CSet: 0.1 ms]
   [Eden: 66.0M(66.0M)->0.0B(66.0M) Survivors: 1024.0K->1024.0K Heap: 113.5M(128.0M)->47.6M(128.0M)]
 [Times: user=0.13 sys=0.00, real=0.05 secs] 
2020-11-05T19:31:08.376+0800: 3346.598: [GC pause (G1 Evacuation Pause) (young), 0.0034922 secs]
   [Parallel Time: 2.3 ms, GC Workers: 4]
      [GC Worker Start (ms): Min: 3346598.2, Avg: 3346598.2, Max: 3346598.3, Diff: 0.1]
      [Ext Root Scanning (ms): Min: 1.1, Avg: 1.4, Max: 2.2, Diff: 1.1, Sum: 5.6]
      [Update RS (ms): Min: 0.0, Avg: 0.2, Max: 0.4, Diff: 0.4, Sum: 0.9]
         [Processed Buffers: Min: 0, Avg: 11.0, Max: 25, Diff: 25, Sum: 44]
      [Scan RS (ms): Min: 0.0, Avg: 0.0, Max: 0.0, Diff: 0.0, Sum: 0.0]
      [Code Root Scanning (ms): Min: 0.0, Avg: 0.0, Max: 0.2, Diff: 0.2, Sum: 0.2]
      [Object Copy (ms): Min: 0.0, Avg: 0.3, Max: 0.5, Diff: 0.5, Sum: 1.0]
      [Termination (ms): Min: 0.0, Avg: 0.3, Max: 0.3, Diff: 0.3, Sum: 1.0]
         [Termination Attempts: Min: 1, Avg: 1.3, Max: 2, Diff: 1, Sum: 5]
      [GC Worker Other (ms): Min: 0.0, Avg: 0.0, Max: 0.0, Diff: 0.0, Sum: 0.0]
      [GC Worker Total (ms): Min: 2.1, Avg: 2.2, Max: 2.2, Diff: 0.1, Sum: 8.8]
      [GC Worker End (ms): Min: 3346600.4, Avg: 3346600.4, Max: 3346600.4, Diff: 0.0]
   [Code Root Fixup: 0.1 ms]
   [Code Root Purge: 0.0 ms]
   [Clear CT: 0.3 ms]
   [Other: 0.8 ms]
      [Choose CSet: 0.0 ms]
      [Ref Proc: 0.4 ms]
      [Ref Enq: 0.0 ms]
      [Redirty Cards: 0.2 ms]
      [Humongous Register: 0.0 ms]
      [Humongous Reclaim: 0.0 ms]
      [Free CSet: 0.0 ms]
   [Eden: 66.0M(66.0M)->0.0B(66.0M) Survivors: 1024.0K->1024.0K Heap: 113.6M(128.0M)->47.6M(128.0M)]
 [Times: user=0.01 sys=0.00, real=0.00 secs] 
2020-11-05T19:32:37.606+0800: 3435.828: [GC pause (G1 Evacuation Pause) (young), 0.0027978 secs]
   [Parallel Time: 1.6 ms, GC Workers: 4]
      [GC Worker Start (ms): Min: 3435828.5, Avg: 3435828.6, Max: 3435828.6, Diff: 0.1]
      [Ext Root Scanning (ms): Min: 0.7, Avg: 0.9, Max: 1.5, Diff: 0.8, Sum: 3.5]
      [Update RS (ms): Min: 0.0, Avg: 0.2, Max: 0.3, Diff: 0.3, Sum: 1.0]
         [Processed Buffers: Min: 0, Avg: 12.3, Max: 35, Diff: 35, Sum: 49]
      [Scan RS (ms): Min: 0.0, Avg: 0.0, Max: 0.0, Diff: 0.0, Sum: 0.0]
      [Code Root Scanning (ms): Min: 0.0, Avg: 0.0, Max: 0.2, Diff: 0.2, Sum: 0.2]
      [Object Copy (ms): Min: 0.0, Avg: 0.2, Max: 0.3, Diff: 0.3, Sum: 0.7]
      [Termination (ms): Min: 0.0, Avg: 0.1, Max: 0.1, Diff: 0.1, Sum: 0.4]
         [Termination Attempts: Min: 1, Avg: 1.0, Max: 1, Diff: 0, Sum: 4]
      [GC Worker Other (ms): Min: 0.0, Avg: 0.0, Max: 0.0, Diff: 0.0, Sum: 0.1]
      [GC Worker Total (ms): Min: 1.4, Avg: 1.5, Max: 1.5, Diff: 0.1, Sum: 5.8]
      [GC Worker End (ms): Min: 3435830.1, Avg: 3435830.1, Max: 3435830.1, Diff: 0.0]
   [Code Root Fixup: 0.1 ms]
   [Code Root Purge: 0.0 ms]
   [Clear CT: 0.2 ms]
   [Other: 1.0 ms]
      [Choose CSet: 0.0 ms]
      [Ref Proc: 0.6 ms]
      [Ref Enq: 0.0 ms]
      [Redirty Cards: 0.2 ms]
      [Humongous Register: 0.0 ms]
      [Humongous Reclaim: 0.0 ms]
      [Free CSet: 0.0 ms]
   [Eden: 66.0M(66.0M)->0.0B(66.0M) Survivors: 1024.0K->1024.0K Heap: 113.6M(128.0M)->47.6M(128.0M)]
 [Times: user=0.00 sys=0.00, real=0.00 secs] 
2020-11-05T19:34:17.604+0800: 3535.826: [GC pause (G1 Evacuation Pause) (young), 0.0034148 secs]
   [Parallel Time: 2.0 ms, GC Workers: 4]
      [GC Worker Start (ms): Min: 3535825.9, Avg: 3535825.9, Max: 3535826.0, Diff: 0.1]
      [Ext Root Scanning (ms): Min: 0.7, Avg: 1.0, Max: 1.9, Diff: 1.3, Sum: 4.1]
      [Update RS (ms): Min: 0.0, Avg: 0.2, Max: 0.3, Diff: 0.3, Sum: 0.8]
         [Processed Buffers: Min: 0, Avg: 11.3, Max: 35, Diff: 35, Sum: 45]
      [Scan RS (ms): Min: 0.0, Avg: 0.0, Max: 0.0, Diff: 0.0, Sum: 0.0]
      [Code Root Scanning (ms): Min: 0.0, Avg: 0.0, Max: 0.2, Diff: 0.2, Sum: 0.2]
      [Object Copy (ms): Min: 0.0, Avg: 0.2, Max: 0.3, Diff: 0.3, Sum: 0.8]
      [Termination (ms): Min: 0.0, Avg: 0.4, Max: 0.6, Diff: 0.6, Sum: 1.7]
         [Termination Attempts: Min: 1, Avg: 1.5, Max: 2, Diff: 1, Sum: 6]
      [GC Worker Other (ms): Min: 0.0, Avg: 0.0, Max: 0.0, Diff: 0.0, Sum: 0.1]
      [GC Worker Total (ms): Min: 1.9, Avg: 1.9, Max: 2.0, Diff: 0.1, Sum: 7.7]
      [GC Worker End (ms): Min: 3535827.8, Avg: 3535827.8, Max: 3535827.9, Diff: 0.0]
   [Code Root Fixup: 0.1 ms]
   [Code Root Purge: 0.0 ms]
   [Clear CT: 0.2 ms]
   [Other: 1.1 ms]
      [Choose CSet: 0.0 ms]
      [Ref Proc: 0.6 ms]
      [Ref Enq: 0.0 ms]
      [Redirty Cards: 0.3 ms]
      [Humongous Register: 0.0 ms]
      [Humongous Reclaim: 0.0 ms]
      [Free CSet: 0.1 ms]
   [Eden: 66.0M(66.0M)->0.0B(66.0M) Survivors: 1024.0K->1024.0K Heap: 113.6M(128.0M)->47.4M(128.0M)]
 [Times: user=0.00 sys=0.00, real=0.00 secs] 
2020-11-05T19:36:00.833+0800: 3639.056: [GC pause (G1 Evacuation Pause) (young), 0.0048170 secs]
   [Parallel Time: 3.6 ms, GC Workers: 4]
      [GC Worker Start (ms): Min: 3639055.9, Avg: 3639056.1, Max: 3639056.3, Diff: 0.4]
      [Ext Root Scanning (ms): Min: 1.0, Avg: 1.7, Max: 3.3, Diff: 2.3, Sum: 6.9]
      [Update RS (ms): Min: 0.0, Avg: 0.4, Max: 0.6, Diff: 0.6, Sum: 1.7]
         [Processed Buffers: Min: 0, Avg: 11.8, Max: 34, Diff: 34, Sum: 47]
      [Scan RS (ms): Min: 0.0, Avg: 0.0, Max: 0.0, Diff: 0.0, Sum: 0.1]
      [Code Root Scanning (ms): Min: 0.0, Avg: 0.1, Max: 0.3, Diff: 0.3, Sum: 0.3]
      [Object Copy (ms): Min: 0.0, Avg: 0.4, Max: 0.7, Diff: 0.7, Sum: 1.7]
      [Termination (ms): Min: 0.0, Avg: 0.5, Max: 0.8, Diff: 0.8, Sum: 2.1]
         [Termination Attempts: Min: 1, Avg: 1.8, Max: 2, Diff: 1, Sum: 7]
      [GC Worker Other (ms): Min: 0.0, Avg: 0.0, Max: 0.1, Diff: 0.0, Sum: 0.1]
      [GC Worker Total (ms): Min: 3.0, Avg: 3.2, Max: 3.4, Diff: 0.4, Sum: 12.8]
      [GC Worker End (ms): Min: 3639059.3, Avg: 3639059.3, Max: 3639059.4, Diff: 0.1]
   [Code Root Fixup: 0.1 ms]
   [Code Root Purge: 0.0 ms]
   [Clear CT: 0.2 ms]
   [Other: 1.0 ms]
      [Choose CSet: 0.0 ms]
      [Ref Proc: 0.5 ms]
      [Ref Enq: 0.0 ms]
      [Redirty Cards: 0.3 ms]
      [Humongous Register: 0.0 ms]
      [Humongous Reclaim: 0.0 ms]
      [Free CSet: 0.0 ms]
   [Eden: 66.0M(66.0M)->0.0B(65.0M) Survivors: 1024.0K->1024.0K Heap: 113.4M(128.0M)->47.5M(128.0M)]
 [Times: user=0.00 sys=0.00, real=0.01 secs] 
2020-11-05T19:37:58.610+0800: 3756.832: [GC pause (G1 Evacuation Pause) (young), 0.0490651 secs]
   [Parallel Time: 47.9 ms, GC Workers: 4]
      [GC Worker Start (ms): Min: 3756832.3, Avg: 3756832.4, Max: 3756832.4, Diff: 0.1]
      [Ext Root Scanning (ms): Min: 1.0, Avg: 12.9, Max: 47.8, Diff: 46.8, Sum: 51.6]
      [Update RS (ms): Min: 0.0, Avg: 0.3, Max: 0.6, Diff: 0.6, Sum: 1.3]
         [Processed Buffers: Min: 0, Avg: 11.8, Max: 42, Diff: 42, Sum: 47]
      [Scan RS (ms): Min: 0.0, Avg: 0.0, Max: 0.1, Diff: 0.1, Sum: 0.1]
      [Code Root Scanning (ms): Min: 0.0, Avg: 0.1, Max: 0.3, Diff: 0.3, Sum: 0.3]
      [Object Copy (ms): Min: 0.0, Avg: 34.3, Max: 45.9, Diff: 45.9, Sum: 137.1]
      [Termination (ms): Min: 0.0, Avg: 0.1, Max: 0.2, Diff: 0.2, Sum: 0.6]
         [Termination Attempts: Min: 1, Avg: 1.0, Max: 1, Diff: 0, Sum: 4]
      [GC Worker Other (ms): Min: 0.0, Avg: 0.0, Max: 0.1, Diff: 0.0, Sum: 0.1]
      [GC Worker Total (ms): Min: 47.7, Avg: 47.7, Max: 47.8, Diff: 0.1, Sum: 191.0]
      [GC Worker End (ms): Min: 3756880.1, Avg: 3756880.1, Max: 3756880.1, Diff: 0.0]
   [Code Root Fixup: 0.1 ms]
   [Code Root Purge: 0.0 ms]
   [Clear CT: 0.2 ms]
   [Other: 0.9 ms]
      [Choose CSet: 0.0 ms]
      [Ref Proc: 0.5 ms]
      [Ref Enq: 0.0 ms]
      [Redirty Cards: 0.3 ms]
      [Humongous Register: 0.0 ms]
      [Humongous Reclaim: 0.0 ms]
      [Free CSet: 0.0 ms]
   [Eden: 65.0M(65.0M)->0.0B(65.0M) Survivors: 1024.0K->1024.0K Heap: 112.5M(128.0M)->47.7M(128.0M)]
 [Times: user=0.00 sys=0.00, real=0.05 secs] 
2020-11-05T19:39:44.555+0800: 3862.777: [GC pause (G1 Evacuation Pause) (young), 0.0048996 secs]
   [Parallel Time: 4.1 ms, GC Workers: 4]
      [GC Worker Start (ms): Min: 3862777.2, Avg: 3862778.3, Max: 3862781.2, Diff: 4.1]
      [Ext Root Scanning (ms): Min: 0.0, Avg: 1.8, Max: 3.9, Diff: 3.9, Sum: 7.2]
      [Update RS (ms): Min: 0.0, Avg: 0.6, Max: 1.4, Diff: 1.4, Sum: 2.3]
         [Processed Buffers: Min: 0, Avg: 12.5, Max: 45, Diff: 45, Sum: 50]
      [Scan RS (ms): Min: 0.0, Avg: 0.0, Max: 0.1, Diff: 0.1, Sum: 0.1]
      [Code Root Scanning (ms): Min: 0.0, Avg: 0.1, Max: 0.2, Diff: 0.2, Sum: 0.3]
      [Object Copy (ms): Min: 0.0, Avg: 0.4, Max: 1.2, Diff: 1.2, Sum: 1.7]
      [Termination (ms): Min: 0.0, Avg: 0.0, Max: 0.1, Diff: 0.1, Sum: 0.2]
         [Termination Attempts: Min: 1, Avg: 1.0, Max: 1, Diff: 0, Sum: 4]
      [GC Worker Other (ms): Min: 0.0, Avg: 0.0, Max: 0.0, Diff: 0.0, Sum: 0.0]
      [GC Worker Total (ms): Min: 0.0, Avg: 3.0, Max: 4.1, Diff: 4.1, Sum: 11.8]
      [GC Worker End (ms): Min: 3862781.3, Avg: 3862781.3, Max: 3862781.3, Diff: 0.0]
   [Code Root Fixup: 0.0 ms]
   [Code Root Purge: 0.0 ms]
   [Clear CT: 0.1 ms]
   [Other: 0.7 ms]
      [Choose CSet: 0.0 ms]
      [Ref Proc: 0.4 ms]
      [Ref Enq: 0.0 ms]
      [Redirty Cards: 0.0 ms]
      [Humongous Register: 0.0 ms]
      [Humongous Reclaim: 0.0 ms]
      [Free CSet: 0.1 ms]
   [Eden: 65.0M(65.0M)->0.0B(65.0M) Survivors: 1024.0K->1024.0K Heap: 112.7M(128.0M)->47.5M(128.0M)]
 [Times: user=0.00 sys=0.00, real=0.00 secs] 
2020-11-05T19:41:21.699+0800: 3959.921: [GC pause (G1 Evacuation Pause) (young), 0.1162573 secs]
   [Parallel Time: 115.6 ms, GC Workers: 4]
      [GC Worker Start (ms): Min: 3959921.1, Avg: 3959921.1, Max: 3959921.1, Diff: 0.0]
      [Ext Root Scanning (ms): Min: 0.7, Avg: 1.1, Max: 2.2, Diff: 1.6, Sum: 4.4]
      [Update RS (ms): Min: 0.0, Avg: 28.6, Max: 113.7, Diff: 113.7, Sum: 114.6]
         [Processed Buffers: Min: 0, Avg: 12.0, Max: 34, Diff: 34, Sum: 48]
      [Scan RS (ms): Min: 0.0, Avg: 0.0, Max: 0.0, Diff: 0.0, Sum: 0.0]
      [Code Root Scanning (ms): Min: 0.0, Avg: 0.0, Max: 0.1, Diff: 0.1, Sum: 0.2]
      [Object Copy (ms): Min: 0.0, Avg: 0.2, Max: 0.5, Diff: 0.5, Sum: 0.9]
      [Termination (ms): Min: 0.0, Avg: 84.7, Max: 113.9, Diff: 113.9, Sum: 338.9]
         [Termination Attempts: Min: 1, Avg: 10.0, Max: 15, Diff: 14, Sum: 40]
      [GC Worker Other (ms): Min: 0.0, Avg: 0.0, Max: 0.0, Diff: 0.0, Sum: 0.0]
      [GC Worker Total (ms): Min: 114.5, Avg: 114.7, Max: 115.5, Diff: 1.1, Sum: 458.9]
      [GC Worker End (ms): Min: 3960035.6, Avg: 3960035.9, Max: 3960036.6, Diff: 1.0]
   [Code Root Fixup: 0.1 ms]
   [Code Root Purge: 0.0 ms]
   [Clear CT: 0.1 ms]
   [Other: 0.6 ms]
      [Choose CSet: 0.0 ms]
      [Ref Proc: 0.4 ms]
      [Ref Enq: 0.0 ms]
      [Redirty Cards: 0.0 ms]
      [Humongous Register: 0.0 ms]
      [Humongous Reclaim: 0.0 ms]
      [Free CSet: 0.0 ms]
   [Eden: 65.0M(65.0M)->0.0B(65.0M) Survivors: 1024.0K->1024.0K Heap: 112.5M(128.0M)->47.6M(128.0M)]
 [Times: user=0.23 sys=0.01, real=0.12 secs] 
2020-11-05T19:43:04.500+0800: 4062.723: [GC pause (G1 Evacuation Pause) (young), 0.0028961 secs]
   [Parallel Time: 1.6 ms, GC Workers: 4]
      [GC Worker Start (ms): Min: 4062722.7, Avg: 4062722.8, Max: 4062722.8, Diff: 0.1]
      [Ext Root Scanning (ms): Min: 0.6, Avg: 0.9, Max: 1.5, Diff: 0.9, Sum: 3.7]
      [Update RS (ms): Min: 0.0, Avg: 0.3, Max: 0.4, Diff: 0.4, Sum: 1.0]
         [Processed Buffers: Min: 0, Avg: 11.5, Max: 30, Diff: 30, Sum: 46]
      [Scan RS (ms): Min: 0.0, Avg: 0.0, Max: 0.0, Diff: 0.0, Sum: 0.0]
      [Code Root Scanning (ms): Min: 0.0, Avg: 0.0, Max: 0.1, Diff: 0.1, Sum: 0.1]
      [Object Copy (ms): Min: 0.0, Avg: 0.2, Max: 0.4, Diff: 0.4, Sum: 0.7]
      [Termination (ms): Min: 0.0, Avg: 0.1, Max: 0.1, Diff: 0.1, Sum: 0.3]
         [Termination Attempts: Min: 1, Avg: 1.0, Max: 1, Diff: 0, Sum: 4]
      [GC Worker Other (ms): Min: 0.0, Avg: 0.0, Max: 0.0, Diff: 0.0, Sum: 0.0]
      [GC Worker Total (ms): Min: 1.4, Avg: 1.5, Max: 1.5, Diff: 0.1, Sum: 6.0]
      [GC Worker End (ms): Min: 4062724.2, Avg: 4062724.2, Max: 4062724.3, Diff: 0.0]
   [Code Root Fixup: 0.0 ms]
   [Code Root Purge: 0.0 ms]
   [Clear CT: 0.3 ms]
   [Other: 0.9 ms]
      [Choose CSet: 0.0 ms]
      [Ref Proc: 0.5 ms]
      [Ref Enq: 0.0 ms]
      [Redirty Cards: 0.3 ms]
      [Humongous Register: 0.0 ms]
      [Humongous Reclaim: 0.0 ms]
      [Free CSet: 0.0 ms]
   [Eden: 65.0M(65.0M)->0.0B(65.0M) Survivors: 1024.0K->1024.0K Heap: 112.6M(128.0M)->47.6M(128.0M)]
 [Times: user=0.00 sys=0.00, real=0.00 secs] 
2020-11-05T19:44:52.609+0800: 4170.831: [GC pause (G1 Evacuation Pause) (young), 0.0035265 secs]
   [Parallel Time: 2.2 ms, GC Workers: 4]
      [GC Worker Start (ms): Min: 4170831.2, Avg: 4170831.3, Max: 4170831.3, Diff: 0.1]
      [Ext Root Scanning (ms): Min: 0.7, Avg: 1.1, Max: 2.1, Diff: 1.4, Sum: 4.3]
      [Update RS (ms): Min: 0.0, Avg: 0.3, Max: 0.4, Diff: 0.4, Sum: 1.2]
         [Processed Buffers: Min: 0, Avg: 12.8, Max: 36, Diff: 36, Sum: 51]
      [Scan RS (ms): Min: 0.0, Avg: 0.0, Max: 0.0, Diff: 0.0, Sum: 0.0]
      [Code Root Scanning (ms): Min: 0.0, Avg: 0.0, Max: 0.1, Diff: 0.1, Sum: 0.1]
      [Object Copy (ms): Min: 0.0, Avg: 0.2, Max: 0.3, Diff: 0.3, Sum: 0.6]
      [Termination (ms): Min: 0.0, Avg: 0.5, Max: 0.7, Diff: 0.7, Sum: 2.1]
         [Termination Attempts: Min: 1, Avg: 1.0, Max: 1, Diff: 0, Sum: 4]
      [GC Worker Other (ms): Min: 0.0, Avg: 0.0, Max: 0.0, Diff: 0.0, Sum: 0.1]
      [GC Worker Total (ms): Min: 2.1, Avg: 2.1, Max: 2.2, Diff: 0.1, Sum: 8.4]
      [GC Worker End (ms): Min: 4170833.4, Avg: 4170833.4, Max: 4170833.4, Diff: 0.0]
   [Code Root Fixup: 0.1 ms]
   [Code Root Purge: 0.0 ms]
   [Clear CT: 0.1 ms]
   [Other: 1.2 ms]
      [Choose CSet: 0.0 ms]
      [Ref Proc: 0.6 ms]
      [Ref Enq: 0.0 ms]
      [Redirty Cards: 0.4 ms]
      [Humongous Register: 0.0 ms]
      [Humongous Reclaim: 0.0 ms]
      [Free CSet: 0.0 ms]
   [Eden: 65.0M(65.0M)->0.0B(65.0M) Survivors: 1024.0K->1024.0K Heap: 112.6M(128.0M)->47.5M(128.0M)]
 [Times: user=0.00 sys=0.00, real=0.00 secs] 
2020-11-05T19:46:44.679+0800: 4282.901: [GC pause (G1 Evacuation Pause) (young), 0.0343834 secs]
   [Parallel Time: 16.7 ms, GC Workers: 4]
      [GC Worker Start (ms): Min: 4282901.2, Avg: 4282901.3, Max: 4282901.3, Diff: 0.1]
      [Ext Root Scanning (ms): Min: 0.6, Avg: 1.0, Max: 1.9, Diff: 1.3, Sum: 3.8]
      [Update RS (ms): Min: 0.0, Avg: 0.2, Max: 0.3, Diff: 0.3, Sum: 0.8]
         [Processed Buffers: Min: 0, Avg: 12.0, Max: 22, Diff: 22, Sum: 48]
      [Scan RS (ms): Min: 0.0, Avg: 0.0, Max: 0.0, Diff: 0.0, Sum: 0.0]
      [Code Root Scanning (ms): Min: 0.0, Avg: 3.9, Max: 15.6, Diff: 15.6, Sum: 15.6]
      [Object Copy (ms): Min: 0.0, Avg: 0.2, Max: 0.3, Diff: 0.3, Sum: 0.6]
      [Termination (ms): Min: 0.0, Avg: 11.4, Max: 15.4, Diff: 15.4, Sum: 45.6]
         [Termination Attempts: Min: 1, Avg: 1.0, Max: 1, Diff: 0, Sum: 4]
      [GC Worker Other (ms): Min: 0.0, Avg: 0.0, Max: 0.0, Diff: 0.0, Sum: 0.0]
      [GC Worker Total (ms): Min: 16.6, Avg: 16.6, Max: 16.7, Diff: 0.1, Sum: 66.5]
      [GC Worker End (ms): Min: 4282917.9, Avg: 4282917.9, Max: 4282917.9, Diff: 0.0]
   [Code Root Fixup: 0.1 ms]
   [Code Root Purge: 0.0 ms]
   [Clear CT: 0.2 ms]
   [Other: 17.4 ms]
      [Choose CSet: 0.0 ms]
      [Ref Proc: 0.6 ms]
      [Ref Enq: 0.0 ms]
      [Redirty Cards: 0.3 ms]
      [Humongous Register: 0.0 ms]
      [Humongous Reclaim: 0.0 ms]
      [Free CSet: 0.0 ms]
   [Eden: 65.0M(65.0M)->0.0B(65.0M) Survivors: 1024.0K->1024.0K Heap: 112.5M(128.0M)->47.6M(128.0M)]
 [Times: user=0.05 sys=0.00, real=0.04 secs] 
2020-11-05T19:48:43.606+0800: 4401.828: [GC pause (G1 Evacuation Pause) (young), 0.0036572 secs]
   [Parallel Time: 2.3 ms, GC Workers: 4]
      [GC Worker Start (ms): Min: 4401828.6, Avg: 4401828.6, Max: 4401828.7, Diff: 0.1]
      [Ext Root Scanning (ms): Min: 0.8, Avg: 1.2, Max: 2.2, Diff: 1.4, Sum: 4.6]
      [Update RS (ms): Min: 0.0, Avg: 0.3, Max: 0.4, Diff: 0.4, Sum: 1.0]
         [Processed Buffers: Min: 0, Avg: 12.0, Max: 35, Diff: 35, Sum: 48]
      [Scan RS (ms): Min: 0.0, Avg: 0.0, Max: 0.0, Diff: 0.0, Sum: 0.0]
      [Code Root Scanning (ms): Min: 0.0, Avg: 0.0, Max: 0.1, Diff: 0.1, Sum: 0.1]
      [Object Copy (ms): Min: 0.0, Avg: 0.2, Max: 0.3, Diff: 0.3, Sum: 0.8]
      [Termination (ms): Min: 0.0, Avg: 0.5, Max: 0.7, Diff: 0.7, Sum: 2.0]
         [Termination Attempts: Min: 1, Avg: 1.0, Max: 1, Diff: 0, Sum: 4]
      [GC Worker Other (ms): Min: 0.0, Avg: 0.0, Max: 0.0, Diff: 0.0, Sum: 0.1]
      [GC Worker Total (ms): Min: 2.1, Avg: 2.2, Max: 2.2, Diff: 0.1, Sum: 8.7]
      [GC Worker End (ms): Min: 4401830.8, Avg: 4401830.8, Max: 4401830.8, Diff: 0.0]
   [Code Root Fixup: 0.0 ms]
   [Code Root Purge: 0.0 ms]
   [Clear CT: 0.3 ms]
   [Other: 1.0 ms]
      [Choose CSet: 0.0 ms]
      [Ref Proc: 0.5 ms]
      [Ref Enq: 0.0 ms]
      [Redirty Cards: 0.3 ms]
      [Humongous Register: 0.0 ms]
      [Humongous Reclaim: 0.0 ms]
      [Free CSet: 0.0 ms]
   [Eden: 65.0M(65.0M)->0.0B(65.0M) Survivors: 1024.0K->1024.0K Heap: 112.6M(128.0M)->47.5M(128.0M)]
 [Times: user=0.00 sys=0.00, real=0.00 secs] 
2020-11-05T19:50:36.604+0800: 4514.827: [GC pause (G1 Evacuation Pause) (young), 0.0052367 secs]
   [Parallel Time: 3.8 ms, GC Workers: 4]
      [GC Worker Start (ms): Min: 4514827.3, Avg: 4514827.3, Max: 4514827.3, Diff: 0.0]
      [Ext Root Scanning (ms): Min: 1.1, Avg: 1.8, Max: 3.7, Diff: 2.6, Sum: 7.1]
      [Update RS (ms): Min: 0.0, Avg: 0.5, Max: 0.7, Diff: 0.7, Sum: 2.1]
         [Processed Buffers: Min: 0, Avg: 12.3, Max: 29, Diff: 29, Sum: 49]
      [Scan RS (ms): Min: 0.0, Avg: 0.0, Max: 0.0, Diff: 0.0, Sum: 0.1]
      [Code Root Scanning (ms): Min: 0.0, Avg: 0.0, Max: 0.2, Diff: 0.2, Sum: 0.2]
      [Object Copy (ms): Min: 0.0, Avg: 0.3, Max: 0.5, Diff: 0.5, Sum: 1.2]
      [Termination (ms): Min: 0.0, Avg: 1.0, Max: 1.4, Diff: 1.4, Sum: 4.1]
         [Termination Attempts: Min: 1, Avg: 1.0, Max: 1, Diff: 0, Sum: 4]
      [GC Worker Other (ms): Min: 0.0, Avg: 0.0, Max: 0.0, Diff: 0.0, Sum: 0.0]
      [GC Worker Total (ms): Min: 3.7, Avg: 3.7, Max: 3.7, Diff: 0.0, Sum: 14.9]
      [GC Worker End (ms): Min: 4514831.0, Avg: 4514831.0, Max: 4514831.0, Diff: 0.0]
   [Code Root Fixup: 0.0 ms]
   [Code Root Purge: 0.0 ms]
   [Clear CT: 0.3 ms]
   [Other: 1.0 ms]
      [Choose CSet: 0.0 ms]
      [Ref Proc: 0.5 ms]
      [Ref Enq: 0.0 ms]
      [Redirty Cards: 0.3 ms]
      [Humongous Register: 0.0 ms]
      [Humongous Reclaim: 0.0 ms]
      [Free CSet: 0.1 ms]
   [Eden: 65.0M(65.0M)->0.0B(65.0M) Survivors: 1024.0K->1024.0K Heap: 112.5M(128.0M)->47.5M(128.0M)]
 [Times: user=0.00 sys=0.00, real=0.01 secs] 
2020-11-05T19:52:20.604+0800: 4618.827: [GC pause (G1 Evacuation Pause) (young), 0.0471115 secs]
   [Parallel Time: 45.7 ms, GC Workers: 4]
      [GC Worker Start (ms): Min: 4618826.7, Avg: 4618826.8, Max: 4618827.0, Diff: 0.3]
      [Ext Root Scanning (ms): Min: 0.9, Avg: 1.3, Max: 1.7, Diff: 0.8, Sum: 5.2]
      [Update RS (ms): Min: 0.0, Avg: 0.3, Max: 0.6, Diff: 0.6, Sum: 1.2]
         [Processed Buffers: Min: 0, Avg: 12.3, Max: 39, Diff: 39, Sum: 49]
      [Scan RS (ms): Min: 0.0, Avg: 0.0, Max: 0.0, Diff: 0.0, Sum: 0.1]
      [Code Root Scanning (ms): Min: 0.0, Avg: 0.0, Max: 0.1, Diff: 0.1, Sum: 0.1]
      [Object Copy (ms): Min: 0.5, Avg: 33.2, Max: 44.5, Diff: 43.9, Sum: 132.6]
      [Termination (ms): Min: 0.0, Avg: 10.7, Max: 42.8, Diff: 42.8, Sum: 43.0]
         [Termination Attempts: Min: 1, Avg: 1.8, Max: 3, Diff: 2, Sum: 7]
      [GC Worker Other (ms): Min: 0.0, Avg: 0.0, Max: 0.0, Diff: 0.0, Sum: 0.1]
      [GC Worker Total (ms): Min: 45.4, Avg: 45.6, Max: 45.7, Diff: 0.3, Sum: 182.2]
      [GC Worker End (ms): Min: 4618872.4, Avg: 4618872.4, Max: 4618872.4, Diff: 0.0]
   [Code Root Fixup: 0.2 ms]
   [Code Root Purge: 0.0 ms]
   [Clear CT: 0.2 ms]
   [Other: 1.0 ms]
      [Choose CSet: 0.0 ms]
      [Ref Proc: 0.6 ms]
      [Ref Enq: 0.0 ms]
      [Redirty Cards: 0.2 ms]
      [Humongous Register: 0.0 ms]
      [Humongous Reclaim: 0.0 ms]
      [Free CSet: 0.1 ms]
   [Eden: 65.0M(65.0M)->0.0B(65.0M) Survivors: 1024.0K->1024.0K Heap: 112.5M(128.0M)->47.6M(128.0M)]
 [Times: user=0.05 sys=0.00, real=0.05 secs] 
2020-11-05T19:54:07.790+0800: 4726.012: [GC pause (G1 Evacuation Pause) (young), 0.0580269 secs]
   [Parallel Time: 39.3 ms, GC Workers: 4]
      [GC Worker Start (ms): Min: 4726012.6, Avg: 4726012.7, Max: 4726012.9, Diff: 0.3]
      [Ext Root Scanning (ms): Min: 1.4, Avg: 2.4, Max: 4.7, Diff: 3.3, Sum: 9.6]
      [Update RS (ms): Min: 0.0, Avg: 3.5, Max: 12.7, Diff: 12.7, Sum: 13.9]
         [Processed Buffers: Min: 0, Avg: 11.8, Max: 37, Diff: 37, Sum: 47]
      [Scan RS (ms): Min: 0.0, Avg: 0.0, Max: 0.1, Diff: 0.1, Sum: 0.1]
      [Code Root Scanning (ms): Min: 0.0, Avg: 0.0, Max: 0.1, Diff: 0.1, Sum: 0.1]
      [Object Copy (ms): Min: 0.0, Avg: 9.1, Max: 35.2, Diff: 35.2, Sum: 36.6]
      [Termination (ms): Min: 0.0, Avg: 23.3, Max: 35.7, Diff: 35.7, Sum: 93.3]
         [Termination Attempts: Min: 1, Avg: 6.0, Max: 20, Diff: 19, Sum: 24]
      [GC Worker Other (ms): Min: 0.0, Avg: 0.0, Max: 0.0, Diff: 0.0, Sum: 0.1]
      [GC Worker Total (ms): Min: 37.8, Avg: 38.4, Max: 39.2, Diff: 1.4, Sum: 153.8]
      [GC Worker End (ms): Min: 4726050.5, Avg: 4726051.2, Max: 4726051.8, Diff: 1.4]
   [Code Root Fixup: 0.1 ms]
   [Code Root Purge: 0.0 ms]
   [Clear CT: 0.3 ms]
   [Other: 18.3 ms]
      [Choose CSet: 0.0 ms]
      [Ref Proc: 17.6 ms]
      [Ref Enq: 0.0 ms]
      [Redirty Cards: 0.2 ms]
      [Humongous Register: 0.0 ms]
      [Humongous Reclaim: 0.0 ms]
      [Free CSet: 0.0 ms]
   [Eden: 65.0M(65.0M)->0.0B(65.0M) Survivors: 1024.0K->1024.0K Heap: 112.6M(128.0M)->47.7M(128.0M)]
 [Times: user=0.03 sys=0.00, real=0.06 secs] 
2020-11-05T19:56:03.134+0800: 4841.357: [GC pause (G1 Evacuation Pause) (young), 0.0092428 secs]
   [Parallel Time: 8.5 ms, GC Workers: 4]
      [GC Worker Start (ms): Min: 4841357.1, Avg: 4841357.8, Max: 4841359.0, Diff: 1.9]
      [Ext Root Scanning (ms): Min: 1.6, Avg: 4.1, Max: 8.4, Diff: 6.7, Sum: 16.5]
      [Update RS (ms): Min: 0.0, Avg: 0.2, Max: 0.5, Diff: 0.5, Sum: 1.0]
         [Processed Buffers: Min: 0, Avg: 12.0, Max: 39, Diff: 39, Sum: 48]
      [Scan RS (ms): Min: 0.0, Avg: 0.0, Max: 0.0, Diff: 0.0, Sum: 0.0]
      [Code Root Scanning (ms): Min: 0.0, Avg: 0.0, Max: 0.0, Diff: 0.0, Sum: 0.0]
      [Object Copy (ms): Min: 0.0, Avg: 0.2, Max: 0.5, Diff: 0.4, Sum: 0.8]
      [Termination (ms): Min: 0.0, Avg: 3.1, Max: 4.2, Diff: 4.2, Sum: 12.5]
         [Termination Attempts: Min: 1, Avg: 1.5, Max: 2, Diff: 1, Sum: 6]
      [GC Worker Other (ms): Min: 0.0, Avg: 0.0, Max: 0.0, Diff: 0.0, Sum: 0.1]
      [GC Worker Total (ms): Min: 6.6, Avg: 7.7, Max: 8.4, Diff: 1.9, Sum: 31.0]
      [GC Worker End (ms): Min: 4841365.5, Avg: 4841365.5, Max: 4841365.5, Diff: 0.0]
   [Code Root Fixup: 0.1 ms]
   [Code Root Purge: 0.0 ms]
   [Clear CT: 0.0 ms]
   [Other: 0.7 ms]
      [Choose CSet: 0.0 ms]
      [Ref Proc: 0.4 ms]
      [Ref Enq: 0.0 ms]
      [Redirty Cards: 0.0 ms]
      [Humongous Register: 0.0 ms]
      [Humongous Reclaim: 0.0 ms]
      [Free CSet: 0.1 ms]
   [Eden: 65.0M(65.0M)->0.0B(65.0M) Survivors: 1024.0K->1024.0K Heap: 112.7M(128.0M)->47.5M(128.0M)]
 [Times: user=0.00 sys=0.00, real=0.01 secs] 
2020-11-05T19:57:44.001+0800: 4942.224: [GC pause (G1 Evacuation Pause) (young), 0.0051464 secs]
   [Parallel Time: 3.6 ms, GC Workers: 4]
      [GC Worker Start (ms): Min: 4942224.3, Avg: 4942224.3, Max: 4942224.4, Diff: 0.1]
      [Ext Root Scanning (ms): Min: 1.0, Avg: 1.6, Max: 3.3, Diff: 2.3, Sum: 6.5]
      [Update RS (ms): Min: 0.0, Avg: 0.5, Max: 0.7, Diff: 0.7, Sum: 1.9]
         [Processed Buffers: Min: 0, Avg: 12.0, Max: 35, Diff: 35, Sum: 48]
      [Scan RS (ms): Min: 0.0, Avg: 0.0, Max: 0.1, Diff: 0.1, Sum: 0.1]
      [Code Root Scanning (ms): Min: 0.0, Avg: 0.0, Max: 0.2, Diff: 0.2, Sum: 0.2]
      [Object Copy (ms): Min: 0.0, Avg: 0.4, Max: 0.6, Diff: 0.6, Sum: 1.6]
      [Termination (ms): Min: 0.0, Avg: 0.8, Max: 1.0, Diff: 1.0, Sum: 3.0]
         [Termination Attempts: Min: 1, Avg: 1.0, Max: 1, Diff: 0, Sum: 4]
      [GC Worker Other (ms): Min: 0.0, Avg: 0.0, Max: 0.0, Diff: 0.0, Sum: 0.1]
      [GC Worker Total (ms): Min: 3.2, Avg: 3.3, Max: 3.4, Diff: 0.1, Sum: 13.3]
      [GC Worker End (ms): Min: 4942227.6, Avg: 4942227.6, Max: 4942227.6, Diff: 0.0]
   [Code Root Fixup: 0.1 ms]
   [Code Root Purge: 0.0 ms]
   [Clear CT: 0.4 ms]
   [Other: 1.2 ms]
      [Choose CSet: 0.0 ms]
      [Ref Proc: 0.6 ms]
      [Ref Enq: 0.0 ms]
      [Redirty Cards: 0.3 ms]
      [Humongous Register: 0.0 ms]
      [Humongous Reclaim: 0.0 ms]
      [Free CSet: 0.1 ms]
   [Eden: 65.0M(65.0M)->0.0B(65.0M) Survivors: 1024.0K->1024.0K Heap: 112.5M(128.0M)->47.6M(128.0M)]
 [Times: user=0.06 sys=0.00, real=0.01 secs] 
2020-11-05T19:59:37.603+0800: 5055.826: [GC pause (G1 Evacuation Pause) (young), 0.1189081 secs]
   [Parallel Time: 113.8 ms, GC Workers: 4]
      [GC Worker Start (ms): Min: 5055825.8, Avg: 5055825.8, Max: 5055825.9, Diff: 0.1]
      [Ext Root Scanning (ms): Min: 0.7, Avg: 1.1, Max: 2.1, Diff: 1.5, Sum: 4.2]
      [Update RS (ms): Min: 0.2, Avg: 37.1, Max: 112.9, Diff: 112.7, Sum: 148.2]
         [Processed Buffers: Min: 1, Avg: 12.8, Max: 32, Diff: 31, Sum: 51]
      [Scan RS (ms): Min: 0.0, Avg: 0.0, Max: 0.0, Diff: 0.0, Sum: 0.1]
      [Code Root Scanning (ms): Min: 0.0, Avg: 0.0, Max: 0.1, Diff: 0.1, Sum: 0.1]
      [Object Copy (ms): Min: 0.0, Avg: 26.1, Max: 104.1, Diff: 104.1, Sum: 104.5]
      [Termination (ms): Min: 0.0, Avg: 49.4, Max: 107.9, Diff: 107.9, Sum: 197.5]
         [Termination Attempts: Min: 1, Avg: 2.8, Max: 4, Diff: 3, Sum: 11]
      [GC Worker Other (ms): Min: 0.0, Avg: 0.0, Max: 0.0, Diff: 0.0, Sum: 0.1]
      [GC Worker Total (ms): Min: 113.6, Avg: 113.7, Max: 113.7, Diff: 0.1, Sum: 454.7]
      [GC Worker End (ms): Min: 5055939.5, Avg: 5055939.5, Max: 5055939.5, Diff: 0.0]
   [Code Root Fixup: 0.0 ms]
   [Code Root Purge: 0.0 ms]
   [Clear CT: 0.3 ms]
   [Other: 4.7 ms]
      [Choose CSet: 0.0 ms]
      [Ref Proc: 0.6 ms]
      [Ref Enq: 0.0 ms]
      [Redirty Cards: 0.3 ms]
      [Humongous Register: 0.0 ms]
      [Humongous Reclaim: 0.0 ms]
      [Free CSet: 0.0 ms]
   [Eden: 65.0M(65.0M)->0.0B(65.0M) Survivors: 1024.0K->1024.0K Heap: 112.6M(128.0M)->47.7M(128.0M)]
 [Times: user=0.13 sys=0.00, real=0.12 secs] 
2020-11-05T20:01:18.878+0800: 5157.101: [GC pause (G1 Evacuation Pause) (young), 0.0036140 secs]
   [Parallel Time: 2.7 ms, GC Workers: 4]
      [GC Worker Start (ms): Min: 5157101.1, Avg: 5157101.2, Max: 5157101.2, Diff: 0.1]
      [Ext Root Scanning (ms): Min: 0.9, Avg: 1.4, Max: 2.7, Diff: 1.7, Sum: 5.6]
      [Update RS (ms): Min: 0.0, Avg: 0.4, Max: 0.8, Diff: 0.8, Sum: 1.8]
         [Processed Buffers: Min: 0, Avg: 11.3, Max: 24, Diff: 24, Sum: 45]
      [Scan RS (ms): Min: 0.0, Avg: 0.0, Max: 0.0, Diff: 0.0, Sum: 0.1]
      [Code Root Scanning (ms): Min: 0.0, Avg: 0.0, Max: 0.1, Diff: 0.1, Sum: 0.1]
      [Object Copy (ms): Min: 0.0, Avg: 0.4, Max: 0.6, Diff: 0.6, Sum: 1.5]
      [Termination (ms): Min: 0.0, Avg: 0.4, Max: 0.6, Diff: 0.6, Sum: 1.6]
         [Termination Attempts: Min: 1, Avg: 1.0, Max: 1, Diff: 0, Sum: 4]
      [GC Worker Other (ms): Min: 0.0, Avg: 0.0, Max: 0.1, Diff: 0.1, Sum: 0.1]
      [GC Worker Total (ms): Min: 2.6, Avg: 2.7, Max: 2.7, Diff: 0.1, Sum: 10.7]
      [GC Worker End (ms): Min: 5157103.8, Avg: 5157103.8, Max: 5157103.9, Diff: 0.0]
   [Code Root Fixup: 0.0 ms]
   [Code Root Purge: 0.0 ms]
   [Clear CT: 0.1 ms]
   [Other: 0.8 ms]
      [Choose CSet: 0.0 ms]
      [Ref Proc: 0.4 ms]
      [Ref Enq: 0.0 ms]
      [Redirty Cards: 0.0 ms]
      [Humongous Register: 0.0 ms]
      [Humongous Reclaim: 0.0 ms]
      [Free CSet: 0.0 ms]
   [Eden: 65.0M(65.0M)->0.0B(65.0M) Survivors: 1024.0K->1024.0K Heap: 112.7M(128.0M)->47.6M(128.0M)]
 [Times: user=0.06 sys=0.00, real=0.00 secs] 
2020-11-05T20:03:13.606+0800: 5271.829: [GC pause (G1 Evacuation Pause) (young), 0.0042236 secs]
   [Parallel Time: 2.7 ms, GC Workers: 4]
      [GC Worker Start (ms): Min: 5271829.0, Avg: 5271829.0, Max: 5271829.1, Diff: 0.1]
      [Ext Root Scanning (ms): Min: 1.2, Avg: 1.7, Max: 2.6, Diff: 1.4, Sum: 6.8]
      [Update RS (ms): Min: 0.0, Avg: 0.3, Max: 0.5, Diff: 0.5, Sum: 1.2]
         [Processed Buffers: Min: 0, Avg: 11.5, Max: 31, Diff: 31, Sum: 46]
      [Scan RS (ms): Min: 0.0, Avg: 0.0, Max: 0.0, Diff: 0.0, Sum: 0.0]
      [Code Root Scanning (ms): Min: 0.0, Avg: 0.0, Max: 0.1, Diff: 0.1, Sum: 0.1]
      [Object Copy (ms): Min: 0.0, Avg: 0.3, Max: 0.4, Diff: 0.4, Sum: 1.0]
      [Termination (ms): Min: 0.0, Avg: 0.3, Max: 0.4, Diff: 0.4, Sum: 1.2]
         [Termination Attempts: Min: 1, Avg: 1.0, Max: 1, Diff: 0, Sum: 4]
      [GC Worker Other (ms): Min: 0.0, Avg: 0.0, Max: 0.0, Diff: 0.0, Sum: 0.1]
      [GC Worker Total (ms): Min: 2.5, Avg: 2.6, Max: 2.6, Diff: 0.1, Sum: 10.4]
      [GC Worker End (ms): Min: 5271831.6, Avg: 5271831.6, Max: 5271831.6, Diff: 0.0]
   [Code Root Fixup: 0.0 ms]
   [Code Root Purge: 0.0 ms]
   [Clear CT: 0.4 ms]
   [Other: 1.1 ms]
      [Choose CSet: 0.0 ms]
      [Ref Proc: 0.6 ms]
      [Ref Enq: 0.0 ms]
      [Redirty Cards: 0.3 ms]
      [Humongous Register: 0.0 ms]
      [Humongous Reclaim: 0.0 ms]
      [Free CSet: 0.0 ms]
   [Eden: 65.0M(65.0M)->0.0B(65.0M) Survivors: 1024.0K->1024.0K Heap: 112.6M(128.0M)->47.6M(128.0M)]
 [Times: user=0.00 sys=0.00, real=0.01 secs] 
2020-11-05T20:04:56.608+0800: 5374.830: [GC pause (G1 Evacuation Pause) (young), 0.0496272 secs]
   [Parallel Time: 48.9 ms, GC Workers: 4]
      [GC Worker Start (ms): Min: 5374830.3, Avg: 5374830.5, Max: 5374830.8, Diff: 0.4]
      [Ext Root Scanning (ms): Min: 0.6, Avg: 0.9, Max: 1.5, Diff: 1.0, Sum: 3.8]
      [Update RS (ms): Min: 0.0, Avg: 12.1, Max: 47.7, Diff: 47.7, Sum: 48.3]
         [Processed Buffers: Min: 0, Avg: 12.0, Max: 23, Diff: 23, Sum: 48]
      [Scan RS (ms): Min: 0.0, Avg: 0.0, Max: 0.0, Diff: 0.0, Sum: 0.0]
      [Code Root Scanning (ms): Min: 0.0, Avg: 0.0, Max: 0.0, Diff: 0.0, Sum: 0.0]
      [Object Copy (ms): Min: 0.0, Avg: 0.2, Max: 0.3, Diff: 0.3, Sum: 0.6]
      [Termination (ms): Min: 0.0, Avg: 35.4, Max: 47.2, Diff: 47.2, Sum: 141.5]
         [Termination Attempts: Min: 1, Avg: 1.0, Max: 1, Diff: 0, Sum: 4]
      [GC Worker Other (ms): Min: 0.0, Avg: 0.0, Max: 0.0, Diff: 0.0, Sum: 0.0]
      [GC Worker Total (ms): Min: 48.4, Avg: 48.6, Max: 48.8, Diff: 0.4, Sum: 194.3]
      [GC Worker End (ms): Min: 5374879.1, Avg: 5374879.1, Max: 5374879.1, Diff: 0.0]
   [Code Root Fixup: 0.0 ms]
   [Code Root Purge: 0.0 ms]
   [Clear CT: 0.1 ms]
   [Other: 0.7 ms]
      [Choose CSet: 0.0 ms]
      [Ref Proc: 0.5 ms]
      [Ref Enq: 0.0 ms]
      [Redirty Cards: 0.0 ms]
      [Humongous Register: 0.0 ms]
      [Humongous Reclaim: 0.0 ms]
      [Free CSet: 0.0 ms]
   [Eden: 65.0M(65.0M)->0.0B(65.0M) Survivors: 1024.0K->1024.0K Heap: 112.6M(128.0M)->47.6M(128.0M)]
 [Times: user=0.14 sys=0.00, real=0.05 secs] 
2020-11-05T20:06:43.606+0800: 5481.828: [GC pause (G1 Evacuation Pause) (young), 0.0037416 secs]
   [Parallel Time: 2.3 ms, GC Workers: 4]
      [GC Worker Start (ms): Min: 5481828.3, Avg: 5481828.3, Max: 5481828.4, Diff: 0.1]
      [Ext Root Scanning (ms): Min: 0.8, Avg: 1.4, Max: 2.3, Diff: 1.5, Sum: 5.6]
      [Update RS (ms): Min: 0.0, Avg: 0.3, Max: 0.6, Diff: 0.6, Sum: 1.3]
         [Processed Buffers: Min: 0, Avg: 11.5, Max: 41, Diff: 41, Sum: 46]
      [Scan RS (ms): Min: 0.0, Avg: 0.0, Max: 0.0, Diff: 0.0, Sum: 0.0]
      [Code Root Scanning (ms): Min: 0.0, Avg: 0.0, Max: 0.1, Diff: 0.1, Sum: 0.1]
      [Object Copy (ms): Min: 0.0, Avg: 0.2, Max: 0.3, Diff: 0.3, Sum: 0.7]
      [Termination (ms): Min: 0.0, Avg: 0.3, Max: 0.4, Diff: 0.4, Sum: 1.2]
         [Termination Attempts: Min: 1, Avg: 1.0, Max: 1, Diff: 0, Sum: 4]
      [GC Worker Other (ms): Min: 0.0, Avg: 0.0, Max: 0.0, Diff: 0.0, Sum: 0.0]
      [GC Worker Total (ms): Min: 2.2, Avg: 2.2, Max: 2.3, Diff: 0.1, Sum: 8.9]
      [GC Worker End (ms): Min: 5481830.5, Avg: 5481830.5, Max: 5481830.5, Diff: 0.0]
   [Code Root Fixup: 0.0 ms]
   [Code Root Purge: 0.0 ms]
   [Clear CT: 0.3 ms]
   [Other: 1.1 ms]
      [Choose CSet: 0.0 ms]
      [Ref Proc: 0.6 ms]
      [Ref Enq: 0.0 ms]
      [Redirty Cards: 0.3 ms]
      [Humongous Register: 0.0 ms]
      [Humongous Reclaim: 0.0 ms]
      [Free CSet: 0.0 ms]
   [Eden: 65.0M(65.0M)->0.0B(65.0M) Survivors: 1024.0K->1024.0K Heap: 112.6M(128.0M)->47.6M(128.0M)]
 [Times: user=0.00 sys=0.00, real=0.00 secs] 
2020-11-05T20:08:24.066+0800: 5582.288: [GC pause (G1 Evacuation Pause) (young), 0.0494178 secs]
   [Parallel Time: 48.7 ms, GC Workers: 4]
      [GC Worker Start (ms): Min: 5582288.5, Avg: 5582288.5, Max: 5582288.6, Diff: 0.1]
      [Ext Root Scanning (ms): Min: 0.5, Avg: 1.2, Max: 2.5, Diff: 2.0, Sum: 4.8]
      [Update RS (ms): Min: 0.0, Avg: 2.4, Max: 9.1, Diff: 9.1, Sum: 9.5]
         [Processed Buffers: Min: 2, Avg: 11.3, Max: 20, Diff: 18, Sum: 45]
      [Scan RS (ms): Min: 0.0, Avg: 0.0, Max: 0.0, Diff: 0.0, Sum: 0.0]
      [Code Root Scanning (ms): Min: 0.0, Avg: 0.0, Max: 0.0, Diff: 0.0, Sum: 0.0]
      [Object Copy (ms): Min: 24.5, Avg: 32.8, Max: 45.9, Diff: 21.4, Sum: 131.0]
      [Termination (ms): Min: 0.0, Avg: 12.2, Max: 21.6, Diff: 21.6, Sum: 49.0]
         [Termination Attempts: Min: 1, Avg: 4.3, Max: 13, Diff: 12, Sum: 17]
      [GC Worker Other (ms): Min: 0.0, Avg: 0.0, Max: 0.0, Diff: 0.0, Sum: 0.0]
      [GC Worker Total (ms): Min: 48.6, Avg: 48.6, Max: 48.6, Diff: 0.1, Sum: 194.4]
      [GC Worker End (ms): Min: 5582337.1, Avg: 5582337.1, Max: 5582337.2, Diff: 0.0]
   [Code Root Fixup: 0.0 ms]
   [Code Root Purge: 0.0 ms]
   [Clear CT: 0.1 ms]
   [Other: 0.7 ms]
      [Choose CSet: 0.0 ms]
      [Ref Proc: 0.4 ms]
      [Ref Enq: 0.0 ms]
      [Redirty Cards: 0.1 ms]
      [Humongous Register: 0.0 ms]
      [Humongous Reclaim: 0.0 ms]
      [Free CSet: 0.0 ms]
   [Eden: 65.0M(65.0M)->0.0B(65.0M) Survivors: 1024.0K->1024.0K Heap: 112.6M(128.0M)->47.6M(128.0M)]
 [Times: user=0.09 sys=0.00, real=0.05 secs] 
2020-11-05T20:10:15.605+0800: 5693.827: [GC pause (G1 Evacuation Pause) (young), 0.0031533 secs]
   [Parallel Time: 2.2 ms, GC Workers: 4]
      [GC Worker Start (ms): Min: 5693827.2, Avg: 5693827.3, Max: 5693827.4, Diff: 0.2]
      [Ext Root Scanning (ms): Min: 0.6, Avg: 1.1, Max: 2.1, Diff: 1.5, Sum: 4.3]
      [Update RS (ms): Min: 0.0, Avg: 0.3, Max: 0.4, Diff: 0.4, Sum: 1.1]
         [Processed Buffers: Min: 0, Avg: 11.5, Max: 28, Diff: 28, Sum: 46]
      [Scan RS (ms): Min: 0.0, Avg: 0.0, Max: 0.0, Diff: 0.0, Sum: 0.0]
      [Code Root Scanning (ms): Min: 0.0, Avg: 0.0, Max: 0.0, Diff: 0.0, Sum: 0.0]
      [Object Copy (ms): Min: 0.0, Avg: 0.2, Max: 0.2, Diff: 0.2, Sum: 0.7]
      [Termination (ms): Min: 0.0, Avg: 0.6, Max: 0.8, Diff: 0.8, Sum: 2.3]
         [Termination Attempts: Min: 1, Avg: 1.0, Max: 1, Diff: 0, Sum: 4]
      [GC Worker Other (ms): Min: 0.0, Avg: 0.0, Max: 0.0, Diff: 0.0, Sum: 0.1]
      [GC Worker Total (ms): Min: 2.0, Avg: 2.1, Max: 2.2, Diff: 0.2, Sum: 8.5]
      [GC Worker End (ms): Min: 5693829.4, Avg: 5693829.4, Max: 5693829.4, Diff: 0.0]
   [Code Root Fixup: 0.0 ms]
   [Code Root Purge: 0.0 ms]
   [Clear CT: 0.1 ms]
   [Other: 0.8 ms]
      [Choose CSet: 0.0 ms]
      [Ref Proc: 0.4 ms]
      [Ref Enq: 0.0 ms]
      [Redirty Cards: 0.2 ms]
      [Humongous Register: 0.0 ms]
      [Humongous Reclaim: 0.0 ms]
      [Free CSet: 0.0 ms]
   [Eden: 65.0M(65.0M)->0.0B(65.0M) Survivors: 1024.0K->1024.0K Heap: 112.6M(128.0M)->47.6M(128.0M)]
 [Times: user=0.00 sys=0.00, real=0.00 secs] 
2020-11-05T20:12:01.418+0800: 5799.640: [GC pause (G1 Evacuation Pause) (young), 0.0116565 secs]
   [Parallel Time: 10.7 ms, GC Workers: 4]
      [GC Worker Start (ms): Min: 5799640.4, Avg: 5799640.4, Max: 5799640.4, Diff: 0.0]
      [Ext Root Scanning (ms): Min: 0.5, Avg: 1.2, Max: 2.7, Diff: 2.2, Sum: 4.6]
      [Update RS (ms): Min: 0.0, Avg: 0.2, Max: 0.9, Diff: 0.9, Sum: 0.9]
         [Processed Buffers: Min: 0, Avg: 11.5, Max: 46, Diff: 46, Sum: 46]
      [Scan RS (ms): Min: 0.0, Avg: 0.0, Max: 0.0, Diff: 0.0, Sum: 0.0]
      [Code Root Scanning (ms): Min: 0.0, Avg: 0.0, Max: 0.0, Diff: 0.0, Sum: 0.0]
      [Object Copy (ms): Min: 7.8, Avg: 9.1, Max: 9.9, Diff: 2.1, Sum: 36.3]
      [Termination (ms): Min: 0.0, Avg: 0.0, Max: 0.0, Diff: 0.0, Sum: 0.0]
         [Termination Attempts: Min: 1, Avg: 1.0, Max: 1, Diff: 0, Sum: 4]
      [GC Worker Other (ms): Min: 0.0, Avg: 0.0, Max: 0.0, Diff: 0.0, Sum: 0.0]
      [GC Worker Total (ms): Min: 10.5, Avg: 10.5, Max: 10.5, Diff: 0.0, Sum: 42.0]
      [GC Worker End (ms): Min: 5799650.9, Avg: 5799650.9, Max: 5799650.9, Diff: 0.0]
   [Code Root Fixup: 0.0 ms]
   [Code Root Purge: 0.0 ms]
   [Clear CT: 0.1 ms]
   [Other: 0.8 ms]
      [Choose CSet: 0.0 ms]
      [Ref Proc: 0.5 ms]
      [Ref Enq: 0.0 ms]
      [Redirty Cards: 0.2 ms]
      [Humongous Register: 0.0 ms]
      [Humongous Reclaim: 0.0 ms]
      [Free CSet: 0.0 ms]
   [Eden: 65.0M(65.0M)->0.0B(65.0M) Survivors: 1024.0K->1024.0K Heap: 112.6M(128.0M)->47.7M(128.0M)]
 [Times: user=0.00 sys=0.00, real=0.01 secs] 
2020-11-05T20:13:35.605+0800: 5893.827: [GC pause (G1 Evacuation Pause) (young), 0.0409404 secs]
   [Parallel Time: 39.3 ms, GC Workers: 4]
      [GC Worker Start (ms): Min: 5893827.1, Avg: 5893827.2, Max: 5893827.2, Diff: 0.1]
      [Ext Root Scanning (ms): Min: 0.7, Avg: 1.1, Max: 2.1, Diff: 1.4, Sum: 4.3]
      [Update RS (ms): Min: 0.0, Avg: 4.1, Max: 15.8, Diff: 15.8, Sum: 16.2]
         [Processed Buffers: Min: 0, Avg: 11.0, Max: 24, Diff: 24, Sum: 44]
      [Scan RS (ms): Min: 0.0, Avg: 0.0, Max: 0.0, Diff: 0.0, Sum: 0.0]
      [Code Root Scanning (ms): Min: 0.0, Avg: 0.0, Max: 0.0, Diff: 0.0, Sum: 0.0]
      [Object Copy (ms): Min: 0.1, Avg: 9.7, Max: 38.2, Diff: 38.1, Sum: 38.9]
      [Termination (ms): Min: 0.0, Avg: 24.4, Max: 37.7, Diff: 37.7, Sum: 97.5]
         [Termination Attempts: Min: 1, Avg: 17.3, Max: 37, Diff: 36, Sum: 69]
      [GC Worker Other (ms): Min: 0.0, Avg: 0.0, Max: 0.0, Diff: 0.0, Sum: 0.1]
      [GC Worker Total (ms): Min: 39.2, Avg: 39.2, Max: 39.3, Diff: 0.1, Sum: 157.0]
      [GC Worker End (ms): Min: 5893866.4, Avg: 5893866.4, Max: 5893866.4, Diff: 0.0]
   [Code Root Fixup: 0.0 ms]
   [Code Root Purge: 0.0 ms]
   [Clear CT: 0.4 ms]
   [Other: 1.1 ms]
      [Choose CSet: 0.0 ms]
      [Ref Proc: 0.6 ms]
      [Ref Enq: 0.0 ms]
      [Redirty Cards: 0.4 ms]
      [Humongous Register: 0.0 ms]
      [Humongous Reclaim: 0.0 ms]
      [Free CSet: 0.0 ms]
   [Eden: 65.0M(65.0M)->0.0B(65.0M) Survivors: 1024.0K->1024.0K Heap: 112.7M(128.0M)->47.7M(128.0M)]
 [Times: user=0.00 sys=0.00, real=0.04 secs] 
2020-11-05T20:15:11.512+0800: 5989.735: [GC pause (G1 Evacuation Pause) (young), 0.1638676 secs]
   [Parallel Time: 163.1 ms, GC Workers: 4]
      [GC Worker Start (ms): Min: 5989734.8, Avg: 5989735.0, Max: 5989735.5, Diff: 0.7]
      [Ext Root Scanning (ms): Min: 0.4, Avg: 1.2, Max: 2.2, Diff: 1.8, Sum: 4.8]
      [Update RS (ms): Min: 0.0, Avg: 0.2, Max: 0.9, Diff: 0.9, Sum: 0.9]
         [Processed Buffers: Min: 0, Avg: 12.0, Max: 48, Diff: 48, Sum: 48]
      [Scan RS (ms): Min: 0.0, Avg: 0.0, Max: 0.0, Diff: 0.0, Sum: 0.1]
      [Code Root Scanning (ms): Min: 0.0, Avg: 0.0, Max: 0.0, Diff: 0.0, Sum: 0.0]
      [Object Copy (ms): Min: 16.9, Avg: 53.3, Max: 161.4, Diff: 144.5, Sum: 213.2]
      [Termination (ms): Min: 0.0, Avg: 107.8, Max: 144.0, Diff: 144.0, Sum: 431.4]
         [Termination Attempts: Min: 1, Avg: 1.5, Max: 3, Diff: 2, Sum: 6]
      [GC Worker Other (ms): Min: 0.0, Avg: 0.0, Max: 0.0, Diff: 0.0, Sum: 0.1]
      [GC Worker Total (ms): Min: 161.8, Avg: 162.6, Max: 163.0, Diff: 1.2, Sum: 650.4]
      [GC Worker End (ms): Min: 5989897.4, Avg: 5989897.6, Max: 5989897.9, Diff: 0.5]
   [Code Root Fixup: 0.0 ms]
   [Code Root Purge: 0.0 ms]
   [Clear CT: 0.0 ms]
   [Other: 0.6 ms]
      [Choose CSet: 0.0 ms]
      [Ref Proc: 0.4 ms]
      [Ref Enq: 0.0 ms]
      [Redirty Cards: 0.0 ms]
      [Humongous Register: 0.0 ms]
      [Humongous Reclaim: 0.0 ms]
      [Free CSet: 0.0 ms]
   [Eden: 65.0M(65.0M)->0.0B(65.0M) Survivors: 1024.0K->1024.0K Heap: 112.7M(128.0M)->47.6M(128.0M)]
 [Times: user=0.30 sys=0.00, real=0.16 secs] 
2020-11-05T20:16:59.550+0800: 6097.772: [GC pause (G1 Evacuation Pause) (young), 0.1678368 secs]
   [Parallel Time: 21.6 ms, GC Workers: 4]
      [GC Worker Start (ms): Min: 6097772.6, Avg: 6097772.7, Max: 6097772.7, Diff: 0.1]
      [Ext Root Scanning (ms): Min: 0.7, Avg: 0.9, Max: 1.5, Diff: 0.8, Sum: 3.8]
      [Update RS (ms): Min: 0.0, Avg: 5.3, Max: 20.6, Diff: 20.6, Sum: 21.1]
         [Processed Buffers: Min: 0, Avg: 11.5, Max: 35, Diff: 35, Sum: 46]
      [Scan RS (ms): Min: 0.0, Avg: 0.0, Max: 0.0, Diff: 0.0, Sum: 0.0]
      [Code Root Scanning (ms): Min: 0.0, Avg: 0.0, Max: 0.0, Diff: 0.0, Sum: 0.0]
      [Object Copy (ms): Min: 0.0, Avg: 0.2, Max: 0.4, Diff: 0.3, Sum: 0.8]
      [Termination (ms): Min: 0.0, Avg: 15.0, Max: 20.1, Diff: 20.1, Sum: 60.1]
         [Termination Attempts: Min: 1, Avg: 2.5, Max: 4, Diff: 3, Sum: 10]
      [GC Worker Other (ms): Min: 0.0, Avg: 0.0, Max: 0.0, Diff: 0.0, Sum: 0.1]
      [GC Worker Total (ms): Min: 21.4, Avg: 21.5, Max: 21.5, Diff: 0.1, Sum: 85.9]
      [GC Worker End (ms): Min: 6097794.1, Avg: 6097794.1, Max: 6097794.2, Diff: 0.0]
   [Code Root Fixup: 0.0 ms]
   [Code Root Purge: 0.0 ms]
   [Clear CT: 0.4 ms]
   [Other: 145.9 ms]
      [Choose CSet: 0.0 ms]
      [Ref Proc: 0.8 ms]
      [Ref Enq: 0.0 ms]
      [Redirty Cards: 0.3 ms]
      [Humongous Register: 0.0 ms]
      [Humongous Reclaim: 0.0 ms]
      [Free CSet: 0.0 ms]
   [Eden: 65.0M(65.0M)->0.0B(65.0M) Survivors: 1024.0K->1024.0K Heap: 112.6M(128.0M)->47.7M(128.0M)]
 [Times: user=0.09 sys=0.00, real=0.17 secs] 
2020-11-05T20:18:47.609+0800: 6205.831: [GC pause (G1 Evacuation Pause) (young), 0.0027981 secs]
   [Parallel Time: 1.7 ms, GC Workers: 4]
      [GC Worker Start (ms): Min: 6205831.5, Avg: 6205831.6, Max: 6205831.6, Diff: 0.1]
      [Ext Root Scanning (ms): Min: 0.5, Avg: 0.8, Max: 1.7, Diff: 1.1, Sum: 3.4]
      [Update RS (ms): Min: 0.0, Avg: 0.2, Max: 0.3, Diff: 0.3, Sum: 1.0]
         [Processed Buffers: Min: 0, Avg: 12.5, Max: 37, Diff: 37, Sum: 50]
      [Scan RS (ms): Min: 0.0, Avg: 0.0, Max: 0.0, Diff: 0.0, Sum: 0.0]
      [Code Root Scanning (ms): Min: 0.0, Avg: 0.0, Max: 0.0, Diff: 0.0, Sum: 0.0]
      [Object Copy (ms): Min: 0.0, Avg: 0.2, Max: 0.2, Diff: 0.2, Sum: 0.7]
      [Termination (ms): Min: 0.0, Avg: 0.3, Max: 0.4, Diff: 0.4, Sum: 1.3]
         [Termination Attempts: Min: 1, Avg: 1.0, Max: 1, Diff: 0, Sum: 4]
      [GC Worker Other (ms): Min: 0.0, Avg: 0.0, Max: 0.0, Diff: 0.0, Sum: 0.0]
      [GC Worker Total (ms): Min: 1.6, Avg: 1.6, Max: 1.7, Diff: 0.1, Sum: 6.5]
      [GC Worker End (ms): Min: 6205833.2, Avg: 6205833.2, Max: 6205833.2, Diff: 0.0]
   [Code Root Fixup: 0.0 ms]
   [Code Root Purge: 0.0 ms]
   [Clear CT: 0.1 ms]
   [Other: 0.9 ms]
      [Choose CSet: 0.0 ms]
      [Ref Proc: 0.4 ms]
      [Ref Enq: 0.0 ms]
      [Redirty Cards: 0.3 ms]
      [Humongous Register: 0.0 ms]
      [Humongous Reclaim: 0.0 ms]
      [Free CSet: 0.0 ms]
   [Eden: 65.0M(65.0M)->0.0B(65.0M) Survivors: 1024.0K->1024.0K Heap: 112.7M(128.0M)->47.5M(128.0M)]
 [Times: user=0.00 sys=0.00, real=0.00 secs] 
2020-11-05T20:20:12.608+0800: 6290.831: [GC pause (G1 Evacuation Pause) (young), 0.0257464 secs]
   [Parallel Time: 24.6 ms, GC Workers: 4]
      [GC Worker Start (ms): Min: 6290830.9, Avg: 6290830.9, Max: 6290831.0, Diff: 0.2]
      [Ext Root Scanning (ms): Min: 0.9, Avg: 1.4, Max: 2.6, Diff: 1.7, Sum: 5.5]
      [Update RS (ms): Min: 0.0, Avg: 0.5, Max: 0.9, Diff: 0.9, Sum: 1.8]
         [Processed Buffers: Min: 0, Avg: 11.3, Max: 33, Diff: 33, Sum: 45]
      [Scan RS (ms): Min: 0.0, Avg: 0.0, Max: 0.0, Diff: 0.0, Sum: 0.0]
      [Code Root Scanning (ms): Min: 0.0, Avg: 0.0, Max: 0.0, Diff: 0.0, Sum: 0.0]
      [Object Copy (ms): Min: 0.0, Avg: 5.5, Max: 21.6, Diff: 21.6, Sum: 22.1]
      [Termination (ms): Min: 0.0, Avg: 16.5, Max: 22.6, Diff: 22.5, Sum: 65.8]
         [Termination Attempts: Min: 1, Avg: 10.5, Max: 23, Diff: 22, Sum: 42]
      [GC Worker Other (ms): Min: 0.0, Avg: 0.0, Max: 0.0, Diff: 0.0, Sum: 0.1]
      [GC Worker Total (ms): Min: 23.1, Avg: 23.8, Max: 24.5, Diff: 1.3, Sum: 95.4]
      [GC Worker End (ms): Min: 6290854.1, Avg: 6290854.8, Max: 6290855.4, Diff: 1.2]
   [Code Root Fixup: 0.1 ms]
   [Code Root Purge: 0.0 ms]
   [Clear CT: 0.3 ms]
   [Other: 0.9 ms]
      [Choose CSet: 0.0 ms]
      [Ref Proc: 0.6 ms]
      [Ref Enq: 0.0 ms]
      [Redirty Cards: 0.1 ms]
      [Humongous Register: 0.0 ms]
      [Humongous Reclaim: 0.0 ms]
      [Free CSet: 0.0 ms]
   [Eden: 65.0M(65.0M)->0.0B(65.0M) Survivors: 1024.0K->1024.0K Heap: 112.5M(128.0M)->47.6M(128.0M)]
 [Times: user=0.08 sys=0.00, real=0.03 secs] 
2020-11-05T20:21:57.605+0800: 6395.828: [GC pause (G1 Evacuation Pause) (young), 0.0489896 secs]
   [Parallel Time: 47.3 ms, GC Workers: 4]
      [GC Worker Start (ms): Min: 6395828.1, Avg: 6395828.1, Max: 6395828.2, Diff: 0.1]
      [Ext Root Scanning (ms): Min: 0.7, Avg: 1.1, Max: 2.2, Diff: 1.5, Sum: 4.5]
      [Update RS (ms): Min: 0.0, Avg: 0.3, Max: 0.4, Diff: 0.4, Sum: 1.0]
         [Processed Buffers: Min: 0, Avg: 12.0, Max: 34, Diff: 34, Sum: 48]
      [Scan RS (ms): Min: 0.0, Avg: 0.0, Max: 0.0, Diff: 0.0, Sum: 0.0]
      [Code Root Scanning (ms): Min: 0.0, Avg: 0.0, Max: 0.0, Diff: 0.0, Sum: 0.0]
      [Object Copy (ms): Min: 0.0, Avg: 11.2, Max: 44.5, Diff: 44.5, Sum: 45.0]
      [Termination (ms): Min: 0.0, Avg: 34.1, Max: 45.7, Diff: 45.7, Sum: 136.5]
         [Termination Attempts: Min: 1, Avg: 1.0, Max: 1, Diff: 0, Sum: 4]
      [GC Worker Other (ms): Min: 0.0, Avg: 0.0, Max: 0.0, Diff: 0.0, Sum: 0.1]
      [GC Worker Total (ms): Min: 45.6, Avg: 46.8, Max: 47.2, Diff: 1.6, Sum: 187.1]
      [GC Worker End (ms): Min: 6395873.8, Avg: 6395874.9, Max: 6395875.3, Diff: 1.5]
   [Code Root Fixup: 0.0 ms]
   [Code Root Purge: 0.0 ms]
   [Clear CT: 0.4 ms]
   [Other: 1.3 ms]
      [Choose CSet: 0.0 ms]
      [Ref Proc: 0.6 ms]
      [Ref Enq: 0.0 ms]
      [Redirty Cards: 0.4 ms]
      [Humongous Register: 0.0 ms]
      [Humongous Reclaim: 0.0 ms]
      [Free CSet: 0.0 ms]
   [Eden: 65.0M(65.0M)->0.0B(65.0M) Survivors: 1024.0K->1024.0K Heap: 112.6M(128.0M)->47.6M(128.0M)]
 [Times: user=0.13 sys=0.00, real=0.05 secs] 
2020-11-05T20:23:33.665+0800: 6491.888: [GC pause (G1 Evacuation Pause) (young), 0.0563658 secs]
   [Parallel Time: 54.8 ms, GC Workers: 4]
      [GC Worker Start (ms): Min: 6491888.2, Avg: 6491888.3, Max: 6491888.3, Diff: 0.1]
      [Ext Root Scanning (ms): Min: 1.2, Avg: 1.7, Max: 3.0, Diff: 1.8, Sum: 6.7]
      [Update RS (ms): Min: 0.0, Avg: 13.6, Max: 53.2, Diff: 53.2, Sum: 54.6]
         [Processed Buffers: Min: 0, Avg: 11.5, Max: 27, Diff: 27, Sum: 46]
      [Scan RS (ms): Min: 0.0, Avg: 0.0, Max: 0.1, Diff: 0.1, Sum: 0.1]
      [Code Root Scanning (ms): Min: 0.0, Avg: 0.0, Max: 0.0, Diff: 0.0, Sum: 0.0]
      [Object Copy (ms): Min: 0.0, Avg: 0.2, Max: 0.4, Diff: 0.4, Sum: 0.8]
      [Termination (ms): Min: 0.0, Avg: 39.1, Max: 52.3, Diff: 52.3, Sum: 156.3]
         [Termination Attempts: Min: 1, Avg: 2.3, Max: 4, Diff: 3, Sum: 9]
      [GC Worker Other (ms): Min: 0.0, Avg: 0.0, Max: 0.0, Diff: 0.0, Sum: 0.1]
      [GC Worker Total (ms): Min: 54.6, Avg: 54.6, Max: 54.7, Diff: 0.1, Sum: 218.6]
      [GC Worker End (ms): Min: 6491942.9, Avg: 6491942.9, Max: 6491942.9, Diff: 0.0]
   [Code Root Fixup: 0.1 ms]
   [Code Root Purge: 0.0 ms]
   [Clear CT: 0.4 ms]
   [Other: 1.1 ms]
      [Choose CSet: 0.0 ms]
      [Ref Proc: 0.6 ms]
      [Ref Enq: 0.0 ms]
      [Redirty Cards: 0.3 ms]
      [Humongous Register: 0.0 ms]
      [Humongous Reclaim: 0.0 ms]
      [Free CSet: 0.0 ms]
   [Eden: 65.0M(65.0M)->0.0B(65.0M) Survivors: 1024.0K->1024.0K Heap: 112.6M(128.0M)->47.6M(128.0M)]
 [Times: user=0.13 sys=0.00, real=0.06 secs] 
2020-11-05T20:25:14.608+0800: 6592.831: [GC pause (G1 Evacuation Pause) (young), 0.1323615 secs]
   [Parallel Time: 131.3 ms, GC Workers: 4]
      [GC Worker Start (ms): Min: 6592830.8, Avg: 6592830.8, Max: 6592830.9, Diff: 0.1]
      [Ext Root Scanning (ms): Min: 0.7, Avg: 1.1, Max: 2.3, Diff: 1.6, Sum: 4.5]
      [Update RS (ms): Min: 12.5, Avg: 57.3, Max: 72.9, Diff: 60.4, Sum: 229.2]
         [Processed Buffers: Min: 1, Avg: 11.5, Max: 23, Diff: 22, Sum: 46]
      [Scan RS (ms): Min: 0.0, Avg: 0.0, Max: 0.0, Diff: 0.0, Sum: 0.0]
      [Code Root Scanning (ms): Min: 0.0, Avg: 0.0, Max: 0.0, Diff: 0.0, Sum: 0.0]
      [Object Copy (ms): Min: 56.8, Avg: 72.5, Max: 118.0, Diff: 61.2, Sum: 290.0]
      [Termination (ms): Min: 0.0, Avg: 0.2, Max: 0.7, Diff: 0.7, Sum: 0.7]
         [Termination Attempts: Min: 1, Avg: 1.0, Max: 1, Diff: 0, Sum: 4]
      [GC Worker Other (ms): Min: 0.0, Avg: 0.0, Max: 0.0, Diff: 0.0, Sum: 0.1]
      [GC Worker Total (ms): Min: 131.1, Avg: 131.1, Max: 131.2, Diff: 0.1, Sum: 524.5]
      [GC Worker End (ms): Min: 6592961.9, Avg: 6592961.9, Max: 6592961.9, Diff: 0.0]
   [Code Root Fixup: 0.0 ms]
   [Code Root Purge: 0.0 ms]
   [Clear CT: 0.1 ms]
   [Other: 1.0 ms]
      [Choose CSet: 0.0 ms]
      [Ref Proc: 0.7 ms]
      [Ref Enq: 0.0 ms]
      [Redirty Cards: 0.0 ms]
      [Humongous Register: 0.0 ms]
      [Humongous Reclaim: 0.0 ms]
      [Free CSet: 0.1 ms]
   [Eden: 65.0M(65.0M)->0.0B(65.0M) Survivors: 1024.0K->1024.0K Heap: 112.6M(128.0M)->47.6M(128.0M)]
 [Times: user=0.00 sys=0.00, real=0.13 secs] 
2020-11-05T20:26:43.934+0800: 6682.156: [GC pause (G1 Evacuation Pause) (young), 0.0295169 secs]
   [Parallel Time: 16.4 ms, GC Workers: 4]
      [GC Worker Start (ms): Min: 6682155.8, Avg: 6682155.8, Max: 6682155.9, Diff: 0.1]
      [Ext Root Scanning (ms): Min: 1.1, Avg: 1.7, Max: 3.2, Diff: 2.1, Sum: 6.7]
      [Update RS (ms): Min: 0.0, Avg: 0.6, Max: 0.8, Diff: 0.8, Sum: 2.4]
         [Processed Buffers: Min: 0, Avg: 11.5, Max: 34, Diff: 34, Sum: 46]
      [Scan RS (ms): Min: 0.0, Avg: 0.0, Max: 0.0, Diff: 0.0, Sum: 0.0]
      [Code Root Scanning (ms): Min: 0.0, Avg: 0.0, Max: 0.0, Diff: 0.0, Sum: 0.0]
      [Object Copy (ms): Min: 0.0, Avg: 3.8, Max: 14.3, Diff: 14.3, Sum: 15.1]
      [Termination (ms): Min: 0.0, Avg: 10.3, Max: 14.0, Diff: 14.0, Sum: 41.2]
         [Termination Attempts: Min: 1, Avg: 1.5, Max: 2, Diff: 1, Sum: 6]
      [GC Worker Other (ms): Min: 0.0, Avg: 0.0, Max: 0.0, Diff: 0.0, Sum: 0.1]
      [GC Worker Total (ms): Min: 16.3, Avg: 16.4, Max: 16.4, Diff: 0.1, Sum: 65.5]
      [GC Worker End (ms): Min: 6682172.2, Avg: 6682172.2, Max: 6682172.2, Diff: 0.0]
   [Code Root Fixup: 0.0 ms]
   [Code Root Purge: 0.0 ms]
   [Clear CT: 0.1 ms]
   [Other: 12.9 ms]
      [Choose CSet: 0.0 ms]
      [Ref Proc: 0.7 ms]
      [Ref Enq: 0.0 ms]
      [Redirty Cards: 0.1 ms]
      [Humongous Register: 0.0 ms]
      [Humongous Reclaim: 0.0 ms]
      [Free CSet: 0.0 ms]
   [Eden: 65.0M(65.0M)->0.0B(65.0M) Survivors: 1024.0K->1024.0K Heap: 112.6M(128.0M)->47.7M(128.0M)]
 [Times: user=0.01 sys=0.00, real=0.03 secs] 
2020-11-05T20:28:29.609+0800: 6787.831: [GC pause (G1 Evacuation Pause) (young), 0.0027757 secs]
   [Parallel Time: 1.8 ms, GC Workers: 4]
      [GC Worker Start (ms): Min: 6787831.2, Avg: 6787831.3, Max: 6787831.3, Diff: 0.1]
      [Ext Root Scanning (ms): Min: 0.7, Avg: 0.9, Max: 1.5, Diff: 0.8, Sum: 3.6]
      [Update RS (ms): Min: 0.0, Avg: 0.2, Max: 0.3, Diff: 0.3, Sum: 0.8]
         [Processed Buffers: Min: 0, Avg: 12.5, Max: 21, Diff: 21, Sum: 50]
      [Scan RS (ms): Min: 0.0, Avg: 0.0, Max: 0.0, Diff: 0.0, Sum: 0.0]
      [Code Root Scanning (ms): Min: 0.0, Avg: 0.0, Max: 0.0, Diff: 0.0, Sum: 0.0]
      [Object Copy (ms): Min: 0.0, Avg: 0.1, Max: 0.2, Diff: 0.2, Sum: 0.5]
      [Termination (ms): Min: 0.0, Avg: 0.2, Max: 0.3, Diff: 0.3, Sum: 0.8]
         [Termination Attempts: Min: 1, Avg: 1.0, Max: 1, Diff: 0, Sum: 4]
      [GC Worker Other (ms): Min: 0.0, Avg: 0.0, Max: 0.0, Diff: 0.0, Sum: 0.1]
      [GC Worker Total (ms): Min: 1.4, Avg: 1.5, Max: 1.5, Diff: 0.1, Sum: 5.9]
      [GC Worker End (ms): Min: 6787832.7, Avg: 6787832.7, Max: 6787832.7, Diff: 0.0]
   [Code Root Fixup: 0.0 ms]
   [Code Root Purge: 0.0 ms]
   [Clear CT: 0.2 ms]
   [Other: 0.7 ms]
      [Choose CSet: 0.0 ms]
      [Ref Proc: 0.4 ms]
      [Ref Enq: 0.0 ms]
      [Redirty Cards: 0.2 ms]
      [Humongous Register: 0.0 ms]
      [Humongous Reclaim: 0.0 ms]
      [Free CSet: 0.1 ms]
   [Eden: 65.0M(65.0M)->0.0B(65.0M) Survivors: 1024.0K->1024.0K Heap: 112.7M(128.0M)->47.6M(128.0M)]
 [Times: user=0.00 sys=0.00, real=0.00 secs] 
2020-11-05T20:29:59.609+0800: 6877.832: [GC pause (G1 Evacuation Pause) (young), 0.0028939 secs]
   [Parallel Time: 1.5 ms, GC Workers: 4]
      [GC Worker Start (ms): Min: 6877831.7, Avg: 6877831.7, Max: 6877831.7, Diff: 0.0]
      [Ext Root Scanning (ms): Min: 0.6, Avg: 0.8, Max: 1.5, Diff: 0.8, Sum: 3.4]
      [Update RS (ms): Min: 0.0, Avg: 0.2, Max: 0.3, Diff: 0.3, Sum: 0.8]
         [Processed Buffers: Min: 0, Avg: 12.0, Max: 25, Diff: 25, Sum: 48]
      [Scan RS (ms): Min: 0.0, Avg: 0.0, Max: 0.0, Diff: 0.0, Sum: 0.0]
      [Code Root Scanning (ms): Min: 0.0, Avg: 0.0, Max: 0.0, Diff: 0.0, Sum: 0.0]
      [Object Copy (ms): Min: 0.0, Avg: 0.1, Max: 0.2, Diff: 0.2, Sum: 0.5]
      [Termination (ms): Min: 0.0, Avg: 0.3, Max: 0.4, Diff: 0.4, Sum: 1.1]
         [Termination Attempts: Min: 1, Avg: 1.0, Max: 1, Diff: 0, Sum: 4]
      [GC Worker Other (ms): Min: 0.0, Avg: 0.0, Max: 0.0, Diff: 0.0, Sum: 0.0]
      [GC Worker Total (ms): Min: 1.5, Avg: 1.5, Max: 1.5, Diff: 0.0, Sum: 5.8]
      [GC Worker End (ms): Min: 6877833.2, Avg: 6877833.2, Max: 6877833.2, Diff: 0.0]
   [Code Root Fixup: 0.0 ms]
   [Code Root Purge: 0.0 ms]
   [Clear CT: 0.3 ms]
   [Other: 1.0 ms]
      [Choose CSet: 0.0 ms]
      [Ref Proc: 0.6 ms]
      [Ref Enq: 0.0 ms]
      [Redirty Cards: 0.3 ms]
      [Humongous Register: 0.0 ms]
      [Humongous Reclaim: 0.0 ms]
      [Free CSet: 0.0 ms]
   [Eden: 65.0M(65.0M)->0.0B(65.0M) Survivors: 1024.0K->1024.0K Heap: 112.6M(128.0M)->47.6M(128.0M)]
 [Times: user=0.00 sys=0.00, real=0.00 secs] 
2020-11-05T20:31:39.608+0800: 6977.831: [GC pause (G1 Evacuation Pause) (young), 0.0033781 secs]
   [Parallel Time: 1.9 ms, GC Workers: 4]
      [GC Worker Start (ms): Min: 6977831.1, Avg: 6977831.1, Max: 6977831.2, Diff: 0.1]
      [Ext Root Scanning (ms): Min: 0.6, Avg: 0.9, Max: 1.7, Diff: 1.1, Sum: 3.6]
      [Update RS (ms): Min: 0.0, Avg: 0.2, Max: 0.2, Diff: 0.2, Sum: 0.7]
         [Processed Buffers: Min: 0, Avg: 12.0, Max: 21, Diff: 21, Sum: 48]
      [Scan RS (ms): Min: 0.0, Avg: 0.0, Max: 0.0, Diff: 0.0, Sum: 0.0]
      [Code Root Scanning (ms): Min: 0.0, Avg: 0.0, Max: 0.0, Diff: 0.0, Sum: 0.0]
      [Object Copy (ms): Min: 0.0, Avg: 0.1, Max: 0.2, Diff: 0.2, Sum: 0.5]
      [Termination (ms): Min: 0.0, Avg: 0.4, Max: 0.6, Diff: 0.6, Sum: 1.8]
         [Termination Attempts: Min: 1, Avg: 1.0, Max: 1, Diff: 0, Sum: 4]
      [GC Worker Other (ms): Min: 0.0, Avg: 0.0, Max: 0.0, Diff: 0.0, Sum: 0.0]
      [GC Worker Total (ms): Min: 1.6, Avg: 1.7, Max: 1.7, Diff: 0.1, Sum: 6.7]
      [GC Worker End (ms): Min: 6977832.8, Avg: 6977832.8, Max: 6977832.8, Diff: 0.0]
   [Code Root Fixup: 0.0 ms]
   [Code Root Purge: 0.0 ms]
   [Clear CT: 0.3 ms]
   [Other: 1.1 ms]
      [Choose CSet: 0.0 ms]
      [Ref Proc: 0.6 ms]
      [Ref Enq: 0.0 ms]
      [Redirty Cards: 0.3 ms]
      [Humongous Register: 0.0 ms]
      [Humongous Reclaim: 0.0 ms]
      [Free CSet: 0.0 ms]
   [Eden: 65.0M(65.0M)->0.0B(65.0M) Survivors: 1024.0K->1024.0K Heap: 112.6M(128.0M)->47.6M(128.0M)]
 [Times: user=0.00 sys=0.00, real=0.00 secs] 
2020-11-05T20:33:16.910+0800: 7075.132: [GC pause (G1 Evacuation Pause) (young), 0.0122545 secs]
   [Parallel Time: 10.9 ms, GC Workers: 4]
      [GC Worker Start (ms): Min: 7075132.3, Avg: 7075132.5, Max: 7075133.1, Diff: 0.8]
      [Ext Root Scanning (ms): Min: 0.4, Avg: 1.1, Max: 1.9, Diff: 1.6, Sum: 4.3]
      [Update RS (ms): Min: 0.0, Avg: 0.2, Max: 0.3, Diff: 0.3, Sum: 0.8]
         [Processed Buffers: Min: 0, Avg: 11.8, Max: 17, Diff: 17, Sum: 47]
      [Scan RS (ms): Min: 0.0, Avg: 0.0, Max: 0.0, Diff: 0.0, Sum: 0.0]
      [Code Root Scanning (ms): Min: 0.0, Avg: 0.0, Max: 0.0, Diff: 0.0, Sum: 0.0]
      [Object Copy (ms): Min: 0.0, Avg: 2.5, Max: 9.5, Diff: 9.5, Sum: 9.9]
      [Termination (ms): Min: 0.0, Avg: 6.9, Max: 9.3, Diff: 9.3, Sum: 27.5]
         [Termination Attempts: Min: 1, Avg: 1.5, Max: 2, Diff: 1, Sum: 6]
      [GC Worker Other (ms): Min: 0.0, Avg: 0.0, Max: 0.0, Diff: 0.0, Sum: 0.1]
      [GC Worker Total (ms): Min: 10.1, Avg: 10.7, Max: 10.9, Diff: 0.8, Sum: 42.6]
      [GC Worker End (ms): Min: 7075143.2, Avg: 7075143.2, Max: 7075143.2, Diff: 0.0]
   [Code Root Fixup: 0.0 ms]
   [Code Root Purge: 0.0 ms]
   [Clear CT: 0.1 ms]
   [Other: 1.1 ms]
      [Choose CSet: 0.0 ms]
      [Ref Proc: 0.6 ms]
      [Ref Enq: 0.0 ms]
      [Redirty Cards: 0.3 ms]
      [Humongous Register: 0.0 ms]
      [Humongous Reclaim: 0.0 ms]
      [Free CSet: 0.0 ms]
   [Eden: 65.0M(65.0M)->0.0B(65.0M) Survivors: 1024.0K->1024.0K Heap: 112.6M(128.0M)->47.6M(128.0M)]
 [Times: user=0.05 sys=0.00, real=0.01 secs] 
2020-11-05T20:34:54.605+0800: 7172.827: [GC pause (G1 Evacuation Pause) (young), 0.0027324 secs]
   [Parallel Time: 1.5 ms, GC Workers: 4]
      [GC Worker Start (ms): Min: 7172827.5, Avg: 7172827.6, Max: 7172827.7, Diff: 0.1]
      [Ext Root Scanning (ms): Min: 0.6, Avg: 0.8, Max: 1.3, Diff: 0.8, Sum: 3.2]
      [Update RS (ms): Min: 0.0, Avg: 0.2, Max: 0.3, Diff: 0.3, Sum: 0.7]
         [Processed Buffers: Min: 0, Avg: 12.0, Max: 22, Diff: 22, Sum: 48]
      [Scan RS (ms): Min: 0.0, Avg: 0.0, Max: 0.0, Diff: 0.0, Sum: 0.0]
      [Code Root Scanning (ms): Min: 0.0, Avg: 0.0, Max: 0.0, Diff: 0.0, Sum: 0.0]
      [Object Copy (ms): Min: 0.0, Avg: 0.1, Max: 0.2, Diff: 0.2, Sum: 0.5]
      [Termination (ms): Min: 0.0, Avg: 0.2, Max: 0.2, Diff: 0.2, Sum: 0.7]
         [Termination Attempts: Min: 1, Avg: 1.0, Max: 1, Diff: 0, Sum: 4]
      [GC Worker Other (ms): Min: 0.0, Avg: 0.0, Max: 0.0, Diff: 0.0, Sum: 0.1]
      [GC Worker Total (ms): Min: 1.3, Avg: 1.3, Max: 1.4, Diff: 0.1, Sum: 5.2]
      [GC Worker End (ms): Min: 7172828.9, Avg: 7172828.9, Max: 7172828.9, Diff: 0.0]
   [Code Root Fixup: 0.0 ms]
   [Code Root Purge: 0.0 ms]
   [Clear CT: 0.3 ms]
   [Other: 0.8 ms]
      [Choose CSet: 0.0 ms]
      [Ref Proc: 0.5 ms]
      [Ref Enq: 0.0 ms]
      [Redirty Cards: 0.2 ms]
      [Humongous Register: 0.0 ms]
      [Humongous Reclaim: 0.0 ms]
      [Free CSet: 0.0 ms]
   [Eden: 65.0M(65.0M)->0.0B(65.0M) Survivors: 1024.0K->1024.0K Heap: 112.6M(128.0M)->47.6M(128.0M)]
 [Times: user=0.00 sys=0.00, real=0.00 secs] 
2020-11-05T20:36:44.605+0800: 7282.827: [GC pause (G1 Evacuation Pause) (young), 0.0031488 secs]
   [Parallel Time: 1.9 ms, GC Workers: 4]
      [GC Worker Start (ms): Min: 7282827.5, Avg: 7282827.6, Max: 7282827.6, Diff: 0.1]
      [Ext Root Scanning (ms): Min: 0.6, Avg: 0.9, Max: 1.8, Diff: 1.2, Sum: 3.6]
      [Update RS (ms): Min: 0.0, Avg: 0.2, Max: 0.3, Diff: 0.3, Sum: 0.8]
         [Processed Buffers: Min: 0, Avg: 11.8, Max: 23, Diff: 23, Sum: 47]
      [Scan RS (ms): Min: 0.0, Avg: 0.0, Max: 0.0, Diff: 0.0, Sum: 0.0]
      [Code Root Scanning (ms): Min: 0.0, Avg: 0.0, Max: 0.0, Diff: 0.0, Sum: 0.0]
      [Object Copy (ms): Min: 0.0, Avg: 0.1, Max: 0.2, Diff: 0.2, Sum: 0.5]
      [Termination (ms): Min: 0.0, Avg: 0.5, Max: 0.7, Diff: 0.7, Sum: 2.1]
         [Termination Attempts: Min: 1, Avg: 1.0, Max: 1, Diff: 0, Sum: 4]
      [GC Worker Other (ms): Min: 0.0, Avg: 0.0, Max: 0.0, Diff: 0.0, Sum: 0.1]
      [GC Worker Total (ms): Min: 1.7, Avg: 1.8, Max: 1.8, Diff: 0.1, Sum: 7.0]
      [GC Worker End (ms): Min: 7282829.3, Avg: 7282829.3, Max: 7282829.3, Diff: 0.0]
   [Code Root Fixup: 0.0 ms]
   [Code Root Purge: 0.0 ms]
   [Clear CT: 0.3 ms]
   [Other: 0.9 ms]
      [Choose CSet: 0.0 ms]
      [Ref Proc: 0.5 ms]
      [Ref Enq: 0.0 ms]
      [Redirty Cards: 0.2 ms]
      [Humongous Register: 0.0 ms]
      [Humongous Reclaim: 0.0 ms]
      [Free CSet: 0.1 ms]
   [Eden: 65.0M(65.0M)->0.0B(65.0M) Survivors: 1024.0K->1024.0K Heap: 112.6M(128.0M)->47.6M(128.0M)]
 [Times: user=0.00 sys=0.00, real=0.00 secs] 
2020-11-05T20:38:24.609+0800: 7382.831: [GC pause (G1 Evacuation Pause) (young), 0.0035589 secs]
   [Parallel Time: 2.3 ms, GC Workers: 4]
      [GC Worker Start (ms): Min: 7382831.2, Avg: 7382831.4, Max: 7382831.6, Diff: 0.3]
      [Ext Root Scanning (ms): Min: 0.6, Avg: 1.1, Max: 2.2, Diff: 1.6, Sum: 4.4]
      [Update RS (ms): Min: 0.0, Avg: 0.2, Max: 0.4, Diff: 0.4, Sum: 0.9]
         [Processed Buffers: Min: 0, Avg: 12.0, Max: 22, Diff: 22, Sum: 48]
      [Scan RS (ms): Min: 0.0, Avg: 0.0, Max: 0.0, Diff: 0.0, Sum: 0.0]
      [Code Root Scanning (ms): Min: 0.0, Avg: 0.0, Max: 0.0, Diff: 0.0, Sum: 0.0]
      [Object Copy (ms): Min: 0.0, Avg: 0.2, Max: 0.2, Diff: 0.2, Sum: 0.6]
      [Termination (ms): Min: 0.0, Avg: 0.6, Max: 0.8, Diff: 0.8, Sum: 2.4]
         [Termination Attempts: Min: 1, Avg: 1.0, Max: 1, Diff: 0, Sum: 4]
      [GC Worker Other (ms): Min: 0.0, Avg: 0.0, Max: 0.0, Diff: 0.0, Sum: 0.1]
      [GC Worker Total (ms): Min: 1.9, Avg: 2.1, Max: 2.2, Diff: 0.3, Sum: 8.5]
      [GC Worker End (ms): Min: 7382833.5, Avg: 7382833.5, Max: 7382833.5, Diff: 0.0]
   [Code Root Fixup: 0.0 ms]
   [Code Root Purge: 0.0 ms]
   [Clear CT: 0.3 ms]
   [Other: 0.9 ms]
      [Choose CSet: 0.0 ms]
      [Ref Proc: 0.4 ms]
      [Ref Enq: 0.0 ms]
      [Redirty Cards: 0.2 ms]
      [Humongous Register: 0.0 ms]
      [Humongous Reclaim: 0.0 ms]
      [Free CSet: 0.1 ms]
   [Eden: 65.0M(65.0M)->0.0B(65.0M) Survivors: 1024.0K->1024.0K Heap: 112.6M(128.0M)->47.6M(128.0M)]
 [Times: user=0.00 sys=0.00, real=0.00 secs] 
2020-11-05T20:40:04.604+0800: 7482.826: [GC pause (G1 Evacuation Pause) (young), 0.0657897 secs]
   [Parallel Time: 64.2 ms, GC Workers: 4]
      [GC Worker Start (ms): Min: 7482826.4, Avg: 7482826.5, Max: 7482826.5, Diff: 0.1]
      [Ext Root Scanning (ms): Min: 0.8, Avg: 1.2, Max: 1.8, Diff: 1.0, Sum: 4.9]
      [Update RS (ms): Min: 0.0, Avg: 28.6, Max: 63.1, Diff: 63.1, Sum: 114.5]
         [Processed Buffers: Min: 0, Avg: 12.0, Max: 26, Diff: 26, Sum: 48]
      [Scan RS (ms): Min: 0.0, Avg: 0.0, Max: 0.0, Diff: 0.0, Sum: 0.0]
      [Code Root Scanning (ms): Min: 0.0, Avg: 0.0, Max: 0.0, Diff: 0.0, Sum: 0.0]
      [Object Copy (ms): Min: 0.0, Avg: 0.2, Max: 0.5, Diff: 0.5, Sum: 0.7]
      [Termination (ms): Min: 0.0, Avg: 34.0, Max: 62.1, Diff: 62.1, Sum: 136.2]
         [Termination Attempts: Min: 1, Avg: 4.0, Max: 10, Diff: 9, Sum: 16]
      [GC Worker Other (ms): Min: 0.0, Avg: 0.0, Max: 0.0, Diff: 0.0, Sum: 0.1]
      [GC Worker Total (ms): Min: 64.1, Avg: 64.1, Max: 64.2, Diff: 0.1, Sum: 256.4]
      [GC Worker End (ms): Min: 7482890.6, Avg: 7482890.6, Max: 7482890.6, Diff: 0.0]
   [Code Root Fixup: 0.0 ms]
   [Code Root Purge: 0.0 ms]
   [Clear CT: 0.2 ms]
   [Other: 1.3 ms]
      [Choose CSet: 0.0 ms]
      [Ref Proc: 0.9 ms]
      [Ref Enq: 0.0 ms]
      [Redirty Cards: 0.2 ms]
      [Humongous Register: 0.0 ms]
      [Humongous Reclaim: 0.0 ms]
      [Free CSet: 0.1 ms]
   [Eden: 65.0M(65.0M)->0.0B(65.0M) Survivors: 1024.0K->1024.0K Heap: 112.6M(128.0M)->47.7M(128.0M)]
 [Times: user=0.09 sys=0.00, real=0.07 secs] 
2020-11-05T20:41:41.881+0800: 7580.103: [GC pause (G1 Evacuation Pause) (young), 0.0036488 secs]
   [Parallel Time: 2.1 ms, GC Workers: 4]
      [GC Worker Start (ms): Min: 7580103.5, Avg: 7580103.6, Max: 7580103.7, Diff: 0.1]
      [Ext Root Scanning (ms): Min: 0.6, Avg: 1.0, Max: 2.0, Diff: 1.4, Sum: 4.0]
      [Update RS (ms): Min: 0.0, Avg: 0.2, Max: 0.3, Diff: 0.3, Sum: 0.7]
         [Processed Buffers: Min: 0, Avg: 12.3, Max: 35, Diff: 35, Sum: 49]
      [Scan RS (ms): Min: 0.0, Avg: 0.0, Max: 0.0, Diff: 0.0, Sum: 0.0]
      [Code Root Scanning (ms): Min: 0.0, Avg: 0.0, Max: 0.0, Diff: 0.0, Sum: 0.0]
      [Object Copy (ms): Min: 0.0, Avg: 0.3, Max: 0.4, Diff: 0.4, Sum: 1.0]
      [Termination (ms): Min: 0.0, Avg: 0.5, Max: 0.7, Diff: 0.7, Sum: 2.0]
         [Termination Attempts: Min: 1, Avg: 1.0, Max: 1, Diff: 0, Sum: 4]
      [GC Worker Other (ms): Min: 0.0, Avg: 0.0, Max: 0.0, Diff: 0.0, Sum: 0.0]
      [GC Worker Total (ms): Min: 1.9, Avg: 1.9, Max: 2.0, Diff: 0.1, Sum: 7.8]
      [GC Worker End (ms): Min: 7580105.5, Avg: 7580105.5, Max: 7580105.5, Diff: 0.0]
   [Code Root Fixup: 0.0 ms]
   [Code Root Purge: 0.0 ms]
   [Clear CT: 0.4 ms]
   [Other: 1.1 ms]
      [Choose CSet: 0.0 ms]
      [Ref Proc: 0.6 ms]
      [Ref Enq: 0.0 ms]
      [Redirty Cards: 0.3 ms]
      [Humongous Register: 0.0 ms]
      [Humongous Reclaim: 0.0 ms]
      [Free CSet: 0.1 ms]
   [Eden: 65.0M(65.0M)->0.0B(65.0M) Survivors: 1024.0K->1024.0K Heap: 112.7M(128.0M)->47.6M(128.0M)]
 [Times: user=0.00 sys=0.00, real=0.00 secs] 
2020-11-05T20:43:16.610+0800: 7674.832: [GC pause (G1 Evacuation Pause) (young), 0.0030173 secs]
   [Parallel Time: 1.6 ms, GC Workers: 4]
      [GC Worker Start (ms): Min: 7674832.2, Avg: 7674832.2, Max: 7674832.3, Diff: 0.1]
      [Ext Root Scanning (ms): Min: 0.7, Avg: 0.9, Max: 1.5, Diff: 0.8, Sum: 3.8]
      [Update RS (ms): Min: 0.0, Avg: 0.2, Max: 0.3, Diff: 0.3, Sum: 0.8]
         [Processed Buffers: Min: 0, Avg: 12.0, Max: 30, Diff: 30, Sum: 48]
      [Scan RS (ms): Min: 0.0, Avg: 0.0, Max: 0.0, Diff: 0.0, Sum: 0.0]
      [Code Root Scanning (ms): Min: 0.0, Avg: 0.0, Max: 0.0, Diff: 0.0, Sum: 0.0]
      [Object Copy (ms): Min: 0.0, Avg: 0.2, Max: 0.2, Diff: 0.2, Sum: 0.6]
      [Termination (ms): Min: 0.0, Avg: 0.2, Max: 0.2, Diff: 0.2, Sum: 0.6]
         [Termination Attempts: Min: 1, Avg: 1.0, Max: 1, Diff: 0, Sum: 4]
      [GC Worker Other (ms): Min: 0.0, Avg: 0.0, Max: 0.0, Diff: 0.0, Sum: 0.1]
      [GC Worker Total (ms): Min: 1.4, Avg: 1.5, Max: 1.5, Diff: 0.1, Sum: 6.0]
      [GC Worker End (ms): Min: 7674833.7, Avg: 7674833.7, Max: 7674833.7, Diff: 0.0]
   [Code Root Fixup: 0.0 ms]
   [Code Root Purge: 0.0 ms]
   [Clear CT: 0.3 ms]
   [Other: 1.1 ms]
      [Choose CSet: 0.0 ms]
      [Ref Proc: 0.6 ms]
      [Ref Enq: 0.0 ms]
      [Redirty Cards: 0.3 ms]
      [Humongous Register: 0.0 ms]
      [Humongous Reclaim: 0.0 ms]
      [Free CSet: 0.0 ms]
   [Eden: 65.0M(65.0M)->0.0B(65.0M) Survivors: 1024.0K->1024.0K Heap: 112.6M(128.0M)->47.6M(128.0M)]
 [Times: user=0.00 sys=0.00, real=0.00 secs] 
2020-11-05T20:44:53.609+0800: 7771.832: [GC pause (G1 Evacuation Pause) (young), 0.0031500 secs]
   [Parallel Time: 2.0 ms, GC Workers: 4]
      [GC Worker Start (ms): Min: 7771831.7, Avg: 7771831.8, Max: 7771831.8, Diff: 0.1]
      [Ext Root Scanning (ms): Min: 0.6, Avg: 1.0, Max: 1.9, Diff: 1.3, Sum: 3.8]
      [Update RS (ms): Min: 0.0, Avg: 0.2, Max: 0.4, Diff: 0.4, Sum: 0.8]
         [Processed Buffers: Min: 0, Avg: 11.8, Max: 42, Diff: 42, Sum: 47]
      [Scan RS (ms): Min: 0.0, Avg: 0.0, Max: 0.0, Diff: 0.0, Sum: 0.0]
      [Code Root Scanning (ms): Min: 0.0, Avg: 0.0, Max: 0.0, Diff: 0.0, Sum: 0.0]
      [Object Copy (ms): Min: 0.0, Avg: 0.3, Max: 0.7, Diff: 0.7, Sum: 1.1]
      [Termination (ms): Min: 0.0, Avg: 0.4, Max: 0.6, Diff: 0.6, Sum: 1.7]
         [Termination Attempts: Min: 1, Avg: 1.0, Max: 1, Diff: 0, Sum: 4]
      [GC Worker Other (ms): Min: 0.0, Avg: 0.0, Max: 0.0, Diff: 0.0, Sum: 0.0]
      [GC Worker Total (ms): Min: 1.8, Avg: 1.9, Max: 1.9, Diff: 0.1, Sum: 7.6]
      [GC Worker End (ms): Min: 7771833.6, Avg: 7771833.7, Max: 7771833.7, Diff: 0.0]
   [Code Root Fixup: 0.0 ms]
   [Code Root Purge: 0.0 ms]
   [Clear CT: 0.3 ms]
   [Other: 0.8 ms]
      [Choose CSet: 0.0 ms]
      [Ref Proc: 0.5 ms]
      [Ref Enq: 0.0 ms]
      [Redirty Cards: 0.2 ms]
      [Humongous Register: 0.0 ms]
      [Humongous Reclaim: 0.0 ms]
      [Free CSet: 0.0 ms]
   [Eden: 65.0M(65.0M)->0.0B(65.0M) Survivors: 1024.0K->1024.0K Heap: 112.6M(128.0M)->47.6M(128.0M)]
 [Times: user=0.00 sys=0.00, real=0.00 secs] 
2020-11-05T20:46:39.610+0800: 7877.832: [GC pause (G1 Evacuation Pause) (young), 0.0034745 secs]
   [Parallel Time: 2.6 ms, GC Workers: 4]
      [GC Worker Start (ms): Min: 7877832.1, Avg: 7877832.2, Max: 7877832.2, Diff: 0.1]
      [Ext Root Scanning (ms): Min: 0.7, Avg: 1.2, Max: 2.5, Diff: 1.9, Sum: 4.7]
      [Update RS (ms): Min: 0.0, Avg: 0.3, Max: 0.5, Diff: 0.5, Sum: 1.1]
         [Processed Buffers: Min: 0, Avg: 12.3, Max: 41, Diff: 41, Sum: 49]
      [Scan RS (ms): Min: 0.0, Avg: 0.0, Max: 0.0, Diff: 0.0, Sum: 0.0]
      [Code Root Scanning (ms): Min: 0.0, Avg: 0.0, Max: 0.0, Diff: 0.0, Sum: 0.0]
      [Object Copy (ms): Min: 0.0, Avg: 0.2, Max: 0.3, Diff: 0.3, Sum: 0.7]
      [Termination (ms): Min: 0.0, Avg: 0.8, Max: 1.1, Diff: 1.1, Sum: 3.4]
         [Termination Attempts: Min: 1, Avg: 1.0, Max: 1, Diff: 0, Sum: 4]
      [GC Worker Other (ms): Min: 0.0, Avg: 0.0, Max: 0.0, Diff: 0.0, Sum: 0.1]
      [GC Worker Total (ms): Min: 2.4, Avg: 2.5, Max: 2.6, Diff: 0.1, Sum: 10.0]
      [GC Worker End (ms): Min: 7877834.7, Avg: 7877834.7, Max: 7877834.7, Diff: 0.0]
   [Code Root Fixup: 0.0 ms]
   [Code Root Purge: 0.0 ms]
   [Clear CT: 0.1 ms]
   [Other: 0.7 ms]
      [Choose CSet: 0.0 ms]
      [Ref Proc: 0.5 ms]
      [Ref Enq: 0.0 ms]
      [Redirty Cards: 0.0 ms]
      [Humongous Register: 0.0 ms]
      [Humongous Reclaim: 0.0 ms]
      [Free CSet: 0.0 ms]
   [Eden: 65.0M(65.0M)->0.0B(65.0M) Survivors: 1024.0K->1024.0K Heap: 112.6M(128.0M)->47.7M(128.0M)]
 [Times: user=0.00 sys=0.00, real=0.00 secs] 
2020-11-05T20:48:13.610+0800: 7971.832: [GC pause (G1 Evacuation Pause) (young), 0.0125066 secs]
   [Parallel Time: 11.4 ms, GC Workers: 4]
      [GC Worker Start (ms): Min: 7971832.2, Avg: 7971832.3, Max: 7971832.4, Diff: 0.1]
      [Ext Root Scanning (ms): Min: 0.9, Avg: 3.8, Max: 11.0, Diff: 10.2, Sum: 15.0]
      [Update RS (ms): Min: 0.0, Avg: 0.2, Max: 0.4, Diff: 0.4, Sum: 0.8]
         [Processed Buffers: Min: 0, Avg: 11.8, Max: 28, Diff: 28, Sum: 47]
      [Scan RS (ms): Min: 0.0, Avg: 0.0, Max: 0.0, Diff: 0.0, Sum: 0.0]
      [Code Root Scanning (ms): Min: 0.0, Avg: 2.4, Max: 9.7, Diff: 9.7, Sum: 9.7]
      [Object Copy (ms): Min: 0.0, Avg: 0.2, Max: 0.5, Diff: 0.5, Sum: 0.7]
      [Termination (ms): Min: 0.0, Avg: 4.6, Max: 9.4, Diff: 9.4, Sum: 18.5]
         [Termination Attempts: Min: 1, Avg: 1.5, Max: 2, Diff: 1, Sum: 6]
      [GC Worker Other (ms): Min: 0.0, Avg: 0.0, Max: 0.0, Diff: 0.0, Sum: 0.0]
      [GC Worker Total (ms): Min: 11.1, Avg: 11.2, Max: 11.3, Diff: 0.2, Sum: 44.8]
      [GC Worker End (ms): Min: 7971843.5, Avg: 7971843.5, Max: 7971843.5, Diff: 0.1]
   [Code Root Fixup: 0.0 ms]
   [Code Root Purge: 0.0 ms]
   [Clear CT: 0.2 ms]
   [Other: 0.9 ms]
      [Choose CSet: 0.0 ms]
      [Ref Proc: 0.6 ms]
      [Ref Enq: 0.0 ms]
      [Redirty Cards: 0.1 ms]
      [Humongous Register: 0.0 ms]
      [Humongous Reclaim: 0.0 ms]
      [Free CSet: 0.1 ms]
   [Eden: 65.0M(65.0M)->0.0B(65.0M) Survivors: 1024.0K->1024.0K Heap: 112.7M(128.0M)->47.7M(128.0M)]
 [Times: user=0.03 sys=0.00, real=0.01 secs] 
