Java HotSpot(TM) 64-Bit Server VM (25.131-b11) for windows-amd64 JRE (1.8.0_131-b11), built on Mar 15 2017 01:23:53 by "java_re" with MS VC++ 10.0 (VS2010)
Memory: 4k page, physical 8247448k(1350620k free), swap 21878936k(8394924k free)
CommandLine flags: -XX:-BytecodeVerificationLocal -XX:-BytecodeVerificationRemote -XX:+HeapDumpOnOutOfMemoryError -XX:HeapDumpPath=ossHeap.hprof -XX:InitialHeapSize=134217728 -XX:+ManagementServer -XX:MaxGCPauseMillis=200 -XX:MaxHeapSize=134217728 -XX:+PrintGC -XX:+PrintGCDateStamps -XX:+PrintGCDetails -XX:+PrintGCTimeStamps -XX:TieredStopAtLevel=1 -XX:+UseCompressedClassPointers -XX:+UseCompressedOops -XX:+UseG1GC -XX:-UseLargePagesIndividualAllocation 
2020-11-10T20:52:37.671+0800: 1.613: [GC pause (G1 Evacuation Pause) (young), 0.0030419 secs]
   [Parallel Time: 2.2 ms, GC Workers: 4]
      [GC Worker Start (ms): Min: 1613.5, Avg: 1613.5, Max: 1613.5, Diff: 0.0]
      [Ext Root Scanning (ms): Min: 0.3, Avg: 0.5, Max: 0.6, Diff: 0.4, Sum: 1.9]
      [Update RS (ms): Min: 0.0, Avg: 0.0, Max: 0.0, Diff: 0.0, Sum: 0.0]
         [Processed Buffers: Min: 0, Avg: 0.0, Max: 0, Diff: 0, Sum: 0]
      [Scan RS (ms): Min: 0.0, Avg: 0.0, Max: 0.0, Diff: 0.0, Sum: 0.0]
      [Code Root Scanning (ms): Min: 0.0, Avg: 0.1, Max: 0.1, Diff: 0.1, Sum: 0.3]
      [Object Copy (ms): Min: 1.5, Avg: 1.6, Max: 1.8, Diff: 0.3, Sum: 6.5]
      [Termination (ms): Min: 0.0, Avg: 0.0, Max: 0.0, Diff: 0.0, Sum: 0.0]
         [Termination Attempts: Min: 1, Avg: 6.3, Max: 11, Diff: 10, Sum: 25]
      [GC Worker Other (ms): Min: 0.0, Avg: 0.0, Max: 0.0, Diff: 0.0, Sum: 0.1]
      [GC Worker Total (ms): Min: 2.2, Avg: 2.2, Max: 2.2, Diff: 0.0, Sum: 8.7]
      [GC Worker End (ms): Min: 1615.7, Avg: 1615.7, Max: 1615.7, Diff: 0.0]
   [Code Root Fixup: 0.0 ms]
   [Code Root Purge: 0.0 ms]
   [Clear CT: 0.1 ms]
   [Other: 0.7 ms]
      [Choose CSet: 0.0 ms]
      [Ref Proc: 0.5 ms]
      [Ref Enq: 0.0 ms]
      [Redirty Cards: 0.0 ms]
      [Humongous Register: 0.0 ms]
      [Humongous Reclaim: 0.0 ms]
      [Free CSet: 0.0 ms]
   [Eden: 14.0M(14.0M)->0.0B(17.0M) Survivors: 0.0B->2048.0K Heap: 14.0M(128.0M)->2798.5K(128.0M)]
 [Times: user=0.00 sys=0.00, real=0.00 secs] 
2020-11-10T20:52:37.835+0800: 1.777: [GC pause (G1 Evacuation Pause) (young), 0.0034244 secs]
   [Parallel Time: 2.4 ms, GC Workers: 4]
      [GC Worker Start (ms): Min: 1777.2, Avg: 1777.2, Max: 1777.2, Diff: 0.0]
      [Ext Root Scanning (ms): Min: 0.2, Avg: 0.3, Max: 0.6, Diff: 0.4, Sum: 1.1]
      [Update RS (ms): Min: 0.0, Avg: 0.1, Max: 0.1, Diff: 0.1, Sum: 0.3]
         [Processed Buffers: Min: 0, Avg: 1.5, Max: 3, Diff: 3, Sum: 6]
      [Scan RS (ms): Min: 0.0, Avg: 0.1, Max: 0.1, Diff: 0.1, Sum: 0.2]
      [Code Root Scanning (ms): Min: 0.0, Avg: 0.0, Max: 0.2, Diff: 0.2, Sum: 0.2]
      [Object Copy (ms): Min: 1.7, Avg: 1.9, Max: 1.9, Diff: 0.2, Sum: 7.4]
      [Termination (ms): Min: 0.0, Avg: 0.0, Max: 0.1, Diff: 0.1, Sum: 0.1]
         [Termination Attempts: Min: 1, Avg: 1.0, Max: 1, Diff: 0, Sum: 4]
      [GC Worker Other (ms): Min: 0.0, Avg: 0.0, Max: 0.0, Diff: 0.0, Sum: 0.0]
      [GC Worker Total (ms): Min: 2.4, Avg: 2.4, Max: 2.4, Diff: 0.0, Sum: 9.5]
      [GC Worker End (ms): Min: 1779.6, Avg: 1779.6, Max: 1779.6, Diff: 0.0]
   [Code Root Fixup: 0.1 ms]
   [Code Root Purge: 0.0 ms]
   [Clear CT: 0.0 ms]
   [Other: 0.8 ms]
      [Choose CSet: 0.0 ms]
      [Ref Proc: 0.6 ms]
      [Ref Enq: 0.0 ms]
      [Redirty Cards: 0.0 ms]
      [Humongous Register: 0.0 ms]
      [Humongous Reclaim: 0.0 ms]
      [Free CSet: 0.0 ms]
   [Eden: 16.0M(16.0M)->0.0B(42.0M) Survivors: 2048.0K->3072.0K Heap: 18.7M(128.0M)->5990.7K(128.0M)]
 [Times: user=0.00 sys=0.00, real=0.00 secs] 
2020-11-10T20:52:38.082+0800: 2.025: [GC pause (G1 Evacuation Pause) (young), 0.0027470 secs]
   [Parallel Time: 1.7 ms, GC Workers: 4]
      [GC Worker Start (ms): Min: 2025.0, Avg: 2025.1, Max: 2025.1, Diff: 0.0]
      [Ext Root Scanning (ms): Min: 0.3, Avg: 0.3, Max: 0.5, Diff: 0.2, Sum: 1.3]
      [Update RS (ms): Min: 0.0, Avg: 0.1, Max: 0.2, Diff: 0.2, Sum: 0.4]
         [Processed Buffers: Min: 0, Avg: 2.8, Max: 5, Diff: 5, Sum: 11]
      [Scan RS (ms): Min: 0.0, Avg: 0.0, Max: 0.1, Diff: 0.1, Sum: 0.1]
      [Code Root Scanning (ms): Min: 0.0, Avg: 0.0, Max: 0.1, Diff: 0.1, Sum: 0.1]
      [Object Copy (ms): Min: 1.0, Avg: 1.1, Max: 1.2, Diff: 0.1, Sum: 4.5]
      [Termination (ms): Min: 0.0, Avg: 0.0, Max: 0.0, Diff: 0.0, Sum: 0.0]
         [Termination Attempts: Min: 1, Avg: 1.5, Max: 2, Diff: 1, Sum: 6]
      [GC Worker Other (ms): Min: 0.0, Avg: 0.0, Max: 0.0, Diff: 0.0, Sum: 0.0]
      [GC Worker Total (ms): Min: 1.6, Avg: 1.6, Max: 1.7, Diff: 0.0, Sum: 6.6]
      [GC Worker End (ms): Min: 2026.7, Avg: 2026.7, Max: 2026.7, Diff: 0.0]
   [Code Root Fixup: 0.0 ms]
   [Code Root Purge: 0.0 ms]
   [Clear CT: 0.1 ms]
   [Other: 1.0 ms]
      [Choose CSet: 0.0 ms]
      [Ref Proc: 0.8 ms]
      [Ref Enq: 0.0 ms]
      [Redirty Cards: 0.0 ms]
      [Humongous Register: 0.0 ms]
      [Humongous Reclaim: 0.0 ms]
      [Free CSet: 0.0 ms]
   [Eden: 42.0M(42.0M)->0.0B(72.0M) Survivors: 3072.0K->4096.0K Heap: 47.9M(128.0M)->6803.5K(128.0M)]
 [Times: user=0.00 sys=0.00, real=0.00 secs] 
2020-11-10T20:52:38.391+0800: 2.334: [GC pause (G1 Evacuation Pause) (young), 0.0040722 secs]
   [Parallel Time: 2.5 ms, GC Workers: 4]
      [GC Worker Start (ms): Min: 2333.8, Avg: 2333.8, Max: 2333.9, Diff: 0.0]
      [Ext Root Scanning (ms): Min: 0.3, Avg: 0.4, Max: 0.7, Diff: 0.4, Sum: 1.8]
      [Update RS (ms): Min: 0.0, Avg: 0.1, Max: 0.1, Diff: 0.1, Sum: 0.3]
         [Processed Buffers: Min: 0, Avg: 2.5, Max: 4, Diff: 4, Sum: 10]
      [Scan RS (ms): Min: 0.0, Avg: 0.0, Max: 0.0, Diff: 0.0, Sum: 0.0]
      [Code Root Scanning (ms): Min: 0.0, Avg: 0.0, Max: 0.1, Diff: 0.1, Sum: 0.1]
      [Object Copy (ms): Min: 1.8, Avg: 1.9, Max: 2.0, Diff: 0.2, Sum: 7.6]
      [Termination (ms): Min: 0.0, Avg: 0.0, Max: 0.0, Diff: 0.0, Sum: 0.0]
         [Termination Attempts: Min: 1, Avg: 4.8, Max: 7, Diff: 6, Sum: 19]
      [GC Worker Other (ms): Min: 0.0, Avg: 0.0, Max: 0.0, Diff: 0.0, Sum: 0.0]
      [GC Worker Total (ms): Min: 2.5, Avg: 2.5, Max: 2.5, Diff: 0.0, Sum: 9.9]
      [GC Worker End (ms): Min: 2336.3, Avg: 2336.3, Max: 2336.3, Diff: 0.0]
   [Code Root Fixup: 0.1 ms]
   [Code Root Purge: 0.0 ms]
   [Clear CT: 0.1 ms]
   [Other: 1.4 ms]
      [Choose CSet: 0.0 ms]
      [Ref Proc: 1.2 ms]
      [Ref Enq: 0.0 ms]
      [Redirty Cards: 0.1 ms]
      [Humongous Register: 0.0 ms]
      [Humongous Reclaim: 0.0 ms]
      [Free CSet: 0.1 ms]
   [Eden: 72.0M(72.0M)->0.0B(71.0M) Survivors: 4096.0K->5120.0K Heap: 78.6M(128.0M)->8153.0K(128.0M)]
 [Times: user=0.00 sys=0.00, real=0.00 secs] 
2020-11-10T20:52:38.784+0800: 2.726: [GC pause (G1 Evacuation Pause) (young), 0.0045770 secs]
   [Parallel Time: 2.8 ms, GC Workers: 4]
      [GC Worker Start (ms): Min: 2726.5, Avg: 2726.6, Max: 2726.7, Diff: 0.2]
      [Ext Root Scanning (ms): Min: 0.1, Avg: 0.4, Max: 0.8, Diff: 0.6, Sum: 1.5]
      [Update RS (ms): Min: 0.0, Avg: 0.1, Max: 0.1, Diff: 0.1, Sum: 0.3]
         [Processed Buffers: Min: 0, Avg: 2.0, Max: 5, Diff: 5, Sum: 8]
      [Scan RS (ms): Min: 0.0, Avg: 0.0, Max: 0.0, Diff: 0.0, Sum: 0.0]
      [Code Root Scanning (ms): Min: 0.0, Avg: 0.1, Max: 0.2, Diff: 0.2, Sum: 0.2]
      [Object Copy (ms): Min: 2.0, Avg: 2.2, Max: 2.3, Diff: 0.4, Sum: 8.8]
      [Termination (ms): Min: 0.0, Avg: 0.0, Max: 0.0, Diff: 0.0, Sum: 0.0]
         [Termination Attempts: Min: 1, Avg: 1.3, Max: 2, Diff: 1, Sum: 5]
      [GC Worker Other (ms): Min: 0.0, Avg: 0.0, Max: 0.0, Diff: 0.0, Sum: 0.0]
      [GC Worker Total (ms): Min: 2.6, Avg: 2.7, Max: 2.8, Diff: 0.2, Sum: 10.9]
      [GC Worker End (ms): Min: 2729.3, Avg: 2729.3, Max: 2729.3, Diff: 0.0]
   [Code Root Fixup: 0.1 ms]
   [Code Root Purge: 0.0 ms]
   [Clear CT: 0.0 ms]
   [Other: 1.7 ms]
      [Choose CSet: 0.0 ms]
      [Ref Proc: 1.5 ms]
      [Ref Enq: 0.0 ms]
      [Redirty Cards: 0.0 ms]
      [Humongous Register: 0.0 ms]
      [Humongous Reclaim: 0.0 ms]
      [Free CSet: 0.1 ms]
   [Eden: 71.0M(71.0M)->0.0B(69.0M) Survivors: 5120.0K->7168.0K Heap: 79.0M(128.0M)->9689.0K(128.0M)]
 [Times: user=0.00 sys=0.00, real=0.01 secs] 
2020-11-10T20:52:42.298+0800: 6.240: [GC pause (G1 Evacuation Pause) (young), 0.0060628 secs]
   [Parallel Time: 4.3 ms, GC Workers: 4]
      [GC Worker Start (ms): Min: 6239.7, Avg: 6239.7, Max: 6239.7, Diff: 0.0]
      [Ext Root Scanning (ms): Min: 0.5, Avg: 1.1, Max: 1.6, Diff: 1.1, Sum: 4.2]
      [Update RS (ms): Min: 0.0, Avg: 0.1, Max: 0.2, Diff: 0.2, Sum: 0.4]
         [Processed Buffers: Min: 0, Avg: 2.8, Max: 5, Diff: 5, Sum: 11]
      [Scan RS (ms): Min: 0.0, Avg: 0.0, Max: 0.2, Diff: 0.2, Sum: 0.2]
      [Code Root Scanning (ms): Min: 0.0, Avg: 0.2, Max: 0.5, Diff: 0.5, Sum: 0.9]
      [Object Copy (ms): Min: 2.6, Avg: 2.8, Max: 3.2, Diff: 0.6, Sum: 11.2]
      [Termination (ms): Min: 0.0, Avg: 0.0, Max: 0.0, Diff: 0.0, Sum: 0.0]
         [Termination Attempts: Min: 1, Avg: 1.0, Max: 1, Diff: 0, Sum: 4]
      [GC Worker Other (ms): Min: 0.0, Avg: 0.0, Max: 0.0, Diff: 0.0, Sum: 0.0]
      [GC Worker Total (ms): Min: 4.2, Avg: 4.3, Max: 4.3, Diff: 0.0, Sum: 17.0]
      [GC Worker End (ms): Min: 6243.9, Avg: 6243.9, Max: 6243.9, Diff: 0.0]
   [Code Root Fixup: 0.1 ms]
   [Code Root Purge: 0.0 ms]
   [Clear CT: 0.1 ms]
   [Other: 1.6 ms]
      [Choose CSet: 0.0 ms]
      [Ref Proc: 1.4 ms]
      [Ref Enq: 0.0 ms]
      [Redirty Cards: 0.1 ms]
      [Humongous Register: 0.0 ms]
      [Humongous Reclaim: 0.0 ms]
      [Free CSet: 0.1 ms]
   [Eden: 69.0M(69.0M)->0.0B(69.0M) Survivors: 7168.0K->7168.0K Heap: 78.5M(128.0M)->9689.0K(128.0M)]
 [Times: user=0.00 sys=0.00, real=0.01 secs] 
2020-11-10T20:52:42.426+0800: 6.368: [GC pause (Metadata GC Threshold) (young) (initial-mark), 0.0060896 secs]
   [Parallel Time: 5.3 ms, GC Workers: 4]
      [GC Worker Start (ms): Min: 6368.2, Avg: 6368.2, Max: 6368.2, Diff: 0.0]
      [Ext Root Scanning (ms): Min: 0.5, Avg: 0.6, Max: 0.7, Diff: 0.2, Sum: 2.3]
      [Update RS (ms): Min: 0.0, Avg: 0.1, Max: 0.2, Diff: 0.2, Sum: 0.5]
         [Processed Buffers: Min: 1, Avg: 1.8, Max: 3, Diff: 2, Sum: 7]
      [Scan RS (ms): Min: 0.0, Avg: 0.0, Max: 0.0, Diff: 0.0, Sum: 0.0]
      [Code Root Scanning (ms): Min: 0.0, Avg: 0.1, Max: 0.2, Diff: 0.2, Sum: 0.3]
      [Object Copy (ms): Min: 4.4, Avg: 4.4, Max: 4.5, Diff: 0.1, Sum: 17.7]
      [Termination (ms): Min: 0.0, Avg: 0.0, Max: 0.0, Diff: 0.0, Sum: 0.0]
         [Termination Attempts: Min: 1, Avg: 1.0, Max: 1, Diff: 0, Sum: 4]
      [GC Worker Other (ms): Min: 0.0, Avg: 0.0, Max: 0.0, Diff: 0.0, Sum: 0.0]
      [GC Worker Total (ms): Min: 5.2, Avg: 5.2, Max: 5.2, Diff: 0.0, Sum: 20.8]
      [GC Worker End (ms): Min: 6373.4, Avg: 6373.4, Max: 6373.4, Diff: 0.0]
   [Code Root Fixup: 0.1 ms]
   [Code Root Purge: 0.0 ms]
   [Clear CT: 0.1 ms]
   [Other: 0.6 ms]
      [Choose CSet: 0.0 ms]
      [Ref Proc: 0.4 ms]
      [Ref Enq: 0.0 ms]
      [Redirty Cards: 0.0 ms]
      [Humongous Register: 0.0 ms]
      [Humongous Reclaim: 0.0 ms]
      [Free CSet: 0.0 ms]
   [Eden: 18.0M(69.0M)->0.0B(71.0M) Survivors: 7168.0K->5120.0K Heap: 27.0M(128.0M)->8153.0K(128.0M)]
 [Times: user=0.00 sys=0.00, real=0.01 secs] 
2020-11-10T20:52:42.432+0800: 6.374: [GC concurrent-root-region-scan-start]
2020-11-10T20:52:42.438+0800: 6.380: [GC concurrent-root-region-scan-end, 0.0054216 secs]
2020-11-10T20:52:42.438+0800: 6.380: [GC concurrent-mark-start]
2020-11-10T20:52:42.442+0800: 6.385: [GC concurrent-mark-end, 0.0047569 secs]
2020-11-10T20:52:42.442+0800: 6.385: [GC remark 2020-11-10T20:52:42.442+0800: 6.385: [Finalize Marking, 0.0001071 secs] 2020-11-10T20:52:42.443+0800: 6.385: [GC ref-proc, 0.0001595 secs] 2020-11-10T20:52:42.443+0800: 6.385: [Unloading, 0.0027061 secs], 0.0031666 secs]
 [Times: user=0.00 sys=0.00, real=0.00 secs] 
2020-11-10T20:52:42.446+0800: 6.388: [GC cleanup 9176K->9176K(128M), 0.0002393 secs]
 [Times: user=0.00 sys=0.00, real=0.00 secs] 
2020-11-10T20:52:42.892+0800: 6.834: [GC pause (G1 Evacuation Pause) (young), 0.0064812 secs]
   [Parallel Time: 4.5 ms, GC Workers: 4]
      [GC Worker Start (ms): Min: 6834.2, Avg: 6834.2, Max: 6834.3, Diff: 0.0]
      [Ext Root Scanning (ms): Min: 0.2, Avg: 0.5, Max: 1.2, Diff: 1.0, Sum: 2.0]
      [Update RS (ms): Min: 0.0, Avg: 0.1, Max: 0.2, Diff: 0.2, Sum: 0.4]
         [Processed Buffers: Min: 0, Avg: 2.3, Max: 7, Diff: 7, Sum: 9]
      [Scan RS (ms): Min: 0.0, Avg: 0.0, Max: 0.0, Diff: 0.0, Sum: 0.0]
      [Code Root Scanning (ms): Min: 0.0, Avg: 0.1, Max: 0.2, Diff: 0.2, Sum: 0.4]
      [Object Copy (ms): Min: 3.1, Avg: 3.6, Max: 3.9, Diff: 0.8, Sum: 14.5]
      [Termination (ms): Min: 0.0, Avg: 0.0, Max: 0.0, Diff: 0.0, Sum: 0.0]
         [Termination Attempts: Min: 1, Avg: 11.5, Max: 16, Diff: 15, Sum: 46]
      [GC Worker Other (ms): Min: 0.0, Avg: 0.0, Max: 0.0, Diff: 0.0, Sum: 0.1]
      [GC Worker Total (ms): Min: 4.4, Avg: 4.4, Max: 4.4, Diff: 0.0, Sum: 17.5]
      [GC Worker End (ms): Min: 6838.6, Avg: 6838.6, Max: 6838.6, Diff: 0.0]
   [Code Root Fixup: 0.1 ms]
   [Code Root Purge: 0.0 ms]
   [Clear CT: 0.1 ms]
   [Other: 1.8 ms]
      [Choose CSet: 0.0 ms]
      [Ref Proc: 1.6 ms]
      [Ref Enq: 0.0 ms]
      [Redirty Cards: 0.0 ms]
      [Humongous Register: 0.0 ms]
      [Humongous Reclaim: 0.0 ms]
      [Free CSet: 0.1 ms]
   [Eden: 71.0M(71.0M)->0.0B(68.0M) Survivors: 5120.0K->8192.0K Heap: 79.0M(128.0M)->10.5M(128.0M)]
 [Times: user=0.00 sys=0.00, real=0.01 secs] 
2020-11-10T20:52:46.627+0800: 10.569: [GC pause (G1 Evacuation Pause) (young), 0.0083695 secs]
   [Parallel Time: 5.9 ms, GC Workers: 4]
      [GC Worker Start (ms): Min: 10569.3, Avg: 10569.4, Max: 10569.4, Diff: 0.1]
      [Ext Root Scanning (ms): Min: 0.5, Avg: 1.2, Max: 1.5, Diff: 1.0, Sum: 4.8]
      [Update RS (ms): Min: 0.1, Avg: 0.2, Max: 0.4, Diff: 0.3, Sum: 0.8]
         [Processed Buffers: Min: 1, Avg: 2.0, Max: 5, Diff: 4, Sum: 8]
      [Scan RS (ms): Min: 0.0, Avg: 0.0, Max: 0.0, Diff: 0.0, Sum: 0.0]
      [Code Root Scanning (ms): Min: 0.0, Avg: 0.2, Max: 0.3, Diff: 0.3, Sum: 0.7]
      [Object Copy (ms): Min: 3.9, Avg: 4.2, Max: 4.8, Diff: 0.9, Sum: 16.9]
      [Termination (ms): Min: 0.0, Avg: 0.0, Max: 0.0, Diff: 0.0, Sum: 0.0]
         [Termination Attempts: Min: 1, Avg: 8.8, Max: 15, Diff: 14, Sum: 35]
      [GC Worker Other (ms): Min: 0.0, Avg: 0.0, Max: 0.0, Diff: 0.0, Sum: 0.0]
      [GC Worker Total (ms): Min: 5.7, Avg: 5.8, Max: 5.8, Diff: 0.1, Sum: 23.3]
      [GC Worker End (ms): Min: 10575.2, Avg: 10575.2, Max: 10575.2, Diff: 0.0]
   [Code Root Fixup: 0.2 ms]
   [Code Root Purge: 0.0 ms]
   [Clear CT: 0.1 ms]
   [Other: 2.2 ms]
      [Choose CSet: 0.0 ms]
      [Ref Proc: 1.9 ms]
      [Ref Enq: 0.0 ms]
      [Redirty Cards: 0.1 ms]
      [Humongous Register: 0.0 ms]
      [Humongous Reclaim: 0.0 ms]
      [Free CSet: 0.1 ms]
   [Eden: 68.0M(68.0M)->0.0B(67.0M) Survivors: 8192.0K->9216.0K Heap: 78.5M(128.0M)->12.0M(128.0M)]
 [Times: user=0.00 sys=0.00, real=0.01 secs] 
2020-11-10T20:52:46.939+0800: 10.880: [GC pause (G1 Evacuation Pause) (young), 0.0091161 secs]
   [Parallel Time: 6.5 ms, GC Workers: 4]
      [GC Worker Start (ms): Min: 10880.5, Avg: 10880.7, Max: 10881.2, Diff: 0.7]
      [Ext Root Scanning (ms): Min: 0.2, Avg: 0.8, Max: 1.6, Diff: 1.4, Sum: 3.3]
      [Update RS (ms): Min: 0.0, Avg: 0.1, Max: 0.2, Diff: 0.2, Sum: 0.5]
         [Processed Buffers: Min: 0, Avg: 2.3, Max: 6, Diff: 6, Sum: 9]
      [Scan RS (ms): Min: 0.0, Avg: 0.0, Max: 0.0, Diff: 0.0, Sum: 0.0]
      [Code Root Scanning (ms): Min: 0.0, Avg: 0.6, Max: 1.8, Diff: 1.8, Sum: 2.2]
      [Object Copy (ms): Min: 3.5, Avg: 4.7, Max: 5.3, Diff: 1.7, Sum: 18.9]
      [Termination (ms): Min: 0.0, Avg: 0.0, Max: 0.0, Diff: 0.0, Sum: 0.0]
         [Termination Attempts: Min: 1, Avg: 5.8, Max: 8, Diff: 7, Sum: 23]
      [GC Worker Other (ms): Min: 0.0, Avg: 0.0, Max: 0.0, Diff: 0.0, Sum: 0.0]
      [GC Worker Total (ms): Min: 5.8, Avg: 6.3, Max: 6.5, Diff: 0.7, Sum: 25.0]
      [GC Worker End (ms): Min: 10886.9, Avg: 10886.9, Max: 10886.9, Diff: 0.0]
   [Code Root Fixup: 0.2 ms]
   [Code Root Purge: 0.0 ms]
   [Clear CT: 0.1 ms]
   [Other: 2.3 ms]
      [Choose CSet: 0.0 ms]
      [Ref Proc: 2.1 ms]
      [Ref Enq: 0.0 ms]
      [Redirty Cards: 0.0 ms]
      [Humongous Register: 0.0 ms]
      [Humongous Reclaim: 0.0 ms]
      [Free CSet: 0.1 ms]
   [Eden: 67.0M(67.0M)->0.0B(66.0M) Survivors: 9216.0K->10.0M Heap: 79.0M(128.0M)->14.2M(128.0M)]
 [Times: user=0.00 sys=0.00, real=0.01 secs] 
2020-11-10T20:52:47.393+0800: 11.335: [GC pause (G1 Evacuation Pause) (young), 0.0077782 secs]
   [Parallel Time: 6.5 ms, GC Workers: 4]
      [GC Worker Start (ms): Min: 11334.8, Avg: 11334.8, Max: 11334.8, Diff: 0.0]
      [Ext Root Scanning (ms): Min: 0.2, Avg: 0.5, Max: 1.3, Diff: 1.1, Sum: 2.0]
      [Update RS (ms): Min: 0.0, Avg: 0.5, Max: 0.7, Diff: 0.7, Sum: 2.1]
         [Processed Buffers: Min: 0, Avg: 3.3, Max: 6, Diff: 6, Sum: 13]
      [Scan RS (ms): Min: 0.0, Avg: 0.0, Max: 0.0, Diff: 0.0, Sum: 0.0]
      [Code Root Scanning (ms): Min: 0.0, Avg: 0.1, Max: 0.3, Diff: 0.3, Sum: 0.5]
      [Object Copy (ms): Min: 5.0, Avg: 5.0, Max: 5.2, Diff: 0.3, Sum: 20.2]
      [Termination (ms): Min: 0.0, Avg: 0.2, Max: 0.3, Diff: 0.3, Sum: 0.8]
         [Termination Attempts: Min: 1, Avg: 1.0, Max: 1, Diff: 0, Sum: 4]
      [GC Worker Other (ms): Min: 0.0, Avg: 0.0, Max: 0.0, Diff: 0.0, Sum: 0.0]
      [GC Worker Total (ms): Min: 6.2, Avg: 6.4, Max: 6.5, Diff: 0.2, Sum: 25.6]
      [GC Worker End (ms): Min: 11341.0, Avg: 11341.2, Max: 11341.2, Diff: 0.2]
   [Code Root Fixup: 0.2 ms]
   [Code Root Purge: 0.0 ms]
   [Clear CT: 0.0 ms]
   [Other: 1.1 ms]
      [Choose CSet: 0.0 ms]
      [Ref Proc: 0.9 ms]
      [Ref Enq: 0.0 ms]
      [Redirty Cards: 0.0 ms]
      [Humongous Register: 0.0 ms]
      [Humongous Reclaim: 0.0 ms]
      [Free CSet: 0.1 ms]
   [Eden: 66.0M(66.0M)->0.0B(68.0M) Survivors: 10.0M->8192.0K Heap: 80.2M(128.0M)->14.2M(128.0M)]
 [Times: user=0.00 sys=0.00, real=0.01 secs] 
2020-11-10T20:52:47.787+0800: 11.729: [GC pause (G1 Evacuation Pause) (young), 0.0080892 secs]
   [Parallel Time: 6.7 ms, GC Workers: 4]
      [GC Worker Start (ms): Min: 11729.4, Avg: 11729.4, Max: 11729.5, Diff: 0.0]
      [Ext Root Scanning (ms): Min: 0.5, Avg: 1.0, Max: 1.9, Diff: 1.4, Sum: 4.2]
      [Update RS (ms): Min: 0.1, Avg: 0.9, Max: 1.4, Diff: 1.3, Sum: 3.8]
         [Processed Buffers: Min: 2, Avg: 3.5, Max: 5, Diff: 3, Sum: 14]
      [Scan RS (ms): Min: 0.0, Avg: 0.0, Max: 0.0, Diff: 0.0, Sum: 0.1]
      [Code Root Scanning (ms): Min: 0.0, Avg: 0.2, Max: 0.4, Diff: 0.4, Sum: 0.7]
      [Object Copy (ms): Min: 4.3, Avg: 4.5, Max: 4.7, Diff: 0.5, Sum: 17.9]
      [Termination (ms): Min: 0.0, Avg: 0.0, Max: 0.0, Diff: 0.0, Sum: 0.0]
         [Termination Attempts: Min: 1, Avg: 2.3, Max: 4, Diff: 3, Sum: 9]
      [GC Worker Other (ms): Min: 0.0, Avg: 0.0, Max: 0.0, Diff: 0.0, Sum: 0.0]
      [GC Worker Total (ms): Min: 6.6, Avg: 6.7, Max: 6.7, Diff: 0.0, Sum: 26.6]
      [GC Worker End (ms): Min: 11736.1, Avg: 11736.1, Max: 11736.1, Diff: 0.0]
   [Code Root Fixup: 0.2 ms]
   [Code Root Purge: 0.0 ms]
   [Clear CT: 0.1 ms]
   [Other: 1.1 ms]
      [Choose CSet: 0.0 ms]
      [Ref Proc: 1.0 ms]
      [Ref Enq: 0.0 ms]
      [Redirty Cards: 0.1 ms]
      [Humongous Register: 0.0 ms]
      [Humongous Reclaim: 0.0 ms]
      [Free CSet: 0.1 ms]
   [Eden: 68.0M(68.0M)->0.0B(67.0M) Survivors: 8192.0K->9216.0K Heap: 82.2M(128.0M)->16.9M(128.0M)]
 [Times: user=0.06 sys=0.00, real=0.01 secs] 
2020-11-10T20:52:48.193+0800: 12.136: [GC pause (G1 Evacuation Pause) (young), 0.0084419 secs]
   [Parallel Time: 7.3 ms, GC Workers: 4]
      [GC Worker Start (ms): Min: 12135.5, Avg: 12135.6, Max: 12135.6, Diff: 0.0]
      [Ext Root Scanning (ms): Min: 0.3, Avg: 0.6, Max: 1.3, Diff: 1.0, Sum: 2.3]
      [Update RS (ms): Min: 0.1, Avg: 0.7, Max: 0.9, Diff: 0.8, Sum: 2.6]
         [Processed Buffers: Min: 2, Avg: 4.0, Max: 8, Diff: 6, Sum: 16]
      [Scan RS (ms): Min: 0.0, Avg: 0.0, Max: 0.0, Diff: 0.0, Sum: 0.0]
      [Code Root Scanning (ms): Min: 0.0, Avg: 0.1, Max: 0.3, Diff: 0.3, Sum: 0.5]
      [Object Copy (ms): Min: 5.7, Avg: 5.8, Max: 6.0, Diff: 0.3, Sum: 23.4]
      [Termination (ms): Min: 0.0, Avg: 0.0, Max: 0.0, Diff: 0.0, Sum: 0.0]
         [Termination Attempts: Min: 1, Avg: 1.0, Max: 1, Diff: 0, Sum: 4]
      [GC Worker Other (ms): Min: 0.0, Avg: 0.0, Max: 0.0, Diff: 0.0, Sum: 0.0]
      [GC Worker Total (ms): Min: 7.2, Avg: 7.2, Max: 7.2, Diff: 0.0, Sum: 28.9]
      [GC Worker End (ms): Min: 12142.8, Avg: 12142.8, Max: 12142.8, Diff: 0.0]
   [Code Root Fixup: 0.2 ms]
   [Code Root Purge: 0.0 ms]
   [Clear CT: 0.1 ms]
   [Other: 0.9 ms]
      [Choose CSet: 0.0 ms]
      [Ref Proc: 0.7 ms]
      [Ref Enq: 0.0 ms]
      [Redirty Cards: 0.1 ms]
      [Humongous Register: 0.0 ms]
      [Humongous Reclaim: 0.0 ms]
      [Free CSet: 0.1 ms]
   [Eden: 67.0M(67.0M)->0.0B(66.0M) Survivors: 9216.0K->10.0M Heap: 83.9M(128.0M)->19.4M(128.0M)]
 [Times: user=0.00 sys=0.00, real=0.01 secs] 
2020-11-10T20:52:48.392+0800: 12.334: [GC pause (Metadata GC Threshold) (young) (initial-mark), 0.0087358 secs]
   [Parallel Time: 7.8 ms, GC Workers: 4]
      [GC Worker Start (ms): Min: 12334.4, Avg: 12334.4, Max: 12334.5, Diff: 0.0]
      [Ext Root Scanning (ms): Min: 1.1, Avg: 1.3, Max: 1.4, Diff: 0.3, Sum: 5.4]
      [Update RS (ms): Min: 0.8, Avg: 0.8, Max: 0.9, Diff: 0.2, Sum: 3.4]
         [Processed Buffers: Min: 3, Avg: 4.3, Max: 6, Diff: 3, Sum: 17]
      [Scan RS (ms): Min: 0.0, Avg: 0.0, Max: 0.0, Diff: 0.0, Sum: 0.0]
      [Code Root Scanning (ms): Min: 0.0, Avg: 0.1, Max: 0.2, Diff: 0.2, Sum: 0.4]
      [Object Copy (ms): Min: 5.2, Avg: 5.3, Max: 5.5, Diff: 0.4, Sum: 21.3]
      [Termination (ms): Min: 0.0, Avg: 0.0, Max: 0.0, Diff: 0.0, Sum: 0.0]
         [Termination Attempts: Min: 1, Avg: 1.0, Max: 1, Diff: 0, Sum: 4]
      [GC Worker Other (ms): Min: 0.0, Avg: 0.0, Max: 0.0, Diff: 0.0, Sum: 0.1]
      [GC Worker Total (ms): Min: 7.6, Avg: 7.6, Max: 7.7, Diff: 0.0, Sum: 30.5]
      [GC Worker End (ms): Min: 12342.1, Avg: 12342.1, Max: 12342.1, Diff: 0.0]
   [Code Root Fixup: 0.1 ms]
   [Code Root Purge: 0.0 ms]
   [Clear CT: 0.1 ms]
   [Other: 0.8 ms]
      [Choose CSet: 0.0 ms]
      [Ref Proc: 0.6 ms]
      [Ref Enq: 0.0 ms]
      [Redirty Cards: 0.1 ms]
      [Humongous Register: 0.0 ms]
      [Humongous Reclaim: 0.0 ms]
      [Free CSet: 0.0 ms]
   [Eden: 39.0M(66.0M)->0.0B(68.0M) Survivors: 10.0M->8192.0K Heap: 58.4M(128.0M)->18.9M(128.0M)]
 [Times: user=0.00 sys=0.00, real=0.01 secs] 
2020-11-10T20:52:48.401+0800: 12.343: [GC concurrent-root-region-scan-start]
2020-11-10T20:52:48.409+0800: 12.352: [GC concurrent-root-region-scan-end, 0.0083452 secs]
2020-11-10T20:52:48.409+0800: 12.352: [GC concurrent-mark-start]
2020-11-10T20:52:48.425+0800: 12.368: [GC concurrent-mark-end, 0.0164946 secs]
2020-11-10T20:52:48.426+0800: 12.368: [GC remark 2020-11-10T20:52:48.426+0800: 12.368: [Finalize Marking, 0.0000934 secs] 2020-11-10T20:52:48.427+0800: 12.368: [GC ref-proc, 0.0001552 secs] 2020-11-10T20:52:48.427+0800: 12.369: [Unloading, 0.0055361 secs], 0.0060269 secs]
 [Times: user=0.00 sys=0.00, real=0.01 secs] 
2020-11-10T20:52:48.432+0800: 12.374: [GC cleanup 24M->24M(128M), 0.0002578 secs]
 [Times: user=0.00 sys=0.00, real=0.00 secs] 
2020-11-10T20:52:54.173+0800: 18.116: [GC pause (G1 Evacuation Pause) (young), 0.0088709 secs]
   [Parallel Time: 8.0 ms, GC Workers: 4]
      [GC Worker Start (ms): Min: 18115.8, Avg: 18115.9, Max: 18116.2, Diff: 0.3]
      [Ext Root Scanning (ms): Min: 0.2, Avg: 0.6, Max: 1.0, Diff: 0.8, Sum: 2.4]
      [Update RS (ms): Min: 0.9, Avg: 1.1, Max: 1.3, Diff: 0.4, Sum: 4.5]
         [Processed Buffers: Min: 4, Avg: 6.5, Max: 12, Diff: 8, Sum: 26]
      [Scan RS (ms): Min: 0.0, Avg: 0.0, Max: 0.0, Diff: 0.0, Sum: 0.0]
      [Code Root Scanning (ms): Min: 0.0, Avg: 0.1, Max: 0.2, Diff: 0.2, Sum: 0.5]
      [Object Copy (ms): Min: 5.9, Avg: 6.0, Max: 6.3, Diff: 0.4, Sum: 24.2]
      [Termination (ms): Min: 0.0, Avg: 0.0, Max: 0.0, Diff: 0.0, Sum: 0.0]
         [Termination Attempts: Min: 1, Avg: 2.5, Max: 5, Diff: 4, Sum: 10]
      [GC Worker Other (ms): Min: 0.0, Avg: 0.0, Max: 0.0, Diff: 0.0, Sum: 0.0]
      [GC Worker Total (ms): Min: 7.7, Avg: 7.9, Max: 8.0, Diff: 0.3, Sum: 31.6]
      [GC Worker End (ms): Min: 18123.8, Avg: 18123.8, Max: 18123.8, Diff: 0.0]
   [Code Root Fixup: 0.1 ms]
   [Code Root Purge: 0.0 ms]
   [Clear CT: 0.1 ms]
   [Other: 0.6 ms]
      [Choose CSet: 0.0 ms]
      [Ref Proc: 0.4 ms]
      [Ref Enq: 0.0 ms]
      [Redirty Cards: 0.1 ms]
      [Humongous Register: 0.0 ms]
      [Humongous Reclaim: 0.0 ms]
      [Free CSet: 0.1 ms]
   [Eden: 68.0M(68.0M)->0.0B(68.0M) Survivors: 8192.0K->8192.0K Heap: 86.9M(128.0M)->20.4M(128.0M)]
 [Times: user=0.00 sys=0.00, real=0.01 secs] 
2020-11-10T20:52:54.501+0800: 18.444: [GC pause (G1 Evacuation Pause) (young), 0.0091460 secs]
   [Parallel Time: 8.3 ms, GC Workers: 4]
      [GC Worker Start (ms): Min: 18444.1, Avg: 18444.1, Max: 18444.1, Diff: 0.0]
      [Ext Root Scanning (ms): Min: 0.3, Avg: 0.5, Max: 1.1, Diff: 0.8, Sum: 2.1]
      [Update RS (ms): Min: 0.7, Avg: 1.0, Max: 1.2, Diff: 0.5, Sum: 4.2]
         [Processed Buffers: Min: 2, Avg: 5.0, Max: 9, Diff: 7, Sum: 20]
      [Scan RS (ms): Min: 0.0, Avg: 0.0, Max: 0.0, Diff: 0.0, Sum: 0.1]
      [Code Root Scanning (ms): Min: 0.0, Avg: 0.1, Max: 0.2, Diff: 0.2, Sum: 0.4]
      [Object Copy (ms): Min: 6.5, Avg: 6.6, Max: 6.6, Diff: 0.1, Sum: 26.2]
      [Termination (ms): Min: 0.0, Avg: 0.0, Max: 0.0, Diff: 0.0, Sum: 0.0]
         [Termination Attempts: Min: 1, Avg: 1.3, Max: 2, Diff: 1, Sum: 5]
      [GC Worker Other (ms): Min: 0.0, Avg: 0.0, Max: 0.0, Diff: 0.0, Sum: 0.0]
      [GC Worker Total (ms): Min: 8.3, Avg: 8.3, Max: 8.3, Diff: 0.0, Sum: 33.1]
      [GC Worker End (ms): Min: 18452.4, Avg: 18452.4, Max: 18452.4, Diff: 0.0]
   [Code Root Fixup: 0.1 ms]
   [Code Root Purge: 0.0 ms]
   [Clear CT: 0.1 ms]
   [Other: 0.6 ms]
      [Choose CSet: 0.0 ms]
      [Ref Proc: 0.4 ms]
      [Ref Enq: 0.0 ms]
      [Redirty Cards: 0.1 ms]
      [Humongous Register: 0.0 ms]
      [Humongous Reclaim: 0.0 ms]
      [Free CSet: 0.1 ms]
   [Eden: 68.0M(68.0M)->0.0B(67.0M) Survivors: 8192.0K->9216.0K Heap: 88.4M(128.0M)->24.3M(128.0M)]
 [Times: user=0.00 sys=0.00, real=0.01 secs] 
2020-11-10T20:52:55.468+0800: 19.410: [GC pause (G1 Evacuation Pause) (young), 0.0091612 secs]
   [Parallel Time: 7.9 ms, GC Workers: 4]
      [GC Worker Start (ms): Min: 19410.3, Avg: 19410.6, Max: 19411.2, Diff: 0.8]
      [Ext Root Scanning (ms): Min: 0.1, Avg: 0.7, Max: 1.5, Diff: 1.4, Sum: 2.8]
      [Update RS (ms): Min: 0.7, Avg: 1.2, Max: 1.5, Diff: 0.8, Sum: 4.8]
         [Processed Buffers: Min: 4, Avg: 5.5, Max: 9, Diff: 5, Sum: 22]
      [Scan RS (ms): Min: 0.0, Avg: 0.2, Max: 0.3, Diff: 0.3, Sum: 0.7]
      [Code Root Scanning (ms): Min: 0.0, Avg: 0.1, Max: 0.2, Diff: 0.2, Sum: 0.3]
      [Object Copy (ms): Min: 5.2, Avg: 5.5, Max: 5.7, Diff: 0.5, Sum: 21.9]
      [Termination (ms): Min: 0.0, Avg: 0.0, Max: 0.0, Diff: 0.0, Sum: 0.0]
         [Termination Attempts: Min: 1, Avg: 1.0, Max: 1, Diff: 0, Sum: 4]
      [GC Worker Other (ms): Min: 0.0, Avg: 0.0, Max: 0.0, Diff: 0.0, Sum: 0.0]
      [GC Worker Total (ms): Min: 7.0, Avg: 7.7, Max: 7.9, Diff: 0.8, Sum: 30.6]
      [GC Worker End (ms): Min: 19418.2, Avg: 19418.2, Max: 19418.2, Diff: 0.0]
   [Code Root Fixup: 0.1 ms]
   [Code Root Purge: 0.0 ms]
   [Clear CT: 0.1 ms]
   [Other: 1.1 ms]
      [Choose CSet: 0.0 ms]
      [Ref Proc: 0.8 ms]
      [Ref Enq: 0.0 ms]
      [Redirty Cards: 0.0 ms]
      [Humongous Register: 0.0 ms]
      [Humongous Reclaim: 0.0 ms]
      [Free CSet: 0.1 ms]
   [Eden: 67.0M(67.0M)->0.0B(68.0M) Survivors: 9216.0K->8192.0K Heap: 91.3M(128.0M)->26.8M(128.0M)]
 [Times: user=0.00 sys=0.00, real=0.01 secs] 
2020-11-10T20:52:55.774+0800: 19.716: [GC pause (G1 Evacuation Pause) (young), 0.0092765 secs]
   [Parallel Time: 7.6 ms, GC Workers: 4]
      [GC Worker Start (ms): Min: 19716.3, Avg: 19716.3, Max: 19716.3, Diff: 0.0]
      [Ext Root Scanning (ms): Min: 0.3, Avg: 0.5, Max: 0.9, Diff: 0.6, Sum: 2.1]
      [Update RS (ms): Min: 1.0, Avg: 1.4, Max: 1.7, Diff: 0.7, Sum: 5.6]
         [Processed Buffers: Min: 4, Avg: 5.3, Max: 7, Diff: 3, Sum: 21]
      [Scan RS (ms): Min: 0.0, Avg: 0.2, Max: 0.3, Diff: 0.2, Sum: 0.8]
      [Code Root Scanning (ms): Min: 0.0, Avg: 0.1, Max: 0.2, Diff: 0.2, Sum: 0.3]
      [Object Copy (ms): Min: 5.1, Avg: 5.3, Max: 5.4, Diff: 0.2, Sum: 21.2]
      [Termination (ms): Min: 0.0, Avg: 0.0, Max: 0.0, Diff: 0.0, Sum: 0.0]
         [Termination Attempts: Min: 1, Avg: 1.8, Max: 3, Diff: 2, Sum: 7]
      [GC Worker Other (ms): Min: 0.0, Avg: 0.0, Max: 0.0, Diff: 0.0, Sum: 0.0]
      [GC Worker Total (ms): Min: 7.5, Avg: 7.5, Max: 7.5, Diff: 0.0, Sum: 30.0]
      [GC Worker End (ms): Min: 19723.8, Avg: 19723.8, Max: 19723.8, Diff: 0.0]
   [Code Root Fixup: 0.2 ms]
   [Code Root Purge: 0.0 ms]
   [Clear CT: 0.1 ms]
   [Other: 1.5 ms]
      [Choose CSet: 0.0 ms]
      [Ref Proc: 1.2 ms]
      [Ref Enq: 0.0 ms]
      [Redirty Cards: 0.1 ms]
      [Humongous Register: 0.0 ms]
      [Humongous Reclaim: 0.0 ms]
      [Free CSet: 0.1 ms]
   [Eden: 68.0M(68.0M)->0.0B(68.0M) Survivors: 8192.0K->8192.0K Heap: 95.3M(128.0M)->28.8M(128.0M)]
 [Times: user=0.05 sys=0.00, real=0.01 secs] 
2020-11-10T20:52:56.197+0800: 20.139: [GC pause (G1 Evacuation Pause) (young), 0.0096014 secs]
   [Parallel Time: 8.6 ms, GC Workers: 4]
      [GC Worker Start (ms): Min: 20138.8, Avg: 20138.8, Max: 20138.8, Diff: 0.0]
      [Ext Root Scanning (ms): Min: 0.6, Avg: 1.0, Max: 1.7, Diff: 1.1, Sum: 3.9]
      [Update RS (ms): Min: 1.4, Avg: 1.9, Max: 2.1, Diff: 0.8, Sum: 7.6]
         [Processed Buffers: Min: 3, Avg: 6.0, Max: 11, Diff: 8, Sum: 24]
      [Scan RS (ms): Min: 0.0, Avg: 0.0, Max: 0.0, Diff: 0.0, Sum: 0.0]
      [Code Root Scanning (ms): Min: 0.0, Avg: 0.1, Max: 0.2, Diff: 0.2, Sum: 0.3]
      [Object Copy (ms): Min: 5.5, Avg: 5.6, Max: 5.7, Diff: 0.3, Sum: 22.3]
      [Termination (ms): Min: 0.0, Avg: 0.0, Max: 0.0, Diff: 0.0, Sum: 0.0]
         [Termination Attempts: Min: 1, Avg: 2.0, Max: 3, Diff: 2, Sum: 8]
      [GC Worker Other (ms): Min: 0.0, Avg: 0.0, Max: 0.0, Diff: 0.0, Sum: 0.0]
      [GC Worker Total (ms): Min: 8.5, Avg: 8.5, Max: 8.6, Diff: 0.0, Sum: 34.2]
      [GC Worker End (ms): Min: 20147.4, Avg: 20147.4, Max: 20147.4, Diff: 0.0]
   [Code Root Fixup: 0.1 ms]
   [Code Root Purge: 0.0 ms]
   [Clear CT: 0.1 ms]
   [Other: 0.8 ms]
      [Choose CSet: 0.0 ms]
      [Ref Proc: 0.6 ms]
      [Ref Enq: 0.0 ms]
      [Redirty Cards: 0.1 ms]
      [Humongous Register: 0.0 ms]
      [Humongous Reclaim: 0.0 ms]
      [Free CSet: 0.1 ms]
   [Eden: 68.0M(68.0M)->0.0B(68.0M) Survivors: 8192.0K->8192.0K Heap: 96.8M(128.0M)->30.9M(128.0M)]
 [Times: user=0.06 sys=0.00, real=0.01 secs] 
2020-11-10T20:52:56.516+0800: 20.458: [GC pause (G1 Evacuation Pause) (young), 0.0094837 secs]
   [Parallel Time: 8.5 ms, GC Workers: 4]
      [GC Worker Start (ms): Min: 20458.4, Avg: 20458.4, Max: 20458.4, Diff: 0.0]
      [Ext Root Scanning (ms): Min: 0.3, Avg: 0.5, Max: 0.9, Diff: 0.6, Sum: 2.0]
      [Update RS (ms): Min: 2.5, Avg: 2.7, Max: 2.9, Diff: 0.4, Sum: 10.9]
         [Processed Buffers: Min: 4, Avg: 6.8, Max: 9, Diff: 5, Sum: 27]
      [Scan RS (ms): Min: 0.0, Avg: 0.0, Max: 0.0, Diff: 0.0, Sum: 0.0]
      [Code Root Scanning (ms): Min: 0.0, Avg: 0.1, Max: 0.2, Diff: 0.2, Sum: 0.3]
      [Object Copy (ms): Min: 5.1, Avg: 5.2, Max: 5.3, Diff: 0.2, Sum: 20.8]
      [Termination (ms): Min: 0.0, Avg: 0.0, Max: 0.0, Diff: 0.0, Sum: 0.0]
         [Termination Attempts: Min: 2, Avg: 2.8, Max: 4, Diff: 2, Sum: 11]
      [GC Worker Other (ms): Min: 0.0, Avg: 0.0, Max: 0.0, Diff: 0.0, Sum: 0.0]
      [GC Worker Total (ms): Min: 8.5, Avg: 8.5, Max: 8.5, Diff: 0.0, Sum: 34.0]
      [GC Worker End (ms): Min: 20466.9, Avg: 20466.9, Max: 20466.9, Diff: 0.0]
   [Code Root Fixup: 0.1 ms]
   [Code Root Purge: 0.0 ms]
   [Clear CT: 0.0 ms]
   [Other: 0.8 ms]
      [Choose CSet: 0.0 ms]
      [Ref Proc: 0.6 ms]
      [Ref Enq: 0.0 ms]
      [Redirty Cards: 0.0 ms]
      [Humongous Register: 0.0 ms]
      [Humongous Reclaim: 0.0 ms]
      [Free CSet: 0.1 ms]
   [Eden: 68.0M(68.0M)->0.0B(68.0M) Survivors: 8192.0K->8192.0K Heap: 98.9M(128.0M)->33.5M(128.0M)]
 [Times: user=0.00 sys=0.00, real=0.01 secs] 
2020-11-10T20:52:56.882+0800: 20.824: [GC pause (G1 Evacuation Pause) (young), 0.0100750 secs]
   [Parallel Time: 8.8 ms, GC Workers: 4]
      [GC Worker Start (ms): Min: 20824.2, Avg: 20824.3, Max: 20824.3, Diff: 0.0]
      [Ext Root Scanning (ms): Min: 0.4, Avg: 0.6, Max: 1.2, Diff: 0.8, Sum: 2.4]
      [Update RS (ms): Min: 1.2, Avg: 1.8, Max: 2.1, Diff: 0.9, Sum: 7.1]
         [Processed Buffers: Min: 5, Avg: 6.5, Max: 9, Diff: 4, Sum: 26]
      [Scan RS (ms): Min: 0.1, Avg: 0.2, Max: 0.3, Diff: 0.2, Sum: 0.7]
      [Code Root Scanning (ms): Min: 0.0, Avg: 0.0, Max: 0.1, Diff: 0.1, Sum: 0.2]
      [Object Copy (ms): Min: 6.0, Avg: 6.1, Max: 6.2, Diff: 0.2, Sum: 24.5]
      [Termination (ms): Min: 0.0, Avg: 0.0, Max: 0.0, Diff: 0.0, Sum: 0.0]
         [Termination Attempts: Min: 1, Avg: 8.3, Max: 12, Diff: 11, Sum: 33]
      [GC Worker Other (ms): Min: 0.0, Avg: 0.0, Max: 0.0, Diff: 0.0, Sum: 0.0]
      [GC Worker Total (ms): Min: 8.7, Avg: 8.7, Max: 8.7, Diff: 0.0, Sum: 34.9]
      [GC Worker End (ms): Min: 20833.0, Avg: 20833.0, Max: 20833.0, Diff: 0.0]
   [Code Root Fixup: 0.1 ms]
   [Code Root Purge: 0.0 ms]
   [Clear CT: 0.0 ms]
   [Other: 1.1 ms]
      [Choose CSet: 0.0 ms]
      [Ref Proc: 1.0 ms]
      [Ref Enq: 0.0 ms]
      [Redirty Cards: 0.1 ms]
      [Humongous Register: 0.0 ms]
      [Humongous Reclaim: 0.0 ms]
      [Free CSet: 0.0 ms]
   [Eden: 68.0M(68.0M)->0.0B(67.0M) Survivors: 8192.0K->9216.0K Heap: 101.5M(128.0M)->37.5M(128.0M)]
 [Times: user=0.05 sys=0.00, real=0.01 secs] 
2020-11-10T20:52:57.148+0800: 21.090: [GC pause (G1 Evacuation Pause) (young), 0.0099847 secs]
   [Parallel Time: 9.1 ms, GC Workers: 4]
      [GC Worker Start (ms): Min: 21090.2, Avg: 21090.4, Max: 21090.6, Diff: 0.4]
      [Ext Root Scanning (ms): Min: 0.6, Avg: 0.9, Max: 1.3, Diff: 0.7, Sum: 3.6]
      [Update RS (ms): Min: 1.8, Avg: 1.9, Max: 2.0, Diff: 0.2, Sum: 7.7]
         [Processed Buffers: Min: 5, Avg: 6.3, Max: 8, Diff: 3, Sum: 25]
      [Scan RS (ms): Min: 0.0, Avg: 0.0, Max: 0.0, Diff: 0.0, Sum: 0.0]
      [Code Root Scanning (ms): Min: 0.0, Avg: 0.0, Max: 0.1, Diff: 0.1, Sum: 0.1]
      [Object Copy (ms): Min: 5.5, Avg: 5.8, Max: 6.1, Diff: 0.6, Sum: 23.2]
      [Termination (ms): Min: 0.0, Avg: 0.2, Max: 0.2, Diff: 0.2, Sum: 0.7]
         [Termination Attempts: Min: 1, Avg: 29.5, Max: 48, Diff: 47, Sum: 118]
      [GC Worker Other (ms): Min: 0.0, Avg: 0.0, Max: 0.0, Diff: 0.0, Sum: 0.0]
      [GC Worker Total (ms): Min: 8.7, Avg: 8.8, Max: 9.1, Diff: 0.4, Sum: 35.4]
      [GC Worker End (ms): Min: 21099.1, Avg: 21099.2, Max: 21099.3, Diff: 0.2]
   [Code Root Fixup: 0.1 ms]
   [Code Root Purge: 0.0 ms]
   [Clear CT: 0.1 ms]
   [Other: 0.8 ms]
      [Choose CSet: 0.0 ms]
      [Ref Proc: 0.6 ms]
      [Ref Enq: 0.0 ms]
      [Redirty Cards: 0.1 ms]
      [Humongous Register: 0.0 ms]
      [Humongous Reclaim: 0.0 ms]
      [Free CSet: 0.1 ms]
   [Eden: 67.0M(67.0M)->0.0B(68.0M) Survivors: 9216.0K->8192.0K Heap: 104.5M(128.0M)->37.2M(128.0M)]
 [Times: user=0.06 sys=0.00, real=0.01 secs] 
2020-11-10T20:52:57.406+0800: 21.348: [GC pause (G1 Evacuation Pause) (young), 0.0122693 secs]
   [Parallel Time: 10.8 ms, GC Workers: 4]
      [GC Worker Start (ms): Min: 21348.2, Avg: 21348.2, Max: 21348.3, Diff: 0.0]
      [Ext Root Scanning (ms): Min: 0.4, Avg: 0.7, Max: 1.4, Diff: 1.0, Sum: 2.8]
      [Update RS (ms): Min: 0.6, Avg: 2.0, Max: 2.7, Diff: 2.1, Sum: 8.0]
         [Processed Buffers: Min: 3, Avg: 5.3, Max: 9, Diff: 6, Sum: 21]
      [Scan RS (ms): Min: 0.0, Avg: 0.0, Max: 0.0, Diff: 0.0, Sum: 0.0]
      [Code Root Scanning (ms): Min: 0.0, Avg: 0.0, Max: 0.1, Diff: 0.1, Sum: 0.1]
      [Object Copy (ms): Min: 7.1, Avg: 7.9, Max: 9.5, Diff: 2.4, Sum: 31.5]
      [Termination (ms): Min: 0.0, Avg: 0.1, Max: 0.2, Diff: 0.2, Sum: 0.5]
         [Termination Attempts: Min: 1, Avg: 16.5, Max: 27, Diff: 26, Sum: 66]
      [GC Worker Other (ms): Min: 0.0, Avg: 0.0, Max: 0.0, Diff: 0.0, Sum: 0.1]
      [GC Worker Total (ms): Min: 10.7, Avg: 10.8, Max: 10.8, Diff: 0.1, Sum: 43.0]
      [GC Worker End (ms): Min: 21358.9, Avg: 21359.0, Max: 21359.0, Diff: 0.1]
   [Code Root Fixup: 0.2 ms]
   [Code Root Purge: 0.0 ms]
   [Clear CT: 0.1 ms]
   [Other: 1.2 ms]
      [Choose CSet: 0.0 ms]
      [Ref Proc: 1.0 ms]
      [Ref Enq: 0.0 ms]
      [Redirty Cards: 0.1 ms]
      [Humongous Register: 0.0 ms]
      [Humongous Reclaim: 0.0 ms]
      [Free CSet: 0.0 ms]
   [Eden: 68.0M(68.0M)->0.0B(69.0M) Survivors: 8192.0K->7168.0K Heap: 105.2M(128.0M)->38.6M(128.0M)]
 [Times: user=0.02 sys=0.00, real=0.01 secs] 
2020-11-10T20:52:57.675+0800: 21.617: [GC pause (G1 Evacuation Pause) (young), 0.0121220 secs]
   [Parallel Time: 10.8 ms, GC Workers: 4]
      [GC Worker Start (ms): Min: 21617.3, Avg: 21617.3, Max: 21617.3, Diff: 0.0]
      [Ext Root Scanning (ms): Min: 0.5, Avg: 0.7, Max: 1.1, Diff: 0.6, Sum: 2.7]
      [Update RS (ms): Min: 2.5, Avg: 3.0, Max: 3.3, Diff: 0.8, Sum: 12.1]
         [Processed Buffers: Min: 3, Avg: 7.8, Max: 12, Diff: 9, Sum: 31]
      [Scan RS (ms): Min: 0.0, Avg: 0.0, Max: 0.0, Diff: 0.0, Sum: 0.0]
      [Code Root Scanning (ms): Min: 0.0, Avg: 0.0, Max: 0.1, Diff: 0.1, Sum: 0.1]
      [Object Copy (ms): Min: 7.0, Avg: 7.1, Max: 7.1, Diff: 0.1, Sum: 28.2]
      [Termination (ms): Min: 0.0, Avg: 0.0, Max: 0.0, Diff: 0.0, Sum: 0.0]
         [Termination Attempts: Min: 1, Avg: 1.5, Max: 2, Diff: 1, Sum: 6]
      [GC Worker Other (ms): Min: 0.0, Avg: 0.0, Max: 0.0, Diff: 0.0, Sum: 0.0]
      [GC Worker Total (ms): Min: 10.8, Avg: 10.8, Max: 10.8, Diff: 0.0, Sum: 43.1]
      [GC Worker End (ms): Min: 21628.0, Avg: 21628.0, Max: 21628.0, Diff: 0.0]
   [Code Root Fixup: 0.1 ms]
   [Code Root Purge: 0.0 ms]
   [Clear CT: 0.2 ms]
   [Other: 1.0 ms]
      [Choose CSet: 0.0 ms]
      [Ref Proc: 0.7 ms]
      [Ref Enq: 0.0 ms]
      [Redirty Cards: 0.1 ms]
      [Humongous Register: 0.0 ms]
      [Humongous Reclaim: 0.0 ms]
      [Free CSet: 0.1 ms]
   [Eden: 69.0M(69.0M)->0.0B(63.0M) Survivors: 7168.0K->9216.0K Heap: 107.6M(128.0M)->42.4M(128.0M)]
 [Times: user=0.06 sys=0.00, real=0.01 secs] 
2020-11-10T20:52:58.840+0800: 22.782: [GC pause (G1 Evacuation Pause) (young), 0.0116381 secs]
   [Parallel Time: 10.3 ms, GC Workers: 4]
      [GC Worker Start (ms): Min: 22782.2, Avg: 22782.2, Max: 22782.3, Diff: 0.1]
      [Ext Root Scanning (ms): Min: 0.5, Avg: 0.7, Max: 1.2, Diff: 0.8, Sum: 2.8]
      [Update RS (ms): Min: 1.8, Avg: 2.2, Max: 2.4, Diff: 0.7, Sum: 8.7]
         [Processed Buffers: Min: 5, Avg: 7.3, Max: 11, Diff: 6, Sum: 29]
      [Scan RS (ms): Min: 0.0, Avg: 0.0, Max: 0.0, Diff: 0.0, Sum: 0.1]
      [Code Root Scanning (ms): Min: 0.0, Avg: 0.0, Max: 0.1, Diff: 0.1, Sum: 0.1]
      [Object Copy (ms): Min: 7.1, Avg: 7.2, Max: 7.4, Diff: 0.4, Sum: 28.9]
      [Termination (ms): Min: 0.0, Avg: 0.1, Max: 0.1, Diff: 0.1, Sum: 0.3]
         [Termination Attempts: Min: 1, Avg: 1.0, Max: 1, Diff: 0, Sum: 4]
      [GC Worker Other (ms): Min: 0.0, Avg: 0.0, Max: 0.0, Diff: 0.0, Sum: 0.1]
      [GC Worker Total (ms): Min: 10.2, Avg: 10.2, Max: 10.3, Diff: 0.1, Sum: 40.9]
      [GC Worker End (ms): Min: 22792.4, Avg: 22792.5, Max: 22792.5, Diff: 0.1]
   [Code Root Fixup: 0.0 ms]
   [Code Root Purge: 0.0 ms]
   [Clear CT: 0.2 ms]
   [Other: 1.0 ms]
      [Choose CSet: 0.0 ms]
      [Ref Proc: 0.8 ms]
      [Ref Enq: 0.0 ms]
      [Redirty Cards: 0.1 ms]
      [Humongous Register: 0.0 ms]
      [Humongous Reclaim: 0.0 ms]
      [Free CSet: 0.0 ms]
   [Eden: 63.0M(63.0M)->0.0B(60.0M) Survivors: 9216.0K->8192.0K Heap: 105.4M(128.0M)->45.8M(128.0M)]
 [Times: user=0.03 sys=0.00, real=0.01 secs] 
2020-11-10T20:52:59.995+0800: 23.938: [GC pause (G1 Evacuation Pause) (young), 0.0131229 secs]
   [Parallel Time: 11.7 ms, GC Workers: 4]
      [GC Worker Start (ms): Min: 23937.7, Avg: 23937.7, Max: 23937.7, Diff: 0.0]
      [Ext Root Scanning (ms): Min: 0.5, Avg: 0.8, Max: 1.4, Diff: 0.9, Sum: 3.0]
      [Update RS (ms): Min: 4.4, Avg: 4.8, Max: 5.1, Diff: 0.8, Sum: 19.3]
         [Processed Buffers: Min: 9, Avg: 11.0, Max: 14, Diff: 5, Sum: 44]
      [Scan RS (ms): Min: 0.0, Avg: 0.0, Max: 0.0, Diff: 0.0, Sum: 0.0]
      [Code Root Scanning (ms): Min: 0.0, Avg: 0.0, Max: 0.1, Diff: 0.1, Sum: 0.1]
      [Object Copy (ms): Min: 5.8, Avg: 6.0, Max: 6.1, Diff: 0.2, Sum: 23.8]
      [Termination (ms): Min: 0.0, Avg: 0.0, Max: 0.0, Diff: 0.0, Sum: 0.0]
         [Termination Attempts: Min: 1, Avg: 1.8, Max: 2, Diff: 1, Sum: 7]
      [GC Worker Other (ms): Min: 0.0, Avg: 0.0, Max: 0.0, Diff: 0.0, Sum: 0.1]
      [GC Worker Total (ms): Min: 11.6, Avg: 11.6, Max: 11.6, Diff: 0.0, Sum: 46.3]
      [GC Worker End (ms): Min: 23949.3, Avg: 23949.3, Max: 23949.3, Diff: 0.0]
   [Code Root Fixup: 0.1 ms]
   [Code Root Purge: 0.0 ms]
   [Clear CT: 0.1 ms]
   [Other: 1.3 ms]
      [Choose CSet: 0.0 ms]
      [Ref Proc: 1.1 ms]
      [Ref Enq: 0.0 ms]
      [Redirty Cards: 0.1 ms]
      [Humongous Register: 0.0 ms]
      [Humongous Reclaim: 0.0 ms]
      [Free CSet: 0.0 ms]
   [Eden: 60.0M(60.0M)->0.0B(55.0M) Survivors: 8192.0K->9216.0K Heap: 105.8M(128.0M)->51.0M(128.0M)]
 [Times: user=0.05 sys=0.00, real=0.01 secs] 
2020-11-10T20:53:04.672+0800: 28.614: [GC pause (G1 Evacuation Pause) (young), 0.0120917 secs]
   [Parallel Time: 10.7 ms, GC Workers: 4]
      [GC Worker Start (ms): Min: 28614.1, Avg: 28614.2, Max: 28614.2, Diff: 0.0]
      [Ext Root Scanning (ms): Min: 0.6, Avg: 0.8, Max: 1.3, Diff: 0.7, Sum: 3.4]
      [Update RS (ms): Min: 2.0, Avg: 2.5, Max: 2.7, Diff: 0.7, Sum: 10.0]
         [Processed Buffers: Min: 5, Avg: 8.0, Max: 10, Diff: 5, Sum: 32]
      [Scan RS (ms): Min: 0.0, Avg: 0.0, Max: 0.0, Diff: 0.0, Sum: 0.0]
      [Code Root Scanning (ms): Min: 0.0, Avg: 0.1, Max: 0.4, Diff: 0.4, Sum: 0.5]
      [Object Copy (ms): Min: 7.0, Avg: 7.1, Max: 7.3, Diff: 0.3, Sum: 28.6]
      [Termination (ms): Min: 0.0, Avg: 0.0, Max: 0.0, Diff: 0.0, Sum: 0.0]
         [Termination Attempts: Min: 1, Avg: 3.0, Max: 6, Diff: 5, Sum: 12]
      [GC Worker Other (ms): Min: 0.0, Avg: 0.0, Max: 0.0, Diff: 0.0, Sum: 0.0]
      [GC Worker Total (ms): Min: 10.6, Avg: 10.6, Max: 10.7, Diff: 0.0, Sum: 42.6]
      [GC Worker End (ms): Min: 28624.8, Avg: 28624.8, Max: 28624.8, Diff: 0.0]
   [Code Root Fixup: 0.1 ms]
   [Code Root Purge: 0.0 ms]
   [Clear CT: 0.1 ms]
   [Other: 1.2 ms]
      [Choose CSet: 0.0 ms]
      [Ref Proc: 1.0 ms]
      [Ref Enq: 0.0 ms]
      [Redirty Cards: 0.1 ms]
      [Humongous Register: 0.0 ms]
      [Humongous Reclaim: 0.0 ms]
      [Free CSet: 0.1 ms]
   [Eden: 55.0M(55.0M)->0.0B(49.0M) Survivors: 9216.0K->8192.0K Heap: 106.0M(128.0M)->57.4M(128.0M)]
 [Times: user=0.01 sys=0.00, real=0.01 secs] 
2020-11-10T20:53:04.901+0800: 28.844: [GC pause (G1 Evacuation Pause) (young), 0.0123360 secs]
   [Parallel Time: 11.5 ms, GC Workers: 4]
      [GC Worker Start (ms): Min: 28843.7, Avg: 28843.8, Max: 28844.2, Diff: 0.6]
      [Ext Root Scanning (ms): Min: 0.4, Avg: 0.9, Max: 1.3, Diff: 1.0, Sum: 3.8]
      [Update RS (ms): Min: 3.6, Avg: 3.7, Max: 4.0, Diff: 0.4, Sum: 14.7]
         [Processed Buffers: Min: 8, Avg: 10.8, Max: 12, Diff: 4, Sum: 43]
      [Scan RS (ms): Min: 0.0, Avg: 0.0, Max: 0.0, Diff: 0.0, Sum: 0.0]
      [Code Root Scanning (ms): Min: 0.0, Avg: 0.0, Max: 0.2, Diff: 0.2, Sum: 0.2]
      [Object Copy (ms): Min: 6.6, Avg: 6.7, Max: 6.8, Diff: 0.2, Sum: 26.7]
      [Termination (ms): Min: 0.0, Avg: 0.0, Max: 0.0, Diff: 0.0, Sum: 0.0]
         [Termination Attempts: Min: 1, Avg: 1.0, Max: 1, Diff: 0, Sum: 4]
      [GC Worker Other (ms): Min: 0.0, Avg: 0.0, Max: 0.0, Diff: 0.0, Sum: 0.0]
      [GC Worker Total (ms): Min: 11.0, Avg: 11.4, Max: 11.5, Diff: 0.6, Sum: 45.4]
      [GC Worker End (ms): Min: 28855.2, Avg: 28855.2, Max: 28855.2, Diff: 0.0]
   [Code Root Fixup: 0.1 ms]
   [Code Root Purge: 0.0 ms]
   [Clear CT: 0.1 ms]
   [Other: 0.6 ms]
      [Choose CSet: 0.0 ms]
      [Ref Proc: 0.4 ms]
      [Ref Enq: 0.0 ms]
      [Redirty Cards: 0.0 ms]
      [Humongous Register: 0.0 ms]
      [Humongous Reclaim: 0.0 ms]
      [Free CSet: 0.0 ms]
   [Eden: 49.0M(49.0M)->0.0B(49.0M) Survivors: 8192.0K->6144.0K Heap: 106.4M(128.0M)->60.0M(128.0M)]
 [Times: user=0.05 sys=0.01, real=0.01 secs] 
2020-11-10T20:53:08.814+0800: 32.756: [GC pause (G1 Evacuation Pause) (young), 0.0106643 secs]
   [Parallel Time: 9.1 ms, GC Workers: 4]
      [GC Worker Start (ms): Min: 32755.9, Avg: 32756.0, Max: 32756.1, Diff: 0.1]
      [Ext Root Scanning (ms): Min: 0.5, Avg: 0.7, Max: 1.2, Diff: 0.7, Sum: 2.7]
      [Update RS (ms): Min: 3.2, Avg: 4.1, Max: 4.8, Diff: 1.7, Sum: 16.3]
         [Processed Buffers: Min: 5, Avg: 9.5, Max: 14, Diff: 9, Sum: 38]
      [Scan RS (ms): Min: 0.0, Avg: 0.0, Max: 0.0, Diff: 0.0, Sum: 0.0]
      [Code Root Scanning (ms): Min: 0.0, Avg: 0.1, Max: 0.3, Diff: 0.3, Sum: 0.3]
      [Object Copy (ms): Min: 3.7, Avg: 4.2, Max: 4.5, Diff: 0.8, Sum: 16.7]
      [Termination (ms): Min: 0.0, Avg: 0.0, Max: 0.0, Diff: 0.0, Sum: 0.0]
         [Termination Attempts: Min: 1, Avg: 8.5, Max: 14, Diff: 13, Sum: 34]
      [GC Worker Other (ms): Min: 0.0, Avg: 0.0, Max: 0.0, Diff: 0.0, Sum: 0.1]
      [GC Worker Total (ms): Min: 9.0, Avg: 9.0, Max: 9.1, Diff: 0.1, Sum: 36.1]
      [GC Worker End (ms): Min: 32765.0, Avg: 32765.0, Max: 32765.0, Diff: 0.0]
   [Code Root Fixup: 0.0 ms]
   [Code Root Purge: 0.0 ms]
   [Clear CT: 0.4 ms]
   [Other: 1.1 ms]
      [Choose CSet: 0.0 ms]
      [Ref Proc: 0.6 ms]
      [Ref Enq: 0.0 ms]
      [Redirty Cards: 0.4 ms]
      [Humongous Register: 0.0 ms]
      [Humongous Reclaim: 0.0 ms]
      [Free CSet: 0.0 ms]
   [Eden: 49.0M(49.0M)->0.0B(46.0M) Survivors: 6144.0K->6144.0K Heap: 109.0M(128.0M)->62.0M(128.0M)]
 [Times: user=0.00 sys=0.00, real=0.01 secs] 
2020-11-10T20:53:09.119+0800: 33.062: [GC pause (G1 Evacuation Pause) (young), 0.0083795 secs]
   [Parallel Time: 7.0 ms, GC Workers: 4]
      [GC Worker Start (ms): Min: 33061.7, Avg: 33061.8, Max: 33061.8, Diff: 0.1]
      [Ext Root Scanning (ms): Min: 0.5, Avg: 0.7, Max: 1.2, Diff: 0.7, Sum: 2.9]
      [Update RS (ms): Min: 2.7, Avg: 3.0, Max: 3.2, Diff: 0.4, Sum: 12.2]
         [Processed Buffers: Min: 7, Avg: 9.0, Max: 11, Diff: 4, Sum: 36]
      [Scan RS (ms): Min: 0.0, Avg: 0.0, Max: 0.0, Diff: 0.0, Sum: 0.0]
      [Code Root Scanning (ms): Min: 0.0, Avg: 0.0, Max: 0.1, Diff: 0.1, Sum: 0.1]
      [Object Copy (ms): Min: 3.0, Avg: 3.1, Max: 3.1, Diff: 0.2, Sum: 12.2]
      [Termination (ms): Min: 0.0, Avg: 0.0, Max: 0.0, Diff: 0.0, Sum: 0.0]
         [Termination Attempts: Min: 1, Avg: 3.8, Max: 6, Diff: 5, Sum: 15]
      [GC Worker Other (ms): Min: 0.0, Avg: 0.0, Max: 0.0, Diff: 0.0, Sum: 0.0]
      [GC Worker Total (ms): Min: 6.9, Avg: 6.9, Max: 6.9, Diff: 0.1, Sum: 27.6]
      [GC Worker End (ms): Min: 33068.7, Avg: 33068.7, Max: 33068.7, Diff: 0.0]
   [Code Root Fixup: 0.0 ms]
   [Code Root Purge: 0.0 ms]
   [Clear CT: 0.1 ms]
   [Other: 1.2 ms]
      [Choose CSet: 0.0 ms]
      [Ref Proc: 1.0 ms]
      [Ref Enq: 0.0 ms]
      [Redirty Cards: 0.0 ms]
      [Humongous Register: 0.0 ms]
      [Humongous Reclaim: 0.0 ms]
      [Free CSet: 0.0 ms]
   [Eden: 46.0M(46.0M)->0.0B(46.0M) Survivors: 6144.0K->6144.0K Heap: 108.0M(128.0M)->62.5M(128.0M)]
 [Times: user=0.06 sys=0.00, real=0.01 secs] 
2020-11-10T20:53:11.495+0800: 35.437: [GC pause (Metadata GC Threshold) (young) (initial-mark), 0.0086425 secs]
   [Parallel Time: 7.6 ms, GC Workers: 4]
      [GC Worker Start (ms): Min: 35437.1, Avg: 35437.1, Max: 35437.1, Diff: 0.0]
      [Ext Root Scanning (ms): Min: 1.4, Avg: 1.5, Max: 1.6, Diff: 0.1, Sum: 6.0]
      [Update RS (ms): Min: 2.0, Avg: 2.3, Max: 2.4, Diff: 0.4, Sum: 9.1]
         [Processed Buffers: Min: 1, Avg: 6.3, Max: 14, Diff: 13, Sum: 25]
      [Scan RS (ms): Min: 0.0, Avg: 0.0, Max: 0.2, Diff: 0.2, Sum: 0.2]
      [Code Root Scanning (ms): Min: 0.0, Avg: 0.0, Max: 0.2, Diff: 0.2, Sum: 0.2]
      [Object Copy (ms): Min: 3.4, Avg: 3.5, Max: 3.5, Diff: 0.1, Sum: 13.9]
      [Termination (ms): Min: 0.0, Avg: 0.0, Max: 0.0, Diff: 0.0, Sum: 0.0]
         [Termination Attempts: Min: 1, Avg: 1.5, Max: 2, Diff: 1, Sum: 6]
      [GC Worker Other (ms): Min: 0.0, Avg: 0.0, Max: 0.0, Diff: 0.0, Sum: 0.0]
      [GC Worker Total (ms): Min: 7.3, Avg: 7.3, Max: 7.4, Diff: 0.0, Sum: 29.4]
      [GC Worker End (ms): Min: 35444.5, Avg: 35444.5, Max: 35444.5, Diff: 0.0]
   [Code Root Fixup: 0.1 ms]
   [Code Root Purge: 0.0 ms]
   [Clear CT: 0.1 ms]
   [Other: 0.9 ms]
      [Choose CSet: 0.0 ms]
      [Ref Proc: 0.7 ms]
      [Ref Enq: 0.0 ms]
      [Redirty Cards: 0.1 ms]
      [Humongous Register: 0.0 ms]
      [Humongous Reclaim: 0.0 ms]
      [Free CSet: 0.0 ms]
   [Eden: 30.0M(46.0M)->0.0B(46.0M) Survivors: 6144.0K->5120.0K Heap: 92.0M(128.0M)->63.6M(128.0M)]
 [Times: user=0.01 sys=0.00, real=0.01 secs] 
2020-11-10T20:53:11.504+0800: 35.446: [GC concurrent-root-region-scan-start]
2020-11-10T20:53:11.511+0800: 35.453: [GC concurrent-root-region-scan-end, 0.0074688 secs]
2020-11-10T20:53:11.511+0800: 35.453: [GC concurrent-mark-start]
2020-11-10T20:53:11.605+0800: 35.548: [GC concurrent-mark-end, 0.0948382 secs]
2020-11-10T20:53:11.606+0800: 35.548: [GC remark 2020-11-10T20:53:11.606+0800: 35.548: [Finalize Marking, 0.0001027 secs] 2020-11-10T20:53:11.606+0800: 35.548: [GC ref-proc, 0.0002328 secs] 2020-11-10T20:53:11.606+0800: 35.549: [Unloading, 0.0087041 secs], 0.0092843 secs]
 [Times: user=0.00 sys=0.00, real=0.01 secs] 
2020-11-10T20:53:11.615+0800: 35.558: [GC cleanup 71M->70M(128M), 0.0003398 secs]
 [Times: user=0.00 sys=0.00, real=0.00 secs] 
2020-11-10T20:53:11.615+0800: 35.558: [GC concurrent-cleanup-start]
2020-11-10T20:53:11.615+0800: 35.558: [GC concurrent-cleanup-end, 0.0000087 secs]
2020-11-10T20:53:30.780+0800: 54.722: [GC pause (G1 Evacuation Pause) (young), 0.0099112 secs]
   [Parallel Time: 8.1 ms, GC Workers: 4]
      [GC Worker Start (ms): Min: 54722.4, Avg: 54722.5, Max: 54722.5, Diff: 0.1]
      [Ext Root Scanning (ms): Min: 0.8, Avg: 1.0, Max: 1.4, Diff: 0.6, Sum: 3.8]
      [Update RS (ms): Min: 3.0, Avg: 3.2, Max: 3.3, Diff: 0.3, Sum: 12.7]
         [Processed Buffers: Min: 6, Avg: 12.0, Max: 24, Diff: 18, Sum: 48]
      [Scan RS (ms): Min: 0.0, Avg: 0.0, Max: 0.0, Diff: 0.0, Sum: 0.0]
      [Code Root Scanning (ms): Min: 0.0, Avg: 1.0, Max: 3.7, Diff: 3.7, Sum: 3.8]
      [Object Copy (ms): Min: 0.2, Avg: 2.7, Max: 3.6, Diff: 3.5, Sum: 10.8]
      [Termination (ms): Min: 0.0, Avg: 0.1, Max: 0.2, Diff: 0.2, Sum: 0.6]
         [Termination Attempts: Min: 1, Avg: 2.3, Max: 4, Diff: 3, Sum: 9]
      [GC Worker Other (ms): Min: 0.0, Avg: 0.0, Max: 0.0, Diff: 0.0, Sum: 0.1]
      [GC Worker Total (ms): Min: 7.9, Avg: 8.0, Max: 8.0, Diff: 0.2, Sum: 31.9]
      [GC Worker End (ms): Min: 54730.3, Avg: 54730.4, Max: 54730.5, Diff: 0.1]
   [Code Root Fixup: 0.1 ms]
   [Code Root Purge: 0.0 ms]
   [Clear CT: 0.1 ms]
   [Other: 1.7 ms]
      [Choose CSet: 0.0 ms]
      [Ref Proc: 1.5 ms]
      [Ref Enq: 0.0 ms]
      [Redirty Cards: 0.1 ms]
      [Humongous Register: 0.0 ms]
      [Humongous Reclaim: 0.0 ms]
      [Free CSet: 0.0 ms]
   [Eden: 46.0M(46.0M)->0.0B(1024.0K) Survivors: 5120.0K->7168.0K Heap: 108.6M(128.0M)->64.6M(128.0M)]
 [Times: user=0.00 sys=0.00, real=0.01 secs] 
2020-11-10T20:53:30.798+0800: 54.740: [GC pause (G1 Evacuation Pause) (mixed), 0.0123712 secs]
   [Parallel Time: 11.7 ms, GC Workers: 4]
      [GC Worker Start (ms): Min: 54740.0, Avg: 54740.3, Max: 54741.0, Diff: 1.0]
      [Ext Root Scanning (ms): Min: 0.1, Avg: 1.1, Max: 2.1, Diff: 1.9, Sum: 4.3]
      [Update RS (ms): Min: 0.7, Avg: 1.4, Max: 1.8, Diff: 1.1, Sum: 5.6]
         [Processed Buffers: Min: 2, Avg: 4.3, Max: 7, Diff: 5, Sum: 17]
      [Scan RS (ms): Min: 1.6, Avg: 2.0, Max: 2.2, Diff: 0.6, Sum: 7.9]
      [Code Root Scanning (ms): Min: 0.0, Avg: 0.1, Max: 0.2, Diff: 0.2, Sum: 0.4]
      [Object Copy (ms): Min: 6.7, Avg: 6.8, Max: 7.0, Diff: 0.4, Sum: 27.3]
      [Termination (ms): Min: 0.0, Avg: 0.0, Max: 0.0, Diff: 0.0, Sum: 0.0]
         [Termination Attempts: Min: 1, Avg: 4.8, Max: 8, Diff: 7, Sum: 19]
      [GC Worker Other (ms): Min: 0.0, Avg: 0.0, Max: 0.0, Diff: 0.0, Sum: 0.0]
      [GC Worker Total (ms): Min: 10.6, Avg: 11.4, Max: 11.6, Diff: 1.0, Sum: 45.5]
      [GC Worker End (ms): Min: 54751.6, Avg: 54751.6, Max: 54751.6, Diff: 0.0]
   [Code Root Fixup: 0.1 ms]
   [Code Root Purge: 0.0 ms]
   [Clear CT: 0.1 ms]
   [Other: 0.5 ms]
      [Choose CSet: 0.0 ms]
      [Ref Proc: 0.2 ms]
      [Ref Enq: 0.0 ms]
      [Redirty Cards: 0.0 ms]
      [Humongous Register: 0.0 ms]
      [Humongous Reclaim: 0.0 ms]
      [Free CSet: 0.1 ms]
   [Eden: 1024.0K(1024.0K)->0.0B(5120.0K) Survivors: 7168.0K->1024.0K Heap: 65.6M(128.0M)->53.8M(128.0M)]
 [Times: user=0.03 sys=0.00, real=0.01 secs] 
2020-11-10T20:53:31.845+0800: 55.787: [GC pause (G1 Evacuation Pause) (mixed), 0.0270858 secs]
   [Parallel Time: 25.8 ms, GC Workers: 4]
      [GC Worker Start (ms): Min: 55787.6, Avg: 55787.7, Max: 55787.8, Diff: 0.2]
      [Ext Root Scanning (ms): Min: 1.9, Avg: 3.2, Max: 4.8, Diff: 2.9, Sum: 12.8]
      [Update RS (ms): Min: 4.0, Avg: 8.3, Max: 15.4, Diff: 11.4, Sum: 33.0]
         [Processed Buffers: Min: 4, Avg: 14.3, Max: 28, Diff: 24, Sum: 57]
      [Scan RS (ms): Min: 0.0, Avg: 3.3, Max: 4.7, Diff: 4.7, Sum: 13.1]
      [Code Root Scanning (ms): Min: 0.0, Avg: 0.1, Max: 0.2, Diff: 0.2, Sum: 0.4]
      [Object Copy (ms): Min: 0.0, Avg: 4.6, Max: 6.5, Diff: 6.4, Sum: 18.5]
      [Termination (ms): Min: 0.0, Avg: 4.7, Max: 6.3, Diff: 6.3, Sum: 18.7]
         [Termination Attempts: Min: 1, Avg: 1.0, Max: 1, Diff: 0, Sum: 4]
      [GC Worker Other (ms): Min: 0.0, Avg: 0.0, Max: 0.0, Diff: 0.0, Sum: 0.0]
      [GC Worker Total (ms): Min: 19.5, Avg: 24.2, Max: 25.7, Diff: 6.3, Sum: 96.6]
      [GC Worker End (ms): Min: 55807.3, Avg: 55811.8, Max: 55813.4, Diff: 6.0]
   [Code Root Fixup: 0.1 ms]
   [Code Root Purge: 0.0 ms]
   [Clear CT: 0.1 ms]
   [Other: 1.1 ms]
      [Choose CSet: 0.1 ms]
      [Ref Proc: 0.6 ms]
      [Ref Enq: 0.0 ms]
      [Redirty Cards: 0.1 ms]
      [Humongous Register: 0.0 ms]
      [Humongous Reclaim: 0.0 ms]
      [Free CSet: 0.1 ms]
   [Eden: 5120.0K(5120.0K)->0.0B(5120.0K) Survivors: 1024.0K->1024.0K Heap: 58.8M(128.0M)->49.0M(128.0M)]
 [Times: user=0.05 sys=0.00, real=0.03 secs] 
2020-11-10T20:53:47.251+0800: 71.193: [GC pause (G1 Evacuation Pause) (mixed), 0.0088922 secs]
   [Parallel Time: 8.3 ms, GC Workers: 4]
      [GC Worker Start (ms): Min: 71193.2, Avg: 71193.2, Max: 71193.2, Diff: 0.0]
      [Ext Root Scanning (ms): Min: 0.6, Avg: 0.8, Max: 1.1, Diff: 0.5, Sum: 3.1]
      [Update RS (ms): Min: 3.7, Avg: 4.0, Max: 4.1, Diff: 0.4, Sum: 15.9]
         [Processed Buffers: Min: 10, Avg: 17.3, Max: 22, Diff: 12, Sum: 69]
      [Scan RS (ms): Min: 1.8, Avg: 2.1, Max: 3.0, Diff: 1.2, Sum: 8.4]
      [Code Root Scanning (ms): Min: 0.0, Avg: 0.0, Max: 0.1, Diff: 0.1, Sum: 0.1]
      [Object Copy (ms): Min: 0.4, Avg: 1.3, Max: 1.6, Diff: 1.2, Sum: 5.3]
      [Termination (ms): Min: 0.0, Avg: 0.0, Max: 0.0, Diff: 0.0, Sum: 0.0]
         [Termination Attempts: Min: 1, Avg: 1.0, Max: 1, Diff: 0, Sum: 4]
      [GC Worker Other (ms): Min: 0.0, Avg: 0.0, Max: 0.0, Diff: 0.0, Sum: 0.0]
      [GC Worker Total (ms): Min: 8.2, Avg: 8.2, Max: 8.2, Diff: 0.0, Sum: 32.9]
      [GC Worker End (ms): Min: 71201.4, Avg: 71201.4, Max: 71201.4, Diff: 0.0]
   [Code Root Fixup: 0.1 ms]
   [Code Root Purge: 0.0 ms]
   [Clear CT: 0.1 ms]
   [Other: 0.5 ms]
      [Choose CSet: 0.0 ms]
      [Ref Proc: 0.3 ms]
      [Ref Enq: 0.0 ms]
      [Redirty Cards: 0.0 ms]
      [Humongous Register: 0.0 ms]
      [Humongous Reclaim: 0.0 ms]
      [Free CSet: 0.0 ms]
   [Eden: 5120.0K(5120.0K)->0.0B(63.0M) Survivors: 1024.0K->1024.0K Heap: 54.0M(128.0M)->48.4M(128.0M)]
 [Times: user=0.00 sys=0.00, real=0.01 secs] 
2020-11-10T20:59:52.847+0800: 436.789: [GC pause (G1 Evacuation Pause) (young), 0.0092918 secs]
   [Parallel Time: 7.5 ms, GC Workers: 4]
      [GC Worker Start (ms): Min: 436789.0, Avg: 436789.0, Max: 436789.1, Diff: 0.0]
      [Ext Root Scanning (ms): Min: 1.4, Avg: 2.3, Max: 4.1, Diff: 2.7, Sum: 9.1]
      [Update RS (ms): Min: 2.7, Avg: 4.5, Max: 5.3, Diff: 2.6, Sum: 18.0]
         [Processed Buffers: Min: 9, Avg: 16.3, Max: 25, Diff: 16, Sum: 65]
      [Scan RS (ms): Min: 0.0, Avg: 0.0, Max: 0.0, Diff: 0.0, Sum: 0.0]
      [Code Root Scanning (ms): Min: 0.0, Avg: 0.1, Max: 0.1, Diff: 0.1, Sum: 0.3]
      [Object Copy (ms): Min: 0.5, Avg: 0.6, Max: 0.8, Diff: 0.4, Sum: 2.2]
      [Termination (ms): Min: 0.0, Avg: 0.0, Max: 0.0, Diff: 0.0, Sum: 0.0]
         [Termination Attempts: Min: 1, Avg: 1.0, Max: 1, Diff: 0, Sum: 4]
      [GC Worker Other (ms): Min: 0.0, Avg: 0.0, Max: 0.1, Diff: 0.0, Sum: 0.1]
      [GC Worker Total (ms): Min: 7.4, Avg: 7.4, Max: 7.4, Diff: 0.0, Sum: 29.7]
      [GC Worker End (ms): Min: 436796.5, Avg: 436796.5, Max: 436796.5, Diff: 0.0]
   [Code Root Fixup: 0.1 ms]
   [Code Root Purge: 0.0 ms]
   [Clear CT: 0.0 ms]
   [Other: 1.7 ms]
      [Choose CSet: 0.0 ms]
      [Ref Proc: 1.2 ms]
      [Ref Enq: 0.0 ms]
      [Redirty Cards: 0.0 ms]
      [Humongous Register: 0.0 ms]
      [Humongous Reclaim: 0.0 ms]
      [Free CSet: 0.2 ms]
   [Eden: 63.0M(63.0M)->0.0B(63.0M) Survivors: 1024.0K->2048.0K Heap: 111.4M(128.0M)->49.4M(128.0M)]
 [Times: user=0.02 sys=0.00, real=0.01 secs] 
2020-11-10T21:06:50.699+0800: 854.641: [GC pause (G1 Evacuation Pause) (young), 0.0047736 secs]
   [Parallel Time: 2.7 ms, GC Workers: 4]
      [GC Worker Start (ms): Min: 854641.3, Avg: 854641.3, Max: 854641.4, Diff: 0.1]
      [Ext Root Scanning (ms): Min: 0.9, Avg: 1.2, Max: 2.0, Diff: 1.2, Sum: 4.7]
      [Update RS (ms): Min: 0.0, Avg: 0.6, Max: 0.8, Diff: 0.8, Sum: 2.3]
         [Processed Buffers: Min: 0, Avg: 7.8, Max: 14, Diff: 14, Sum: 31]
      [Scan RS (ms): Min: 0.0, Avg: 0.0, Max: 0.0, Diff: 0.0, Sum: 0.0]
      [Code Root Scanning (ms): Min: 0.0, Avg: 0.3, Max: 0.6, Diff: 0.6, Sum: 1.0]
      [Object Copy (ms): Min: 0.3, Avg: 0.5, Max: 0.6, Diff: 0.4, Sum: 2.0]
      [Termination (ms): Min: 0.0, Avg: 0.1, Max: 0.1, Diff: 0.1, Sum: 0.4]
         [Termination Attempts: Min: 1, Avg: 1.3, Max: 2, Diff: 1, Sum: 5]
      [GC Worker Other (ms): Min: 0.0, Avg: 0.0, Max: 0.0, Diff: 0.0, Sum: 0.0]
      [GC Worker Total (ms): Min: 2.6, Avg: 2.6, Max: 2.6, Diff: 0.1, Sum: 10.4]
      [GC Worker End (ms): Min: 854643.9, Avg: 854643.9, Max: 854643.9, Diff: 0.0]
   [Code Root Fixup: 0.2 ms]
   [Code Root Purge: 0.0 ms]
   [Clear CT: 0.3 ms]
   [Other: 1.7 ms]
      [Choose CSet: 0.0 ms]
      [Ref Proc: 1.3 ms]
      [Ref Enq: 0.0 ms]
      [Redirty Cards: 0.1 ms]
      [Humongous Register: 0.0 ms]
      [Humongous Reclaim: 0.0 ms]
      [Free CSet: 0.1 ms]
   [Eden: 63.0M(63.0M)->0.0B(63.0M) Survivors: 2048.0K->2048.0K Heap: 112.4M(128.0M)->49.7M(128.0M)]
 [Times: user=0.00 sys=0.00, real=0.01 secs] 
2020-11-10T21:13:24.715+0800: 1248.657: [GC pause (G1 Evacuation Pause) (young), 0.1771309 secs]
   [Parallel Time: 41.6 ms, GC Workers: 4]
      [GC Worker Start (ms): Min: 1248657.1, Avg: 1248657.1, Max: 1248657.1, Diff: 0.1]
      [Ext Root Scanning (ms): Min: 0.8, Avg: 11.3, Max: 41.4, Diff: 40.6, Sum: 45.1]
      [Update RS (ms): Min: 0.0, Avg: 11.3, Max: 26.1, Diff: 26.1, Sum: 45.1]
         [Processed Buffers: Min: 0, Avg: 8.5, Max: 25, Diff: 25, Sum: 34]
      [Scan RS (ms): Min: 0.0, Avg: 0.0, Max: 0.0, Diff: 0.0, Sum: 0.0]
      [Code Root Scanning (ms): Min: 0.0, Avg: 0.1, Max: 0.5, Diff: 0.5, Sum: 0.5]
      [Object Copy (ms): Min: 0.0, Avg: 0.8, Max: 3.1, Diff: 3.1, Sum: 3.2]
      [Termination (ms): Min: 0.0, Avg: 18.0, Max: 35.0, Diff: 35.0, Sum: 71.9]
         [Termination Attempts: Min: 1, Avg: 19.5, Max: 68, Diff: 67, Sum: 78]
      [GC Worker Other (ms): Min: 0.0, Avg: 0.0, Max: 0.0, Diff: 0.0, Sum: 0.1]
      [GC Worker Total (ms): Min: 41.5, Avg: 41.5, Max: 41.5, Diff: 0.1, Sum: 165.9]
      [GC Worker End (ms): Min: 1248698.6, Avg: 1248698.6, Max: 1248698.6, Diff: 0.0]
   [Code Root Fixup: 0.2 ms]
   [Code Root Purge: 0.0 ms]
   [Clear CT: 0.5 ms]
   [Other: 134.8 ms]
      [Choose CSet: 0.0 ms]
      [Ref Proc: 106.7 ms]
      [Ref Enq: 0.0 ms]
      [Redirty Cards: 0.2 ms]
      [Humongous Register: 0.0 ms]
      [Humongous Reclaim: 0.0 ms]
      [Free CSet: 27.7 ms]
   [Eden: 63.0M(63.0M)->0.0B(61.0M) Survivors: 2048.0K->3072.0K Heap: 112.7M(128.0M)->50.4M(128.0M)]
 [Times: user=0.11 sys=0.00, real=0.19 secs] 
